******************************************************************************
            TI ARM Clang Linker PC v4.0.4                      
******************************************************************************
>> Linked Sat Jan 31 16:50:10 2026

OUTPUT FILE NAME:   <i2c_target_LP_MSPM0G3507_freertos_ticlang.out>
ENTRY POINT SYMBOL: "_c_int00_noargs"  address: 00008a81


MEMORY CONFIGURATION

         name            origin    length      used     unused   attr    fill
----------------------  --------  ---------  --------  --------  ----  --------
  FLASH                 00000000   00020000  000099f8  00016608  R  X
  SRAM                  20200000   00008000  000023c6  00005c3a  RW X
  BCR_CONFIG            41c00000   000000ff  00000000  000000ff  R   
  BSL_CONFIG            41c00100   00000080  00000000  00000080  R   


SEGMENT ALLOCATION MAP

run origin  load origin   length   init length attrs members
----------  ----------- ---------- ----------- ----- -------
00000000    00000000    000099f8   000099f8    r-x
  00000000    00000000    000000c0   000000c0    r-- .intvecs
  000000c0    000000c0    00008fe0   00008fe0    r-x .text
  000090a0    000090a0    000008f8   000008f8    r-- .rodata
  00009998    00009998    00000060   00000060    r-- .cinit
20200000    20200000    00002106   00000000    rw-
  20200000    20200000    00001e28   00000000    rw- .bss
  20201e28    20201e28    000002de   00000000    rw- .data
20202200    20202200    000000c0   00000000    rw-
  20202200    20202200    000000c0   00000000    rw- .vtable
20207e00    20207e00    00000200   00000000    rw-
  20207e00    20207e00    00000200   00000000    rw- .stack


SECTION ALLOCATION MAP

 output                                  attributes/
section   page    origin      length       input sections
--------  ----  ----------  ----------   ----------------
.intvecs   0    00000000    000000c0     
                  00000000    000000c0     startup_mspm0g350x_ticlang.o (.intvecs)

.text      0    000000c0    00008fe0     
                  000000c0    000006d0     i2ccontroller.o (.text.i2cControllerThread)
                  00000790    00000584     pt100.o (.text.PT100_convert_adc_uV_to_temp_x10)
                  00000d14    00000494     SEGGER_RTT_printf.o (.text.SEGGER_RTT_vprintf)
                  000011a8    00000294     freertos_builds_LP_MSPM0G3507_release_ticlang.lib : heap_4.o (.text.pvPortMalloc)
                  0000143c    0000026c     i2ctargetApp.o (.text.cmdHandler)
                  000016a8    00000224     drivers_mspm0g1x0x_g3x0x.a : GPIOMSPM0.o (.text.GPIO_setConfigAndMux)
                  000018cc    00000220     SEGGER_RTT_printf.o (.text._PrintUnsigned)
                  00001aec    00000210     freertos_builds_LP_MSPM0G3507_release_ticlang.lib : tasks.o (.text.xTaskIncrementTick)
                  00001cfc    000001f8                                                       : tasks.o (.text.xTaskResumeAll)
                  00001ef4    000001f4     drivers_mspm0g1x0x_g3x0x.a : I2CMSPM0.o (.text.I2C_open)
                  000020e8    000001ec                                : ADCMSPM0.o (.text.ADCMSPM0_convertChain)
                  000022d4    000001e4     i2ctargetApp.o (.text.i2cDetectThread)
                  000024b8    000001de     freertos_builds_LP_MSPM0G3507_release_ticlang.lib : queue.o (.text.xQueueSemaphoreTake)
                  00002696    00000002     startup_mspm0g350x_ticlang.o (.text.Default_Handler)
                  00002698    000001dc     drivers_mspm0g1x0x_g3x0x.a : I2CMSPM0.o (.text.I2CMSPM0_hwiFxn)
                  00002874    000001d2     freertos_builds_LP_MSPM0G3507_release_ticlang.lib : queue.o (.text.xQueueGenericSend)
                  00002a46    00000002     drivers_mspm0g1x0x_g3x0x.a : I2CMSPM0.o (.text.I2CSupport_powerRelConstraint)
                  00002a48    000001b0     freertos_builds_LP_MSPM0G3507_release_ticlang.lib : tasks.o (.text.vTaskGenericNotifyGiveFromISR)
                  00002bf8    000001a4                                                       : queue.o (.text.xQueueReceive)
                  00002d9c    000001a0                                                       : port.o (.text.vPortSuppressTicksAndSleep)
                  00002f3c    00000198     drivers_mspm0g1x0x_g3x0x.a : ADCMSPM0.o (.text.ADCMSPM0_open)
                  000030d4    00000192     libclang_rt.builtins.a : adddf3.S.obj (.text.adddf3_subdf3)
                  00003266    00000002     drivers_mspm0g1x0x_g3x0x.a : I2CMSPM0.o (.text.I2CSupport_powerSetConstraint)
                  00003268    00000190     freertos_builds_LP_MSPM0G3507_release_ticlang.lib : tasks.o (.text.xTaskRemoveFromEventList)
                  000033f8    00000170     libc.a : e_sqrt.c.obj (.text.sqrt)
                  00003568    00000164     drivers_mspm0g1x0x_g3x0x.a : GPIOMSPM0.o (.text.GPIO_init)
                  000036cc    00000164     SEGGER_RTT.o (.text.SEGGER_RTT_WriteNoLock)
                  00003830    0000015c     freertos_builds_LP_MSPM0G3507_release_ticlang.lib : timers.o (.text.prvProcessReceivedCommands)
                  0000398c    0000014c                                                       : pthread.o (.text.pthread_create)
                  00003ad8    00000144     libc.a : s_floor.c.obj (.text.floor)
                  00003c1c    00000144     freertos_builds_LP_MSPM0G3507_release_ticlang.lib : tasks.o (.text.vTaskPriorityDisinheritAfterTimeout)
                  00003d60    0000012e     nas2300.o (.text.NAS2300_init)
                  00003e8e    0000012c     drivers_mspm0g1x0x_g3x0x.a : I2C.o (.text.I2C_transferTimeout)
                  00003fba    00000002                                : I2C.o (.text.I2C_init)
                  00003fbc    00000128     freertos_builds_LP_MSPM0G3507_release_ticlang.lib : tasks.o (.text.prvAddNewTaskToReadyList)
                  000040e4    00000128                                                       : tasks.o (.text.xTaskPriorityInherit)
                  0000420c    00000124                                                       : tasks.o (.text.vTaskSuspend)
                  00004330    0000011c                                                       : tasks.o (.text.vTaskDelete)
                  0000444c    00000114                                                       : port.o (.text.pxPortInitialiseStack)
                  00004560    0000010e                                                       : queue.o (.text.xQueueGiveFromISR)
                  0000466e    00000002     ti_msp_dl_config.o (.text.SYSCFG_DL_GPIO_init)
                  00004670    0000010c     libclang_rt.builtins.a : divdf3.S.obj (.text.__divdf3)
                  0000477c    0000010c     freertos_builds_LP_MSPM0G3507_release_ticlang.lib : heap_4.o (.text.prvInsertBlockIntoFreeList)
                  00004888    0000010c                                                       : tasks.o (.text.vTaskSwitchContext)
                  00004994    00000108     drivers_mspm0g1x0x_g3x0x.a : I2CMSPM0.o (.text.I2CMSPM0_primeWriteBurst)
                  00004a9c    00000108     freertos_builds_LP_MSPM0G3507_release_ticlang.lib : tasks.o (.text.xTaskPriorityDisinherit)
                  00004ba4    00000106                                                       : queue.o (.text.xQueueReceiveFromISR)
                  00004caa    00000104                                                       : tasks.o (.text.prvInitialiseNewTask)
                  00004dae    00000002     libclang_rt.builtins.a : aeabi_div0.c.obj (.text.__aeabi_idiv0)
                  00004db0    00000100     freertos_builds_LP_MSPM0G3507_release_ticlang.lib : tasks.o (.text.ulTaskGenericNotifyTake)
                  00004eb0    000000fc     pt100.o (.text.pt100Thread)
                  00004fac    000000f8     drivers_mspm0g1x0x_g3x0x.a : GPIOMSPM0.o (.text.GPIO_hwiIntFxn)
                  000050a4    000000f8     freertos_builds_LP_MSPM0G3507_release_ticlang.lib : heap_4.o (.text.vPortFree)
                  0000519c    000000ec     drivers_mspm0g1x0x_g3x0x.a : I2CMSPM0.o (.text.I2CMSPM0_primeReadBurst)
                  00005288    000000ec                                : I2CTargetMSPM0.o (.text.I2CTargetMSPM0_configHw)
                  00005374    000000e8                                : I2CTargetMSPM0.o (.text.I2CTargetMSPM0_hwiFxn)
                  0000545c    000000e4     libclang_rt.builtins.a : muldf3.S.obj (.text.__muldf3)
                  00005540    000000e4     freertos_builds_LP_MSPM0G3507_release_ticlang.lib : tasks.o (.text.prvAddCurrentTaskToDelayedList)
                  00005624    000000e4                                                       : queue.o (.text.xQueueGenericReset)
                  00005708    000000e0     i2ccontroller.o (.text.readNsa2300Raw24)
                  000057e8    000000d4     freertos_builds_LP_MSPM0G3507_release_ticlang.lib : queue.o (.text.prvCopyDataToQueue)
                  000058bc    000000cc                                                       : tasks.o (.text.prvCreateIdleTasks)
                  00005988    000000c4     drivers_mspm0g1x0x_g3x0x.a : I2CTargetMSPM0.o (.text.I2CTarget_open)
                  00005a4c    000000bc     freertos_builds_LP_MSPM0G3507_release_ticlang.lib : HwiPMSPM0_freertos.o (.text.HwiP_construct)
                  00005b08    000000b8     main_freertos.o (.text.main)
                  00005bc0    000000b6     freertos_builds_LP_MSPM0G3507_release_ticlang.lib : queue.o (.text.prvUnlockQueue)
                  00005c76    00000002     libclang_rt.builtins.a : aeabi_div0.c.obj (.text.__aeabi_ldiv0)
                  00005c78    000000b4     i2ccontroller.o (.text.readDeviceData)
                  00005d2c    000000b4     freertos_builds_LP_MSPM0G3507_release_ticlang.lib : tasks.o (.text.xTaskCheckForTimeOut)
                  00005de0    000000ae     nas2300.o (.text.NAS2300_waitDrdy)
                  00005e8e    00000002     libc.a : _lock.c.obj (.text._nop)
                  00005e90    000000ac     drivers_mspm0g1x0x_g3x0x.a : ADC.o (.text.ADC_init)
                  00005f3c    000000ac                                : GPIOMSPM0.o (.text.GPIO_setInterruptConfig)
                  00005fe8    000000a8     nas2300.o (.text.NAS2300_readPressureRaw24_single)
                  00006090    000000a8     libc.a : s_round.c.obj (.text.round)
                  00006138    000000a2     libclang_rt.builtins.a : udivmoddi4.S.obj (.text)
                  000061da    00000002     --HOLE-- [fill = 0]
                  000061dc    000000a0     SEGGER_RTT.o (.text.SEGGER_RTT_Write)
                  0000627c    000000a0     freertos_builds_LP_MSPM0G3507_release_ticlang.lib : heap_4.o (.text.prvHeapInit)
                  0000631c    000000a0                                                       : queue.o (.text.xQueueGenericCreateStatic)
                  000063bc    0000009c     drivers_mspm0g1x0x_g3x0x.a : I2CMSPM0.o (.text.I2CMSPM0_completeTransfer)
                  00006458    0000009a     libc.a : memcpy16.S.obj (.text:memcpy)
                  000064f2    00000098     freertos_builds_LP_MSPM0G3507_release_ticlang.lib : tasks.o (.text.prvCreateStaticTask)
                  0000658a    00000094                                                       : queue.o (.text.xQueueGenericCreate)
                  0000661e    00000092     nas2300.o (.text.NAS2300_startSinglePressureConversion)
                  000066b0    00000090     driverlib.a : dl_interrupt.o (.text.DL_Interrupt_registerInterrupt)
                  00006740    00000090     i2ctargetApp.o (.text.i2cTargetCallback)
                  000067d0    0000008c     freertos_builds_LP_MSPM0G3507_release_ticlang.lib : timers.o (.text.prvProcessTimerOrBlockTask)
                  0000685c    0000008c                                                       : pthread.o (.text.removeThreadKeys)
                  000068e8    0000008a                                                       : SemaphoreP_freertos.o (.text.SemaphoreP_pend)
                  00006972    00000002     --HOLE-- [fill = 0]
                  00006974    00000088     i2ccontroller.o (.text.i2cErrorHandler)
                  000069fc    00000088     i2ctargetApp.o (.text.mainThread)
                  00006a84    00000084     drivers_mspm0g1x0x_g3x0x.a : ADCMSPM0.o (.text.ADCMSPM0_convert)
                  00006b08    00000084     freertos_builds_LP_MSPM0G3507_release_ticlang.lib : HwiPMSPM0_freertos.o (.text.__NVIC_SetPriority)
                  00006b8c    00000084                                                       : tasks.o (.text.prvCreateTask)
                  00006c10    00000084                                                       : timers.o (.text.prvInsertTimerInActiveList)
                  00006c94    00000084                                                       : tasks.o (.text.vTaskStepTick)
                  00006d18    00000080                                                       : port.o (.text.xPortStartScheduler)
                  00006d98    0000007c                                                       : memory.o (.text.calloc)
                  00006e14    0000007c                                                       : tasks.o (.text.eTaskConfirmSleepModeStatus)
                  00006e90    0000007c                                                       : tasks.o (.text.prvInitialiseTaskLists)
                  00006f0c    0000007c                                                       : timers.o (.text.xTimerCreateTimerTask)
                  00006f88    0000007c     libc.a : copy_decompress_lzss.c.obj (.text:decompress:lzss)
                  00007004    00000078     SEGGER_RTT.o (.text.SEGGER_RTT_Init)
                  0000707c    00000078     freertos_builds_LP_MSPM0G3507_release_ticlang.lib : tasks.o (.text.prvGetExpectedIdleTime)
                  000070f4    00000074     drivers_mspm0g1x0x_g3x0x.a : I2CMSPM0.o (.text.I2CSupport_primeTransfer)
                  00007168    00000074     libclang_rt.builtins.a : comparedf2.c.obj (.text.__gedf2)
                  000071dc    00000074     freertos_builds_LP_MSPM0G3507_release_ticlang.lib : tasks.o (.text.vTaskPlaceOnEventListRestricted)
                  00007250    0000006e                                                       : pthread.o (.text.pthread_exit)
                  000072be    00000002     --HOLE-- [fill = 0]
                  000072c0    0000006c     drivers_mspm0g1x0x_g3x0x.a : GPIOMSPM0.o (.text.GPIO_write)
                  0000732c    0000006c     nas2300.o (.text.NAS2300_readPressureRaw24_burst)
                  00007398    0000006c     freertos_builds_LP_MSPM0G3507_release_ticlang.lib : timers.o (.text.prvCheckForValidListAndQueue)
                  00007404    0000006c                                                       : list.o (.text.vListInsert)
                  00007470    0000006a                                                       : queue.o (.text.vQueueWaitForMessageRestricted)
                  000074da    00000002     --HOLE-- [fill = 0]
                  000074dc    00000068     libclang_rt.builtins.a : comparedf2.c.obj (.text.__ledf2)
                  00007544    00000068     i2ccontroller.o (.text.detectI2CDevices)
                  000075ac    00000068     freertos_builds_LP_MSPM0G3507_release_ticlang.lib : tasks.o (.text.vTaskStartScheduler)
                  00007614    00000062     libclang_rt.builtins.a : aeabi_dcmp.S.obj (.text.__aeabi_dcmp)
                  00007676    00000062     libc.a : memset16.S.obj (.text:memset)
                  000076d8    00000060     freertos_builds_LP_MSPM0G3507_release_ticlang.lib : tasks.o (.text.pvTaskGetThreadLocalStoragePointer)
                  00007738    0000005e     driverlib.a : dl_i2c.o (.text.DL_I2C_fillControllerTXFIFO)
                  00007796    00000002     --HOLE-- [fill = 0]
                  00007798    0000005c     freertos_builds_LP_MSPM0G3507_release_ticlang.lib : tasks.o (.text.prvIdleTask)
                  000077f4    0000005a                                                       : pthread.o (.text.pthread_setcancelstate)
                  0000784e    00000002     --HOLE-- [fill = 0]
                  00007850    00000058     drivers_mspm0g1x0x_g3x0x.a : I2CMSPM0.o (.text.I2C_close)
                  000078a8    00000058     libclang_rt.builtins.a : clzsi2.c.obj (.text.__clzsi2)
                  00007900    00000058     freertos_builds_LP_MSPM0G3507_release_ticlang.lib : tasks.o (.text.vTaskSetThreadLocalStoragePointer)
                  00007958    00000054     drivers_mspm0g1x0x_g3x0x.a : GPIOMSPM0.o (.text.GPIO_disableInt)
                  000079ac    00000054     ti_msp_dl_config.o (.text.SYSCFG_DL_SYSCTL_init)
                  00007a00    00000054     freertos_builds_LP_MSPM0G3507_release_ticlang.lib : aeabi_portable.o (.text.__aeabi_errno_addr)
                  00007a54    00000054                                                       : port.o (.text.vPortSetupTimerInterrupt)
                  00007aa8    00000052     nas2300.o (.text.NAS2300_readReg8)
                  00007afa    00000002     --HOLE-- [fill = 0]
                  00007afc    00000050     drivers_mspm0g1x0x_g3x0x.a : I2CMSPM0.o (.text.I2CMSPM0_readReceiveFifo)
                  00007b4c    00000050     libc.a : s_lround.c.obj (.text.lround)
                  00007b9c    00000050     freertos_builds_LP_MSPM0G3507_release_ticlang.lib : tasks.o (.text.prvCheckTasksWaitingTermination)
                  00007bec    00000050                                                       : tasks.o (.text.prvDeleteTCB)
                  00007c3c    00000050                                                       : timers.o (.text.prvProcessExpiredTimer)
                  00007c8c    00000050                                                       : sleep.o (.text.usleep)
                  00007cdc    00000050                                                       : tasks.o (.text.vTaskDelay)
                  00007d2c    0000004c                                                       : tasks.o (.text.xTaskCreateStatic)
                  00007d78    0000004a     libclang_rt.builtins.a : fixdfsi.S.obj (.text.__fixdfsi)
                  00007dc2    0000004a     freertos_builds_LP_MSPM0G3507_release_ticlang.lib : memory.o (.text.malloc)
                  00007e0c    00000048     ti_msp_dl_config.o (.text.SYSCFG_DL_initPower)
                  00007e54    00000048     pt100.o (.text.getPt100Temp_x10)
                  00007e9c    00000048     freertos_builds_LP_MSPM0G3507_release_ticlang.lib : list.o (.text.uxListRemove)
                  00007ee4    00000048                                                       : tasks.o (.text.xTaskCreate)
                  00007f2c    00000048                                                       : tasks.o (.text.xTaskGetApplicationTaskTag)
                  00007f74    00000046                                                       : queue.o (.text.prvInitialiseNewQueue)
                  00007fba    00000044                                                       : HwiPMSPM0_freertos.o (.text.HwiP_create)
                  00007ffe    00000002     --HOLE-- [fill = 0]
                  00008000    00000044                                                       : portasm.o (.text.PendSV_Handler)
                  00008044    00000044                                                       : queue.o (.text.prvCopyDataFromQueue)
                  00008088    00000044                                                       : timers.o (.text.prvSwitchTimerLists)
                  000080cc    00000040     drivers_mspm0g1x0x_g3x0x.a : ADC.o (.text.ADC_open)
                  0000810c    00000040     driverlib.a : dl_adc12.o (.text.DL_ADC12_setClockConfig)
                  0000814c    00000040     freertos_builds_LP_MSPM0G3507_release_ticlang.lib : SemaphoreP_freertos.o (.text.SemaphoreP_constructBinary)
                  0000818c    00000040     libclang_rt.builtins.a : aeabi_uidivmod.S.obj (.text.__aeabi_uidivmod)
                  000081cc    0000003e                            : divmoddi4.c.obj (.text.__divmoddi4)
                  0000820a    00000002     --HOLE-- [fill = 0]
                  0000820c    0000003c     drivers_mspm0g1x0x_g3x0x.a : ADCMSPM0.o (.text.ADCMSPM0_convertToMicroVolts)
                  00008248    0000003c     driverlib.a : dl_i2c.o (.text.DL_I2C_flushControllerTXFIFO)
                  00008284    0000003c                 : dl_i2c.o (.text.DL_I2C_flushTargetTXFIFO)
                  000082c0    0000003c     freertos_builds_LP_MSPM0G3507_release_ticlang.lib : timers.o (.text.prvSampleTimeNow)
                  000082fc    0000003c     libc.a : autoinit.c.obj (.text:__TI_auto_init_nobinit_nopinit)
                  00008338    0000003a     libclang_rt.builtins.a : muldsi3.S.obj (.text.__muldsi3)
                  00008372    0000003a     freertos_builds_LP_MSPM0G3507_release_ticlang.lib : list.o (.text.vListInsertEnd)
                  000083ac    00000038     drivers_mspm0g1x0x_g3x0x.a : ADCMSPM0.o (.text.ADCMSPM0_close)
                  000083e4    00000038     driverlib.a : dl_sysctl_mspm0g1x0x_g3x0x.o (.text.DL_SYSCTL_switchMCLKfromLFCLKtoSYSOSC)
                  0000841c    00000038     drivers_mspm0g1x0x_g3x0x.a : GPIO.o (.text.GPIO_resetConfig)
                  00008454    00000038     freertos_builds_LP_MSPM0G3507_release_ticlang.lib : HwiPMSPM0_freertos.o (.text.HwiP_dispatch)
                  0000848c    00000038                                                       : SemaphoreP_freertos.o (.text.SemaphoreP_createBinary)
                  000084c4    00000038                                                       : timers.o (.text.prvGetNextExpireTime)
                  000084fc    00000038                                                       : tasks.o (.text.xTaskGetSchedulerState)
                  00008534    00000036                                                       : timers.o (.text.prvReloadTimer)
                  0000856a    00000002     --HOLE-- [fill = 0]
                  0000856c    00000034                                                       : HwiPMSPM0_freertos.o (.text.HwiP_disable)
                  000085a0    00000034                                                       : HwiPMSPM0_freertos.o (.text.__NVIC_DisableIRQ)
                  000085d4    00000034                                                       : pthread.o (.text.pthread_attr_setschedparam)
                  00008608    00000034     libc.a : signal.c.obj (.text.signal)
                  0000863c    00000034     freertos_builds_LP_MSPM0G3507_release_ticlang.lib : tasks.o (.text.vTaskPlaceOnEventList)
                  00008670    00000034                                                       : tasks.o (.text.vTaskSetApplicationTaskTag)
                  000086a4    00000032                                                       : queue.o (.text.vQueueDelete)
                  000086d6    00000002     --HOLE-- [fill = 0]
                  000086d8    00000030     driverlib.a : dl_i2c.o (.text.DL_I2C_flushControllerRXFIFO)
                  00008708    00000030                 : dl_i2c.o (.text.DL_I2C_flushTargetRXFIFO)
                  00008738    00000030     freertos_builds_LP_MSPM0G3507_release_ticlang.lib : HwiPMSPM0_freertos.o (.text.HwiP_inISR)
                  00008768    00000030                                                       : port.o (.text.SysTick_Handler)
                  00008798    00000030                                                       : tasks.o (.text.prvResetNextTaskUnblockTime)
                  000087c8    00000030                                                       : port.o (.text.prvTaskExitError)
                  000087f8    0000002e                                                       : queue.o (.text.prvIsQueueFull)
                  00008826    0000002e                                                       : pthread.o (.text.pthread_attr_setdetachstate)
                  00008854    0000002e                                                       : port.o (.text.vPortSVCHandler_C)
                  00008882    0000002c                                                       : SemaphoreP_freertos.o (.text.SemaphoreP_post)
                  000088ae    00000002     --HOLE-- [fill = 0]
                  000088b0    0000002c                                                       : HwiPMSPM0_freertos.o (.text.__NVIC_EnableIRQ)
                  000088dc    0000002c                                                       : pthread.o (.text._pthread_cleanup_pop)
                  00008908    0000002c     libc.a : signal.c.obj (.text.raise)
                  00008934    0000002c     freertos_builds_LP_MSPM0G3507_release_ticlang.lib : list.o (.text.vListInitialise)
                  00008960    0000002c                                                       : port.o (.text.vPortExitCritical)
                  0000898c    0000002a                                                       : queue.o (.text.prvIsQueueEmpty)
                  000089b6    00000028     drivers_mspm0g1x0x_g3x0x.a : I2C.o (.text.I2C_cancel)
                  000089de    00000002     --HOLE-- [fill = 0]
                  000089e0    00000028     nas2300.o (.text.NAS2300_code24_to_uV)
                  00008a08    00000028     freertos_builds_LP_MSPM0G3507_release_ticlang.lib : queue.o (.text.prvGetHighestPriorityOfWaitToReceiveList)
                  00008a30    00000028                                                       : StaticAllocs_freertos.o (.text.vApplicationGetIdleTaskMemory)
                  00008a58    00000028                                                       : StaticAllocs_freertos.o (.text.vApplicationGetTimerTaskMemory)
                  00008a80    00000028     libc.a : boot_cortex_m.c.obj (.text:_c_int00_noargs)
                  00008aa8    00000026     driverlib.a : dl_i2c.o (.text.DL_I2C_setClockConfig)
                  00008ace    00000024     freertos_builds_LP_MSPM0G3507_release_ticlang.lib : HwiPMSPM0_freertos.o (.text.HwiP_Params_init)
                  00008af2    00000002     --HOLE-- [fill = 0]
                  00008af4    00000024                                                       : HwiPMSPM0_freertos.o (.text.HwiP_restore)
                  00008b18    00000024                                                       : PTLS.o (.text.PTLS_taskDeleteHook)
                  00008b3c    00000004     libsysbm.a : hostexit.c.obj (.text.HOSTexit)
                  00008b40    00000024     freertos_builds_LP_MSPM0G3507_release_ticlang.lib : portasm.o (.text.SVC_Handler)
                  00008b64    00000024     libclang_rt.builtins.a : floatunsidf.S.obj (.text.__floatunsidf)
                  00008b88    00000024                            : muldi3.S.obj (.text.__muldi3)
                  00008bac    00000024     freertos_builds_LP_MSPM0G3507_release_ticlang.lib : tasks.o (.text.pvTaskIncrementMutexHeldCount)
                  00008bd0    00000024                                                       : portasm.o (.text.vRestoreContextOfFirstTask)
                  00008bf4    00000020     startup_mspm0g350x_ticlang.o (.text.HardFault_Handler)
                  00008c14    00000020     freertos_builds_LP_MSPM0G3507_release_ticlang.lib : HwiPMSPM0_freertos.o (.text.HwiP_destruct)
                  00008c34    00000020     ti_msp_dl_config.o (.text.SYSCFG_DL_SYSCTL_CLK_init)
                  00008c54    00000020     freertos_builds_LP_MSPM0G3507_release_ticlang.lib : tasks.o (.text.vTaskInternalSetTimeOutState)
                  00008c74    0000001e     SEGGER_RTT_printf.o (.text.SEGGER_RTT_printf)
                  00008c92    00000002     --HOLE-- [fill = 0]
                  00008c94    0000001e     libclang_rt.builtins.a : ashldi3.S.obj (.text.__ashldi3)
                  00008cb2    0000001e     freertos_builds_LP_MSPM0G3507_release_ticlang.lib : pthread.o (.text._pthread_runStub)
                  00008cd0    0000001e                                                       : timers.o (.text.prvTimerTask)
                  00008cee    00000002     --HOLE-- [fill = 0]
                  00008cf0    0000001c     drivers_mspm0g1x0x_g3x0x.a : GPIO.o (.text.GPIO_setCallback)
                  00008d0c    0000001c     nas2300.o (.text.NAS2300_decode_code24)
                  00008d28    0000001c     freertos_builds_LP_MSPM0G3507_release_ticlang.lib : pthread.o (.text.pthread_attr_init)
                  00008d44    0000001a                                                       : PTLS.o (.text.PTLS_getBuf)
                  00008d5e    0000001a                                                       : PTLS.o (.text.PTLS_setBuf)
                  00008d78    00000018     nas2300.o (.text.NAS2300_publish_latest_force_uV)
                  00008d90    00000018     startup_mspm0g350x_ticlang.o (.text.prvGetRegistersFromStack)
                  00008da8    00000018     freertos_builds_LP_MSPM0G3507_release_ticlang.lib : pthread.o (.text.pthread_self)
                  00008dc0    00000018                                                       : port.o (.text.vPortEnterCritical)
                  00008dd8    00000018                                                       : port.o (.text.vPortYield)
                  00008df0    00000014     driverlib.a : dl_interrupt.o (.text.DL_Interrupt_unregisterInterrupt)
                  00008e04    00000014     freertos_builds_LP_MSPM0G3507_release_ticlang.lib : HwiPMSPM0_freertos.o (.text.HwiP_disableInterrupt)
                  00008e18    00000014                                                       : HwiPMSPM0_freertos.o (.text.HwiP_enableInterrupt)
                  00008e2c    00000014     drivers_mspm0g1x0x_g3x0x.a : I2CMSPM0.o (.text.I2CSupport_controllerFinish)
                  00008e40    00000014                                : I2CTarget.o (.text.I2CTarget_Params_init)
                  00008e54    00000014     nas2300.o (.text.NAS2300_Config_init)
                  00008e68    00000014     ti_msp_dl_config.o (.text.SYSCFG_DL_init)
                  00008e7c    00000014     libclang_rt.builtins.a : aeabi_ldivmod.S.obj (.text.__aeabi_ldivmod)
                  00008e90    00000014                            : aeabi_uldivmod.S.obj (.text.__aeabi_uldivmod)
                  00008ea4    00000014     freertos_builds_LP_MSPM0G3507_release_ticlang.lib : memory.o (.text.aligned_alloc)
                  00008eb8    00000014                                                       : tasks.o (.text.xTaskGetCurrentTaskHandle)
                  00008ecc    00000014                                                       : tasks.o (.text.xTaskGetTickCount)
                  00008ee0    00000012                                                       : pthread.o (.text.pthread_attr_setstacksize)
                  00008ef2    00000012     libc.a : copy_decompress_none.c.obj (.text:decompress:none)
                  00008f04    00000010     drivers_mspm0g1x0x_g3x0x.a : ADC.o (.text.ADC_Params_init)
                  00008f14    00000010                                : I2C.o (.text.I2C_transfer)
                  00008f24    00000010     freertos_builds_LP_MSPM0G3507_release_ticlang.lib : SemaphoreP_freertos.o (.text.SemaphoreP_delete)
                  00008f34    00000010                                                       : memory.o (.text.free)
                  00008f44    0000000c     drivers_mspm0g1x0x_g3x0x.a : I2CMSPM0.o (.text.I2CMSPM0_blockingCallback)
                  00008f50    00000010     freertos_builds_LP_MSPM0G3507_release_ticlang.lib : portasm.o (.text.vStartFirstTask)
                  00008f60    00000010                                                       : tasks.o (.text.vTaskSuspendAll)
                  00008f70    00000010     libc.a : copy_zero_init.c.obj (.text:decompress:ZI)
                  00008f80    0000000e     drivers_mspm0g1x0x_g3x0x.a : I2CTargetMSPM0.o (.text.I2CTarget_start)
                  00008f8e    00000002     --HOLE-- [fill = 0]
                  00008f90    0000000e     libclang_rt.builtins.a : aeabi_memset.S.obj (.text.__aeabi_memset)
                  00008f9e    0000000e     freertos_builds_LP_MSPM0G3507_release_ticlang.lib : list.o (.text.vListInitialiseItem)
                  00008fac    0000000c     drivers_mspm0g1x0x_g3x0x.a : I2C.o (.text.I2C_Params_init)
                  00008fb8    0000000c     i2ccontroller.o (.text.NSA2300_getTaskHandle)
                  00008fc4    0000000c     pt100.o (.text.PT100_getTaskHandle)
                  00008fd0    0000000c     libclang_rt.builtins.a : aeabi_memset.S.obj (.text.__aeabi_memclr)
                  00008fdc    0000000c     freertos_builds_LP_MSPM0G3507_release_ticlang.lib : memory.o (.text.memalign)
                  00008fe8    0000000c                                                       : memory.o (.text.realloc)
                  00008ff4    0000000c                                                       : tasks.o (.text.uxTaskGetNumberOfTasks)
                  00009000    0000000c                                                       : tasks.o (.text.vTaskMissedYield)
                  0000900c    0000000a     drivers_mspm0g1x0x_g3x0x.a : ADC.o (.text.ADC_convert)
                  00009016    0000000a                                : ADC.o (.text.ADC_convertToMicroVolts)
                  00009020    0000000a     driverlib.a : dl_common.o (.text.DL_Common_delayCycles)
                  0000902a    0000000a     drivers_mspm0g1x0x_g3x0x.a : GPIOMSPM0.o (.text.GPIO_setConfig)
                  00009034    0000000a     libc.a : ti_fenv.c.obj (.text.__softfloat_float_raise)
                  0000903e    00000008     drivers_mspm0g1x0x_g3x0x.a : ADCMSPM0.o (.text.ADCMSPM0_init)
                  00009046    00000008     libc.a : s_round.c.obj (.text.OUTLINED_FUNCTION_0)
                  0000904e    00000002     --HOLE-- [fill = 0]
                  00009050    00000010     libclang_rt.builtins.a : adddf3.S.obj (.tramp.__aeabi_dadd.1)
                  00009060    00000008     freertos_builds_LP_MSPM0G3507_release_ticlang.lib : SemaphoreP_freertos.o (.text.SemaphoreP_destruct)
                  00009068    00000008     libclang_rt.builtins.a : aeabi_memcpy.S.obj (.text.__aeabi_memcpy)
                  00009070    00000008     freertos_builds_LP_MSPM0G3507_release_ticlang.lib : portasm.o (.text.ulSetInterruptMask)
                  00009078    00000006     drivers_mspm0g1x0x_g3x0x.a : ADCMSPM0.o (.text.ADCMSPM0_control)
                  0000907e    00000006     freertos_builds_LP_MSPM0G3507_release_ticlang.lib : ClockP_freertos.o (.text.ClockP_getSystemTickPeriod)
                  00009084    00000006                                                       : portasm.o (.text.vClearInterruptMask)
                  0000908a    00000006     libc.a : exit.c.obj (.text:abort)
                  00009090    00000004     startup_mspm0g350x_ticlang.o (.text.Reset_Handler)
                  00009094    00000004     libc.a : pre_init.c.obj (.text._system_pre_init)
                  00009098    00000004     main_freertos.o (.text.vApplicationStackOverflowHook)
                  0000909c    00000004     --HOLE-- [fill = 0]

.cinit     0    00009998    00000060     
                  00009998    00000026     (.cinit..data.load) [load image, compression = lzss]
                  000099be    00000002     --HOLE-- [fill = 0]
                  000099c0    0000000c     (__TI_handler_table)
                  000099cc    00000008     (.cinit..bss.load) [load image, compression = zero_init]
                  000099d4    00000008     (.cinit..vtable.load) [load image, compression = zero_init]
                  000099dc    00000018     (__TI_cinit_table)
                  000099f4    00000004     --HOLE-- [fill = 0]

.rodata    0    000090a0    000008f8     
                  000090a0    00000060     ti_drivers_config.o (.rodata.adcHWAttrs)
                  00009100    00000045     i2ccontroller.o (.rodata.str1.9974581681436463270.1)
                  00009145    00000040     i2ccontroller.o (.rodata.str1.17957593575523396897.1)
                  00009185    0000003e     i2ccontroller.o (.rodata.str1.16402056107214783707.1)
                  000091c3    0000003c     i2ccontroller.o (.rodata.str1.14792180202844728093.1)
                  000091ff    0000003a     i2ccontroller.o (.rodata.str1.11094855970446051201.1)
                  00009239    0000003a     i2ccontroller.o (.rodata.str1.5503159485641745082.1)
                  00009273    00000037     pt100.o (.rodata.str1.866800052600329519.1)
                  000092aa    00000036     i2ccontroller.o (.rodata.str1.6910011525433032103.1)
                  000092e0    00000033     i2ccontroller.o (.rodata.str1.5763273856901833950.1)
                  00009313    00000030     i2ccontroller.o (.rodata.str1.8126001863093187442.1)
                  00009343    0000002f     i2ccontroller.o (.rodata.str1.14739070723771966903.1)
                  00009372    0000002e     i2ctargetApp.o (.rodata.str1.14990900598541188776.1)
                  000093a0    0000002d     i2ccontroller.o (.rodata.str1.11465981271762349089.1)
                  000093cd    0000002d     i2ccontroller.o (.rodata.str1.13654677610319842675.1)
                  000093fa    0000002c     i2ccontroller.o (.rodata.str1.12196062197309435329.1)
                  00009426    0000002b     i2ccontroller.o (.rodata.str1.4777411054770692646.1)
                  00009451    0000002a     i2ccontroller.o (.rodata.str1.16754767665846575164.1)
                  0000947b    0000002a     i2ccontroller.o (.rodata.str1.63790165103874444.1)
                  000094a5    00000002     freertos_builds_LP_MSPM0G3507_release_ticlang.lib : pthread.o (.rodata.str1.301604644627550129.1)
                  000094a7    00000001     ti_drivers_config.o (.rodata.ADC_count)
                  000094a8    00000028     ti_drivers_config.o (.rodata.I2CTargetMSPM0HWAttrs)
                  000094d0    00000028     pt100.o (.rodata.str1.13586761021927527545.1)
                  000094f8    00000028     i2ccontroller.o (.rodata.str1.4954563812105985227.1)
                  00009520    00000026     i2ccontroller.o (.rodata.str1.12979985132456960656.1)
                  00009546    00000025     i2ccontroller.o (.rodata.str1.11501257516466680251.1)
                  0000956b    00000001     ti_drivers_config.o (.rodata.GPIO_pinLowerBound)
                  0000956c    00000024     ti_drivers_config.o (.rodata.I2CMSPM0HWAttrs)
                  00009590    00000024     i2ccontroller.o (.rodata.str1.11265200514885130775.1)
                  000095b4    00000024     i2ccontroller.o (.rodata.str1.7711266701073586552.1)
                  000095d8    00000023     i2ccontroller.o (.rodata.str1.5965746274292029288.1)
                  000095fb    00000022     i2ccontroller.o (.rodata.str1.3119352600513758313.1)
                  0000961d    00000022     i2ccontroller.o (.rodata.str1.7215956041592506107.1)
                  0000963f    00000021     i2ccontroller.o (.rodata.str1.16478375226888716561.1)
                  00009660    00000021     i2ccontroller.o (.rodata.str1.7495475511487156346.1)
                  00009681    00000001     ti_drivers_config.o (.rodata.GPIO_pinUpperBound)
                  00009682    00000001     ti_drivers_config.o (.rodata.I2CTarget_count)
                  00009683    00000001     ti_drivers_config.o (.rodata.I2C_count)
                  00009684    00000020     drivers_mspm0g1x0x_g3x0x.a : GPIOMSPM0.o (.rodata.cst16)
                  000096a4    00000020     main_freertos.o (.rodata.str1.1946452208259023099.1)
                  000096c4    00000020     i2ctargetApp.o (.rodata.str1.2920944169679306650.1)
                  000096e4    00000020     i2ccontroller.o (.rodata.str1.5684233406996710180.1)
                  00009704    0000001f     pt100.o (.rodata.str1.12282356274561666775.1)
                  00009723    0000001f     i2ccontroller.o (.rodata.str1.15716385397596689310.1)
                  00009742    0000001e     i2ctargetApp.o (.rodata.str1.13866221362726409006.1)
                  00009760    0000001e     i2ccontroller.o (.rodata.str1.5009411504910377036.1)
                  0000977e    0000001d     i2ccontroller.o (.rodata.str1.10393543606222492994.1)
                  0000979b    00000001     --HOLE-- [fill = 0]
                  0000979c    0000001c     drivers_mspm0g1x0x_g3x0x.a : ADCMSPM0.o (.rodata.ADCMSPM0_fxnTable)
                  000097b8    0000001c     i2ccontroller.o (.rodata.str1.13389986155551786448.1)
                  000097d4    0000001c     i2ccontroller.o (.rodata.str1.14957354005026563476.1)
                  000097f0    0000001c     i2ccontroller.o (.rodata.str1.18130415507728528100.1)
                  0000980c    0000001c     i2ccontroller.o (.rodata.str1.7397325029138059784.1)
                  00009828    0000001b     i2ccontroller.o (.rodata.str1.7421412935437506704.1)
                  00009843    0000001a     i2ccontroller.o (.rodata.str1.7442986834643036735.1)
                  0000985d    00000019     i2ctargetApp.o (.rodata.str1.9214581527299789844.1)
                  00009876    00000018     i2ccontroller.o (.rodata.str1.10358852568438263093.1)
                  0000988e    00000016     i2ccontroller.o (.rodata.str1.11182847882475085986.1)
                  000098a4    00000015     i2ctargetApp.o (.rodata.str1.9751886074620317138.1)
                  000098b9    00000014     i2ccontroller.o (.rodata.str1.7657195646278611362.1)
                  000098cd    00000012     i2ccontroller.o (.rodata.str1.5289115998308413456.1)
                  000098df    00000001     --HOLE-- [fill = 0]
                  000098e0    00000010     ti_drivers_config.o (.rodata.GPIO_config)
                  000098f0    00000010     SEGGER_RTT_printf.o (.rodata.cst16)
                  00009900    00000010     drivers_mspm0g1x0x_g3x0x.a : I2CMSPM0.o (.rodata.cst16)
                  00009910    0000000f     i2ctargetApp.o (.rodata.str1.17089017793619640351.1)
                  0000991f    0000000f     i2ctargetApp.o (.rodata.str1.6408132839241382401.1)
                  0000992e    0000000e     pt100.o (.rodata.str1.10392836802720052370.1)
                  0000993c    0000000c     ti_drivers_config.o (.rodata.ADC_config)
                  00009948    0000000c     drivers_mspm0g1x0x_g3x0x.a : I2CTarget.o (.rodata.I2CTarget_defaultParams)
                  00009954    00000009     SEGGER_RTT.o (.rodata.str1.1347869369698290154.1)
                  0000995d    00000003     --HOLE-- [fill = 0]
                  00009960    00000008     drivers_mspm0g1x0x_g3x0x.a : ADC.o (.rodata.ADC_defaultParams)
                  00009968    00000008     ti_drivers_config.o (.rodata.I2CTarget_config)
                  00009970    00000008     ti_drivers_config.o (.rodata.I2C_config)
                  00009978    00000008     i2ccontroller.o (.rodata.str1.14199263581725681480.1)
                  00009980    00000008     freertos_builds_LP_MSPM0G3507_release_ticlang.lib : timers.o (.rodata.str1.6031452896567546882.1)
                  00009988    00000007     SEGGER_RTT_printf.o (.rodata.str1.14596486525197745578.1)
                  0000998f    00000005     freertos_builds_LP_MSPM0G3507_release_ticlang.lib : tasks.o (.rodata.str1.13344916649340266805.1)
                  00009994    00000004                                                       : tasks.o (.rodata.uxTopUsedPriority)

.init_array 
*          0    00000000    00000000     UNINITIALIZED

.binit     0    00000000    00000000     

.vtable    0    20202200    000000c0     UNINITIALIZED
                  20202200    000000c0     driverlib.a : dl_interrupt.o (.vtable)

.bss       0    20200000    00001e28     UNINITIALIZED
                  20200000    00000c00     freertos_builds_LP_MSPM0G3507_release_ticlang.lib : heap_4.o (.bss.ucHeap)
                  20200c00    00000400     SEGGER_RTT.o (.bss._acUpBuffer)
                  20201000    00000200     freertos_builds_LP_MSPM0G3507_release_ticlang.lib : StaticAllocs_freertos.o (.bss.vApplicationGetIdleTaskMemory.uxIdleTaskStack)
                  20201200    00000200                                                       : StaticAllocs_freertos.o (.bss.vApplicationGetTimerTaskMemory.uxTimerTaskStack)
                  20201400    000000f8     i2ctargetApp.o (.bss.g_readyPayload)
                  202014f8    000000f8     (.common:I2CMSPM0Objects)
                  202015f0    000000f0     i2ctargetApp.o (.bss.i2cDetectThread.downstreamPayload)
                  202016e0    000000f0     (.common:gpioCallbackFunctions)
                  202017d0    000000f0     (.common:gpioUserArgs)
                  202018c0    000000c8     freertos_builds_LP_MSPM0G3507_release_ticlang.lib : tasks.o (.bss.pxReadyTasksLists)
                  20201988    000000a8     (.common:_SEGGER_RTT)
                  20201a30    00000078                                                       : timers.o (.bss.prvCheckForValidListAndQueue.ucStaticTimerQueueStorage)
                  20201aa8    00000078     (.common:I2CTargetMSPM0Objects)
                  20201b20    00000068                                                       : StaticAllocs_freertos.o (.bss.vApplicationGetIdleTaskMemory.xIdleTaskTCB)
                  20201b88    00000068                                                       : StaticAllocs_freertos.o (.bss.vApplicationGetTimerTaskMemory.xTimerTaskTCB)
                  20201bf0    00000050     drivers_mspm0g1x0x_g3x0x.a : ADCMSPM0.o (.bss.adcSemaphore)
                  20201c40    00000050     freertos_builds_LP_MSPM0G3507_release_ticlang.lib : timers.o (.bss.prvCheckForValidListAndQueue.xStaticTimerQueue)
                  20201c90    00000040     (.common:rxBuffer)
                  20201cd0    00000040     (.common:txBuffer)
                  20201d10    00000018     (.common:pt100Cfg)
                  20201d28    00000014                                                       : timers.o (.bss.xActiveTimerList1)
                  20201d3c    00000014                                                       : timers.o (.bss.xActiveTimerList2)
                  20201d50    00000014                                                       : tasks.o (.bss.xDelayedTaskList1)
                  20201d64    00000014                                                       : tasks.o (.bss.xDelayedTaskList2)
                  20201d78    00000014                                                       : tasks.o (.bss.xPendingReadyList)
                  20201d8c    00000014                                                       : tasks.o (.bss.xSuspendedTaskList)
                  20201da0    00000014                                                       : tasks.o (.bss.xTasksWaitingTermination)
                  20201db4    00000010     SEGGER_RTT.o (.bss._acDownBuffer)
                  20201dc4    00000010     (.common:cmd)
                  20201dd4    00000010     (.common:i2cParams)
                  20201de4    0000000c     (.common:nasCfg)
                  20201df0    00000008     freertos_builds_LP_MSPM0G3507_release_ticlang.lib : heap_4.o (.bss.xStart)
                  20201df8    00000008     (.common:adcParams)
                  20201e00    00000004     drivers_mspm0g1x0x_g3x0x.a : GPIOMSPM0.o (.bss.GPIO_init.initSem)
                  20201e04    00000004     freertos_builds_LP_MSPM0G3507_release_ticlang.lib : aeabi_portable.o (.bss.main_reent)
                  20201e08    00000004                                                       : timers.o (.bss.pxCurrentTimerList)
                  20201e0c    00000004                                                       : tasks.o (.bss.pxDelayedTaskList)
                  20201e10    00000004                                                       : tasks.o (.bss.pxOverflowDelayedTaskList)
                  20201e14    00000004                                                       : timers.o (.bss.pxOverflowTimerList)
                  20201e18    00000004                                                       : tasks.o (.bss.xIdleTaskHandles)
                  20201e1c    00000004     (.common:adc)
                  20201e20    00000004     (.common:i2cHandle)
                  20201e24    00000002     (.common:adcObjects)
                  20201e26    00000001     i2ccontroller.o (.bss.targetAddress)
                  20201e27    00000001     (.common:protocolState)

.data      0    20201e28    000002de     UNINITIALIZED
                  20201e28    000000f0     ti_drivers_config.o (.data.gpioPinConfigs)
                  20201f18    000000c0     freertos_builds_LP_MSPM0G3507_release_ticlang.lib : HwiPMSPM0_freertos.o (.data.HwiP_dispatchTable)
                  20201fd8    00000080     libc.a : signal.c.obj (.data.sigTable)
                  20202058    00000014     freertos_builds_LP_MSPM0G3507_release_ticlang.lib : pthread.o (.data.defaultPthreadAttrs)
                  2020206c    00000004                                                       : HwiPMSPM0_freertos.o (.data.HwiP_swiPIntNum)
                  20202070    00000004     libc.a : _lock.c.obj (.data._lock)
                  20202074    00000004     nas2300.o (.data.g_latestForceSeq)
                  20202078    00000004     nas2300.o (.data.g_latestForce_uV)
                  2020207c    00000004     pt100.o (.data.g_latestTempSeq)
                  20202080    00000004     i2ctargetApp.o (.data.g_nsa2300RequestSeq)
                  20202084    00000004     i2ccontroller.o (.data.g_nsa2300TaskHandle)
                  20202088    00000004     i2ctargetApp.o (.data.g_pt100RequestSeq)
                  2020208c    00000004     pt100.o (.data.g_pt100TaskHandle)
                  20202090    00000004     i2ctargetApp.o (.data.g_readyPayloadForceSeq)
                  20202094    00000004     i2ctargetApp.o (.data.g_readyPayloadTempSeq)
                  20202098    00000004     freertos_builds_LP_MSPM0G3507_release_ticlang.lib : timers.o (.data.prvSampleTimeNow.xLastTime)
                  2020209c    00000004                                                       : tasks.o (.data.pxCurrentTCB)
                  202020a0    00000004                                                       : heap_4.o (.data.pxEnd)
                  202020a4    00000004                                                       : port.o (.data.ulCriticalNesting)
                  202020a8    00000004                                                       : port.o (.data.ulStoppedTimerCompensation)
                  202020ac    00000004                                                       : port.o (.data.ulTimerCountsForOneTick)
                  202020b0    00000004                                                       : tasks.o (.data.uxCurrentNumberOfTasks)
                  202020b4    00000004                                                       : tasks.o (.data.uxDeletedTasksWaitingCleanUp)
                  202020b8    00000004                                                       : tasks.o (.data.uxSchedulerSuspended)
                  202020bc    00000004                                                       : tasks.o (.data.uxTaskNumber)
                  202020c0    00000004                                                       : tasks.o (.data.uxTopReadyPriority)
                  202020c4    00000004                                                       : heap_4.o (.data.xFreeBytesRemaining)
                  202020c8    00000004                                                       : port.o (.data.xMaximumPossibleSuppressedTicks)
                  202020cc    00000004                                                       : heap_4.o (.data.xMinimumEverFreeBytesRemaining)
                  202020d0    00000004                                                       : tasks.o (.data.xNextTaskUnblockTime)
                  202020d4    00000004                                                       : tasks.o (.data.xNumOfOverflows)
                  202020d8    00000004                                                       : heap_4.o (.data.xNumberOfSuccessfulAllocations)
                  202020dc    00000004                                                       : heap_4.o (.data.xNumberOfSuccessfulFrees)
                  202020e0    00000004                                                       : tasks.o (.data.xPendedTicks)
                  202020e4    00000004                                                       : tasks.o (.data.xSchedulerRunning)
                  202020e8    00000004                                                       : tasks.o (.data.xTickCount)
                  202020ec    00000004                                                       : timers.o (.data.xTimerQueue)
                  202020f0    00000004                                                       : timers.o (.data.xTimerTaskHandle)
                  202020f4    00000004                                                       : tasks.o (.data.xYieldPendings)
                  202020f8    00000002     drivers_mspm0g1x0x_g3x0x.a : ADCMSPM0.o (.data.adcInstance)
                  202020fa    00000002     pt100.o (.data.g_latestTemp_x10)
                  202020fc    00000001     i2ctargetApp.o (.data.g_data82ReadInProgress)
                  202020fd    00000001     i2ctargetApp.o (.data.g_device_count)
                  202020fe    00000001     i2ctargetApp.o (.data.g_i2cIsReadPhase)
                  202020ff    00000001     i2ctargetApp.o (.data.g_readyPayloadLen)
                  20202100    00000001     i2ctargetApp.o (.data.g_readyPayloadReadIdx)
                  20202101    00000001     i2ctargetApp.o (.data.g_regMode)
                  20202102    00000001     i2ctargetApp.o (.data.g_regReady)
                  20202103    00000001     drivers_mspm0g1x0x_g3x0x.a : GPIOMSPM0.o (.data.initCalled)
                  20202104    00000001                                : ADC.o (.data.isInitialized)
                  20202105    00000001                                : GPIOMSPM0.o (.data.portHwiCreatedBitMask)

.stack     0    20207e00    00000200     UNINITIALIZED
                  20207e00    00000004     libc.a : boot_cortex_m.c.obj (.stack)
                  20207e04    000001fc     --HOLE--

__llvm_prf_cnts 
*          0    20200000    00000000     UNINITIALIZED

__llvm_prf_bits 
*          0    20200000    00000000     UNINITIALIZED

MODULE SUMMARY

       Module                         code    ro data   rw data
       ------                         ----    -------   -------
    .\
       i2ccontroller.o                2400    1567      165    
       i2ctargetApp.o                 1384    184       528    
       pt100.o                        1748    140       46     
       ti_drivers_config.o            0       221       1090   
       nas2300.o                      1092    0         8      
       main_freertos.o                188     32        0      
       ti_msp_dl_config.o             210     0         0      
    +--+------------------------------+-------+---------+---------+
       Total:                         7022    2144      1837   
                                                               
    .\freertos\ticlang\
       startup_mspm0g350x_ticlang.o   62      192       0      
    +--+------------------------------+-------+---------+---------+
       Total:                         62      192       0      
                                                               
    .\ti\segger\
       SEGGER_RTT.o                   636     9         1208   
       SEGGER_RTT_printf.o            1746    23        0      
    +--+------------------------------+-------+---------+---------+
       Total:                         2382    32        1208   
                                                               
    C:/Users/hugh-/workspace_ccstheia/freertos_builds_LP_MSPM0G3507_release_ticlang/Debug/freertos_builds_LP_MSPM0G3507_release_ticlang.lib
       tasks.o                        7112    9         360    
       heap_4.o                       1336    0         3100   
       queue.o                        3248    0         0      
       timers.o                       1200    8         260    
       StaticAllocs_freertos.o        80      0         1232   
       port.o                         1138    0         16     
       HwiPMSPM0_freertos.o           784     0         196    
       pthread.o                      914     2         20     
       SemaphoreP_freertos.o          326     0         0      
       list.o                         296     0         0      
       memory.o                       258     0         0      
       portasm.o                      170     0         0      
       PTLS.o                         88      0         0      
       aeabi_portable.o               84      0         4      
       sleep.o                        80      0         0      
       ClockP_freertos.o              6       0         0      
    +--+------------------------------+-------+---------+---------+
       Total:                         17120   19        5188   
                                                               
    C:/ti/mspm0_sdk_2_09_00_01/source/ti/driverlib/lib/ticlang/m0p/mspm0g1x0x_g3x0x/driverlib.a
       dl_interrupt.o                 164     0         192    
       dl_i2c.o                       348     0         0      
       dl_adc12.o                     64      0         0      
       dl_sysctl_mspm0g1x0x_g3x0x.o   56      0         0      
       dl_common.o                    10      0         0      
    +--+------------------------------+-------+---------+---------+
       Total:                         642     0         192    
                                                               
    C:/ti/mspm0_sdk_2_09_00_01/source/ti/drivers/lib/ticlang/m0p/drivers_mspm0g1x0x_g3x0x.a
       I2CMSPM0.o                     1952    16        0      
       GPIOMSPM0.o                    1526    32        6      
       ADCMSPM0.o                     1162    28        82     
       I2CTargetMSPM0.o               678     0         0      
       I2C.o                          370     0         0      
       ADC.o                          272     8         1      
       GPIO.o                         84      0         0      
       I2CTarget.o                    20      12        0      
    +--+------------------------------+-------+---------+---------+
       Total:                         6064    96        89     
                                                               
    C:\ti\ccs2040\ccs\tools\compiler\ti-cgt-armllvm_4.0.4.LTS\lib\armv6m-ti-none-eabi/c/libc.a
       e_sqrt.c.obj                   368     0         0      
       s_floor.c.obj                  324     0         0      
       signal.c.obj                   96      0         128    
       s_round.c.obj                  176     0         0      
       memcpy16.S.obj                 154     0         0      
       copy_decompress_lzss.c.obj     124     0         0      
       memset16.S.obj                 98      0         0      
       s_lround.c.obj                 80      0         0      
       autoinit.c.obj                 60      0         0      
       boot_cortex_m.c.obj            40      0         0      
       copy_decompress_none.c.obj     18      0         0      
       copy_zero_init.c.obj           16      0         0      
       ti_fenv.c.obj                  10      0         0      
       _lock.c.obj                    2       0         4      
       exit.c.obj                     6       0         0      
       pre_init.c.obj                 4       0         0      
    +--+------------------------------+-------+---------+---------+
       Total:                         1576    0         132    
                                                               
    C:\ti\ccs2040\ccs\tools\compiler\ti-cgt-armllvm_4.0.4.LTS\lib\armv6m-ti-none-eabi/c/libsysbm.a
       hostexit.c.obj                 4       0         0      
    +--+------------------------------+-------+---------+---------+
       Total:                         4       0         0      
                                                               
    C:\ti\ccs2040\ccs\tools\compiler\ti-cgt-armllvm_4.0.4.LTS\lib\armv6m-ti-none-eabi/libclang_rt.builtins.a
       adddf3.S.obj                   418     0         0      
       divdf3.S.obj                   268     0         0      
       muldf3.S.obj                   228     0         0      
       comparedf2.c.obj               220     0         0      
       udivmoddi4.S.obj               162     0         0      
       aeabi_dcmp.S.obj               98      0         0      
       clzsi2.c.obj                   88      0         0      
       fixdfsi.S.obj                  74      0         0      
       aeabi_uidivmod.S.obj           64      0         0      
       divmoddi4.c.obj                62      0         0      
       muldsi3.S.obj                  58      0         0      
       floatunsidf.S.obj              36      0         0      
       muldi3.S.obj                   36      0         0      
       ashldi3.S.obj                  30      0         0      
       aeabi_memset.S.obj             26      0         0      
       aeabi_ldivmod.S.obj            20      0         0      
       aeabi_uldivmod.S.obj           20      0         0      
       aeabi_memcpy.S.obj             8       0         0      
       aeabi_div0.c.obj               4       0         0      
    +--+------------------------------+-------+---------+---------+
       Total:                         1920    0         0      
                                                               
       Stack:                         0       0         512    
       Linker Generated:              0       90        0      
    +--+------------------------------+-------+---------+---------+
       Grand Total:                   36792   2573      9158   


LINKER GENERATED COPY TABLES

__TI_cinit_table @ 000099dc records: 3, size/record: 8, table size: 24
	.data: load addr=00009998, load size=00000026 bytes, run addr=20201e28, run size=000002de bytes, compression=lzss
	.bss: load addr=000099cc, load size=00000008 bytes, run addr=20200000, run size=00001e28 bytes, compression=zero_init
	.vtable: load addr=000099d4, load size=00000008 bytes, run addr=20202200, run size=000000c0 bytes, compression=zero_init


LINKER GENERATED HANDLER TABLE

__TI_handler_table @ 000099c0 records: 3, size/record: 4, table size: 12
	index: 0, handler: __TI_zero_init
	index: 1, handler: __TI_decompress_lzss
	index: 2, handler: __TI_decompress_none


FAR CALL TRAMPOLINES

callee name               trampoline name
   callee addr  tramp addr   call addr  call info
--------------  -----------  ---------  ----------------
__aeabi_dadd              $Tramp$TT$L$PI$$__aeabi_dadd
   000030df     00009050     0000904c   libc.a : s_round.c.obj (.text.OUTLINED_FUNCTION_0)

[1 trampolines]
[1 trampoline calls]


GLOBAL SYMBOLS: SORTED ALPHABETICALLY BY Name 

address   name                                 
-------   ----                                 
00002697  ADC0_IRQHandler                      
00002697  ADC1_IRQHandler                      
000083ad  ADCMSPM0_close                       
00009079  ADCMSPM0_control                     
00006a85  ADCMSPM0_convert                     
000020e9  ADCMSPM0_convertChain                
0000820d  ADCMSPM0_convertToMicroVolts         
0000979c  ADCMSPM0_fxnTable                    
0000903f  ADCMSPM0_init                        
00002f3d  ADCMSPM0_open                        
00008f05  ADC_Params_init                      
0000993c  ADC_config                           
0000900d  ADC_convert                          
00009017  ADC_convertToMicroVolts              
000094a7  ADC_count                            
00009960  ADC_defaultParams                    
00005e91  ADC_init                             
000080cd  ADC_open                             
00002697  AES_IRQHandler                       
00008b3c  C$$EXIT                              
00002697  CANFD0_IRQHandler                    
0000907f  ClockP_getSystemTickPeriod           
00002697  DAC0_IRQHandler                      
0000810d  DL_ADC12_setClockConfig              
00009021  DL_Common_delayCycles                
00007739  DL_I2C_fillControllerTXFIFO          
000086d9  DL_I2C_flushControllerRXFIFO         
00008249  DL_I2C_flushControllerTXFIFO         
00008709  DL_I2C_flushTargetRXFIFO             
00008285  DL_I2C_flushTargetTXFIFO             
00008aa9  DL_I2C_setClockConfig                
000066b1  DL_Interrupt_registerInterrupt       
00008df1  DL_Interrupt_unregisterInterrupt     
000083e5  DL_SYSCTL_switchMCLKfromLFCLKtoSYSOSC
00002697  DMA_IRQHandler                       
00002697  Default_Handler                      
000098e0  GPIO_config                          
00007959  GPIO_disableInt                      
00004fad  GPIO_hwiIntFxn                       
00003569  GPIO_init                            
0000956b  GPIO_pinLowerBound                   
00009681  GPIO_pinUpperBound                   
0000841d  GPIO_resetConfig                     
00008cf1  GPIO_setCallback                     
0000902b  GPIO_setConfig                       
000016a9  GPIO_setConfigAndMux                 
00005f3d  GPIO_setInterruptConfig              
000072c1  GPIO_write                           
00002697  GROUP0_IRQHandler                    
00002697  GROUP1_IRQHandler                    
00008b3d  HOSTexit                             
00008bf5  HardFault_Handler                    
00008acf  HwiP_Params_init                     
00005a4d  HwiP_construct                       
00007fbb  HwiP_create                          
00008c15  HwiP_destruct                        
0000856d  HwiP_disable                         
00008e05  HwiP_disableInterrupt                
00008455  HwiP_dispatch                        
00008e19  HwiP_enableInterrupt                 
00008739  HwiP_inISR                           
00008af5  HwiP_restore                         
2020206c  HwiP_swiPIntNum                      
00002697  I2C0_IRQHandler                      
00002697  I2C1_IRQHandler                      
0000956c  I2CMSPM0HWAttrs                      
202014f8  I2CMSPM0Objects                      
00008e2d  I2CSupport_controllerFinish          
00002a47  I2CSupport_powerRelConstraint        
00003267  I2CSupport_powerSetConstraint        
000070f5  I2CSupport_primeTransfer             
000094a8  I2CTargetMSPM0HWAttrs                
20201aa8  I2CTargetMSPM0Objects                
00008e41  I2CTarget_Params_init                
00009968  I2CTarget_config                     
00009682  I2CTarget_count                      
00009948  I2CTarget_defaultParams              
00005989  I2CTarget_open                       
00008f81  I2CTarget_start                      
00008fad  I2C_Params_init                      
000089b7  I2C_cancel                           
00007851  I2C_close                            
00009970  I2C_config                           
00009683  I2C_count                            
00003fbb  I2C_init                             
00001ef5  I2C_open                             
00008f15  I2C_transfer                         
00003e8f  I2C_transferTimeout                  
00008e55  NAS2300_Config_init                  
000089e1  NAS2300_code24_to_uV                 
00008d0d  NAS2300_decode_code24                
00003d61  NAS2300_init                         
00008d79  NAS2300_publish_latest_force_uV      
0000732d  NAS2300_readPressureRaw24_burst      
00005fe9  NAS2300_readPressureRaw24_single     
00007aa9  NAS2300_readReg8                     
0000661f  NAS2300_startSinglePressureConversion
00005de1  NAS2300_waitDrdy                     
00002697  NMI_Handler                          
00008fb9  NSA2300_getTaskHandle                
00000791  PT100_convert_adc_uV_to_temp_x10     
00008fc5  PT100_getTaskHandle                  
00008d45  PTLS_getBuf                          
00008d5f  PTLS_setBuf                          
00008b19  PTLS_taskDeleteHook                  
00008001  PendSV_Handler                       
00002697  RTC_IRQHandler                       
00009091  Reset_Handler                        
00007005  SEGGER_RTT_Init                      
000061dd  SEGGER_RTT_Write                     
000036cd  SEGGER_RTT_WriteNoLock               
00008c75  SEGGER_RTT_printf                    
00000d15  SEGGER_RTT_vprintf                   
00002697  SPI0_IRQHandler                      
00002697  SPI1_IRQHandler                      
00008b41  SVC_Handler                          
0000466f  SYSCFG_DL_GPIO_init                  
00008c35  SYSCFG_DL_SYSCTL_CLK_init            
000079ad  SYSCFG_DL_SYSCTL_init                
00008e69  SYSCFG_DL_init                       
00007e0d  SYSCFG_DL_initPower                  
0000814d  SemaphoreP_constructBinary           
0000848d  SemaphoreP_createBinary              
00008f25  SemaphoreP_delete                    
00009061  SemaphoreP_destruct                  
000068e9  SemaphoreP_pend                      
00008883  SemaphoreP_post                      
00008769  SysTick_Handler                      
00002697  TIMA0_IRQHandler                     
00002697  TIMA1_IRQHandler                     
00002697  TIMG0_IRQHandler                     
00002697  TIMG12_IRQHandler                    
00002697  TIMG6_IRQHandler                     
00002697  TIMG7_IRQHandler                     
00002697  TIMG8_IRQHandler                     
00002697  UART0_IRQHandler                     
00002697  UART1_IRQHandler                     
00002697  UART2_IRQHandler                     
00002697  UART3_IRQHandler                     
20201988  _SEGGER_RTT                          
20208000  __STACK_END                          
00000200  __STACK_SIZE                         
00000000  __TI_ATRegion0_region_sz             
00000000  __TI_ATRegion0_src_addr              
00000000  __TI_ATRegion0_trg_addr              
00000000  __TI_ATRegion1_region_sz             
00000000  __TI_ATRegion1_src_addr              
00000000  __TI_ATRegion1_trg_addr              
00000000  __TI_ATRegion2_region_sz             
00000000  __TI_ATRegion2_src_addr              
00000000  __TI_ATRegion2_trg_addr              
000099dc  __TI_CINIT_Base                      
000099f4  __TI_CINIT_Limit                     
000099f4  __TI_CINIT_Warm                      
000099c0  __TI_Handler_Table_Base              
000099cc  __TI_Handler_Table_Limit             
000082fd  __TI_auto_init_nobinit_nopinit       
00006f89  __TI_decompress_lzss                 
00008ef3  __TI_decompress_none                 
ffffffff  __TI_pprof_out_hndl                  
ffffffff  __TI_prof_data_size                  
ffffffff  __TI_prof_data_start                 
00000000  __TI_static_base__                   
00008f71  __TI_zero_init                       
000030df  __adddf3                             
00007d79  __aeabi_d2iz                         
000030df  __aeabi_dadd                         
00007615  __aeabi_dcmpeq                       
00007651  __aeabi_dcmpge                       
00007665  __aeabi_dcmpgt                       
0000763d  __aeabi_dcmple                       
00007629  __aeabi_dcmplt                       
00004671  __aeabi_ddiv                         
0000545d  __aeabi_dmul                         
000030d5  __aeabi_dsub                         
00007a01  __aeabi_errno_addr                   
00004daf  __aeabi_idiv0                        
00005c77  __aeabi_ldiv0                        
00008e7d  __aeabi_ldivmod                      
00008c95  __aeabi_llsl                         
00008b89  __aeabi_lmul                         
00008fd1  __aeabi_memclr                       
00008fd1  __aeabi_memclr4                      
00008fd1  __aeabi_memclr8                      
00009069  __aeabi_memcpy                       
00009069  __aeabi_memcpy4                      
00009069  __aeabi_memcpy8                      
00008f91  __aeabi_memset                       
00008f91  __aeabi_memset4                      
00008f91  __aeabi_memset8                      
00008b65  __aeabi_ui2d                         
0000818d  __aeabi_uidiv                        
0000818d  __aeabi_uidivmod                     
00008e91  __aeabi_uldivmod                     
00008c95  __ashldi3                            
ffffffff  __binit__                            
000078a9  __clzsi2                             
000074dd  __cmpdf2                             
00004671  __divdf3                             
000081cd  __divmoddi4                          
000074dd  __eqdf2                              
00007d79  __fixdfsi                            
00008b65  __floatunsidf                        
00007169  __gedf2                              
00007169  __gtdf2                              
000074dd  __ledf2                              
000074dd  __ltdf2                              
UNDEFED   __mpu_init                           
0000545d  __muldf3                             
00008b89  __muldi3                             
00008339  __muldsi3                            
000074dd  __nedf2                              
00009035  __softfloat_float_raise              
20207e00  __stack                              
20200000  __start___llvm_prf_bits              
20200000  __start___llvm_prf_cnts              
20200000  __stop___llvm_prf_bits               
20200000  __stop___llvm_prf_cnts               
000030d5  __subdf3                             
00006139  __udivmoddi4                         
00008a81  _c_int00_noargs                      
20202070  _lock                                
00005e8f  _nop                                 
000088dd  _pthread_cleanup_pop                 
UNDEFED   _system_post_cinit                   
00009095  _system_pre_init                     
0000908b  abort                                
20201e1c  adc                                  
000090a0  adcHWAttrs                           
20201e24  adcObjects                           
20201df8  adcParams                            
00008ea5  aligned_alloc                        
ffffffff  binit                                
00006d99  calloc                               
20201dc4  cmd                                  
00007545  detectI2CDevices                     
00006e15  eTaskConfirmSleepModeStatus          
00003ad9  floor                                
00003ad9  floorl                               
00008f35  free                                 
20202074  g_latestForceSeq                     
20202078  g_latestForce_uV                     
2020207c  g_latestTempSeq                      
202020fa  g_latestTemp_x10                     
00007e55  getPt100Temp_x10                     
202016e0  gpioCallbackFunctions                
20201e28  gpioPinConfigs                       
202017d0  gpioUserArgs                         
000000c1  i2cControllerThread                  
000022d5  i2cDetectThread                      
20201e20  i2cHandle                            
20201dd4  i2cParams                            
00000000  interruptVectors                     
00007b4d  lround                               
00005b09  main                                 
000069fd  mainThread                           
00007dc3  malloc                               
00008fdd  memalign                             
00006459  memcpy                               
00007677  memset                               
20201de4  nasCfg                               
20201e27  protocolState                        
00008d91  prvGetRegistersFromStack             
20201d10  pt100Cfg                             
00004eb1  pt100Thread                          
00008d29  pthread_attr_init                    
00008827  pthread_attr_setdetachstate          
000085d5  pthread_attr_setschedparam           
00008ee1  pthread_attr_setstacksize            
0000398d  pthread_create                       
00007251  pthread_exit                         
00008da9  pthread_self                         
000077f5  pthread_setcancelstate               
000011a9  pvPortMalloc                         
000076d9  pvTaskGetThreadLocalStoragePointer   
00008bad  pvTaskIncrementMutexHeldCount        
2020209c  pxCurrentTCB                         
0000444d  pxPortInitialiseStack                
00008909  raise                                
00005c79  readDeviceData                       
00005709  readNsa2300Raw24                     
00008fe9  realloc                              
00006091  round                                
00006091  roundl                               
20201c90  rxBuffer                             
00008609  signal                               
000033f9  sqrt                                 
000033f9  sqrtl                                
20201cd0  txBuffer                             
00009071  ulSetInterruptMask                   
00004db1  ulTaskGenericNotifyTake              
00007c8d  usleep                               
00007e9d  uxListRemove                         
00008ff5  uxTaskGetNumberOfTasks               
00008a31  vApplicationGetIdleTaskMemory        
00008a59  vApplicationGetTimerTaskMemory       
00009099  vApplicationStackOverflowHook        
00009085  vClearInterruptMask                  
00008935  vListInitialise                      
00008f9f  vListInitialiseItem                  
00007405  vListInsert                          
00008373  vListInsertEnd                       
00008dc1  vPortEnterCritical                   
00008961  vPortExitCritical                    
000050a5  vPortFree                            
00008855  vPortSVCHandler_C                    
00007a55  vPortSetupTimerInterrupt             
00002d9d  vPortSuppressTicksAndSleep           
00008dd9  vPortYield                           
000086a5  vQueueDelete                         
00007471  vQueueWaitForMessageRestricted       
00008bd1  vRestoreContextOfFirstTask           
00008f51  vStartFirstTask                      
00007cdd  vTaskDelay                           
00004331  vTaskDelete                          
00002a49  vTaskGenericNotifyGiveFromISR        
00008c55  vTaskInternalSetTimeOutState         
00009001  vTaskMissedYield                     
0000863d  vTaskPlaceOnEventList                
000071dd  vTaskPlaceOnEventListRestricted      
00003c1d  vTaskPriorityDisinheritAfterTimeout  
00008671  vTaskSetApplicationTaskTag           
00007901  vTaskSetThreadLocalStoragePointer    
000075ad  vTaskStartScheduler                  
00006c95  vTaskStepTick                        
0000420d  vTaskSuspend                         
00008f61  vTaskSuspendAll                      
00004889  vTaskSwitchContext                   
00006d19  xPortStartScheduler                  
0000658b  xQueueGenericCreate                  
0000631d  xQueueGenericCreateStatic            
00005625  xQueueGenericReset                   
00002875  xQueueGenericSend                    
00004561  xQueueGiveFromISR                    
00002bf9  xQueueReceive                        
00004ba5  xQueueReceiveFromISR                 
000024b9  xQueueSemaphoreTake                  
00005d2d  xTaskCheckForTimeOut                 
00007ee5  xTaskCreate                          
00007d2d  xTaskCreateStatic                    
00007f2d  xTaskGetApplicationTaskTag           
00008eb9  xTaskGetCurrentTaskHandle            
000084fd  xTaskGetSchedulerState               
00008ecd  xTaskGetTickCount                    
00001aed  xTaskIncrementTick                   
00004a9d  xTaskPriorityDisinherit              
000040e5  xTaskPriorityInherit                 
00003269  xTaskRemoveFromEventList             
00001cfd  xTaskResumeAll                       
00006f0d  xTimerCreateTimerTask                


GLOBAL SYMBOLS: SORTED BY Symbol Address 

address   name                                 
-------   ----                                 
00000000  __TI_ATRegion0_region_sz             
00000000  __TI_ATRegion0_src_addr              
00000000  __TI_ATRegion0_trg_addr              
00000000  __TI_ATRegion1_region_sz             
00000000  __TI_ATRegion1_src_addr              
00000000  __TI_ATRegion1_trg_addr              
00000000  __TI_ATRegion2_region_sz             
00000000  __TI_ATRegion2_src_addr              
00000000  __TI_ATRegion2_trg_addr              
00000000  __TI_static_base__                   
00000000  interruptVectors                     
000000c1  i2cControllerThread                  
00000200  __STACK_SIZE                         
00000791  PT100_convert_adc_uV_to_temp_x10     
00000d15  SEGGER_RTT_vprintf                   
000011a9  pvPortMalloc                         
000016a9  GPIO_setConfigAndMux                 
00001aed  xTaskIncrementTick                   
00001cfd  xTaskResumeAll                       
00001ef5  I2C_open                             
000020e9  ADCMSPM0_convertChain                
000022d5  i2cDetectThread                      
000024b9  xQueueSemaphoreTake                  
00002697  ADC0_IRQHandler                      
00002697  ADC1_IRQHandler                      
00002697  AES_IRQHandler                       
00002697  CANFD0_IRQHandler                    
00002697  DAC0_IRQHandler                      
00002697  DMA_IRQHandler                       
00002697  Default_Handler                      
00002697  GROUP0_IRQHandler                    
00002697  GROUP1_IRQHandler                    
00002697  I2C0_IRQHandler                      
00002697  I2C1_IRQHandler                      
00002697  NMI_Handler                          
00002697  RTC_IRQHandler                       
00002697  SPI0_IRQHandler                      
00002697  SPI1_IRQHandler                      
00002697  TIMA0_IRQHandler                     
00002697  TIMA1_IRQHandler                     
00002697  TIMG0_IRQHandler                     
00002697  TIMG12_IRQHandler                    
00002697  TIMG6_IRQHandler                     
00002697  TIMG7_IRQHandler                     
00002697  TIMG8_IRQHandler                     
00002697  UART0_IRQHandler                     
00002697  UART1_IRQHandler                     
00002697  UART2_IRQHandler                     
00002697  UART3_IRQHandler                     
00002875  xQueueGenericSend                    
00002a47  I2CSupport_powerRelConstraint        
00002a49  vTaskGenericNotifyGiveFromISR        
00002bf9  xQueueReceive                        
00002d9d  vPortSuppressTicksAndSleep           
00002f3d  ADCMSPM0_open                        
000030d5  __aeabi_dsub                         
000030d5  __subdf3                             
000030df  __adddf3                             
000030df  __aeabi_dadd                         
00003267  I2CSupport_powerSetConstraint        
00003269  xTaskRemoveFromEventList             
000033f9  sqrt                                 
000033f9  sqrtl                                
00003569  GPIO_init                            
000036cd  SEGGER_RTT_WriteNoLock               
0000398d  pthread_create                       
00003ad9  floor                                
00003ad9  floorl                               
00003c1d  vTaskPriorityDisinheritAfterTimeout  
00003d61  NAS2300_init                         
00003e8f  I2C_transferTimeout                  
00003fbb  I2C_init                             
000040e5  xTaskPriorityInherit                 
0000420d  vTaskSuspend                         
00004331  vTaskDelete                          
0000444d  pxPortInitialiseStack                
00004561  xQueueGiveFromISR                    
0000466f  SYSCFG_DL_GPIO_init                  
00004671  __aeabi_ddiv                         
00004671  __divdf3                             
00004889  vTaskSwitchContext                   
00004a9d  xTaskPriorityDisinherit              
00004ba5  xQueueReceiveFromISR                 
00004daf  __aeabi_idiv0                        
00004db1  ulTaskGenericNotifyTake              
00004eb1  pt100Thread                          
00004fad  GPIO_hwiIntFxn                       
000050a5  vPortFree                            
0000545d  __aeabi_dmul                         
0000545d  __muldf3                             
00005625  xQueueGenericReset                   
00005709  readNsa2300Raw24                     
00005989  I2CTarget_open                       
00005a4d  HwiP_construct                       
00005b09  main                                 
00005c77  __aeabi_ldiv0                        
00005c79  readDeviceData                       
00005d2d  xTaskCheckForTimeOut                 
00005de1  NAS2300_waitDrdy                     
00005e8f  _nop                                 
00005e91  ADC_init                             
00005f3d  GPIO_setInterruptConfig              
00005fe9  NAS2300_readPressureRaw24_single     
00006091  round                                
00006091  roundl                               
00006139  __udivmoddi4                         
000061dd  SEGGER_RTT_Write                     
0000631d  xQueueGenericCreateStatic            
00006459  memcpy                               
0000658b  xQueueGenericCreate                  
0000661f  NAS2300_startSinglePressureConversion
000066b1  DL_Interrupt_registerInterrupt       
000068e9  SemaphoreP_pend                      
000069fd  mainThread                           
00006a85  ADCMSPM0_convert                     
00006c95  vTaskStepTick                        
00006d19  xPortStartScheduler                  
00006d99  calloc                               
00006e15  eTaskConfirmSleepModeStatus          
00006f0d  xTimerCreateTimerTask                
00006f89  __TI_decompress_lzss                 
00007005  SEGGER_RTT_Init                      
000070f5  I2CSupport_primeTransfer             
00007169  __gedf2                              
00007169  __gtdf2                              
000071dd  vTaskPlaceOnEventListRestricted      
00007251  pthread_exit                         
000072c1  GPIO_write                           
0000732d  NAS2300_readPressureRaw24_burst      
00007405  vListInsert                          
00007471  vQueueWaitForMessageRestricted       
000074dd  __cmpdf2                             
000074dd  __eqdf2                              
000074dd  __ledf2                              
000074dd  __ltdf2                              
000074dd  __nedf2                              
00007545  detectI2CDevices                     
000075ad  vTaskStartScheduler                  
00007615  __aeabi_dcmpeq                       
00007629  __aeabi_dcmplt                       
0000763d  __aeabi_dcmple                       
00007651  __aeabi_dcmpge                       
00007665  __aeabi_dcmpgt                       
00007677  memset                               
000076d9  pvTaskGetThreadLocalStoragePointer   
00007739  DL_I2C_fillControllerTXFIFO          
000077f5  pthread_setcancelstate               
00007851  I2C_close                            
000078a9  __clzsi2                             
00007901  vTaskSetThreadLocalStoragePointer    
00007959  GPIO_disableInt                      
000079ad  SYSCFG_DL_SYSCTL_init                
00007a01  __aeabi_errno_addr                   
00007a55  vPortSetupTimerInterrupt             
00007aa9  NAS2300_readReg8                     
00007b4d  lround                               
00007c8d  usleep                               
00007cdd  vTaskDelay                           
00007d2d  xTaskCreateStatic                    
00007d79  __aeabi_d2iz                         
00007d79  __fixdfsi                            
00007dc3  malloc                               
00007e0d  SYSCFG_DL_initPower                  
00007e55  getPt100Temp_x10                     
00007e9d  uxListRemove                         
00007ee5  xTaskCreate                          
00007f2d  xTaskGetApplicationTaskTag           
00007fbb  HwiP_create                          
00008001  PendSV_Handler                       
000080cd  ADC_open                             
0000810d  DL_ADC12_setClockConfig              
0000814d  SemaphoreP_constructBinary           
0000818d  __aeabi_uidiv                        
0000818d  __aeabi_uidivmod                     
000081cd  __divmoddi4                          
0000820d  ADCMSPM0_convertToMicroVolts         
00008249  DL_I2C_flushControllerTXFIFO         
00008285  DL_I2C_flushTargetTXFIFO             
000082fd  __TI_auto_init_nobinit_nopinit       
00008339  __muldsi3                            
00008373  vListInsertEnd                       
000083ad  ADCMSPM0_close                       
000083e5  DL_SYSCTL_switchMCLKfromLFCLKtoSYSOSC
0000841d  GPIO_resetConfig                     
00008455  HwiP_dispatch                        
0000848d  SemaphoreP_createBinary              
000084fd  xTaskGetSchedulerState               
0000856d  HwiP_disable                         
000085d5  pthread_attr_setschedparam           
00008609  signal                               
0000863d  vTaskPlaceOnEventList                
00008671  vTaskSetApplicationTaskTag           
000086a5  vQueueDelete                         
000086d9  DL_I2C_flushControllerRXFIFO         
00008709  DL_I2C_flushTargetRXFIFO             
00008739  HwiP_inISR                           
00008769  SysTick_Handler                      
00008827  pthread_attr_setdetachstate          
00008855  vPortSVCHandler_C                    
00008883  SemaphoreP_post                      
000088dd  _pthread_cleanup_pop                 
00008909  raise                                
00008935  vListInitialise                      
00008961  vPortExitCritical                    
000089b7  I2C_cancel                           
000089e1  NAS2300_code24_to_uV                 
00008a31  vApplicationGetIdleTaskMemory        
00008a59  vApplicationGetTimerTaskMemory       
00008a81  _c_int00_noargs                      
00008aa9  DL_I2C_setClockConfig                
00008acf  HwiP_Params_init                     
00008af5  HwiP_restore                         
00008b19  PTLS_taskDeleteHook                  
00008b3c  C$$EXIT                              
00008b3d  HOSTexit                             
00008b41  SVC_Handler                          
00008b65  __aeabi_ui2d                         
00008b65  __floatunsidf                        
00008b89  __aeabi_lmul                         
00008b89  __muldi3                             
00008bad  pvTaskIncrementMutexHeldCount        
00008bd1  vRestoreContextOfFirstTask           
00008bf5  HardFault_Handler                    
00008c15  HwiP_destruct                        
00008c35  SYSCFG_DL_SYSCTL_CLK_init            
00008c55  vTaskInternalSetTimeOutState         
00008c75  SEGGER_RTT_printf                    
00008c95  __aeabi_llsl                         
00008c95  __ashldi3                            
00008cf1  GPIO_setCallback                     
00008d0d  NAS2300_decode_code24                
00008d29  pthread_attr_init                    
00008d45  PTLS_getBuf                          
00008d5f  PTLS_setBuf                          
00008d79  NAS2300_publish_latest_force_uV      
00008d91  prvGetRegistersFromStack             
00008da9  pthread_self                         
00008dc1  vPortEnterCritical                   
00008dd9  vPortYield                           
00008df1  DL_Interrupt_unregisterInterrupt     
00008e05  HwiP_disableInterrupt                
00008e19  HwiP_enableInterrupt                 
00008e2d  I2CSupport_controllerFinish          
00008e41  I2CTarget_Params_init                
00008e55  NAS2300_Config_init                  
00008e69  SYSCFG_DL_init                       
00008e7d  __aeabi_ldivmod                      
00008e91  __aeabi_uldivmod                     
00008ea5  aligned_alloc                        
00008eb9  xTaskGetCurrentTaskHandle            
00008ecd  xTaskGetTickCount                    
00008ee1  pthread_attr_setstacksize            
00008ef3  __TI_decompress_none                 
00008f05  ADC_Params_init                      
00008f15  I2C_transfer                         
00008f25  SemaphoreP_delete                    
00008f35  free                                 
00008f51  vStartFirstTask                      
00008f61  vTaskSuspendAll                      
00008f71  __TI_zero_init                       
00008f81  I2CTarget_start                      
00008f91  __aeabi_memset                       
00008f91  __aeabi_memset4                      
00008f91  __aeabi_memset8                      
00008f9f  vListInitialiseItem                  
00008fad  I2C_Params_init                      
00008fb9  NSA2300_getTaskHandle                
00008fc5  PT100_getTaskHandle                  
00008fd1  __aeabi_memclr                       
00008fd1  __aeabi_memclr4                      
00008fd1  __aeabi_memclr8                      
00008fdd  memalign                             
00008fe9  realloc                              
00008ff5  uxTaskGetNumberOfTasks               
00009001  vTaskMissedYield                     
0000900d  ADC_convert                          
00009017  ADC_convertToMicroVolts              
00009021  DL_Common_delayCycles                
0000902b  GPIO_setConfig                       
00009035  __softfloat_float_raise              
0000903f  ADCMSPM0_init                        
00009061  SemaphoreP_destruct                  
00009069  __aeabi_memcpy                       
00009069  __aeabi_memcpy4                      
00009069  __aeabi_memcpy8                      
00009071  ulSetInterruptMask                   
00009079  ADCMSPM0_control                     
0000907f  ClockP_getSystemTickPeriod           
00009085  vClearInterruptMask                  
0000908b  abort                                
00009091  Reset_Handler                        
00009095  _system_pre_init                     
00009099  vApplicationStackOverflowHook        
000090a0  adcHWAttrs                           
000094a7  ADC_count                            
000094a8  I2CTargetMSPM0HWAttrs                
0000956b  GPIO_pinLowerBound                   
0000956c  I2CMSPM0HWAttrs                      
00009681  GPIO_pinUpperBound                   
00009682  I2CTarget_count                      
00009683  I2C_count                            
0000979c  ADCMSPM0_fxnTable                    
000098e0  GPIO_config                          
0000993c  ADC_config                           
00009948  I2CTarget_defaultParams              
00009960  ADC_defaultParams                    
00009968  I2CTarget_config                     
00009970  I2C_config                           
000099c0  __TI_Handler_Table_Base              
000099cc  __TI_Handler_Table_Limit             
000099dc  __TI_CINIT_Base                      
000099f4  __TI_CINIT_Limit                     
000099f4  __TI_CINIT_Warm                      
20200000  __start___llvm_prf_bits              
20200000  __start___llvm_prf_cnts              
20200000  __stop___llvm_prf_bits               
20200000  __stop___llvm_prf_cnts               
202014f8  I2CMSPM0Objects                      
202016e0  gpioCallbackFunctions                
202017d0  gpioUserArgs                         
20201988  _SEGGER_RTT                          
20201aa8  I2CTargetMSPM0Objects                
20201c90  rxBuffer                             
20201cd0  txBuffer                             
20201d10  pt100Cfg                             
20201dc4  cmd                                  
20201dd4  i2cParams                            
20201de4  nasCfg                               
20201df8  adcParams                            
20201e1c  adc                                  
20201e20  i2cHandle                            
20201e24  adcObjects                           
20201e27  protocolState                        
20201e28  gpioPinConfigs                       
2020206c  HwiP_swiPIntNum                      
20202070  _lock                                
20202074  g_latestForceSeq                     
20202078  g_latestForce_uV                     
2020207c  g_latestTempSeq                      
2020209c  pxCurrentTCB                         
202020fa  g_latestTemp_x10                     
20207e00  __stack                              
20208000  __STACK_END                          
ffffffff  __TI_pprof_out_hndl                  
ffffffff  __TI_prof_data_size                  
ffffffff  __TI_prof_data_start                 
ffffffff  __binit__                            
ffffffff  binit                                
UNDEFED   __mpu_init                           
UNDEFED   _system_post_cinit                   

[350 symbols]
