<?xml version="1.0" encoding="ISO-8859-1" ?>
<link_info>
   <banner>TI ARM Clang Linker PC v4.0.4.LTS</banner>
   <copyright>Copyright (c) 1996-2018 Texas Instruments Incorporated</copyright>
   <command_line>C:\ti\ccs2040\ccs\tools\compiler\ti-cgt-armllvm_4.0.4.LTS\bin\tiarmlnk -IC:\ti\ccs2040\ccs\tools\compiler\ti-cgt-armllvm_4.0.4.LTS\lib -o i2c_target_LP_MSPM0G3507_freertos_ticlang.out -mi2c_target_LP_MSPM0G3507_freertos_ticlang.map -iC:/Users/hugh-/workspace_ccstheia/freertos_builds_LP_MSPM0G3507_release_ticlang/Debug -iC:/ti/mspm0_sdk_2_09_00_01/source -iC:/Users/hugh-/workspace_ccstheia/i2c_target_LP_MSPM0G3507_freertos_ticlang -iC:/ti/ccs2040/ccs/tools/compiler/ti-cgt-armllvm_4.0.4.LTS/lib --diag_wrap=off --display_error_number --warn_sections --xml_link_info=i2c_target_LP_MSPM0G3507_freertos_ticlang_linkInfo.xml --rom_model ./hdd_i2c_utils.o ./i2ccontroller.o ./i2ctargetApp.o ./main_freertos.o ./nas2300.o ./pt100.o ./ti_drivers_config.o ./ti_msp_dl_config.o ./freertos/ticlang/startup_mspm0g350x_ticlang.o ./ti/display/Display.o ./ti/display/DisplayUart.o ./ti/segger/SEGGER_RTT.o ./ti/segger/SEGGER_RTT_ASM_ARMv7M.o ./ti/segger/SEGGER_RTT_printf.o ../mspm0g3507.cmd -lC:/ti/mspm0_sdk_2_09_00_01/source/ti/drivers/lib/ticlang/m0p/drivers_mspm0g1x0x_g3x0x.a -lfreertos_builds_LP_MSPM0G3507_release_ticlang.lib -lC:/ti/mspm0_sdk_2_09_00_01/source/ti/driverlib/lib/ticlang/m0p/mspm0g1x0x_g3x0x/driverlib.a -llibc.a --start-group -llibc++.a -llibc++abi.a -llibc.a -llibsys.a -llibsysbm.a -llibclang_rt.builtins.a -llibclang_rt.profile.a --end-group --cg_opt_level=2</command_line>
   <link_time>0x697dc242</link_time>
   <link_errors>0x0</link_errors>
   <output_file>C:\Users\hugh-\workspace_ccstheia\i2c_target_LP_MSPM0G3507_freertos_ticlang\Debug\i2c_target_LP_MSPM0G3507_freertos_ticlang.out</output_file>
   <entry_point>
      <name>_c_int00_noargs</name>
      <address>0x8a81</address>
   </entry_point>
   <input_file_list>
      <input_file id="fl-1">
         <path>C:\Users\hugh-\workspace_ccstheia\i2c_target_LP_MSPM0G3507_freertos_ticlang\Debug\.\</path>
         <kind>object</kind>
         <file>hdd_i2c_utils.o</file>
         <name>hdd_i2c_utils.o</name>
      </input_file>
      <input_file id="fl-2">
         <path>C:\Users\hugh-\workspace_ccstheia\i2c_target_LP_MSPM0G3507_freertos_ticlang\Debug\.\</path>
         <kind>object</kind>
         <file>i2ccontroller.o</file>
         <name>i2ccontroller.o</name>
      </input_file>
      <input_file id="fl-3">
         <path>C:\Users\hugh-\workspace_ccstheia\i2c_target_LP_MSPM0G3507_freertos_ticlang\Debug\.\</path>
         <kind>object</kind>
         <file>i2ctargetApp.o</file>
         <name>i2ctargetApp.o</name>
      </input_file>
      <input_file id="fl-4">
         <path>C:\Users\hugh-\workspace_ccstheia\i2c_target_LP_MSPM0G3507_freertos_ticlang\Debug\.\</path>
         <kind>object</kind>
         <file>main_freertos.o</file>
         <name>main_freertos.o</name>
      </input_file>
      <input_file id="fl-5">
         <path>C:\Users\hugh-\workspace_ccstheia\i2c_target_LP_MSPM0G3507_freertos_ticlang\Debug\.\</path>
         <kind>object</kind>
         <file>nas2300.o</file>
         <name>nas2300.o</name>
      </input_file>
      <input_file id="fl-6">
         <path>C:\Users\hugh-\workspace_ccstheia\i2c_target_LP_MSPM0G3507_freertos_ticlang\Debug\.\</path>
         <kind>object</kind>
         <file>pt100.o</file>
         <name>pt100.o</name>
      </input_file>
      <input_file id="fl-7">
         <path>C:\Users\hugh-\workspace_ccstheia\i2c_target_LP_MSPM0G3507_freertos_ticlang\Debug\.\</path>
         <kind>object</kind>
         <file>ti_drivers_config.o</file>
         <name>ti_drivers_config.o</name>
      </input_file>
      <input_file id="fl-8">
         <path>C:\Users\hugh-\workspace_ccstheia\i2c_target_LP_MSPM0G3507_freertos_ticlang\Debug\.\</path>
         <kind>object</kind>
         <file>ti_msp_dl_config.o</file>
         <name>ti_msp_dl_config.o</name>
      </input_file>
      <input_file id="fl-9">
         <path>C:\Users\hugh-\workspace_ccstheia\i2c_target_LP_MSPM0G3507_freertos_ticlang\Debug\.\freertos\ticlang\</path>
         <kind>object</kind>
         <file>startup_mspm0g350x_ticlang.o</file>
         <name>startup_mspm0g350x_ticlang.o</name>
      </input_file>
      <input_file id="fl-a">
         <path>C:\Users\hugh-\workspace_ccstheia\i2c_target_LP_MSPM0G3507_freertos_ticlang\Debug\.\ti\display\</path>
         <kind>object</kind>
         <file>Display.o</file>
         <name>Display.o</name>
      </input_file>
      <input_file id="fl-b">
         <path>C:\Users\hugh-\workspace_ccstheia\i2c_target_LP_MSPM0G3507_freertos_ticlang\Debug\.\ti\display\</path>
         <kind>object</kind>
         <file>DisplayUart.o</file>
         <name>DisplayUart.o</name>
      </input_file>
      <input_file id="fl-c">
         <path>C:\Users\hugh-\workspace_ccstheia\i2c_target_LP_MSPM0G3507_freertos_ticlang\Debug\.\ti\segger\</path>
         <kind>object</kind>
         <file>SEGGER_RTT.o</file>
         <name>SEGGER_RTT.o</name>
      </input_file>
      <input_file id="fl-d">
         <path>C:\Users\hugh-\workspace_ccstheia\i2c_target_LP_MSPM0G3507_freertos_ticlang\Debug\.\ti\segger\</path>
         <kind>object</kind>
         <file>SEGGER_RTT_ASM_ARMv7M.o</file>
         <name>SEGGER_RTT_ASM_ARMv7M.o</name>
      </input_file>
      <input_file id="fl-e">
         <path>C:\Users\hugh-\workspace_ccstheia\i2c_target_LP_MSPM0G3507_freertos_ticlang\Debug\.\ti\segger\</path>
         <kind>object</kind>
         <file>SEGGER_RTT_printf.o</file>
         <name>SEGGER_RTT_printf.o</name>
      </input_file>
      <input_file id="fl-1c">
         <path>C:\Users\hugh-\workspace_ccstheia\i2c_target_LP_MSPM0G3507_freertos_ticlang\Debug\</path>
         <kind>object</kind>
         <file>&lt;internal&gt;</file>
         <name>&lt;internal&gt;</name>
      </input_file>
      <input_file id="fl-1d">
         <path>C:\ti\mspm0_sdk_2_09_00_01\source\ti\drivers\lib\ticlang\m0p\</path>
         <kind>archive</kind>
         <file>drivers_mspm0g1x0x_g3x0x.a</file>
         <name>ADC.o</name>
      </input_file>
      <input_file id="fl-1e">
         <path>C:\ti\mspm0_sdk_2_09_00_01\source\ti\drivers\lib\ticlang\m0p\</path>
         <kind>archive</kind>
         <file>drivers_mspm0g1x0x_g3x0x.a</file>
         <name>I2C.o</name>
      </input_file>
      <input_file id="fl-1f">
         <path>C:\ti\mspm0_sdk_2_09_00_01\source\ti\drivers\lib\ticlang\m0p\</path>
         <kind>archive</kind>
         <file>drivers_mspm0g1x0x_g3x0x.a</file>
         <name>I2CTarget.o</name>
      </input_file>
      <input_file id="fl-20">
         <path>C:\ti\mspm0_sdk_2_09_00_01\source\ti\drivers\lib\ticlang\m0p\</path>
         <kind>archive</kind>
         <file>drivers_mspm0g1x0x_g3x0x.a</file>
         <name>UART.o</name>
      </input_file>
      <input_file id="fl-21">
         <path>C:\ti\mspm0_sdk_2_09_00_01\source\ti\drivers\lib\ticlang\m0p\</path>
         <kind>archive</kind>
         <file>drivers_mspm0g1x0x_g3x0x.a</file>
         <name>ADCMSPM0.o</name>
      </input_file>
      <input_file id="fl-22">
         <path>C:\ti\mspm0_sdk_2_09_00_01\source\ti\drivers\lib\ticlang\m0p\</path>
         <kind>archive</kind>
         <file>drivers_mspm0g1x0x_g3x0x.a</file>
         <name>GPIOMSPM0.o</name>
      </input_file>
      <input_file id="fl-23">
         <path>C:\ti\mspm0_sdk_2_09_00_01\source\ti\drivers\lib\ticlang\m0p\</path>
         <kind>archive</kind>
         <file>drivers_mspm0g1x0x_g3x0x.a</file>
         <name>I2CMSPM0.o</name>
      </input_file>
      <input_file id="fl-24">
         <path>C:\ti\mspm0_sdk_2_09_00_01\source\ti\drivers\lib\ticlang\m0p\</path>
         <kind>archive</kind>
         <file>drivers_mspm0g1x0x_g3x0x.a</file>
         <name>I2CTargetMSPM0.o</name>
      </input_file>
      <input_file id="fl-25">
         <path>C:\ti\mspm0_sdk_2_09_00_01\source\ti\drivers\lib\ticlang\m0p\</path>
         <kind>archive</kind>
         <file>drivers_mspm0g1x0x_g3x0x.a</file>
         <name>UARTMSPM0.o</name>
      </input_file>
      <input_file id="fl-26">
         <path>C:\ti\mspm0_sdk_2_09_00_01\source\ti\drivers\lib\ticlang\m0p\</path>
         <kind>archive</kind>
         <file>drivers_mspm0g1x0x_g3x0x.a</file>
         <name>DMAMSPM0.o</name>
      </input_file>
      <input_file id="fl-27">
         <path>C:\ti\mspm0_sdk_2_09_00_01\source\ti\drivers\lib\ticlang\m0p\</path>
         <kind>archive</kind>
         <file>drivers_mspm0g1x0x_g3x0x.a</file>
         <name>RingBuf.o</name>
      </input_file>
      <input_file id="fl-28">
         <path>C:\ti\mspm0_sdk_2_09_00_01\source\ti\drivers\lib\ticlang\m0p\</path>
         <kind>archive</kind>
         <file>drivers_mspm0g1x0x_g3x0x.a</file>
         <name>GPIO.o</name>
      </input_file>
      <input_file id="fl-29">
         <path>C:\Users\hugh-\workspace_ccstheia\freertos_builds_LP_MSPM0G3507_release_ticlang\Debug\</path>
         <kind>archive</kind>
         <file>freertos_builds_LP_MSPM0G3507_release_ticlang.lib</file>
         <name>HwiPMSPM0_freertos.o</name>
      </input_file>
      <input_file id="fl-2a">
         <path>C:\Users\hugh-\workspace_ccstheia\freertos_builds_LP_MSPM0G3507_release_ticlang\Debug\</path>
         <kind>archive</kind>
         <file>freertos_builds_LP_MSPM0G3507_release_ticlang.lib</file>
         <name>SemaphoreP_freertos.o</name>
      </input_file>
      <input_file id="fl-2b">
         <path>C:\Users\hugh-\workspace_ccstheia\freertos_builds_LP_MSPM0G3507_release_ticlang\Debug\</path>
         <kind>archive</kind>
         <file>freertos_builds_LP_MSPM0G3507_release_ticlang.lib</file>
         <name>SystemP_freertos.o</name>
      </input_file>
      <input_file id="fl-2c">
         <path>C:\Users\hugh-\workspace_ccstheia\freertos_builds_LP_MSPM0G3507_release_ticlang\Debug\</path>
         <kind>archive</kind>
         <file>freertos_builds_LP_MSPM0G3507_release_ticlang.lib</file>
         <name>queue.o</name>
      </input_file>
      <input_file id="fl-2d">
         <path>C:\Users\hugh-\workspace_ccstheia\freertos_builds_LP_MSPM0G3507_release_ticlang\Debug\</path>
         <kind>archive</kind>
         <file>freertos_builds_LP_MSPM0G3507_release_ticlang.lib</file>
         <name>tasks.o</name>
      </input_file>
      <input_file id="fl-2e">
         <path>C:\Users\hugh-\workspace_ccstheia\freertos_builds_LP_MSPM0G3507_release_ticlang\Debug\</path>
         <kind>archive</kind>
         <file>freertos_builds_LP_MSPM0G3507_release_ticlang.lib</file>
         <name>timers.o</name>
      </input_file>
      <input_file id="fl-2f">
         <path>C:\Users\hugh-\workspace_ccstheia\freertos_builds_LP_MSPM0G3507_release_ticlang\Debug\</path>
         <kind>archive</kind>
         <file>freertos_builds_LP_MSPM0G3507_release_ticlang.lib</file>
         <name>port.o</name>
      </input_file>
      <input_file id="fl-30">
         <path>C:\Users\hugh-\workspace_ccstheia\freertos_builds_LP_MSPM0G3507_release_ticlang\Debug\</path>
         <kind>archive</kind>
         <file>freertos_builds_LP_MSPM0G3507_release_ticlang.lib</file>
         <name>portasm.o</name>
      </input_file>
      <input_file id="fl-31">
         <path>C:\Users\hugh-\workspace_ccstheia\freertos_builds_LP_MSPM0G3507_release_ticlang\Debug\</path>
         <kind>archive</kind>
         <file>freertos_builds_LP_MSPM0G3507_release_ticlang.lib</file>
         <name>PTLS.o</name>
      </input_file>
      <input_file id="fl-32">
         <path>C:\Users\hugh-\workspace_ccstheia\freertos_builds_LP_MSPM0G3507_release_ticlang\Debug\</path>
         <kind>archive</kind>
         <file>freertos_builds_LP_MSPM0G3507_release_ticlang.lib</file>
         <name>memory.o</name>
      </input_file>
      <input_file id="fl-33">
         <path>C:\Users\hugh-\workspace_ccstheia\freertos_builds_LP_MSPM0G3507_release_ticlang\Debug\</path>
         <kind>archive</kind>
         <file>freertos_builds_LP_MSPM0G3507_release_ticlang.lib</file>
         <name>pthread.o</name>
      </input_file>
      <input_file id="fl-34">
         <path>C:\Users\hugh-\workspace_ccstheia\freertos_builds_LP_MSPM0G3507_release_ticlang\Debug\</path>
         <kind>archive</kind>
         <file>freertos_builds_LP_MSPM0G3507_release_ticlang.lib</file>
         <name>sleep.o</name>
      </input_file>
      <input_file id="fl-35">
         <path>C:\Users\hugh-\workspace_ccstheia\freertos_builds_LP_MSPM0G3507_release_ticlang\Debug\</path>
         <kind>archive</kind>
         <file>freertos_builds_LP_MSPM0G3507_release_ticlang.lib</file>
         <name>ClockP_freertos.o</name>
      </input_file>
      <input_file id="fl-36">
         <path>C:\Users\hugh-\workspace_ccstheia\freertos_builds_LP_MSPM0G3507_release_ticlang\Debug\</path>
         <kind>archive</kind>
         <file>freertos_builds_LP_MSPM0G3507_release_ticlang.lib</file>
         <name>StaticAllocs_freertos.o</name>
      </input_file>
      <input_file id="fl-37">
         <path>C:\Users\hugh-\workspace_ccstheia\freertos_builds_LP_MSPM0G3507_release_ticlang\Debug\</path>
         <kind>archive</kind>
         <file>freertos_builds_LP_MSPM0G3507_release_ticlang.lib</file>
         <name>heap_4.o</name>
      </input_file>
      <input_file id="fl-38">
         <path>C:\Users\hugh-\workspace_ccstheia\freertos_builds_LP_MSPM0G3507_release_ticlang\Debug\</path>
         <kind>archive</kind>
         <file>freertos_builds_LP_MSPM0G3507_release_ticlang.lib</file>
         <name>list.o</name>
      </input_file>
      <input_file id="fl-39">
         <path>C:\Users\hugh-\workspace_ccstheia\freertos_builds_LP_MSPM0G3507_release_ticlang\Debug\</path>
         <kind>archive</kind>
         <file>freertos_builds_LP_MSPM0G3507_release_ticlang.lib</file>
         <name>aeabi_portable.o</name>
      </input_file>
      <input_file id="fl-3a">
         <path>C:\ti\mspm0_sdk_2_09_00_01\source\ti\driverlib\lib\ticlang\m0p\mspm0g1x0x_g3x0x\</path>
         <kind>archive</kind>
         <file>driverlib.a</file>
         <name>dl_adc12.o</name>
      </input_file>
      <input_file id="fl-3b">
         <path>C:\ti\mspm0_sdk_2_09_00_01\source\ti\driverlib\lib\ticlang\m0p\mspm0g1x0x_g3x0x\</path>
         <kind>archive</kind>
         <file>driverlib.a</file>
         <name>dl_common.o</name>
      </input_file>
      <input_file id="fl-3c">
         <path>C:\ti\mspm0_sdk_2_09_00_01\source\ti\driverlib\lib\ticlang\m0p\mspm0g1x0x_g3x0x\</path>
         <kind>archive</kind>
         <file>driverlib.a</file>
         <name>dl_dma.o</name>
      </input_file>
      <input_file id="fl-3d">
         <path>C:\ti\mspm0_sdk_2_09_00_01\source\ti\driverlib\lib\ticlang\m0p\mspm0g1x0x_g3x0x\</path>
         <kind>archive</kind>
         <file>driverlib.a</file>
         <name>dl_i2c.o</name>
      </input_file>
      <input_file id="fl-3e">
         <path>C:\ti\mspm0_sdk_2_09_00_01\source\ti\driverlib\lib\ticlang\m0p\mspm0g1x0x_g3x0x\</path>
         <kind>archive</kind>
         <file>driverlib.a</file>
         <name>dl_uart.o</name>
      </input_file>
      <input_file id="fl-3f">
         <path>C:\ti\mspm0_sdk_2_09_00_01\source\ti\driverlib\lib\ticlang\m0p\mspm0g1x0x_g3x0x\</path>
         <kind>archive</kind>
         <file>driverlib.a</file>
         <name>dl_interrupt.o</name>
      </input_file>
      <input_file id="fl-40">
         <path>C:\ti\mspm0_sdk_2_09_00_01\source\ti\driverlib\lib\ticlang\m0p\mspm0g1x0x_g3x0x\</path>
         <kind>archive</kind>
         <file>driverlib.a</file>
         <name>dl_sysctl_mspm0g1x0x_g3x0x.o</name>
      </input_file>
      <input_file id="fl-57">
         <path>C:\ti\ccs2040\ccs\tools\compiler\ti-cgt-armllvm_4.0.4.LTS\lib\armv6m-ti-none-eabi\c\</path>
         <kind>archive</kind>
         <file>libc.a</file>
         <name>e_sqrt.c.obj</name>
      </input_file>
      <input_file id="fl-58">
         <path>C:\ti\ccs2040\ccs\tools\compiler\ti-cgt-armllvm_4.0.4.LTS\lib\armv6m-ti-none-eabi\c\</path>
         <kind>archive</kind>
         <file>libc.a</file>
         <name>s_lround.c.obj</name>
      </input_file>
      <input_file id="fl-59">
         <path>C:\ti\ccs2040\ccs\tools\compiler\ti-cgt-armllvm_4.0.4.LTS\lib\armv6m-ti-none-eabi\c\</path>
         <kind>archive</kind>
         <file>libc.a</file>
         <name>strlen.c.obj</name>
      </input_file>
      <input_file id="fl-5a">
         <path>C:\ti\ccs2040\ccs\tools\compiler\ti-cgt-armllvm_4.0.4.LTS\lib\armv6m-ti-none-eabi\c\</path>
         <kind>archive</kind>
         <file>libc.a</file>
         <name>boot_cortex_m.c.obj</name>
      </input_file>
      <input_file id="fl-5b">
         <path>C:\ti\ccs2040\ccs\tools\compiler\ti-cgt-armllvm_4.0.4.LTS\lib\armv6m-ti-none-eabi\c\</path>
         <kind>archive</kind>
         <file>libc.a</file>
         <name>mathacl_init.c.obj</name>
      </input_file>
      <input_file id="fl-5c">
         <path>C:\ti\ccs2040\ccs\tools\compiler\ti-cgt-armllvm_4.0.4.LTS\lib\armv6m-ti-none-eabi\c\</path>
         <kind>archive</kind>
         <file>libc.a</file>
         <name>autoinit.c.obj</name>
      </input_file>
      <input_file id="fl-5d">
         <path>C:\ti\ccs2040\ccs\tools\compiler\ti-cgt-armllvm_4.0.4.LTS\lib\armv6m-ti-none-eabi\c\</path>
         <kind>archive</kind>
         <file>libc.a</file>
         <name>pre_init.c.obj</name>
      </input_file>
      <input_file id="fl-5e">
         <path>C:\ti\ccs2040\ccs\tools\compiler\ti-cgt-armllvm_4.0.4.LTS\lib\armv6m-ti-none-eabi\c\</path>
         <kind>archive</kind>
         <file>libc.a</file>
         <name>cpy_tbl.c.obj</name>
      </input_file>
      <input_file id="fl-5f">
         <path>C:\ti\ccs2040\ccs\tools\compiler\ti-cgt-armllvm_4.0.4.LTS\lib\armv6m-ti-none-eabi\c\</path>
         <kind>archive</kind>
         <file>libc.a</file>
         <name>copy_zero_init.c.obj</name>
      </input_file>
      <input_file id="fl-60">
         <path>C:\ti\ccs2040\ccs\tools\compiler\ti-cgt-armllvm_4.0.4.LTS\lib\armv6m-ti-none-eabi\c\</path>
         <kind>archive</kind>
         <file>libc.a</file>
         <name>copy_decompress_none.c.obj</name>
      </input_file>
      <input_file id="fl-61">
         <path>C:\ti\ccs2040\ccs\tools\compiler\ti-cgt-armllvm_4.0.4.LTS\lib\armv6m-ti-none-eabi\c\</path>
         <kind>archive</kind>
         <file>libc.a</file>
         <name>copy_decompress_lzss.c.obj</name>
      </input_file>
      <input_file id="fl-62">
         <path>C:\ti\ccs2040\ccs\tools\compiler\ti-cgt-armllvm_4.0.4.LTS\lib\armv6m-ti-none-eabi\c\</path>
         <kind>archive</kind>
         <file>libc.a</file>
         <name>ti_fenv.c.obj</name>
      </input_file>
      <input_file id="fl-63">
         <path>C:\ti\ccs2040\ccs\tools\compiler\ti-cgt-armllvm_4.0.4.LTS\lib\armv6m-ti-none-eabi\c\</path>
         <kind>archive</kind>
         <file>libc.a</file>
         <name>s_round.c.obj</name>
      </input_file>
      <input_file id="fl-64">
         <path>C:\ti\ccs2040\ccs\tools\compiler\ti-cgt-armllvm_4.0.4.LTS\lib\armv6m-ti-none-eabi\c\</path>
         <kind>archive</kind>
         <file>libc.a</file>
         <name>exit.c.obj</name>
      </input_file>
      <input_file id="fl-65">
         <path>C:\ti\ccs2040\ccs\tools\compiler\ti-cgt-armllvm_4.0.4.LTS\lib\armv6m-ti-none-eabi\c\</path>
         <kind>archive</kind>
         <file>libc.a</file>
         <name>_lock.c.obj</name>
      </input_file>
      <input_file id="fl-66">
         <path>C:\ti\ccs2040\ccs\tools\compiler\ti-cgt-armllvm_4.0.4.LTS\lib\armv6m-ti-none-eabi\c\</path>
         <kind>archive</kind>
         <file>libc.a</file>
         <name>args_main.c.obj</name>
      </input_file>
      <input_file id="fl-67">
         <path>C:\ti\ccs2040\ccs\tools\compiler\ti-cgt-armllvm_4.0.4.LTS\lib\armv6m-ti-none-eabi\c\</path>
         <kind>archive</kind>
         <file>libc.a</file>
         <name>signal.c.obj</name>
      </input_file>
      <input_file id="fl-68">
         <path>C:\ti\ccs2040\ccs\tools\compiler\ti-cgt-armllvm_4.0.4.LTS\lib\armv6m-ti-none-eabi\c\</path>
         <kind>archive</kind>
         <file>libc.a</file>
         <name>s_floor.c.obj</name>
      </input_file>
      <input_file id="fl-108">
         <path>C:\ti\ccs2040\ccs\tools\compiler\ti-cgt-armllvm_4.0.4.LTS\lib\armv6m-ti-none-eabi\c\</path>
         <kind>archive</kind>
         <file>libsysbm.a</file>
         <name>hostexit.c.obj</name>
      </input_file>
      <input_file id="fl-109">
         <path>C:\ti\ccs2040\ccs\tools\compiler\ti-cgt-armllvm_4.0.4.LTS\lib\armv6m-ti-none-eabi\</path>
         <kind>archive</kind>
         <file>libclang_rt.builtins.a</file>
         <name>adddf3.S.obj</name>
      </input_file>
      <input_file id="fl-10a">
         <path>C:\ti\ccs2040\ccs\tools\compiler\ti-cgt-armllvm_4.0.4.LTS\lib\armv6m-ti-none-eabi\</path>
         <kind>archive</kind>
         <file>libclang_rt.builtins.a</file>
         <name>muldf3.S.obj</name>
      </input_file>
      <input_file id="fl-10b">
         <path>C:\ti\ccs2040\ccs\tools\compiler\ti-cgt-armllvm_4.0.4.LTS\lib\armv6m-ti-none-eabi\</path>
         <kind>archive</kind>
         <file>libclang_rt.builtins.a</file>
         <name>muldsi3.S.obj</name>
      </input_file>
      <input_file id="fl-10c">
         <path>C:\ti\ccs2040\ccs\tools\compiler\ti-cgt-armllvm_4.0.4.LTS\lib\armv6m-ti-none-eabi\</path>
         <kind>archive</kind>
         <file>libclang_rt.builtins.a</file>
         <name>divdf3.S.obj</name>
      </input_file>
      <input_file id="fl-10d">
         <path>C:\ti\ccs2040\ccs\tools\compiler\ti-cgt-armllvm_4.0.4.LTS\lib\armv6m-ti-none-eabi\</path>
         <kind>archive</kind>
         <file>libclang_rt.builtins.a</file>
         <name>fixdfsi.S.obj</name>
      </input_file>
      <input_file id="fl-10e">
         <path>C:\ti\ccs2040\ccs\tools\compiler\ti-cgt-armllvm_4.0.4.LTS\lib\armv6m-ti-none-eabi\</path>
         <kind>archive</kind>
         <file>libclang_rt.builtins.a</file>
         <name>fixunsdfsi.S.obj</name>
      </input_file>
      <input_file id="fl-10f">
         <path>C:\ti\ccs2040\ccs\tools\compiler\ti-cgt-armllvm_4.0.4.LTS\lib\armv6m-ti-none-eabi\</path>
         <kind>archive</kind>
         <file>libclang_rt.builtins.a</file>
         <name>floatsidf.S.obj</name>
      </input_file>
      <input_file id="fl-110">
         <path>C:\ti\ccs2040\ccs\tools\compiler\ti-cgt-armllvm_4.0.4.LTS\lib\armv6m-ti-none-eabi\</path>
         <kind>archive</kind>
         <file>libclang_rt.builtins.a</file>
         <name>floatunsidf.S.obj</name>
      </input_file>
      <input_file id="fl-111">
         <path>C:\ti\ccs2040\ccs\tools\compiler\ti-cgt-armllvm_4.0.4.LTS\lib\armv6m-ti-none-eabi\</path>
         <kind>archive</kind>
         <file>libclang_rt.builtins.a</file>
         <name>muldi3.S.obj</name>
      </input_file>
      <input_file id="fl-112">
         <path>C:\ti\ccs2040\ccs\tools\compiler\ti-cgt-armllvm_4.0.4.LTS\lib\armv6m-ti-none-eabi\</path>
         <kind>archive</kind>
         <file>libclang_rt.builtins.a</file>
         <name>clzsi2.c.obj</name>
      </input_file>
      <input_file id="fl-113">
         <path>C:\ti\ccs2040\ccs\tools\compiler\ti-cgt-armllvm_4.0.4.LTS\lib\armv6m-ti-none-eabi\</path>
         <kind>archive</kind>
         <file>libclang_rt.builtins.a</file>
         <name>aeabi_dcmp.S.obj</name>
      </input_file>
      <input_file id="fl-114">
         <path>C:\ti\ccs2040\ccs\tools\compiler\ti-cgt-armllvm_4.0.4.LTS\lib\armv6m-ti-none-eabi\</path>
         <kind>archive</kind>
         <file>libclang_rt.builtins.a</file>
         <name>aeabi_idivmod.S.obj</name>
      </input_file>
      <input_file id="fl-115">
         <path>C:\ti\ccs2040\ccs\tools\compiler\ti-cgt-armllvm_4.0.4.LTS\lib\armv6m-ti-none-eabi\</path>
         <kind>archive</kind>
         <file>libclang_rt.builtins.a</file>
         <name>aeabi_ldivmod.S.obj</name>
      </input_file>
      <input_file id="fl-116">
         <path>C:\ti\ccs2040\ccs\tools\compiler\ti-cgt-armllvm_4.0.4.LTS\lib\armv6m-ti-none-eabi\</path>
         <kind>archive</kind>
         <file>libclang_rt.builtins.a</file>
         <name>aeabi_memcpy.S.obj</name>
      </input_file>
      <input_file id="fl-117">
         <path>C:\ti\ccs2040\ccs\tools\compiler\ti-cgt-armllvm_4.0.4.LTS\lib\armv6m-ti-none-eabi\</path>
         <kind>archive</kind>
         <file>libclang_rt.builtins.a</file>
         <name>aeabi_memset.S.obj</name>
      </input_file>
      <input_file id="fl-118">
         <path>C:\ti\ccs2040\ccs\tools\compiler\ti-cgt-armllvm_4.0.4.LTS\lib\armv6m-ti-none-eabi\</path>
         <kind>archive</kind>
         <file>libclang_rt.builtins.a</file>
         <name>aeabi_uidivmod.S.obj</name>
      </input_file>
      <input_file id="fl-119">
         <path>C:\ti\ccs2040\ccs\tools\compiler\ti-cgt-armllvm_4.0.4.LTS\lib\armv6m-ti-none-eabi\</path>
         <kind>archive</kind>
         <file>libclang_rt.builtins.a</file>
         <name>aeabi_uldivmod.S.obj</name>
      </input_file>
      <input_file id="fl-11a">
         <path>C:\ti\ccs2040\ccs\tools\compiler\ti-cgt-armllvm_4.0.4.LTS\lib\armv6m-ti-none-eabi\</path>
         <kind>archive</kind>
         <file>libclang_rt.builtins.a</file>
         <name>udivmoddi4.S.obj</name>
      </input_file>
      <input_file id="fl-11b">
         <path>C:\ti\ccs2040\ccs\tools\compiler\ti-cgt-armllvm_4.0.4.LTS\lib\armv6m-ti-none-eabi\</path>
         <kind>archive</kind>
         <file>libclang_rt.builtins.a</file>
         <name>ashldi3.S.obj</name>
      </input_file>
      <input_file id="fl-11c">
         <path>C:\ti\ccs2040\ccs\tools\compiler\ti-cgt-armllvm_4.0.4.LTS\lib\armv6m-ti-none-eabi\</path>
         <kind>archive</kind>
         <file>libclang_rt.builtins.a</file>
         <name>comparedf2.c.obj</name>
      </input_file>
      <input_file id="fl-11d">
         <path>C:\ti\ccs2040\ccs\tools\compiler\ti-cgt-armllvm_4.0.4.LTS\lib\armv6m-ti-none-eabi\</path>
         <kind>archive</kind>
         <file>libclang_rt.builtins.a</file>
         <name>divmoddi4.c.obj</name>
      </input_file>
      <input_file id="fl-11e">
         <path>C:\ti\ccs2040\ccs\tools\compiler\ti-cgt-armllvm_4.0.4.LTS\lib\armv6m-ti-none-eabi\</path>
         <kind>archive</kind>
         <file>libclang_rt.builtins.a</file>
         <name>aeabi_div0.c.obj</name>
      </input_file>
      <input_file id="fl-11f">
         <path>C:\ti\ccs2040\ccs\tools\compiler\ti-cgt-armllvm_4.0.4.LTS\lib\armv6m-ti-none-eabi\c\</path>
         <kind>archive</kind>
         <file>libc.a</file>
         <name>memcpy16.S.obj</name>
      </input_file>
      <input_file id="fl-120">
         <path>C:\ti\ccs2040\ccs\tools\compiler\ti-cgt-armllvm_4.0.4.LTS\lib\armv6m-ti-none-eabi\c\</path>
         <kind>archive</kind>
         <file>libc.a</file>
         <name>memset16.S.obj</name>
      </input_file>
   </input_file_list>
   <object_component_list>
      <object_component id="oc-18">
         <name>.intvecs</name>
         <load_address>0x0</load_address>
         <readonly>true</readonly>
         <run_address>0x0</run_address>
         <size>0xc0</size>
         <alignment>0x4</alignment>
         <input_file_ref idref="fl-9"/>
      </object_component>
      <object_component id="oc-128">
         <name>.text.i2cControllerThread</name>
         <load_address>0xc0</load_address>
         <readonly>true</readonly>
         <executable>true</executable>
         <run_address>0xc0</run_address>
         <size>0x6d0</size>
         <alignment>0x4</alignment>
         <input_file_ref idref="fl-2"/>
      </object_component>
      <object_component id="oc-1a0">
         <name>.text.PT100_convert_adc_uV_to_temp_x10</name>
         <load_address>0x790</load_address>
         <readonly>true</readonly>
         <executable>true</executable>
         <run_address>0x790</run_address>
         <size>0x584</size>
         <alignment>0x4</alignment>
         <input_file_ref idref="fl-6"/>
      </object_component>
      <object_component id="oc-183">
         <name>.text.SEGGER_RTT_vprintf</name>
         <load_address>0xd14</load_address>
         <readonly>true</readonly>
         <executable>true</executable>
         <run_address>0xd14</run_address>
         <size>0x494</size>
         <alignment>0x4</alignment>
         <input_file_ref idref="fl-e"/>
      </object_component>
      <object_component id="oc-66">
         <name>.text.pvPortMalloc</name>
         <load_address>0x11a8</load_address>
         <readonly>true</readonly>
         <executable>true</executable>
         <run_address>0x11a8</run_address>
         <size>0x294</size>
         <alignment>0x4</alignment>
         <input_file_ref idref="fl-37"/>
      </object_component>
      <object_component id="oc-2c9">
         <name>.text.cmdHandler</name>
         <load_address>0x143c</load_address>
         <readonly>true</readonly>
         <executable>true</executable>
         <run_address>0x143c</run_address>
         <size>0x26c</size>
         <alignment>0x4</alignment>
         <input_file_ref idref="fl-3"/>
      </object_component>
      <object_component id="oc-16b">
         <name>.text.GPIO_setConfigAndMux</name>
         <load_address>0x16a8</load_address>
         <readonly>true</readonly>
         <executable>true</executable>
         <run_address>0x16a8</run_address>
         <size>0x224</size>
         <alignment>0x4</alignment>
         <input_file_ref idref="fl-22"/>
      </object_component>
      <object_component id="oc-254">
         <name>.text._PrintUnsigned</name>
         <load_address>0x18cc</load_address>
         <readonly>true</readonly>
         <executable>true</executable>
         <run_address>0x18cc</run_address>
         <size>0x220</size>
         <alignment>0x4</alignment>
         <input_file_ref idref="fl-e"/>
      </object_component>
      <object_component id="oc-9b">
         <name>.text.xTaskIncrementTick</name>
         <load_address>0x1aec</load_address>
         <readonly>true</readonly>
         <executable>true</executable>
         <run_address>0x1aec</run_address>
         <size>0x210</size>
         <alignment>0x4</alignment>
         <input_file_ref idref="fl-2d"/>
      </object_component>
      <object_component id="oc-ac">
         <name>.text.xTaskResumeAll</name>
         <load_address>0x1cfc</load_address>
         <readonly>true</readonly>
         <executable>true</executable>
         <run_address>0x1cfc</run_address>
         <size>0x1f8</size>
         <alignment>0x4</alignment>
         <input_file_ref idref="fl-2d"/>
      </object_component>
      <object_component id="oc-1ae">
         <name>.text.I2C_open</name>
         <load_address>0x1ef4</load_address>
         <readonly>true</readonly>
         <executable>true</executable>
         <run_address>0x1ef4</run_address>
         <size>0x1f4</size>
         <alignment>0x4</alignment>
         <input_file_ref idref="fl-23"/>
      </object_component>
      <object_component id="oc-304">
         <name>.text.ADCMSPM0_convertChain</name>
         <load_address>0x20e8</load_address>
         <readonly>true</readonly>
         <executable>true</executable>
         <run_address>0x20e8</run_address>
         <size>0x1ec</size>
         <alignment>0x4</alignment>
         <input_file_ref idref="fl-21"/>
      </object_component>
      <object_component id="oc-134">
         <name>.text.i2cDetectThread</name>
         <load_address>0x22d4</load_address>
         <readonly>true</readonly>
         <executable>true</executable>
         <run_address>0x22d4</run_address>
         <size>0x1e4</size>
         <alignment>0x4</alignment>
         <input_file_ref idref="fl-3"/>
      </object_component>
      <object_component id="oc-240">
         <name>.text.xQueueSemaphoreTake</name>
         <load_address>0x24b8</load_address>
         <readonly>true</readonly>
         <executable>true</executable>
         <run_address>0x24b8</run_address>
         <size>0x1de</size>
         <alignment>0x2</alignment>
         <input_file_ref idref="fl-2c"/>
      </object_component>
      <object_component id="oc-48">
         <name>.text.Default_Handler</name>
         <load_address>0x2696</load_address>
         <readonly>true</readonly>
         <executable>true</executable>
         <run_address>0x2696</run_address>
         <size>0x2</size>
         <alignment>0x2</alignment>
         <input_file_ref idref="fl-9"/>
      </object_component>
      <object_component id="oc-29c">
         <name>.text.I2CMSPM0_hwiFxn</name>
         <load_address>0x2698</load_address>
         <readonly>true</readonly>
         <executable>true</executable>
         <run_address>0x2698</run_address>
         <size>0x1dc</size>
         <alignment>0x4</alignment>
         <input_file_ref idref="fl-23"/>
      </object_component>
      <object_component id="oc-230">
         <name>.text.xQueueGenericSend</name>
         <load_address>0x2874</load_address>
         <readonly>true</readonly>
         <executable>true</executable>
         <run_address>0x2874</run_address>
         <size>0x1d2</size>
         <alignment>0x2</alignment>
         <input_file_ref idref="fl-2c"/>
      </object_component>
      <object_component id="oc-36d">
         <name>.text.I2CSupport_powerRelConstraint</name>
         <load_address>0x2a46</load_address>
         <readonly>true</readonly>
         <executable>true</executable>
         <run_address>0x2a46</run_address>
         <size>0x2</size>
         <alignment>0x2</alignment>
         <input_file_ref idref="fl-23"/>
      </object_component>
      <object_component id="oc-37b">
         <name>.text.vTaskGenericNotifyGiveFromISR</name>
         <load_address>0x2a48</load_address>
         <readonly>true</readonly>
         <executable>true</executable>
         <run_address>0x2a48</run_address>
         <size>0x1b0</size>
         <alignment>0x4</alignment>
         <input_file_ref idref="fl-2d"/>
      </object_component>
      <object_component id="oc-3a7">
         <name>.text.xQueueReceive</name>
         <load_address>0x2bf8</load_address>
         <readonly>true</readonly>
         <executable>true</executable>
         <run_address>0x2bf8</run_address>
         <size>0x1a4</size>
         <alignment>0x2</alignment>
         <input_file_ref idref="fl-2c"/>
      </object_component>
      <object_component id="oc-31d">
         <name>.text.vPortSuppressTicksAndSleep</name>
         <load_address>0x2d9c</load_address>
         <readonly>true</readonly>
         <executable>true</executable>
         <run_address>0x2d9c</run_address>
         <size>0x1a0</size>
         <alignment>0x4</alignment>
         <input_file_ref idref="fl-2f"/>
      </object_component>
      <object_component id="oc-307">
         <name>.text.ADCMSPM0_open</name>
         <load_address>0x2f3c</load_address>
         <readonly>true</readonly>
         <executable>true</executable>
         <run_address>0x2f3c</run_address>
         <size>0x198</size>
         <alignment>0x4</alignment>
         <input_file_ref idref="fl-21"/>
      </object_component>
      <object_component id="oc-27f">
         <name>.text.adddf3_subdf3</name>
         <load_address>0x30d4</load_address>
         <readonly>true</readonly>
         <executable>true</executable>
         <run_address>0x30d4</run_address>
         <size>0x192</size>
         <alignment>0x4</alignment>
         <input_file_ref idref="fl-109"/>
      </object_component>
      <object_component id="oc-369">
         <name>.text.I2CSupport_powerSetConstraint</name>
         <load_address>0x3266</load_address>
         <readonly>true</readonly>
         <executable>true</executable>
         <run_address>0x3266</run_address>
         <size>0x2</size>
         <alignment>0x2</alignment>
         <input_file_ref idref="fl-23"/>
      </object_component>
      <object_component id="oc-2e5">
         <name>.text.xTaskRemoveFromEventList</name>
         <load_address>0x3268</load_address>
         <readonly>true</readonly>
         <executable>true</executable>
         <run_address>0x3268</run_address>
         <size>0x190</size>
         <alignment>0x4</alignment>
         <input_file_ref idref="fl-2d"/>
      </object_component>
      <object_component id="oc-287">
         <name>.text.sqrt</name>
         <load_address>0x33f8</load_address>
         <readonly>true</readonly>
         <executable>true</executable>
         <run_address>0x33f8</run_address>
         <size>0x170</size>
         <alignment>0x4</alignment>
         <input_file_ref idref="fl-57"/>
      </object_component>
      <object_component id="oc-100">
         <name>.text.GPIO_init</name>
         <load_address>0x3568</load_address>
         <readonly>true</readonly>
         <executable>true</executable>
         <run_address>0x3568</run_address>
         <size>0x164</size>
         <alignment>0x4</alignment>
         <input_file_ref idref="fl-22"/>
      </object_component>
      <object_component id="oc-30b">
         <name>.text.SEGGER_RTT_WriteNoLock</name>
         <load_address>0x36cc</load_address>
         <readonly>true</readonly>
         <executable>true</executable>
         <run_address>0x36cc</run_address>
         <size>0x164</size>
         <alignment>0x4</alignment>
         <input_file_ref idref="fl-c"/>
      </object_component>
      <object_component id="oc-32e">
         <name>.text.prvProcessReceivedCommands</name>
         <load_address>0x3830</load_address>
         <readonly>true</readonly>
         <executable>true</executable>
         <run_address>0x3830</run_address>
         <size>0x15c</size>
         <alignment>0x4</alignment>
         <input_file_ref idref="fl-2e"/>
      </object_component>
      <object_component id="oc-11f">
         <name>.text.pthread_create</name>
         <load_address>0x398c</load_address>
         <readonly>true</readonly>
         <executable>true</executable>
         <run_address>0x398c</run_address>
         <size>0x14c</size>
         <alignment>0x4</alignment>
         <input_file_ref idref="fl-33"/>
      </object_component>
      <object_component id="oc-3ac">
         <name>.text.floor</name>
         <load_address>0x3ad8</load_address>
         <readonly>true</readonly>
         <executable>true</executable>
         <run_address>0x3ad8</run_address>
         <size>0x144</size>
         <alignment>0x4</alignment>
         <input_file_ref idref="fl-68"/>
      </object_component>
      <object_component id="oc-2f8">
         <name>.text.vTaskPriorityDisinheritAfterTimeout</name>
         <load_address>0x3c1c</load_address>
         <readonly>true</readonly>
         <executable>true</executable>
         <run_address>0x3c1c</run_address>
         <size>0x144</size>
         <alignment>0x4</alignment>
         <input_file_ref idref="fl-2d"/>
      </object_component>
      <object_component id="oc-1c1">
         <name>.text.NAS2300_init</name>
         <load_address>0x3d60</load_address>
         <readonly>true</readonly>
         <executable>true</executable>
         <run_address>0x3d60</run_address>
         <size>0x12e</size>
         <alignment>0x2</alignment>
         <input_file_ref idref="fl-5"/>
      </object_component>
      <object_component id="oc-2a0">
         <name>.text.I2C_transferTimeout</name>
         <load_address>0x3e8e</load_address>
         <readonly>true</readonly>
         <executable>true</executable>
         <run_address>0x3e8e</run_address>
         <size>0x12c</size>
         <alignment>0x2</alignment>
         <input_file_ref idref="fl-1e"/>
      </object_component>
      <object_component id="oc-106">
         <name>.text.I2C_init</name>
         <load_address>0x3fba</load_address>
         <readonly>true</readonly>
         <executable>true</executable>
         <run_address>0x3fba</run_address>
         <size>0x2</size>
         <alignment>0x2</alignment>
         <input_file_ref idref="fl-1e"/>
      </object_component>
      <object_component id="oc-25b">
         <name>.text.prvAddNewTaskToReadyList</name>
         <load_address>0x3fbc</load_address>
         <readonly>true</readonly>
         <executable>true</executable>
         <run_address>0x3fbc</run_address>
         <size>0x128</size>
         <alignment>0x4</alignment>
         <input_file_ref idref="fl-2d"/>
      </object_component>
      <object_component id="oc-2f6">
         <name>.text.xTaskPriorityInherit</name>
         <load_address>0x40e4</load_address>
         <readonly>true</readonly>
         <executable>true</executable>
         <run_address>0x40e4</run_address>
         <size>0x128</size>
         <alignment>0x4</alignment>
         <input_file_ref idref="fl-2d"/>
      </object_component>
      <object_component id="oc-314">
         <name>.text.vTaskSuspend</name>
         <load_address>0x420c</load_address>
         <readonly>true</readonly>
         <executable>true</executable>
         <run_address>0x420c</run_address>
         <size>0x124</size>
         <alignment>0x4</alignment>
         <input_file_ref idref="fl-2d"/>
      </object_component>
      <object_component id="oc-315">
         <name>.text.vTaskDelete</name>
         <load_address>0x4330</load_address>
         <readonly>true</readonly>
         <executable>true</executable>
         <run_address>0x4330</run_address>
         <size>0x11c</size>
         <alignment>0x4</alignment>
         <input_file_ref idref="fl-2d"/>
      </object_component>
      <object_component id="oc-397">
         <name>.text.pxPortInitialiseStack</name>
         <load_address>0x444c</load_address>
         <readonly>true</readonly>
         <executable>true</executable>
         <run_address>0x444c</run_address>
         <size>0x114</size>
         <alignment>0x4</alignment>
         <input_file_ref idref="fl-2f"/>
      </object_component>
      <object_component id="oc-249">
         <name>.text.xQueueGiveFromISR</name>
         <load_address>0x4560</load_address>
         <readonly>true</readonly>
         <executable>true</executable>
         <run_address>0x4560</run_address>
         <size>0x10e</size>
         <alignment>0x2</alignment>
         <input_file_ref idref="fl-2c"/>
      </object_component>
      <object_component id="oc-152">
         <name>.text.SYSCFG_DL_GPIO_init</name>
         <load_address>0x466e</load_address>
         <readonly>true</readonly>
         <executable>true</executable>
         <run_address>0x466e</run_address>
         <size>0x2</size>
         <alignment>0x2</alignment>
         <input_file_ref idref="fl-8"/>
      </object_component>
      <object_component id="oc-277">
         <name>.text.__divdf3</name>
         <load_address>0x4670</load_address>
         <readonly>true</readonly>
         <executable>true</executable>
         <run_address>0x4670</run_address>
         <size>0x10c</size>
         <alignment>0x4</alignment>
         <input_file_ref idref="fl-10c"/>
      </object_component>
      <object_component id="oc-bd">
         <name>.text.prvInsertBlockIntoFreeList</name>
         <load_address>0x477c</load_address>
         <readonly>true</readonly>
         <executable>true</executable>
         <run_address>0x477c</run_address>
         <size>0x10c</size>
         <alignment>0x4</alignment>
         <input_file_ref idref="fl-37"/>
      </object_component>
      <object_component id="oc-1c">
         <name>.text.vTaskSwitchContext</name>
         <load_address>0x4888</load_address>
         <readonly>true</readonly>
         <executable>true</executable>
         <run_address>0x4888</run_address>
         <size>0x10c</size>
         <alignment>0x4</alignment>
         <input_file_ref idref="fl-2d"/>
      </object_component>
      <object_component id="oc-367">
         <name>.text.I2CMSPM0_primeWriteBurst</name>
         <load_address>0x4994</load_address>
         <readonly>true</readonly>
         <executable>true</executable>
         <run_address>0x4994</run_address>
         <size>0x108</size>
         <alignment>0x4</alignment>
         <input_file_ref idref="fl-23"/>
      </object_component>
      <object_component id="oc-382">
         <name>.text.xTaskPriorityDisinherit</name>
         <load_address>0x4a9c</load_address>
         <readonly>true</readonly>
         <executable>true</executable>
         <run_address>0x4a9c</run_address>
         <size>0x108</size>
         <alignment>0x4</alignment>
         <input_file_ref idref="fl-2d"/>
      </object_component>
      <object_component id="oc-236">
         <name>.text.xQueueReceiveFromISR</name>
         <load_address>0x4ba4</load_address>
         <readonly>true</readonly>
         <executable>true</executable>
         <run_address>0x4ba4</run_address>
         <size>0x106</size>
         <alignment>0x2</alignment>
         <input_file_ref idref="fl-2c"/>
      </object_component>
      <object_component id="oc-30d">
         <name>.text.prvInitialiseNewTask</name>
         <load_address>0x4caa</load_address>
         <readonly>true</readonly>
         <executable>true</executable>
         <run_address>0x4caa</run_address>
         <size>0x104</size>
         <alignment>0x2</alignment>
         <input_file_ref idref="fl-2d"/>
      </object_component>
      <object_component id="oc-b5">
         <name>.text.__aeabi_idiv0</name>
         <load_address>0x4dae</load_address>
         <readonly>true</readonly>
         <executable>true</executable>
         <run_address>0x4dae</run_address>
         <size>0x2</size>
         <alignment>0x2</alignment>
         <input_file_ref idref="fl-11e"/>
      </object_component>
      <object_component id="oc-19d">
         <name>.text.ulTaskGenericNotifyTake</name>
         <load_address>0x4db0</load_address>
         <readonly>true</readonly>
         <executable>true</executable>
         <run_address>0x4db0</run_address>
         <size>0x100</size>
         <alignment>0x4</alignment>
         <input_file_ref idref="fl-2d"/>
      </object_component>
      <object_component id="oc-122">
         <name>.text.pt100Thread</name>
         <load_address>0x4eb0</load_address>
         <readonly>true</readonly>
         <executable>true</executable>
         <run_address>0x4eb0</run_address>
         <size>0xfc</size>
         <alignment>0x4</alignment>
         <input_file_ref idref="fl-6"/>
      </object_component>
      <object_component id="oc-246">
         <name>.text.GPIO_hwiIntFxn</name>
         <load_address>0x4fac</load_address>
         <readonly>true</readonly>
         <executable>true</executable>
         <run_address>0x4fac</run_address>
         <size>0xf8</size>
         <alignment>0x4</alignment>
         <input_file_ref idref="fl-22"/>
      </object_component>
      <object_component id="oc-76">
         <name>.text.vPortFree</name>
         <load_address>0x50a4</load_address>
         <readonly>true</readonly>
         <executable>true</executable>
         <run_address>0x50a4</run_address>
         <size>0xf8</size>
         <alignment>0x4</alignment>
         <input_file_ref idref="fl-37"/>
      </object_component>
      <object_component id="oc-365">
         <name>.text.I2CMSPM0_primeReadBurst</name>
         <load_address>0x519c</load_address>
         <readonly>true</readonly>
         <executable>true</executable>
         <run_address>0x519c</run_address>
         <size>0xec</size>
         <alignment>0x4</alignment>
         <input_file_ref idref="fl-23"/>
      </object_component>
      <object_component id="oc-2c3">
         <name>.text.I2CTargetMSPM0_configHw</name>
         <load_address>0x5288</load_address>
         <readonly>true</readonly>
         <executable>true</executable>
         <run_address>0x5288</run_address>
         <size>0xec</size>
         <alignment>0x4</alignment>
         <input_file_ref idref="fl-24"/>
      </object_component>
      <object_component id="oc-2c6">
         <name>.text.I2CTargetMSPM0_hwiFxn</name>
         <load_address>0x5374</load_address>
         <readonly>true</readonly>
         <executable>true</executable>
         <run_address>0x5374</run_address>
         <size>0xe8</size>
         <alignment>0x4</alignment>
         <input_file_ref idref="fl-24"/>
      </object_component>
      <object_component id="oc-283">
         <name>.text.__muldf3</name>
         <load_address>0x545c</load_address>
         <readonly>true</readonly>
         <executable>true</executable>
         <run_address>0x545c</run_address>
         <size>0xe4</size>
         <alignment>0x4</alignment>
         <input_file_ref idref="fl-10a"/>
      </object_component>
      <object_component id="oc-272">
         <name>.text.prvAddCurrentTaskToDelayedList</name>
         <load_address>0x5540</load_address>
         <readonly>true</readonly>
         <executable>true</executable>
         <run_address>0x5540</run_address>
         <size>0xe4</size>
         <alignment>0x4</alignment>
         <input_file_ref idref="fl-2d"/>
      </object_component>
      <object_component id="oc-30c">
         <name>.text.xQueueGenericReset</name>
         <load_address>0x5624</load_address>
         <readonly>true</readonly>
         <executable>true</executable>
         <run_address>0x5624</run_address>
         <size>0xe4</size>
         <alignment>0x2</alignment>
         <input_file_ref idref="fl-2c"/>
      </object_component>
      <object_component id="oc-20c">
         <name>.text.readNsa2300Raw24</name>
         <load_address>0x5708</load_address>
         <readonly>true</readonly>
         <executable>true</executable>
         <run_address>0x5708</run_address>
         <size>0xe0</size>
         <alignment>0x4</alignment>
         <input_file_ref idref="fl-2"/>
      </object_component>
      <object_component id="oc-2e4">
         <name>.text.prvCopyDataToQueue</name>
         <load_address>0x57e8</load_address>
         <readonly>true</readonly>
         <executable>true</executable>
         <run_address>0x57e8</run_address>
         <size>0xd4</size>
         <alignment>0x2</alignment>
         <input_file_ref idref="fl-2c"/>
      </object_component>
      <object_component id="oc-193">
         <name>.text.prvCreateIdleTasks</name>
         <load_address>0x58bc</load_address>
         <readonly>true</readonly>
         <executable>true</executable>
         <run_address>0x58bc</run_address>
         <size>0xcc</size>
         <alignment>0x4</alignment>
         <input_file_ref idref="fl-2d"/>
      </object_component>
      <object_component id="oc-1fb">
         <name>.text.I2CTarget_open</name>
         <load_address>0x5988</load_address>
         <readonly>true</readonly>
         <executable>true</executable>
         <run_address>0x5988</run_address>
         <size>0xc4</size>
         <alignment>0x4</alignment>
         <input_file_ref idref="fl-24"/>
      </object_component>
      <object_component id="oc-28f">
         <name>.text.HwiP_construct</name>
         <load_address>0x5a4c</load_address>
         <readonly>true</readonly>
         <executable>true</executable>
         <run_address>0x5a4c</run_address>
         <size>0xbc</size>
         <alignment>0x4</alignment>
         <input_file_ref idref="fl-29"/>
      </object_component>
      <object_component id="oc-c7">
         <name>.text.main</name>
         <load_address>0x5b08</load_address>
         <readonly>true</readonly>
         <executable>true</executable>
         <run_address>0x5b08</run_address>
         <size>0xb8</size>
         <alignment>0x4</alignment>
         <input_file_ref idref="fl-4"/>
      </object_component>
      <object_component id="oc-2ea">
         <name>.text.prvUnlockQueue</name>
         <load_address>0x5bc0</load_address>
         <readonly>true</readonly>
         <executable>true</executable>
         <run_address>0x5bc0</run_address>
         <size>0xb6</size>
         <alignment>0x2</alignment>
         <input_file_ref idref="fl-2c"/>
      </object_component>
      <object_component id="oc-384">
         <name>.text.__aeabi_ldiv0</name>
         <load_address>0x5c76</load_address>
         <readonly>true</readonly>
         <executable>true</executable>
         <run_address>0x5c76</run_address>
         <size>0x2</size>
         <alignment>0x2</alignment>
         <input_file_ref idref="fl-11e"/>
      </object_component>
      <object_component id="oc-20d">
         <name>.text.readDeviceData</name>
         <load_address>0x5c78</load_address>
         <readonly>true</readonly>
         <executable>true</executable>
         <run_address>0x5c78</run_address>
         <size>0xb4</size>
         <alignment>0x4</alignment>
         <input_file_ref idref="fl-2"/>
      </object_component>
      <object_component id="oc-2e7">
         <name>.text.xTaskCheckForTimeOut</name>
         <load_address>0x5d2c</load_address>
         <readonly>true</readonly>
         <executable>true</executable>
         <run_address>0x5d2c</run_address>
         <size>0xb4</size>
         <alignment>0x4</alignment>
         <input_file_ref idref="fl-2d"/>
      </object_component>
      <object_component id="oc-1d3">
         <name>.text.NAS2300_waitDrdy</name>
         <load_address>0x5de0</load_address>
         <readonly>true</readonly>
         <executable>true</executable>
         <run_address>0x5de0</run_address>
         <size>0xae</size>
         <alignment>0x2</alignment>
         <input_file_ref idref="fl-5"/>
      </object_component>
      <object_component id="oc-2d5">
         <name>.text._nop</name>
         <load_address>0x5e8e</load_address>
         <readonly>true</readonly>
         <executable>true</executable>
         <run_address>0x5e8e</run_address>
         <size>0x2</size>
         <alignment>0x2</alignment>
         <input_file_ref idref="fl-65"/>
      </object_component>
      <object_component id="oc-10b">
         <name>.text.ADC_init</name>
         <load_address>0x5e90</load_address>
         <readonly>true</readonly>
         <executable>true</executable>
         <run_address>0x5e90</run_address>
         <size>0xac</size>
         <alignment>0x4</alignment>
         <input_file_ref idref="fl-1d"/>
      </object_component>
      <object_component id="oc-243">
         <name>.text.GPIO_setInterruptConfig</name>
         <load_address>0x5f3c</load_address>
         <readonly>true</readonly>
         <executable>true</executable>
         <run_address>0x5f3c</run_address>
         <size>0xac</size>
         <alignment>0x4</alignment>
         <input_file_ref idref="fl-22"/>
      </object_component>
      <object_component id="oc-1d6">
         <name>.text.NAS2300_readPressureRaw24_single</name>
         <load_address>0x5fe8</load_address>
         <readonly>true</readonly>
         <executable>true</executable>
         <run_address>0x5fe8</run_address>
         <size>0xa8</size>
         <alignment>0x2</alignment>
         <input_file_ref idref="fl-5"/>
      </object_component>
      <object_component id="oc-344">
         <name>.text.round</name>
         <load_address>0x6090</load_address>
         <readonly>true</readonly>
         <executable>true</executable>
         <run_address>0x6090</run_address>
         <size>0xa8</size>
         <alignment>0x4</alignment>
         <input_file_ref idref="fl-63"/>
      </object_component>
      <object_component id="oc-2ef">
         <name>.text</name>
         <load_address>0x6138</load_address>
         <readonly>true</readonly>
         <executable>true</executable>
         <run_address>0x6138</run_address>
         <size>0xa2</size>
         <alignment>0x4</alignment>
         <input_file_ref idref="fl-11a"/>
      </object_component>
      <object_component id="oc-255">
         <name>.text.SEGGER_RTT_Write</name>
         <load_address>0x61dc</load_address>
         <readonly>true</readonly>
         <executable>true</executable>
         <run_address>0x61dc</run_address>
         <size>0xa0</size>
         <alignment>0x4</alignment>
         <input_file_ref idref="fl-c"/>
      </object_component>
      <object_component id="oc-ab">
         <name>.text.prvHeapInit</name>
         <load_address>0x627c</load_address>
         <readonly>true</readonly>
         <executable>true</executable>
         <run_address>0x627c</run_address>
         <size>0xa0</size>
         <alignment>0x4</alignment>
         <input_file_ref idref="fl-37"/>
      </object_component>
      <object_component id="oc-323">
         <name>.text.xQueueGenericCreateStatic</name>
         <load_address>0x631c</load_address>
         <readonly>true</readonly>
         <executable>true</executable>
         <run_address>0x631c</run_address>
         <size>0xa0</size>
         <alignment>0x2</alignment>
         <input_file_ref idref="fl-2c"/>
      </object_component>
      <object_component id="oc-366">
         <name>.text.I2CMSPM0_completeTransfer</name>
         <load_address>0x63bc</load_address>
         <readonly>true</readonly>
         <executable>true</executable>
         <run_address>0x63bc</run_address>
         <size>0x9c</size>
         <alignment>0x4</alignment>
         <input_file_ref idref="fl-23"/>
      </object_component>
      <object_component id="oc-f2">
         <name>.text:memcpy</name>
         <load_address>0x6458</load_address>
         <readonly>true</readonly>
         <executable>true</executable>
         <run_address>0x6458</run_address>
         <size>0x9a</size>
         <alignment>0x1</alignment>
         <input_file_ref idref="fl-11f"/>
      </object_component>
      <object_component id="oc-31a">
         <name>.text.prvCreateStaticTask</name>
         <load_address>0x64f2</load_address>
         <readonly>true</readonly>
         <executable>true</executable>
         <run_address>0x64f2</run_address>
         <size>0x98</size>
         <alignment>0x2</alignment>
         <input_file_ref idref="fl-2d"/>
      </object_component>
      <object_component id="oc-189">
         <name>.text.xQueueGenericCreate</name>
         <load_address>0x658a</load_address>
         <readonly>true</readonly>
         <executable>true</executable>
         <run_address>0x658a</run_address>
         <size>0x94</size>
         <alignment>0x2</alignment>
         <input_file_ref idref="fl-2c"/>
      </object_component>
      <object_component id="oc-1d2">
         <name>.text.NAS2300_startSinglePressureConversion</name>
         <load_address>0x661e</load_address>
         <readonly>true</readonly>
         <executable>true</executable>
         <run_address>0x661e</run_address>
         <size>0x92</size>
         <alignment>0x2</alignment>
         <input_file_ref idref="fl-5"/>
      </object_component>
      <object_component id="oc-355">
         <name>.text.DL_Interrupt_registerInterrupt</name>
         <load_address>0x66b0</load_address>
         <readonly>true</readonly>
         <executable>true</executable>
         <run_address>0x66b0</run_address>
         <size>0x90</size>
         <alignment>0x4</alignment>
         <input_file_ref idref="fl-3f"/>
      </object_component>
      <object_component id="oc-204">
         <name>.text.i2cTargetCallback</name>
         <load_address>0x6740</load_address>
         <readonly>true</readonly>
         <executable>true</executable>
         <run_address>0x6740</run_address>
         <size>0x90</size>
         <alignment>0x4</alignment>
         <input_file_ref idref="fl-3"/>
      </object_component>
      <object_component id="oc-32d">
         <name>.text.prvProcessTimerOrBlockTask</name>
         <load_address>0x67d0</load_address>
         <readonly>true</readonly>
         <executable>true</executable>
         <run_address>0x67d0</run_address>
         <size>0x8c</size>
         <alignment>0x4</alignment>
         <input_file_ref idref="fl-2e"/>
      </object_component>
      <object_component id="oc-313">
         <name>.text.removeThreadKeys</name>
         <load_address>0x685c</load_address>
         <readonly>true</readonly>
         <executable>true</executable>
         <run_address>0x685c</run_address>
         <size>0x8c</size>
         <alignment>0x2</alignment>
         <input_file_ref idref="fl-33"/>
      </object_component>
      <object_component id="oc-16a">
         <name>.text.SemaphoreP_pend</name>
         <load_address>0x68e8</load_address>
         <readonly>true</readonly>
         <executable>true</executable>
         <run_address>0x68e8</run_address>
         <size>0x8a</size>
         <alignment>0x2</alignment>
         <input_file_ref idref="fl-2a"/>
      </object_component>
      <object_component id="oc-1b5">
         <name>.text.i2cErrorHandler</name>
         <load_address>0x6974</load_address>
         <readonly>true</readonly>
         <executable>true</executable>
         <run_address>0x6974</run_address>
         <size>0x88</size>
         <alignment>0x4</alignment>
         <input_file_ref idref="fl-2"/>
      </object_component>
      <object_component id="oc-12e">
         <name>.text.mainThread</name>
         <load_address>0x69fc</load_address>
         <readonly>true</readonly>
         <executable>true</executable>
         <run_address>0x69fc</run_address>
         <size>0x88</size>
         <alignment>0x4</alignment>
         <input_file_ref idref="fl-3"/>
      </object_component>
      <object_component id="oc-303">
         <name>.text.ADCMSPM0_convert</name>
         <load_address>0x6a84</load_address>
         <readonly>true</readonly>
         <executable>true</executable>
         <run_address>0x6a84</run_address>
         <size>0x84</size>
         <alignment>0x4</alignment>
         <input_file_ref idref="fl-21"/>
      </object_component>
      <object_component id="oc-35b">
         <name>.text.__NVIC_SetPriority</name>
         <load_address>0x6b08</load_address>
         <readonly>true</readonly>
         <executable>true</executable>
         <run_address>0x6b08</run_address>
         <size>0x84</size>
         <alignment>0x4</alignment>
         <input_file_ref idref="fl-29"/>
      </object_component>
      <object_component id="oc-25a">
         <name>.text.prvCreateTask</name>
         <load_address>0x6b8c</load_address>
         <readonly>true</readonly>
         <executable>true</executable>
         <run_address>0x6b8c</run_address>
         <size>0x84</size>
         <alignment>0x2</alignment>
         <input_file_ref idref="fl-2d"/>
      </object_component>
      <object_component id="oc-3a8">
         <name>.text.prvInsertTimerInActiveList</name>
         <load_address>0x6c10</load_address>
         <readonly>true</readonly>
         <executable>true</executable>
         <run_address>0x6c10</run_address>
         <size>0x84</size>
         <alignment>0x4</alignment>
         <input_file_ref idref="fl-2e"/>
      </object_component>
      <object_component id="oc-3a1">
         <name>.text.vTaskStepTick</name>
         <load_address>0x6c94</load_address>
         <readonly>true</readonly>
         <executable>true</executable>
         <run_address>0x6c94</run_address>
         <size>0x84</size>
         <alignment>0x4</alignment>
         <input_file_ref idref="fl-2d"/>
      </object_component>
      <object_component id="oc-199">
         <name>.text.xPortStartScheduler</name>
         <load_address>0x6d18</load_address>
         <readonly>true</readonly>
         <executable>true</executable>
         <run_address>0x6d18</run_address>
         <size>0x80</size>
         <alignment>0x4</alignment>
         <input_file_ref idref="fl-2f"/>
      </object_component>
      <object_component id="oc-2a">
         <name>.text.calloc</name>
         <load_address>0x6d98</load_address>
         <readonly>true</readonly>
         <executable>true</executable>
         <run_address>0x6d98</run_address>
         <size>0x7c</size>
         <alignment>0x2</alignment>
         <input_file_ref idref="fl-32"/>
      </object_component>
      <object_component id="oc-3a0">
         <name>.text.eTaskConfirmSleepModeStatus</name>
         <load_address>0x6e14</load_address>
         <readonly>true</readonly>
         <executable>true</executable>
         <run_address>0x6e14</run_address>
         <size>0x7c</size>
         <alignment>0x4</alignment>
         <input_file_ref idref="fl-2d"/>
      </object_component>
      <object_component id="oc-30e">
         <name>.text.prvInitialiseTaskLists</name>
         <load_address>0x6e90</load_address>
         <readonly>true</readonly>
         <executable>true</executable>
         <run_address>0x6e90</run_address>
         <size>0x7c</size>
         <alignment>0x4</alignment>
         <input_file_ref idref="fl-2d"/>
      </object_component>
      <object_component id="oc-194">
         <name>.text.xTimerCreateTimerTask</name>
         <load_address>0x6f0c</load_address>
         <readonly>true</readonly>
         <executable>true</executable>
         <run_address>0x6f0c</run_address>
         <size>0x7c</size>
         <alignment>0x4</alignment>
         <input_file_ref idref="fl-2e"/>
      </object_component>
      <object_component id="oc-31">
         <name>.text:decompress:lzss</name>
         <load_address>0x6f88</load_address>
         <readonly>true</readonly>
         <executable>true</executable>
         <run_address>0x6f88</run_address>
         <size>0x7c</size>
         <alignment>0x4</alignment>
         <input_file_ref idref="fl-61"/>
      </object_component>
      <object_component id="oc-fa">
         <name>.text.SEGGER_RTT_Init</name>
         <load_address>0x7004</load_address>
         <readonly>true</readonly>
         <executable>true</executable>
         <run_address>0x7004</run_address>
         <size>0x78</size>
         <alignment>0x4</alignment>
         <input_file_ref idref="fl-c"/>
      </object_component>
      <object_component id="oc-31c">
         <name>.text.prvGetExpectedIdleTime</name>
         <load_address>0x707c</load_address>
         <readonly>true</readonly>
         <executable>true</executable>
         <run_address>0x707c</run_address>
         <size>0x78</size>
         <alignment>0x4</alignment>
         <input_file_ref idref="fl-2d"/>
      </object_component>
      <object_component id="oc-36b">
         <name>.text.I2CSupport_primeTransfer</name>
         <load_address>0x70f4</load_address>
         <readonly>true</readonly>
         <executable>true</executable>
         <run_address>0x70f4</run_address>
         <size>0x74</size>
         <alignment>0x4</alignment>
         <input_file_ref idref="fl-23"/>
      </object_component>
      <object_component id="oc-33d">
         <name>.text.__gedf2</name>
         <load_address>0x7168</load_address>
         <readonly>true</readonly>
         <executable>true</executable>
         <run_address>0x7168</run_address>
         <size>0x74</size>
         <alignment>0x4</alignment>
         <input_file_ref idref="fl-11c"/>
      </object_component>
      <object_component id="oc-3c7">
         <name>.text.vTaskPlaceOnEventListRestricted</name>
         <load_address>0x71dc</load_address>
         <readonly>true</readonly>
         <executable>true</executable>
         <run_address>0x71dc</run_address>
         <size>0x74</size>
         <alignment>0x4</alignment>
         <input_file_ref idref="fl-2d"/>
      </object_component>
      <object_component id="oc-25c">
         <name>.text.pthread_exit</name>
         <load_address>0x7250</load_address>
         <readonly>true</readonly>
         <executable>true</executable>
         <run_address>0x7250</run_address>
         <size>0x6e</size>
         <alignment>0x2</alignment>
         <input_file_ref idref="fl-33"/>
      </object_component>
      <object_component id="oc-201">
         <name>.text.GPIO_write</name>
         <load_address>0x72c0</load_address>
         <readonly>true</readonly>
         <executable>true</executable>
         <run_address>0x72c0</run_address>
         <size>0x6c</size>
         <alignment>0x4</alignment>
         <input_file_ref idref="fl-22"/>
      </object_component>
      <object_component id="oc-1d5">
         <name>.text.NAS2300_readPressureRaw24_burst</name>
         <load_address>0x732c</load_address>
         <readonly>true</readonly>
         <executable>true</executable>
         <run_address>0x732c</run_address>
         <size>0x6c</size>
         <alignment>0x2</alignment>
         <input_file_ref idref="fl-5"/>
      </object_component>
      <object_component id="oc-266">
         <name>.text.prvCheckForValidListAndQueue</name>
         <load_address>0x7398</load_address>
         <readonly>true</readonly>
         <executable>true</executable>
         <run_address>0x7398</run_address>
         <size>0x6c</size>
         <alignment>0x4</alignment>
         <input_file_ref idref="fl-2e"/>
      </object_component>
      <object_component id="oc-333">
         <name>.text.vListInsert</name>
         <load_address>0x7404</load_address>
         <readonly>true</readonly>
         <executable>true</executable>
         <run_address>0x7404</run_address>
         <size>0x6c</size>
         <alignment>0x2</alignment>
         <input_file_ref idref="fl-38"/>
      </object_component>
      <object_component id="oc-3a6">
         <name>.text.vQueueWaitForMessageRestricted</name>
         <load_address>0x7470</load_address>
         <readonly>true</readonly>
         <executable>true</executable>
         <run_address>0x7470</run_address>
         <size>0x6a</size>
         <alignment>0x2</alignment>
         <input_file_ref idref="fl-2c"/>
      </object_component>
      <object_component id="oc-337">
         <name>.text.__ledf2</name>
         <load_address>0x74dc</load_address>
         <readonly>true</readonly>
         <executable>true</executable>
         <run_address>0x74dc</run_address>
         <size>0x68</size>
         <alignment>0x4</alignment>
         <input_file_ref idref="fl-11c"/>
      </object_component>
      <object_component id="oc-20a">
         <name>.text.detectI2CDevices</name>
         <load_address>0x7544</load_address>
         <readonly>true</readonly>
         <executable>true</executable>
         <run_address>0x7544</run_address>
         <size>0x68</size>
         <alignment>0x4</alignment>
         <input_file_ref idref="fl-2"/>
      </object_component>
      <object_component id="oc-120">
         <name>.text.vTaskStartScheduler</name>
         <load_address>0x75ac</load_address>
         <readonly>true</readonly>
         <executable>true</executable>
         <run_address>0x75ac</run_address>
         <size>0x68</size>
         <alignment>0x4</alignment>
         <input_file_ref idref="fl-2d"/>
      </object_component>
      <object_component id="oc-27b">
         <name>.text.__aeabi_dcmp</name>
         <load_address>0x7614</load_address>
         <readonly>true</readonly>
         <executable>true</executable>
         <run_address>0x7614</run_address>
         <size>0x62</size>
         <alignment>0x4</alignment>
         <input_file_ref idref="fl-113"/>
      </object_component>
      <object_component id="oc-ec">
         <name>.text:memset</name>
         <load_address>0x7676</load_address>
         <readonly>true</readonly>
         <executable>true</executable>
         <run_address>0x7676</run_address>
         <size>0x62</size>
         <alignment>0x1</alignment>
         <input_file_ref idref="fl-120"/>
      </object_component>
      <object_component id="oc-db">
         <name>.text.pvTaskGetThreadLocalStoragePointer</name>
         <load_address>0x76d8</load_address>
         <readonly>true</readonly>
         <executable>true</executable>
         <run_address>0x76d8</run_address>
         <size>0x60</size>
         <alignment>0x4</alignment>
         <input_file_ref idref="fl-2d"/>
      </object_component>
      <object_component id="oc-364">
         <name>.text.DL_I2C_fillControllerTXFIFO</name>
         <load_address>0x7738</load_address>
         <readonly>true</readonly>
         <executable>true</executable>
         <run_address>0x7738</run_address>
         <size>0x5e</size>
         <alignment>0x2</alignment>
         <input_file_ref idref="fl-3d"/>
      </object_component>
      <object_component id="oc-264">
         <name>.text.prvIdleTask</name>
         <load_address>0x7798</load_address>
         <readonly>true</readonly>
         <executable>true</executable>
         <run_address>0x7798</run_address>
         <size>0x5c</size>
         <alignment>0x4</alignment>
         <input_file_ref idref="fl-2d"/>
      </object_component>
      <object_component id="oc-311">
         <name>.text.pthread_setcancelstate</name>
         <load_address>0x77f4</load_address>
         <readonly>true</readonly>
         <executable>true</executable>
         <run_address>0x77f4</run_address>
         <size>0x5a</size>
         <alignment>0x2</alignment>
         <input_file_ref idref="fl-33"/>
      </object_component>
      <object_component id="oc-1c2">
         <name>.text.I2C_close</name>
         <load_address>0x7850</load_address>
         <readonly>true</readonly>
         <executable>true</executable>
         <run_address>0x7850</run_address>
         <size>0x58</size>
         <alignment>0x4</alignment>
         <input_file_ref idref="fl-23"/>
      </object_component>
      <object_component id="oc-2f9">
         <name>.text.__clzsi2</name>
         <load_address>0x78a8</load_address>
         <readonly>true</readonly>
         <executable>true</executable>
         <run_address>0x78a8</run_address>
         <size>0x58</size>
         <alignment>0x2</alignment>
         <input_file_ref idref="fl-112"/>
      </object_component>
      <object_component id="oc-de">
         <name>.text.vTaskSetThreadLocalStoragePointer</name>
         <load_address>0x7900</load_address>
         <readonly>true</readonly>
         <executable>true</executable>
         <run_address>0x7900</run_address>
         <size>0x58</size>
         <alignment>0x4</alignment>
         <input_file_ref idref="fl-2d"/>
      </object_component>
      <object_component id="oc-36f">
         <name>.text.GPIO_disableInt</name>
         <load_address>0x7958</load_address>
         <readonly>true</readonly>
         <executable>true</executable>
         <run_address>0x7958</run_address>
         <size>0x54</size>
         <alignment>0x4</alignment>
         <input_file_ref idref="fl-22"/>
      </object_component>
      <object_component id="oc-153">
         <name>.text.SYSCFG_DL_SYSCTL_init</name>
         <load_address>0x79ac</load_address>
         <readonly>true</readonly>
         <executable>true</executable>
         <run_address>0x79ac</run_address>
         <size>0x54</size>
         <alignment>0x4</alignment>
         <input_file_ref idref="fl-8"/>
      </object_component>
      <object_component id="oc-62">
         <name>.text.__aeabi_errno_addr</name>
         <load_address>0x7a00</load_address>
         <readonly>true</readonly>
         <executable>true</executable>
         <run_address>0x7a00</run_address>
         <size>0x54</size>
         <alignment>0x4</alignment>
         <input_file_ref idref="fl-39"/>
      </object_component>
      <object_component id="oc-26e">
         <name>.text.vPortSetupTimerInterrupt</name>
         <load_address>0x7a54</load_address>
         <readonly>true</readonly>
         <executable>true</executable>
         <run_address>0x7a54</run_address>
         <size>0x54</size>
         <alignment>0x4</alignment>
         <input_file_ref idref="fl-2f"/>
      </object_component>
      <object_component id="oc-1d4">
         <name>.text.NAS2300_readReg8</name>
         <load_address>0x7aa8</load_address>
         <readonly>true</readonly>
         <executable>true</executable>
         <run_address>0x7aa8</run_address>
         <size>0x52</size>
         <alignment>0x2</alignment>
         <input_file_ref idref="fl-5"/>
      </object_component>
      <object_component id="oc-368">
         <name>.text.I2CMSPM0_readReceiveFifo</name>
         <load_address>0x7afc</load_address>
         <readonly>true</readonly>
         <executable>true</executable>
         <run_address>0x7afc</run_address>
         <size>0x50</size>
         <alignment>0x4</alignment>
         <input_file_ref idref="fl-23"/>
      </object_component>
      <object_component id="oc-28b">
         <name>.text.lround</name>
         <load_address>0x7b4c</load_address>
         <readonly>true</readonly>
         <executable>true</executable>
         <run_address>0x7b4c</run_address>
         <size>0x50</size>
         <alignment>0x4</alignment>
         <input_file_ref idref="fl-58"/>
      </object_component>
      <object_component id="oc-31b">
         <name>.text.prvCheckTasksWaitingTermination</name>
         <load_address>0x7b9c</load_address>
         <readonly>true</readonly>
         <executable>true</executable>
         <run_address>0x7b9c</run_address>
         <size>0x50</size>
         <alignment>0x4</alignment>
         <input_file_ref idref="fl-2d"/>
      </object_component>
      <object_component id="oc-39e">
         <name>.text.prvDeleteTCB</name>
         <load_address>0x7bec</load_address>
         <readonly>true</readonly>
         <executable>true</executable>
         <run_address>0x7bec</run_address>
         <size>0x50</size>
         <alignment>0x2</alignment>
         <input_file_ref idref="fl-2d"/>
      </object_component>
      <object_component id="oc-3a5">
         <name>.text.prvProcessExpiredTimer</name>
         <load_address>0x7c3c</load_address>
         <readonly>true</readonly>
         <executable>true</executable>
         <run_address>0x7c3c</run_address>
         <size>0x50</size>
         <alignment>0x4</alignment>
         <input_file_ref idref="fl-2e"/>
      </object_component>
      <object_component id="oc-1bc">
         <name>.text.usleep</name>
         <load_address>0x7c8c</load_address>
         <readonly>true</readonly>
         <executable>true</executable>
         <run_address>0x7c8c</run_address>
         <size>0x50</size>
         <alignment>0x4</alignment>
         <input_file_ref idref="fl-34"/>
      </object_component>
      <object_component id="oc-2ae">
         <name>.text.vTaskDelay</name>
         <load_address>0x7cdc</load_address>
         <readonly>true</readonly>
         <executable>true</executable>
         <run_address>0x7cdc</run_address>
         <size>0x50</size>
         <alignment>0x4</alignment>
         <input_file_ref idref="fl-2d"/>
      </object_component>
      <object_component id="oc-262">
         <name>.text.xTaskCreateStatic</name>
         <load_address>0x7d2c</load_address>
         <readonly>true</readonly>
         <executable>true</executable>
         <run_address>0x7d2c</run_address>
         <size>0x4c</size>
         <alignment>0x2</alignment>
         <input_file_ref idref="fl-2d"/>
      </object_component>
      <object_component id="oc-34a">
         <name>.text.__fixdfsi</name>
         <load_address>0x7d78</load_address>
         <readonly>true</readonly>
         <executable>true</executable>
         <run_address>0x7d78</run_address>
         <size>0x4a</size>
         <alignment>0x4</alignment>
         <input_file_ref idref="fl-10d"/>
      </object_component>
      <object_component id="oc-25">
         <name>.text.malloc</name>
         <load_address>0x7dc2</load_address>
         <readonly>true</readonly>
         <executable>true</executable>
         <run_address>0x7dc2</run_address>
         <size>0x4a</size>
         <alignment>0x2</alignment>
         <input_file_ref idref="fl-32"/>
      </object_component>
      <object_component id="oc-151">
         <name>.text.SYSCFG_DL_initPower</name>
         <load_address>0x7e0c</load_address>
[...]
         <object_component_ref idref="oc-df"/>
      </symbol>
      <symbol id="sm-488">
         <name>vPortExitCritical</name>
         <value>0x8961</value>
         <object_component_ref idref="oc-e1"/>
      </symbol>
      <symbol id="sm-489">
         <name>SysTick_Handler</name>
         <value>0x8769</value>
         <object_component_ref idref="oc-50"/>
      </symbol>
      <symbol id="sm-48a">
         <name>vPortSVCHandler_C</name>
         <value>0x8855</value>
         <object_component_ref idref="oc-20"/>
      </symbol>
      <symbol id="sm-48b">
         <name>pxPortInitialiseStack</name>
         <value>0x444d</value>
         <object_component_ref idref="oc-397"/>
      </symbol>
      <symbol id="sm-48c">
         <name>xPortStartScheduler</name>
         <value>0x6d19</value>
         <object_component_ref idref="oc-199"/>
      </symbol>
      <symbol id="sm-4a4">
         <name>vRestoreContextOfFirstTask</name>
         <value>0x8bd1</value>
         <object_component_ref idref="oc-5f"/>
      </symbol>
      <symbol id="sm-4a5">
         <name>vStartFirstTask</name>
         <value>0x8f51</value>
         <object_component_ref idref="oc-26f"/>
      </symbol>
      <symbol id="sm-4a6">
         <name>ulSetInterruptMask</name>
         <value>0x9071</value>
         <object_component_ref idref="oc-9a"/>
      </symbol>
      <symbol id="sm-4a7">
         <name>vClearInterruptMask</name>
         <value>0x9085</value>
         <object_component_ref idref="oc-9c"/>
      </symbol>
      <symbol id="sm-4a8">
         <name>PendSV_Handler</name>
         <value>0x8001</value>
         <object_component_ref idref="oc-4f"/>
      </symbol>
      <symbol id="sm-4a9">
         <name>SVC_Handler</name>
         <value>0x8b41</value>
         <object_component_ref idref="oc-4a"/>
      </symbol>
      <symbol id="sm-4b6">
         <name>PTLS_getBuf</name>
         <value>0x8d45</value>
         <object_component_ref idref="oc-a1"/>
      </symbol>
      <symbol id="sm-4b7">
         <name>PTLS_setBuf</name>
         <value>0x8d5f</value>
         <object_component_ref idref="oc-a6"/>
      </symbol>
      <symbol id="sm-4b8">
         <name>PTLS_taskDeleteHook</name>
         <value>0x8b19</value>
         <object_component_ref idref="oc-39d"/>
      </symbol>
      <symbol id="sm-4cb">
         <name>malloc</name>
         <value>0x7dc3</value>
         <object_component_ref idref="oc-25"/>
      </symbol>
      <symbol id="sm-4cc">
         <name>calloc</name>
         <value>0x6d99</value>
         <object_component_ref idref="oc-2a"/>
      </symbol>
      <symbol id="sm-4cd">
         <name>realloc</name>
         <value>0x8fe9</value>
         <object_component_ref idref="oc-2b"/>
      </symbol>
      <symbol id="sm-4ce">
         <name>free</name>
         <value>0x8f35</value>
         <object_component_ref idref="oc-2c"/>
      </symbol>
      <symbol id="sm-4cf">
         <name>memalign</name>
         <value>0x8fdd</value>
         <object_component_ref idref="oc-2d"/>
      </symbol>
      <symbol id="sm-4d0">
         <name>aligned_alloc</name>
         <value>0x8ea5</value>
         <object_component_ref idref="oc-2e"/>
      </symbol>
      <symbol id="sm-4f4">
         <name>pthread_attr_init</name>
         <value>0x8d29</value>
         <object_component_ref idref="oc-117"/>
      </symbol>
      <symbol id="sm-4f5">
         <name>pthread_attr_setdetachstate</name>
         <value>0x8827</value>
         <object_component_ref idref="oc-11d"/>
      </symbol>
      <symbol id="sm-4f6">
         <name>pthread_attr_setschedparam</name>
         <value>0x85d5</value>
         <object_component_ref idref="oc-11c"/>
      </symbol>
      <symbol id="sm-4f7">
         <name>pthread_attr_setstacksize</name>
         <value>0x8ee1</value>
         <object_component_ref idref="oc-11e"/>
      </symbol>
      <symbol id="sm-4f8">
         <name>_pthread_cleanup_pop</name>
         <value>0x88dd</value>
         <object_component_ref idref="oc-312"/>
      </symbol>
      <symbol id="sm-4f9">
         <name>pthread_create</name>
         <value>0x398d</value>
         <object_component_ref idref="oc-11f"/>
      </symbol>
      <symbol id="sm-4fa">
         <name>pthread_exit</name>
         <value>0x7251</value>
         <object_component_ref idref="oc-25c"/>
      </symbol>
      <symbol id="sm-4fb">
         <name>pthread_self</name>
         <value>0x8da9</value>
         <object_component_ref idref="oc-310"/>
      </symbol>
      <symbol id="sm-4fc">
         <name>pthread_setcancelstate</name>
         <value>0x77f5</value>
         <object_component_ref idref="oc-311"/>
      </symbol>
      <symbol id="sm-506">
         <name>usleep</name>
         <value>0x7c8d</value>
         <object_component_ref idref="oc-1bc"/>
      </symbol>
      <symbol id="sm-50f">
         <name>ClockP_getSystemTickPeriod</name>
         <value>0x907f</value>
         <object_component_ref idref="oc-237"/>
      </symbol>
      <symbol id="sm-524">
         <name>vApplicationGetIdleTaskMemory</name>
         <value>0x8a31</value>
         <object_component_ref idref="oc-25d"/>
      </symbol>
      <symbol id="sm-525">
         <name>vApplicationGetTimerTaskMemory</name>
         <value>0x8a59</value>
         <object_component_ref idref="oc-267"/>
      </symbol>
      <symbol id="sm-548">
         <name>pvPortMalloc</name>
         <value>0x11a9</value>
         <object_component_ref idref="oc-66"/>
      </symbol>
      <symbol id="sm-549">
         <name>vPortFree</name>
         <value>0x50a5</value>
         <object_component_ref idref="oc-76"/>
      </symbol>
      <symbol id="sm-55a">
         <name>vListInitialise</name>
         <value>0x8935</value>
         <object_component_ref idref="oc-31e"/>
      </symbol>
      <symbol id="sm-55b">
         <name>vListInitialiseItem</name>
         <value>0x8f9f</value>
         <object_component_ref idref="oc-396"/>
      </symbol>
      <symbol id="sm-55c">
         <name>vListInsertEnd</name>
         <value>0x8373</value>
         <object_component_ref idref="oc-39c"/>
      </symbol>
      <symbol id="sm-55d">
         <name>vListInsert</name>
         <value>0x7405</value>
         <object_component_ref idref="oc-333"/>
      </symbol>
      <symbol id="sm-55e">
         <name>uxListRemove</name>
         <value>0x7e9d</value>
         <object_component_ref idref="oc-332"/>
      </symbol>
      <symbol id="sm-569">
         <name>__aeabi_errno_addr</name>
         <value>0x7a01</value>
         <object_component_ref idref="oc-62"/>
      </symbol>
      <symbol id="sm-574">
         <name>DL_ADC12_setClockConfig</name>
         <value>0x810d</value>
         <object_component_ref idref="oc-38f"/>
      </symbol>
      <symbol id="sm-57d">
         <name>DL_Common_delayCycles</name>
         <value>0x9021</value>
         <object_component_ref idref="oc-227"/>
      </symbol>
      <symbol id="sm-596">
         <name>DL_I2C_setClockConfig</name>
         <value>0x8aa9</value>
         <object_component_ref idref="oc-291"/>
      </symbol>
      <symbol id="sm-597">
         <name>DL_I2C_fillControllerTXFIFO</name>
         <value>0x7739</value>
         <object_component_ref idref="oc-364"/>
      </symbol>
      <symbol id="sm-598">
         <name>DL_I2C_flushControllerTXFIFO</name>
         <value>0x8249</value>
         <object_component_ref idref="oc-297"/>
      </symbol>
      <symbol id="sm-599">
         <name>DL_I2C_flushControllerRXFIFO</name>
         <value>0x86d9</value>
         <object_component_ref idref="oc-298"/>
      </symbol>
      <symbol id="sm-59a">
         <name>DL_I2C_flushTargetTXFIFO</name>
         <value>0x8285</value>
         <object_component_ref idref="oc-376"/>
      </symbol>
      <symbol id="sm-59b">
         <name>DL_I2C_flushTargetRXFIFO</name>
         <value>0x8709</value>
         <object_component_ref idref="oc-377"/>
      </symbol>
      <symbol id="sm-5ac">
         <name>DL_Interrupt_registerInterrupt</name>
         <value>0x66b1</value>
         <object_component_ref idref="oc-355"/>
      </symbol>
      <symbol id="sm-5ad">
         <name>DL_Interrupt_unregisterInterrupt</name>
         <value>0x8df1</value>
         <object_component_ref idref="oc-371"/>
      </symbol>
      <symbol id="sm-5b8">
         <name>DL_SYSCTL_switchMCLKfromLFCLKtoSYSOSC</name>
         <value>0x83e5</value>
         <object_component_ref idref="oc-22b"/>
      </symbol>
      <symbol id="sm-5c2">
         <name>sqrt</name>
         <value>0x33f9</value>
         <object_component_ref idref="oc-287"/>
      </symbol>
      <symbol id="sm-5c3">
         <name>sqrtl</name>
         <value>0x33f9</value>
         <object_component_ref idref="oc-287"/>
      </symbol>
      <symbol id="sm-5cd">
         <name>lround</name>
         <value>0x7b4d</value>
         <object_component_ref idref="oc-28b"/>
      </symbol>
      <symbol id="sm-5d9">
         <name>_c_int00_noargs</name>
         <value>0x8a81</value>
         <object_component_ref idref="oc-90"/>
      </symbol>
      <symbol id="sm-5da">
         <name>__stack</name>
         <value>0x20207e00</value>
         <object_component_ref idref="oc-2f"/>
      </symbol>
      <symbol id="sm-5e6">
         <name>__TI_auto_init_nobinit_nopinit</name>
         <value>0x82fd</value>
         <object_component_ref idref="oc-13c"/>
      </symbol>
      <symbol id="sm-5ee">
         <name>_system_pre_init</name>
         <value>0x9095</value>
         <object_component_ref idref="oc-c3"/>
      </symbol>
      <symbol id="sm-5f9">
         <name>__TI_zero_init</name>
         <value>0x8f71</value>
         <object_component_ref idref="oc-8d"/>
      </symbol>
      <symbol id="sm-602">
         <name>__TI_decompress_none</name>
         <value>0x8ef3</value>
         <object_component_ref idref="oc-35"/>
      </symbol>
      <symbol id="sm-60d">
         <name>__TI_decompress_lzss</name>
         <value>0x6f89</value>
         <object_component_ref idref="oc-31"/>
      </symbol>
      <symbol id="sm-616">
         <name>__softfloat_float_raise</name>
         <value>0x9035</value>
         <object_component_ref idref="oc-34e"/>
      </symbol>
      <symbol id="sm-624">
         <name>round</name>
         <value>0x6091</value>
         <object_component_ref idref="oc-344"/>
      </symbol>
      <symbol id="sm-625">
         <name>roundl</name>
         <value>0x6091</value>
         <object_component_ref idref="oc-344"/>
      </symbol>
      <symbol id="sm-62f">
         <name>abort</name>
         <value>0x908b</value>
         <object_component_ref idref="oc-135"/>
      </symbol>
      <symbol id="sm-638">
         <name>_nop</name>
         <value>0x5e8f</value>
         <object_component_ref idref="oc-2d5"/>
      </symbol>
      <symbol id="sm-639">
         <name>_lock</name>
         <value>0x20202070</value>
         <object_component_ref idref="oc-21d"/>
      </symbol>
      <symbol id="sm-649">
         <name>raise</name>
         <value>0x8909</value>
         <object_component_ref idref="oc-3b4"/>
      </symbol>
      <symbol id="sm-64a">
         <name>signal</name>
         <value>0x8609</value>
         <object_component_ref idref="oc-3cb"/>
      </symbol>
      <symbol id="sm-654">
         <name>floor</name>
         <value>0x3ad9</value>
         <object_component_ref idref="oc-3ac"/>
      </symbol>
      <symbol id="sm-655">
         <name>floorl</name>
         <value>0x3ad9</value>
         <object_component_ref idref="oc-3ac"/>
      </symbol>
      <symbol id="sm-65d">
         <name>HOSTexit</name>
         <value>0x8b3d</value>
         <object_component_ref idref="oc-217"/>
      </symbol>
      <symbol id="sm-65e">
         <name>C$$EXIT</name>
         <value>0x8b3c</value>
         <object_component_ref idref="oc-217"/>
      </symbol>
      <symbol id="sm-664">
         <name>__aeabi_dadd</name>
         <value>0x30df</value>
         <object_component_ref idref="oc-27f"/>
      </symbol>
      <symbol id="sm-665">
         <name>__adddf3</name>
         <value>0x30df</value>
         <object_component_ref idref="oc-27f"/>
      </symbol>
      <symbol id="sm-666">
         <name>__aeabi_dsub</name>
         <value>0x30d5</value>
         <object_component_ref idref="oc-27f"/>
      </symbol>
      <symbol id="sm-667">
         <name>__subdf3</name>
         <value>0x30d5</value>
         <object_component_ref idref="oc-27f"/>
      </symbol>
      <symbol id="sm-670">
         <name>__aeabi_dmul</name>
         <value>0x545d</value>
         <object_component_ref idref="oc-283"/>
      </symbol>
      <symbol id="sm-671">
         <name>__muldf3</name>
         <value>0x545d</value>
         <object_component_ref idref="oc-283"/>
      </symbol>
      <symbol id="sm-677">
         <name>__muldsi3</name>
         <value>0x8339</value>
         <object_component_ref idref="oc-2b4"/>
      </symbol>
      <symbol id="sm-67d">
         <name>__aeabi_ddiv</name>
         <value>0x4671</value>
         <object_component_ref idref="oc-277"/>
      </symbol>
      <symbol id="sm-67e">
         <name>__divdf3</name>
         <value>0x4671</value>
         <object_component_ref idref="oc-277"/>
      </symbol>
      <symbol id="sm-684">
         <name>__aeabi_d2iz</name>
         <value>0x7d79</value>
         <object_component_ref idref="oc-34a"/>
      </symbol>
      <symbol id="sm-685">
         <name>__fixdfsi</name>
         <value>0x7d79</value>
         <object_component_ref idref="oc-34a"/>
      </symbol>
      <symbol id="sm-68b">
         <name>__aeabi_ui2d</name>
         <value>0x8b65</value>
         <object_component_ref idref="oc-273"/>
      </symbol>
      <symbol id="sm-68c">
         <name>__floatunsidf</name>
         <value>0x8b65</value>
         <object_component_ref idref="oc-273"/>
      </symbol>
      <symbol id="sm-692">
         <name>__aeabi_lmul</name>
         <value>0x8b89</value>
         <object_component_ref idref="oc-1d8"/>
      </symbol>
      <symbol id="sm-693">
         <name>__muldi3</name>
         <value>0x8b89</value>
         <object_component_ref idref="oc-1d8"/>
      </symbol>
      <symbol id="sm-69c">
         <name>__clzsi2</name>
         <value>0x78a9</value>
         <object_component_ref idref="oc-2f9"/>
      </symbol>
      <symbol id="sm-6a2">
         <name>__aeabi_dcmpeq</name>
         <value>0x7615</value>
         <object_component_ref idref="oc-27b"/>
      </symbol>
      <symbol id="sm-6a3">
         <name>__aeabi_dcmplt</name>
         <value>0x7629</value>
         <object_component_ref idref="oc-27b"/>
      </symbol>
      <symbol id="sm-6a4">
         <name>__aeabi_dcmple</name>
         <value>0x763d</value>
         <object_component_ref idref="oc-27b"/>
      </symbol>
      <symbol id="sm-6a5">
         <name>__aeabi_dcmpge</name>
         <value>0x7651</value>
         <object_component_ref idref="oc-27b"/>
      </symbol>
      <symbol id="sm-6a6">
         <name>__aeabi_dcmpgt</name>
         <value>0x7665</value>
         <object_component_ref idref="oc-27b"/>
      </symbol>
      <symbol id="sm-6ac">
         <name>__aeabi_ldivmod</name>
         <value>0x8e7d</value>
         <object_component_ref idref="oc-1dc"/>
      </symbol>
      <symbol id="sm-6b2">
         <name>__aeabi_memcpy</name>
         <value>0x9069</value>
         <object_component_ref idref="oc-80"/>
      </symbol>
      <symbol id="sm-6b3">
         <name>__aeabi_memcpy4</name>
         <value>0x9069</value>
         <object_component_ref idref="oc-80"/>
      </symbol>
      <symbol id="sm-6b4">
         <name>__aeabi_memcpy8</name>
         <value>0x9069</value>
         <object_component_ref idref="oc-80"/>
      </symbol>
      <symbol id="sm-6bd">
         <name>__aeabi_memset</name>
         <value>0x8f91</value>
         <object_component_ref idref="oc-395"/>
      </symbol>
      <symbol id="sm-6be">
         <name>__aeabi_memset4</name>
         <value>0x8f91</value>
         <object_component_ref idref="oc-395"/>
      </symbol>
      <symbol id="sm-6bf">
         <name>__aeabi_memset8</name>
         <value>0x8f91</value>
         <object_component_ref idref="oc-395"/>
      </symbol>
      <symbol id="sm-6c0">
         <name>__aeabi_memclr</name>
         <value>0x8fd1</value>
         <object_component_ref idref="oc-71"/>
      </symbol>
      <symbol id="sm-6c1">
         <name>__aeabi_memclr4</name>
         <value>0x8fd1</value>
         <object_component_ref idref="oc-71"/>
      </symbol>
      <symbol id="sm-6c2">
         <name>__aeabi_memclr8</name>
         <value>0x8fd1</value>
         <object_component_ref idref="oc-71"/>
      </symbol>
      <symbol id="sm-6c8">
         <name>__aeabi_uidiv</name>
         <value>0x818d</value>
         <object_component_ref idref="oc-6d"/>
      </symbol>
      <symbol id="sm-6c9">
         <name>__aeabi_uidivmod</name>
         <value>0x818d</value>
         <object_component_ref idref="oc-6d"/>
      </symbol>
      <symbol id="sm-6cf">
         <name>__aeabi_uldivmod</name>
         <value>0x8e91</value>
         <object_component_ref idref="oc-23c"/>
      </symbol>
      <symbol id="sm-6d5">
         <name>__udivmoddi4</name>
         <value>0x6139</value>
         <object_component_ref idref="oc-2ef"/>
      </symbol>
      <symbol id="sm-6db">
         <name>__aeabi_llsl</name>
         <value>0x8c95</value>
         <object_component_ref idref="oc-385"/>
      </symbol>
      <symbol id="sm-6dc">
         <name>__ashldi3</name>
         <value>0x8c95</value>
         <object_component_ref idref="oc-385"/>
      </symbol>
      <symbol id="sm-6ea">
         <name>__ledf2</name>
         <value>0x74dd</value>
         <object_component_ref idref="oc-337"/>
      </symbol>
      <symbol id="sm-6eb">
         <name>__gedf2</name>
         <value>0x7169</value>
         <object_component_ref idref="oc-33d"/>
      </symbol>
      <symbol id="sm-6ec">
         <name>__cmpdf2</name>
         <value>0x74dd</value>
         <object_component_ref idref="oc-337"/>
      </symbol>
      <symbol id="sm-6ed">
         <name>__eqdf2</name>
         <value>0x74dd</value>
         <object_component_ref idref="oc-337"/>
      </symbol>
      <symbol id="sm-6ee">
         <name>__ltdf2</name>
         <value>0x74dd</value>
         <object_component_ref idref="oc-337"/>
      </symbol>
      <symbol id="sm-6ef">
         <name>__nedf2</name>
         <value>0x74dd</value>
         <object_component_ref idref="oc-337"/>
      </symbol>
      <symbol id="sm-6f0">
         <name>__gtdf2</name>
         <value>0x7169</value>
         <object_component_ref idref="oc-33d"/>
      </symbol>
      <symbol id="sm-6f9">
         <name>__divmoddi4</name>
         <value>0x81cd</value>
         <object_component_ref idref="oc-2b9"/>
      </symbol>
      <symbol id="sm-705">
         <name>__aeabi_idiv0</name>
         <value>0x4daf</value>
         <object_component_ref idref="oc-b5"/>
      </symbol>
      <symbol id="sm-706">
         <name>__aeabi_ldiv0</name>
         <value>0x5c77</value>
         <object_component_ref idref="oc-384"/>
      </symbol>
      <symbol id="sm-71f">
         <name>memcpy</name>
         <value>0x6459</value>
         <object_component_ref idref="oc-f2"/>
      </symbol>
      <symbol id="sm-72e">
         <name>memset</name>
         <value>0x7677</value>
         <object_component_ref idref="oc-ec"/>
      </symbol>
      <symbol id="sm-72f">
         <name>__TI_static_base__</name>
         <value>0x0</value>
      </symbol>
      <symbol id="sm-733">
         <name>__mpu_init</name>
         <value>0x0</value>
      </symbol>
      <symbol id="sm-734">
         <name>_system_post_cinit</name>
         <value>0x0</value>
      </symbol>
   </symbol_table>
   <title>Link successful</title>
</link_info>
