******************************************************************************
            TI ARM Clang Linker PC v4.0.4                      
******************************************************************************
>> Linked Sun Feb  1 10:59:15 2026

OUTPUT FILE NAME:   <i2c_target_LP_MSPM0G3507_freertos_ticlang.out>
ENTRY POINT SYMBOL: "_c_int00_noargs"  address: 00008909


MEMORY CONFIGURATION

         name            origin    length      used     unused   attr    fill
----------------------  --------  ---------  --------  --------  ----  --------
  FLASH                 00000000   00020000  00009848  000167b8  R  X
  SRAM                  20200000   00008000  00002261  00005d9f  RW X
  BCR_CONFIG            41c00000   000000ff  00000000  000000ff  R   
  BSL_CONFIG            41c00100   00000080  00000000  00000080  R   


SEGMENT ALLOCATION MAP

run origin  load origin   length   init length attrs members
----------  ----------- ---------- ----------- ----- -------
00000000    00000000    00009848   00009848    r-x
  00000000    00000000    000000c0   000000c0    r-- .intvecs
  000000c0    000000c0    00008e80   00008e80    r-x .text
  00008f40    00008f40    000008a8   000008a8    r-- .rodata
  000097e8    000097e8    00000060   00000060    r-- .cinit
20200000    20200000    00001fa1   00000000    rw-
  20200000    20200000    00001cc0   00000000    rw- .bss
  20201cc0    20201cc0    000002e1   00000000    rw- .data
20202000    20202000    000000c0   00000000    rw-
  20202000    20202000    000000c0   00000000    rw- .vtable
20207e00    20207e00    00000200   00000000    rw-
  20207e00    20207e00    00000200   00000000    rw- .stack


SECTION ALLOCATION MAP

 output                                  attributes/
section   page    origin      length       input sections
--------  ----  ----------  ----------   ----------------
.intvecs   0    00000000    000000c0     
                  00000000    000000c0     startup_mspm0g350x_ticlang.o (.intvecs)

.text      0    000000c0    00008e80     
                  000000c0    000006c0     i2ccontroller.o (.text.i2cControllerThread)
                  00000780    00000584     pt100.o (.text.PT100_convert_adc_uV_to_temp_x10)
                  00000d04    00000494     SEGGER_RTT_printf.o (.text.SEGGER_RTT_vprintf)
                  00001198    00000324     i2ctargetApp.o (.text.cmdHandler)
                  000014bc    00000294     freertos_builds_LP_MSPM0G3507_release_ticlang.lib : heap_4.o (.text.pvPortMalloc)
                  00001750    00000224     drivers_mspm0g1x0x_g3x0x.a : GPIOMSPM0.o (.text.GPIO_setConfigAndMux)
                  00001974    00000220     SEGGER_RTT_printf.o (.text._PrintUnsigned)
                  00001b94    00000210     freertos_builds_LP_MSPM0G3507_release_ticlang.lib : tasks.o (.text.xTaskIncrementTick)
                  00001da4    000001f8                                                       : tasks.o (.text.xTaskResumeAll)
                  00001f9c    000001f4     drivers_mspm0g1x0x_g3x0x.a : I2CMSPM0.o (.text.I2C_open)
                  00002190    000001ec                                : ADCMSPM0.o (.text.ADCMSPM0_convertChain)
                  0000237c    000001de     freertos_builds_LP_MSPM0G3507_release_ticlang.lib : queue.o (.text.xQueueSemaphoreTake)
                  0000255a    00000002     startup_mspm0g350x_ticlang.o (.text.Default_Handler)
                  0000255c    000001dc     drivers_mspm0g1x0x_g3x0x.a : I2CMSPM0.o (.text.I2CMSPM0_hwiFxn)
                  00002738    000001d2     freertos_builds_LP_MSPM0G3507_release_ticlang.lib : queue.o (.text.xQueueGenericSend)
                  0000290a    00000002     drivers_mspm0g1x0x_g3x0x.a : I2CMSPM0.o (.text.I2CSupport_powerRelConstraint)
                  0000290c    000001b0     freertos_builds_LP_MSPM0G3507_release_ticlang.lib : tasks.o (.text.vTaskGenericNotifyGiveFromISR)
                  00002abc    000001a4                                                       : queue.o (.text.xQueueReceive)
                  00002c60    000001a0                                                       : port.o (.text.vPortSuppressTicksAndSleep)
                  00002e00    00000198     drivers_mspm0g1x0x_g3x0x.a : ADCMSPM0.o (.text.ADCMSPM0_open)
                  00002f98    00000192     libclang_rt.builtins.a : adddf3.S.obj (.text.adddf3_subdf3)
                  0000312a    00000002     drivers_mspm0g1x0x_g3x0x.a : I2CMSPM0.o (.text.I2CSupport_powerSetConstraint)
                  0000312c    00000190     pt100.o (.text.pt100Thread)
                  000032bc    00000190     freertos_builds_LP_MSPM0G3507_release_ticlang.lib : tasks.o (.text.xTaskRemoveFromEventList)
                  0000344c    00000170     libc.a : e_sqrt.c.obj (.text.sqrt)
                  000035bc    00000164     drivers_mspm0g1x0x_g3x0x.a : GPIOMSPM0.o (.text.GPIO_init)
                  00003720    00000164     SEGGER_RTT.o (.text.SEGGER_RTT_WriteNoLock)
                  00003884    0000015c     freertos_builds_LP_MSPM0G3507_release_ticlang.lib : timers.o (.text.prvProcessReceivedCommands)
                  000039e0    0000014c                                                       : pthread.o (.text.pthread_create)
                  00003b2c    00000144     libc.a : s_floor.c.obj (.text.floor)
                  00003c70    00000144     freertos_builds_LP_MSPM0G3507_release_ticlang.lib : tasks.o (.text.vTaskPriorityDisinheritAfterTimeout)
                  00003db4    0000012e     nas2300.o (.text.NAS2300_init)
                  00003ee2    0000012c     drivers_mspm0g1x0x_g3x0x.a : I2C.o (.text.I2C_transferTimeout)
                  0000400e    00000002                                : I2C.o (.text.I2C_init)
                  00004010    00000128     freertos_builds_LP_MSPM0G3507_release_ticlang.lib : tasks.o (.text.prvAddNewTaskToReadyList)
                  00004138    00000128                                                       : tasks.o (.text.xTaskPriorityInherit)
                  00004260    00000124                                                       : tasks.o (.text.vTaskSuspend)
                  00004384    0000011c                                                       : tasks.o (.text.vTaskDelete)
                  000044a0    00000114                                                       : port.o (.text.pxPortInitialiseStack)
                  000045b4    0000010e                                                       : queue.o (.text.xQueueGiveFromISR)
                  000046c2    00000002     ti_msp_dl_config.o (.text.SYSCFG_DL_GPIO_init)
                  000046c4    0000010c     libclang_rt.builtins.a : divdf3.S.obj (.text.__divdf3)
                  000047d0    0000010c     freertos_builds_LP_MSPM0G3507_release_ticlang.lib : heap_4.o (.text.prvInsertBlockIntoFreeList)
                  000048dc    0000010c                                                       : tasks.o (.text.vTaskSwitchContext)
                  000049e8    00000108     drivers_mspm0g1x0x_g3x0x.a : I2CMSPM0.o (.text.I2CMSPM0_primeWriteBurst)
                  00004af0    00000108     freertos_builds_LP_MSPM0G3507_release_ticlang.lib : tasks.o (.text.xTaskPriorityDisinherit)
                  00004bf8    00000106                                                       : queue.o (.text.xQueueReceiveFromISR)
                  00004cfe    00000104                                                       : tasks.o (.text.prvInitialiseNewTask)
                  00004e02    00000002     libclang_rt.builtins.a : aeabi_div0.c.obj (.text.__aeabi_idiv0)
                  00004e04    00000100     freertos_builds_LP_MSPM0G3507_release_ticlang.lib : tasks.o (.text.ulTaskGenericNotifyTake)
                  00004f04    000000f8     drivers_mspm0g1x0x_g3x0x.a : GPIOMSPM0.o (.text.GPIO_hwiIntFxn)
                  00004ffc    000000f8     freertos_builds_LP_MSPM0G3507_release_ticlang.lib : heap_4.o (.text.vPortFree)
                  000050f4    000000ec     drivers_mspm0g1x0x_g3x0x.a : I2CMSPM0.o (.text.I2CMSPM0_primeReadBurst)
                  000051e0    000000ec                                : I2CTargetMSPM0.o (.text.I2CTargetMSPM0_configHw)
                  000052cc    000000ec     i2ctargetApp.o (.text.crc16_modbus)
                  000053b8    000000e8     drivers_mspm0g1x0x_g3x0x.a : I2CTargetMSPM0.o (.text.I2CTargetMSPM0_hwiFxn)
                  000054a0    000000e4     libclang_rt.builtins.a : muldf3.S.obj (.text.__muldf3)
                  00005584    000000e4     freertos_builds_LP_MSPM0G3507_release_ticlang.lib : tasks.o (.text.prvAddCurrentTaskToDelayedList)
                  00005668    000000e4                                                       : queue.o (.text.xQueueGenericReset)
                  0000574c    000000d4                                                       : queue.o (.text.prvCopyDataToQueue)
                  00005820    000000cc                                                       : tasks.o (.text.prvCreateIdleTasks)
                  000058ec    000000c4     drivers_mspm0g1x0x_g3x0x.a : I2CTargetMSPM0.o (.text.I2CTarget_open)
                  000059b0    000000bc     freertos_builds_LP_MSPM0G3507_release_ticlang.lib : HwiPMSPM0_freertos.o (.text.HwiP_construct)
                  00005a6c    000000b8     main_freertos.o (.text.main)
                  00005b24    000000b6     freertos_builds_LP_MSPM0G3507_release_ticlang.lib : queue.o (.text.prvUnlockQueue)
                  00005bda    00000002     libclang_rt.builtins.a : aeabi_div0.c.obj (.text.__aeabi_ldiv0)
                  00005bdc    000000b4     freertos_builds_LP_MSPM0G3507_release_ticlang.lib : tasks.o (.text.xTaskCheckForTimeOut)
                  00005c90    000000ae     nas2300.o (.text.NAS2300_waitDrdy)
                  00005d3e    00000002     libc.a : _lock.c.obj (.text._nop)
                  00005d40    000000ac     drivers_mspm0g1x0x_g3x0x.a : ADC.o (.text.ADC_init)
                  00005dec    000000ac                                : GPIOMSPM0.o (.text.GPIO_setInterruptConfig)
                  00005e98    000000a8     nas2300.o (.text.NAS2300_readPressureRaw24_single)
                  00005f40    000000a8     libc.a : s_round.c.obj (.text.round)
                  00005fe8    000000a2     libclang_rt.builtins.a : udivmoddi4.S.obj (.text)
                  0000608a    00000002     --HOLE-- [fill = 0]
                  0000608c    000000a0     SEGGER_RTT.o (.text.SEGGER_RTT_Write)
                  0000612c    000000a0     freertos_builds_LP_MSPM0G3507_release_ticlang.lib : heap_4.o (.text.prvHeapInit)
                  000061cc    000000a0                                                       : queue.o (.text.xQueueGenericCreateStatic)
                  0000626c    0000009c     drivers_mspm0g1x0x_g3x0x.a : I2CMSPM0.o (.text.I2CMSPM0_completeTransfer)
                  00006308    0000009a     libc.a : memcpy16.S.obj (.text:memcpy)
                  000063a2    00000098     freertos_builds_LP_MSPM0G3507_release_ticlang.lib : tasks.o (.text.prvCreateStaticTask)
                  0000643a    00000094                                                       : queue.o (.text.xQueueGenericCreate)
                  000064ce    00000092     nas2300.o (.text.NAS2300_startSinglePressureConversion)
                  00006560    00000090     driverlib.a : dl_interrupt.o (.text.DL_Interrupt_registerInterrupt)
                  000065f0    00000090     i2ctargetApp.o (.text.i2cTargetCallback)
                  00006680    0000008c     freertos_builds_LP_MSPM0G3507_release_ticlang.lib : timers.o (.text.prvProcessTimerOrBlockTask)
                  0000670c    0000008c                                                       : pthread.o (.text.removeThreadKeys)
                  00006798    0000008a                                                       : SemaphoreP_freertos.o (.text.SemaphoreP_pend)
                  00006822    00000002     --HOLE-- [fill = 0]
                  00006824    00000088     i2ccontroller.o (.text.i2cErrorHandler)
                  000068ac    00000088     i2ctargetApp.o (.text.mainThread)
                  00006934    00000084     drivers_mspm0g1x0x_g3x0x.a : ADCMSPM0.o (.text.ADCMSPM0_convert)
                  000069b8    00000084     freertos_builds_LP_MSPM0G3507_release_ticlang.lib : HwiPMSPM0_freertos.o (.text.__NVIC_SetPriority)
                  00006a3c    00000084                                                       : tasks.o (.text.prvCreateTask)
                  00006ac0    00000084                                                       : timers.o (.text.prvInsertTimerInActiveList)
                  00006b44    00000084                                                       : tasks.o (.text.vTaskStepTick)
                  00006bc8    00000080                                                       : port.o (.text.xPortStartScheduler)
                  00006c48    0000007c                                                       : memory.o (.text.calloc)
                  00006cc4    0000007c                                                       : tasks.o (.text.eTaskConfirmSleepModeStatus)
                  00006d40    0000007c                                                       : tasks.o (.text.prvInitialiseTaskLists)
                  00006dbc    0000007c                                                       : timers.o (.text.xTimerCreateTimerTask)
                  00006e38    0000007c     libc.a : copy_decompress_lzss.c.obj (.text:decompress:lzss)
                  00006eb4    00000078     SEGGER_RTT.o (.text.SEGGER_RTT_Init)
                  00006f2c    00000078     freertos_builds_LP_MSPM0G3507_release_ticlang.lib : tasks.o (.text.prvGetExpectedIdleTime)
                  00006fa4    00000074     drivers_mspm0g1x0x_g3x0x.a : I2CMSPM0.o (.text.I2CSupport_primeTransfer)
                  00007018    00000074     libclang_rt.builtins.a : comparedf2.c.obj (.text.__gedf2)
                  0000708c    00000074     freertos_builds_LP_MSPM0G3507_release_ticlang.lib : tasks.o (.text.vTaskPlaceOnEventListRestricted)
                  00007100    0000006e                                                       : pthread.o (.text.pthread_exit)
                  0000716e    00000002     --HOLE-- [fill = 0]
                  00007170    0000006c     drivers_mspm0g1x0x_g3x0x.a : GPIOMSPM0.o (.text.GPIO_write)
                  000071dc    0000006c     nas2300.o (.text.NAS2300_readPressureRaw24_burst)
                  00007248    0000006c     freertos_builds_LP_MSPM0G3507_release_ticlang.lib : timers.o (.text.prvCheckForValidListAndQueue)
                  000072b4    0000006c                                                       : list.o (.text.vListInsert)
                  00007320    0000006a                                                       : queue.o (.text.vQueueWaitForMessageRestricted)
                  0000738a    00000002     --HOLE-- [fill = 0]
                  0000738c    00000068     libclang_rt.builtins.a : comparedf2.c.obj (.text.__ledf2)
                  000073f4    00000068     freertos_builds_LP_MSPM0G3507_release_ticlang.lib : tasks.o (.text.vTaskStartScheduler)
                  0000745c    00000062     libclang_rt.builtins.a : aeabi_dcmp.S.obj (.text.__aeabi_dcmp)
                  000074be    00000062     libc.a : memset16.S.obj (.text:memset)
                  00007520    00000060     freertos_builds_LP_MSPM0G3507_release_ticlang.lib : tasks.o (.text.pvTaskGetThreadLocalStoragePointer)
                  00007580    0000005e     driverlib.a : dl_i2c.o (.text.DL_I2C_fillControllerTXFIFO)
                  000075de    00000002     --HOLE-- [fill = 0]
                  000075e0    0000005c     freertos_builds_LP_MSPM0G3507_release_ticlang.lib : tasks.o (.text.prvIdleTask)
                  0000763c    0000005a                                                       : pthread.o (.text.pthread_setcancelstate)
                  00007696    00000002     --HOLE-- [fill = 0]
                  00007698    00000058     drivers_mspm0g1x0x_g3x0x.a : I2CMSPM0.o (.text.I2C_close)
                  000076f0    00000058     libclang_rt.builtins.a : clzsi2.c.obj (.text.__clzsi2)
                  00007748    00000058     freertos_builds_LP_MSPM0G3507_release_ticlang.lib : tasks.o (.text.vTaskSetThreadLocalStoragePointer)
                  000077a0    00000054     drivers_mspm0g1x0x_g3x0x.a : GPIOMSPM0.o (.text.GPIO_disableInt)
                  000077f4    00000054     ti_msp_dl_config.o (.text.SYSCFG_DL_SYSCTL_init)
                  00007848    00000054     freertos_builds_LP_MSPM0G3507_release_ticlang.lib : aeabi_portable.o (.text.__aeabi_errno_addr)
                  0000789c    00000054                                                       : port.o (.text.vPortSetupTimerInterrupt)
                  000078f0    00000052     nas2300.o (.text.NAS2300_readReg8)
                  00007942    00000002     --HOLE-- [fill = 0]
                  00007944    00000050     drivers_mspm0g1x0x_g3x0x.a : I2CMSPM0.o (.text.I2CMSPM0_readReceiveFifo)
                  00007994    00000050     libc.a : s_lround.c.obj (.text.lround)
                  000079e4    00000050     freertos_builds_LP_MSPM0G3507_release_ticlang.lib : tasks.o (.text.prvCheckTasksWaitingTermination)
                  00007a34    00000050                                                       : tasks.o (.text.prvDeleteTCB)
                  00007a84    00000050                                                       : timers.o (.text.prvProcessExpiredTimer)
                  00007ad4    00000050                                                       : sleep.o (.text.usleep)
                  00007b24    00000050                                                       : tasks.o (.text.vTaskDelay)
                  00007b74    0000004c                                                       : tasks.o (.text.xTaskCreateStatic)
                  00007bc0    0000004a     libclang_rt.builtins.a : fixdfsi.S.obj (.text.__fixdfsi)
                  00007c0a    0000004a     freertos_builds_LP_MSPM0G3507_release_ticlang.lib : memory.o (.text.malloc)
                  00007c54    00000048     ti_msp_dl_config.o (.text.SYSCFG_DL_initPower)
                  00007c9c    00000048     freertos_builds_LP_MSPM0G3507_release_ticlang.lib : sleep.o (.text.sleep)
                  00007ce4    00000048                                                       : list.o (.text.uxListRemove)
                  00007d2c    00000048                                                       : tasks.o (.text.xTaskCreate)
                  00007d74    00000048                                                       : tasks.o (.text.xTaskGetApplicationTaskTag)
                  00007dbc    00000046                                                       : queue.o (.text.prvInitialiseNewQueue)
                  00007e02    00000044                                                       : HwiPMSPM0_freertos.o (.text.HwiP_create)
                  00007e46    0000000a     drivers_mspm0g1x0x_g3x0x.a : ADC.o (.text.ADC_convert)
                  00007e50    00000044     freertos_builds_LP_MSPM0G3507_release_ticlang.lib : portasm.o (.text.PendSV_Handler)
                  00007e94    00000044                                                       : queue.o (.text.prvCopyDataFromQueue)
                  00007ed8    00000044                                                       : timers.o (.text.prvSwitchTimerLists)
                  00007f1c    00000040     drivers_mspm0g1x0x_g3x0x.a : ADC.o (.text.ADC_open)
                  00007f5c    00000040     driverlib.a : dl_adc12.o (.text.DL_ADC12_setClockConfig)
                  00007f9c    00000040     freertos_builds_LP_MSPM0G3507_release_ticlang.lib : SemaphoreP_freertos.o (.text.SemaphoreP_constructBinary)
                  00007fdc    00000040     libclang_rt.builtins.a : aeabi_uidivmod.S.obj (.text.__aeabi_uidivmod)
                  0000801c    0000003e                            : divmoddi4.c.obj (.text.__divmoddi4)
                  0000805a    00000002     --HOLE-- [fill = 0]
                  0000805c    0000003c     drivers_mspm0g1x0x_g3x0x.a : ADCMSPM0.o (.text.ADCMSPM0_convertToMicroVolts)
                  00008098    0000003c     driverlib.a : dl_i2c.o (.text.DL_I2C_flushControllerTXFIFO)
                  000080d4    0000003c                 : dl_i2c.o (.text.DL_I2C_flushTargetTXFIFO)
                  00008110    0000003c     freertos_builds_LP_MSPM0G3507_release_ticlang.lib : timers.o (.text.prvSampleTimeNow)
                  0000814c    0000003c     libc.a : autoinit.c.obj (.text:__TI_auto_init_nobinit_nopinit)
                  00008188    0000003a     libclang_rt.builtins.a : muldsi3.S.obj (.text.__muldsi3)
                  000081c2    0000003a     freertos_builds_LP_MSPM0G3507_release_ticlang.lib : list.o (.text.vListInsertEnd)
                  000081fc    00000038     drivers_mspm0g1x0x_g3x0x.a : ADCMSPM0.o (.text.ADCMSPM0_close)
                  00008234    00000038     driverlib.a : dl_sysctl_mspm0g1x0x_g3x0x.o (.text.DL_SYSCTL_switchMCLKfromLFCLKtoSYSOSC)
                  0000826c    00000038     drivers_mspm0g1x0x_g3x0x.a : GPIO.o (.text.GPIO_resetConfig)
                  000082a4    00000038     freertos_builds_LP_MSPM0G3507_release_ticlang.lib : HwiPMSPM0_freertos.o (.text.HwiP_dispatch)
                  000082dc    00000038                                                       : SemaphoreP_freertos.o (.text.SemaphoreP_createBinary)
                  00008314    00000038     hdd_i2c_payload_manager.o (.text.payloadManagerThread)
                  0000834c    00000038     freertos_builds_LP_MSPM0G3507_release_ticlang.lib : timers.o (.text.prvGetNextExpireTime)
                  00008384    00000038                                                       : tasks.o (.text.xTaskGetSchedulerState)
                  000083bc    00000036                                                       : timers.o (.text.prvReloadTimer)
                  000083f2    00000002     --HOLE-- [fill = 0]
                  000083f4    00000034                                                       : HwiPMSPM0_freertos.o (.text.HwiP_disable)
                  00008428    00000034                                                       : HwiPMSPM0_freertos.o (.text.__NVIC_DisableIRQ)
                  0000845c    00000034                                                       : pthread.o (.text.pthread_attr_setschedparam)
                  00008490    00000034     libc.a : signal.c.obj (.text.signal)
                  000084c4    00000034     freertos_builds_LP_MSPM0G3507_release_ticlang.lib : tasks.o (.text.vTaskPlaceOnEventList)
                  000084f8    00000034                                                       : tasks.o (.text.vTaskSetApplicationTaskTag)
                  0000852c    00000032                                                       : queue.o (.text.vQueueDelete)
                  0000855e    00000002     --HOLE-- [fill = 0]
                  00008560    00000030     driverlib.a : dl_i2c.o (.text.DL_I2C_flushControllerRXFIFO)
                  00008590    00000030                 : dl_i2c.o (.text.DL_I2C_flushTargetRXFIFO)
                  000085c0    00000030     freertos_builds_LP_MSPM0G3507_release_ticlang.lib : HwiPMSPM0_freertos.o (.text.HwiP_inISR)
                  000085f0    00000030                                                       : port.o (.text.SysTick_Handler)
                  00008620    00000030                                                       : tasks.o (.text.prvResetNextTaskUnblockTime)
                  00008650    00000030                                                       : port.o (.text.prvTaskExitError)
                  00008680    0000002e                                                       : queue.o (.text.prvIsQueueFull)
                  000086ae    0000002e                                                       : pthread.o (.text.pthread_attr_setdetachstate)
                  000086dc    0000002e                                                       : port.o (.text.vPortSVCHandler_C)
                  0000870a    0000002c                                                       : SemaphoreP_freertos.o (.text.SemaphoreP_post)
                  00008736    00000002     --HOLE-- [fill = 0]
                  00008738    0000002c                                                       : HwiPMSPM0_freertos.o (.text.__NVIC_EnableIRQ)
                  00008764    0000002c                                                       : pthread.o (.text._pthread_cleanup_pop)
                  00008790    0000002c     libc.a : signal.c.obj (.text.raise)
                  000087bc    0000002c     freertos_builds_LP_MSPM0G3507_release_ticlang.lib : list.o (.text.vListInitialise)
                  000087e8    0000002c                                                       : port.o (.text.vPortExitCritical)
                  00008814    0000002a                                                       : queue.o (.text.prvIsQueueEmpty)
                  0000883e    00000028     drivers_mspm0g1x0x_g3x0x.a : I2C.o (.text.I2C_cancel)
                  00008866    00000002     --HOLE-- [fill = 0]
                  00008868    00000028     nas2300.o (.text.NAS2300_code24_to_uV)
                  00008890    00000028     freertos_builds_LP_MSPM0G3507_release_ticlang.lib : queue.o (.text.prvGetHighestPriorityOfWaitToReceiveList)
                  000088b8    00000028                                                       : StaticAllocs_freertos.o (.text.vApplicationGetIdleTaskMemory)
                  000088e0    00000028                                                       : StaticAllocs_freertos.o (.text.vApplicationGetTimerTaskMemory)
                  00008908    00000028     libc.a : boot_cortex_m.c.obj (.text:_c_int00_noargs)
                  00008930    00000026     driverlib.a : dl_i2c.o (.text.DL_I2C_setClockConfig)
                  00008956    00000024     freertos_builds_LP_MSPM0G3507_release_ticlang.lib : HwiPMSPM0_freertos.o (.text.HwiP_Params_init)
                  0000897a    00000002     --HOLE-- [fill = 0]
                  0000897c    00000024                                                       : HwiPMSPM0_freertos.o (.text.HwiP_restore)
                  000089a0    00000024                                                       : PTLS.o (.text.PTLS_taskDeleteHook)
                  000089c4    0000000c     drivers_mspm0g1x0x_g3x0x.a : I2CMSPM0.o (.text.I2CMSPM0_blockingCallback)
                  000089d0    00000024     freertos_builds_LP_MSPM0G3507_release_ticlang.lib : portasm.o (.text.SVC_Handler)
                  000089f4    00000024     libclang_rt.builtins.a : floatunsidf.S.obj (.text.__floatunsidf)
                  00008a18    00000024                            : muldi3.S.obj (.text.__muldi3)
                  00008a3c    00000024     freertos_builds_LP_MSPM0G3507_release_ticlang.lib : tasks.o (.text.pvTaskIncrementMutexHeldCount)
                  00008a60    00000024                                                       : portasm.o (.text.vRestoreContextOfFirstTask)
                  00008a84    00000020     startup_mspm0g350x_ticlang.o (.text.HardFault_Handler)
                  00008aa4    00000020     freertos_builds_LP_MSPM0G3507_release_ticlang.lib : HwiPMSPM0_freertos.o (.text.HwiP_destruct)
                  00008ac4    00000020     ti_msp_dl_config.o (.text.SYSCFG_DL_SYSCTL_CLK_init)
                  00008ae4    00000020     freertos_builds_LP_MSPM0G3507_release_ticlang.lib : tasks.o (.text.vTaskInternalSetTimeOutState)
                  00008b04    0000001e     SEGGER_RTT_printf.o (.text.SEGGER_RTT_printf)
                  00008b22    00000002     --HOLE-- [fill = 0]
                  00008b24    0000001e     libclang_rt.builtins.a : ashldi3.S.obj (.text.__ashldi3)
                  00008b42    0000001e     freertos_builds_LP_MSPM0G3507_release_ticlang.lib : pthread.o (.text._pthread_runStub)
                  00008b60    0000001e                                                       : timers.o (.text.prvTimerTask)
                  00008b7e    00000002     --HOLE-- [fill = 0]
                  00008b80    0000001c     drivers_mspm0g1x0x_g3x0x.a : GPIO.o (.text.GPIO_setCallback)
                  00008b9c    0000001c     nas2300.o (.text.NAS2300_decode_code24)
                  00008bb8    0000001c     nas2300.o (.text.NAS2300_publish_latest_p24)
                  00008bd4    0000001c     freertos_builds_LP_MSPM0G3507_release_ticlang.lib : pthread.o (.text.pthread_attr_init)
                  00008bf0    0000001a                                                       : PTLS.o (.text.PTLS_getBuf)
                  00008c0a    0000001a                                                       : PTLS.o (.text.PTLS_setBuf)
                  00008c24    00000018     nas2300.o (.text.NAS2300_publish_latest_force_uV)
                  00008c3c    00000018     startup_mspm0g350x_ticlang.o (.text.prvGetRegistersFromStack)
                  00008c54    00000018     freertos_builds_LP_MSPM0G3507_release_ticlang.lib : pthread.o (.text.pthread_self)
                  00008c6c    00000018                                                       : port.o (.text.vPortEnterCritical)
                  00008c84    00000018                                                       : port.o (.text.vPortYield)
                  00008c9c    00000014     driverlib.a : dl_interrupt.o (.text.DL_Interrupt_unregisterInterrupt)
                  00008cb0    00000014     freertos_builds_LP_MSPM0G3507_release_ticlang.lib : HwiPMSPM0_freertos.o (.text.HwiP_disableInterrupt)
                  00008cc4    00000014                                                       : HwiPMSPM0_freertos.o (.text.HwiP_enableInterrupt)
                  00008cd8    00000014     drivers_mspm0g1x0x_g3x0x.a : I2CMSPM0.o (.text.I2CSupport_controllerFinish)
                  00008cec    00000014                                : I2CTarget.o (.text.I2CTarget_Params_init)
                  00008d00    00000014     nas2300.o (.text.NAS2300_Config_init)
                  00008d14    00000014     ti_msp_dl_config.o (.text.SYSCFG_DL_init)
                  00008d28    00000014     libclang_rt.builtins.a : aeabi_ldivmod.S.obj (.text.__aeabi_ldivmod)
                  00008d3c    00000014                            : aeabi_uldivmod.S.obj (.text.__aeabi_uldivmod)
                  00008d50    00000014     freertos_builds_LP_MSPM0G3507_release_ticlang.lib : memory.o (.text.aligned_alloc)
                  00008d64    00000014                                                       : tasks.o (.text.xTaskGetCurrentTaskHandle)
                  00008d78    00000014                                                       : tasks.o (.text.xTaskGetTickCount)
                  00008d8c    00000012                                                       : pthread.o (.text.pthread_attr_setstacksize)
                  00008d9e    00000012     libc.a : copy_decompress_none.c.obj (.text:decompress:none)
                  00008db0    00000010     drivers_mspm0g1x0x_g3x0x.a : ADC.o (.text.ADC_Params_init)
                  00008dc0    00000010                                : I2C.o (.text.I2C_transfer)
                  00008dd0    00000010     freertos_builds_LP_MSPM0G3507_release_ticlang.lib : SemaphoreP_freertos.o (.text.SemaphoreP_delete)
                  00008de0    00000010                                                       : memory.o (.text.free)
                  00008df0    00000010                                                       : portasm.o (.text.vStartFirstTask)
                  00008e00    00000010                                                       : tasks.o (.text.vTaskSuspendAll)
                  00008e10    00000010     libc.a : copy_zero_init.c.obj (.text:decompress:ZI)
                  00008e20    0000000e     drivers_mspm0g1x0x_g3x0x.a : I2CTargetMSPM0.o (.text.I2CTarget_start)
                  00008e2e    00000002     --HOLE-- [fill = 0]
                  00008e30    0000000e     libclang_rt.builtins.a : aeabi_memset.S.obj (.text.__aeabi_memset)
                  00008e3e    0000000e     freertos_builds_LP_MSPM0G3507_release_ticlang.lib : list.o (.text.vListInitialiseItem)
                  00008e4c    0000000c     drivers_mspm0g1x0x_g3x0x.a : I2C.o (.text.I2C_Params_init)
                  00008e58    0000000c     i2ccontroller.o (.text.NSA2300_getTaskHandle)
                  00008e64    0000000c     pt100.o (.text.PT100_getTaskHandle)
                  00008e70    0000000c     libclang_rt.builtins.a : aeabi_memset.S.obj (.text.__aeabi_memclr)
                  00008e7c    0000000c     freertos_builds_LP_MSPM0G3507_release_ticlang.lib : memory.o (.text.memalign)
                  00008e88    0000000c                                                       : memory.o (.text.realloc)
                  00008e94    0000000c                                                       : tasks.o (.text.uxTaskGetNumberOfTasks)
                  00008ea0    0000000c                                                       : tasks.o (.text.vTaskMissedYield)
                  00008eac    0000000a     drivers_mspm0g1x0x_g3x0x.a : ADC.o (.text.ADC_convertToMicroVolts)
                  00008eb6    0000000a     driverlib.a : dl_common.o (.text.DL_Common_delayCycles)
                  00008ec0    0000000a     drivers_mspm0g1x0x_g3x0x.a : GPIOMSPM0.o (.text.GPIO_setConfig)
                  00008eca    0000000a     libc.a : ti_fenv.c.obj (.text.__softfloat_float_raise)
                  00008ed4    00000008     drivers_mspm0g1x0x_g3x0x.a : ADCMSPM0.o (.text.ADCMSPM0_init)
                  00008edc    00000008     libc.a : s_round.c.obj (.text.OUTLINED_FUNCTION_0)
                  00008ee4    00000010     libclang_rt.builtins.a : adddf3.S.obj (.tramp.__aeabi_dadd.1)
                  00008ef4    00000008     freertos_builds_LP_MSPM0G3507_release_ticlang.lib : SemaphoreP_freertos.o (.text.SemaphoreP_destruct)
                  00008efc    00000008     libclang_rt.builtins.a : aeabi_memcpy.S.obj (.text.__aeabi_memcpy)
                  00008f04    00000008     freertos_builds_LP_MSPM0G3507_release_ticlang.lib : portasm.o (.text.ulSetInterruptMask)
                  00008f0c    00000006     drivers_mspm0g1x0x_g3x0x.a : ADCMSPM0.o (.text.ADCMSPM0_control)
                  00008f12    00000006     freertos_builds_LP_MSPM0G3507_release_ticlang.lib : ClockP_freertos.o (.text.ClockP_getSystemTickPeriod)
                  00008f18    00000006                                                       : portasm.o (.text.vClearInterruptMask)
                  00008f1e    00000006     libc.a : exit.c.obj (.text:abort)
                  00008f24    00000004     libsysbm.a : hostexit.c.obj (.text.HOSTexit)
                  00008f28    00000004     startup_mspm0g350x_ticlang.o (.text.Reset_Handler)
                  00008f2c    00000004     libc.a : pre_init.c.obj (.text._system_pre_init)
                  00008f30    00000004     main_freertos.o (.text.vApplicationStackOverflowHook)
                  00008f34    0000000c     --HOLE-- [fill = 0]

.cinit     0    000097e8    00000060     
                  000097e8    00000026     (.cinit..data.load) [load image, compression = lzss]
                  0000980e    00000002     --HOLE-- [fill = 0]
                  00009810    0000000c     (__TI_handler_table)
                  0000981c    00000008     (.cinit..bss.load) [load image, compression = zero_init]
                  00009824    00000008     (.cinit..vtable.load) [load image, compression = zero_init]
                  0000982c    00000018     (__TI_cinit_table)
                  00009844    00000004     --HOLE-- [fill = 0]

.rodata    0    00008f40    000008a8     
                  00008f40    00000060     ti_drivers_config.o (.rodata.adcHWAttrs)
                  00008fa0    00000045     i2ccontroller.o (.rodata.str1.10358852568438263093.1)
                  00008fe5    00000040     i2ccontroller.o (.rodata.str1.5965746274292029288.1)
                  00009025    0000003e     i2ccontroller.o (.rodata.str1.7495475511487156346.1)
                  00009063    0000003c     i2ccontroller.o (.rodata.str1.14957354005026563476.1)
                  0000909f    0000003a     i2ccontroller.o (.rodata.str1.11265200514885130775.1)
                  000090d9    0000003a     i2ccontroller.o (.rodata.str1.5503159485641745082.1)
                  00009113    00000037     pt100.o (.rodata.str1.14647653798235055625.1)
                  0000914a    00000036     i2ccontroller.o (.rodata.str1.5763273856901833950.1)
                  00009180    00000033     i2ccontroller.o (.rodata.str1.9974581681436463270.1)
                  000091b3    00000030     i2ccontroller.o (.rodata.str1.5009411504910377036.1)
                  000091e3    0000002f     i2ccontroller.o (.rodata.str1.16402056107214783707.1)
                  00009212    0000002d     i2ccontroller.o (.rodata.str1.18130415507728528100.1)
                  0000923f    0000002d     i2ccontroller.o (.rodata.str1.8126001863093187442.1)
                  0000926c    0000002b     i2ccontroller.o (.rodata.str1.14199263581725681480.1)
                  00009297    00000029     pt100.o (.rodata.str1.4129838483391393456.1)
                  000092c0    00000028     ti_drivers_config.o (.rodata.I2CTargetMSPM0HWAttrs)
                  000092e8    00000028     pt100.o (.rodata.str1.10392836802720052370.1)
                  00009310    00000028     i2ccontroller.o (.rodata.str1.14739070723771966903.1)
                  00009338    00000026     i2ccontroller.o (.rodata.str1.11501257516466680251.1)
                  0000935e    00000002     freertos_builds_LP_MSPM0G3507_release_ticlang.lib : pthread.o (.rodata.str1.301604644627550129.1)
                  00009360    00000024     ti_drivers_config.o (.rodata.I2CMSPM0HWAttrs)
                  00009384    00000024     i2ccontroller.o (.rodata.str1.12979985132456960656.1)
                  000093a8    00000024     i2ccontroller.o (.rodata.str1.63790165103874444.1)
                  000093cc    00000023     i2ccontroller.o (.rodata.str1.11182847882475085986.1)
                  000093ef    00000022     i2ccontroller.o (.rodata.str1.10393543606222492994.1)
                  00009411    00000022     i2ccontroller.o (.rodata.str1.5289115998308413456.1)
                  00009433    00000021     i2ccontroller.o (.rodata.str1.11094855970446051201.1)
                  00009454    00000021     pt100.o (.rodata.str1.13586761021927527545.1)
                  00009475    00000021     i2ccontroller.o (.rodata.str1.6910011525433032103.1)
                  00009496    00000001     ti_drivers_config.o (.rodata.ADC_count)
                  00009497    00000001     ti_drivers_config.o (.rodata.GPIO_pinLowerBound)
                  00009498    00000020     drivers_mspm0g1x0x_g3x0x.a : GPIOMSPM0.o (.rodata.cst16)
                  000094b8    00000020     i2ccontroller.o (.rodata.str1.14792180202844728093.1)
                  000094d8    00000020     main_freertos.o (.rodata.str1.1946452208259023099.1)
                  000094f8    00000020     pt100.o (.rodata.str1.6638424228199502098.1)
                  00009518    0000001f     pt100.o (.rodata.str1.11111543145474413274.1)
                  00009537    0000001f     i2ccontroller.o (.rodata.str1.11465981271762349089.1)
                  00009556    0000001e     i2ctargetApp.o (.rodata.str1.17089017793619640351.1)
                  00009574    0000001e     hdd_i2c_payload_manager.o (.rodata.str1.4847861632907873107.1)
                  00009592    0000001d     i2ccontroller.o (.rodata.str1.15716385397596689310.1)
                  000095af    00000001     ti_drivers_config.o (.rodata.GPIO_pinUpperBound)
                  000095b0    0000001c     drivers_mspm0g1x0x_g3x0x.a : ADCMSPM0.o (.rodata.ADCMSPM0_fxnTable)
                  000095cc    0000001c     pt100.o (.rodata.str1.12282356274561666775.1)
                  000095e8    0000001c     i2ccontroller.o (.rodata.str1.17957593575523396897.1)
                  00009604    0000001c     i2ccontroller.o (.rodata.str1.3119352600513758313.1)
                  00009620    0000001c     i2ccontroller.o (.rodata.str1.4777411054770692646.1)
                  0000963c    0000001c     i2ccontroller.o (.rodata.str1.7215956041592506107.1)
                  00009658    0000001b     i2ccontroller.o (.rodata.str1.13654677610319842675.1)
                  00009673    0000001b     pt100.o (.rodata.str1.6795863680581647435.1)
                  0000968e    0000001a     i2ccontroller.o (.rodata.str1.16478375226888716561.1)
                  000096a8    00000019     i2ctargetApp.o (.rodata.str1.9751886074620317138.1)
                  000096c1    00000018     i2ccontroller.o (.rodata.str1.16754767665846575164.1)
                  000096d9    00000018     i2ctargetApp.o (.rodata.str1.6408132839241382401.1)
                  000096f1    00000001     ti_drivers_config.o (.rodata.I2CTarget_count)
                  000096f2    00000001     ti_drivers_config.o (.rodata.I2C_count)
                  000096f3    00000001     --HOLE-- [fill = 0]
                  000096f4    00000018     i2ctargetApp.o (.rodata.str1.722676472911419342.4)
                  0000970c    00000016     i2ccontroller.o (.rodata.str1.7711266701073586552.1)
                  00009722    00000014     i2ccontroller.o (.rodata.str1.4954563812105985227.1)
                  00009736    00000012     i2ccontroller.o (.rodata.str1.12196062197309435329.1)
                  00009748    00000010     ti_drivers_config.o (.rodata.GPIO_config)
                  00009758    00000010     SEGGER_RTT_printf.o (.rodata.cst16)
                  00009768    00000010     drivers_mspm0g1x0x_g3x0x.a : I2CMSPM0.o (.rodata.cst16)
                  00009778    0000000e     pt100.o (.rodata.str1.17713900060196045120.1)
                  00009786    00000002     --HOLE-- [fill = 0]
                  00009788    0000000c     ti_drivers_config.o (.rodata.ADC_config)
                  00009794    0000000c     drivers_mspm0g1x0x_g3x0x.a : I2CTarget.o (.rodata.I2CTarget_defaultParams)
                  000097a0    00000009     SEGGER_RTT.o (.rodata.str1.1347869369698290154.1)
                  000097a9    00000007     SEGGER_RTT_printf.o (.rodata.str1.14596486525197745578.1)
                  000097b0    00000008     drivers_mspm0g1x0x_g3x0x.a : ADC.o (.rodata.ADC_defaultParams)
                  000097b8    00000008     ti_drivers_config.o (.rodata.I2CTarget_config)
                  000097c0    00000008     ti_drivers_config.o (.rodata.I2C_config)
                  000097c8    00000008     i2ccontroller.o (.rodata.str1.5684233406996710180.1)
                  000097d0    00000008     freertos_builds_LP_MSPM0G3507_release_ticlang.lib : timers.o (.rodata.str1.6031452896567546882.1)
                  000097d8    00000005                                                       : tasks.o (.rodata.str1.13344916649340266805.1)
                  000097dd    00000003     --HOLE-- [fill = 0]
                  000097e0    00000004                                                       : tasks.o (.rodata.uxTopUsedPriority)
                  000097e4    00000004     --HOLE-- [fill = 0]

.init_array 
*          0    00000000    00000000     UNINITIALIZED

.binit     0    00000000    00000000     

.vtable    0    20202000    000000c0     UNINITIALIZED
                  20202000    000000c0     driverlib.a : dl_interrupt.o (.vtable)

.bss       0    20200000    00001cc0     UNINITIALIZED
                  20200000    00000c00     freertos_builds_LP_MSPM0G3507_release_ticlang.lib : heap_4.o (.bss.ucHeap)
                  20200c00    00000400     SEGGER_RTT.o (.bss._acUpBuffer)
                  20201000    00000200     freertos_builds_LP_MSPM0G3507_release_ticlang.lib : StaticAllocs_freertos.o (.bss.vApplicationGetIdleTaskMemory.uxIdleTaskStack)
                  20201200    00000200                                                       : StaticAllocs_freertos.o (.bss.vApplicationGetTimerTaskMemory.uxTimerTaskStack)
                  20201400    000000f8     i2ctargetApp.o (.bss.g_readyPayload)
                  202014f8    000000f8     (.common:I2CMSPM0Objects)
                  202015f0    000000f0     (.common:gpioCallbackFunctions)
                  202016e0    000000f0     (.common:gpioUserArgs)
                  202017d0    000000c8     freertos_builds_LP_MSPM0G3507_release_ticlang.lib : tasks.o (.bss.pxReadyTasksLists)
                  20201898    000000a8     (.common:_SEGGER_RTT)
                  20201940    00000078                                                       : timers.o (.bss.prvCheckForValidListAndQueue.ucStaticTimerQueueStorage)
                  202019b8    00000078     (.common:I2CTargetMSPM0Objects)
                  20201a30    00000068                                                       : StaticAllocs_freertos.o (.bss.vApplicationGetIdleTaskMemory.xIdleTaskTCB)
                  20201a98    00000068                                                       : StaticAllocs_freertos.o (.bss.vApplicationGetTimerTaskMemory.xTimerTaskTCB)
                  20201b00    00000050     drivers_mspm0g1x0x_g3x0x.a : ADCMSPM0.o (.bss.adcSemaphore)
                  20201b50    00000050     freertos_builds_LP_MSPM0G3507_release_ticlang.lib : timers.o (.bss.prvCheckForValidListAndQueue.xStaticTimerQueue)
                  20201ba0    00000020     (.common:rxBuffer)
                  20201bc0    00000020     (.common:txBuffer)
                  20201be0    00000014                                                       : timers.o (.bss.xActiveTimerList1)
                  20201bf4    00000014                                                       : timers.o (.bss.xActiveTimerList2)
                  20201c08    00000014                                                       : tasks.o (.bss.xDelayedTaskList1)
                  20201c1c    00000014                                                       : tasks.o (.bss.xDelayedTaskList2)
                  20201c30    00000014                                                       : tasks.o (.bss.xPendingReadyList)
                  20201c44    00000014                                                       : tasks.o (.bss.xSuspendedTaskList)
                  20201c58    00000014                                                       : tasks.o (.bss.xTasksWaitingTermination)
                  20201c6c    00000010     SEGGER_RTT.o (.bss._acDownBuffer)
                  20201c7c    00000010     (.common:cmd)
                  20201c8c    00000008     pt100.o (.bss.g_adcParams)
                  20201c94    00000008     freertos_builds_LP_MSPM0G3507_release_ticlang.lib : heap_4.o (.bss.xStart)
                  20201c9c    00000004     drivers_mspm0g1x0x_g3x0x.a : GPIOMSPM0.o (.bss.GPIO_init.initSem)
                  20201ca0    00000004     pt100.o (.bss.g_adc)
                  20201ca4    00000004     freertos_builds_LP_MSPM0G3507_release_ticlang.lib : aeabi_portable.o (.bss.main_reent)
                  20201ca8    00000004                                                       : timers.o (.bss.pxCurrentTimerList)
                  20201cac    00000004                                                       : tasks.o (.bss.pxDelayedTaskList)
                  20201cb0    00000004                                                       : tasks.o (.bss.pxOverflowDelayedTaskList)
                  20201cb4    00000004                                                       : timers.o (.bss.pxOverflowTimerList)
                  20201cb8    00000004                                                       : tasks.o (.bss.xIdleTaskHandles)
                  20201cbc    00000002     (.common:adcObjects)
                  20201cbe    00000001     i2ccontroller.o (.bss.targetAddress)
                  20201cbf    00000001     (.common:protocolState)

.data      0    20201cc0    000002e1     UNINITIALIZED
                  20201cc0    000000f0     ti_drivers_config.o (.data.gpioPinConfigs)
                  20201db0    000000c0     freertos_builds_LP_MSPM0G3507_release_ticlang.lib : HwiPMSPM0_freertos.o (.data.HwiP_dispatchTable)
                  20201e70    00000080     libc.a : signal.c.obj (.data.sigTable)
                  20201ef0    00000014     freertos_builds_LP_MSPM0G3507_release_ticlang.lib : pthread.o (.data.defaultPthreadAttrs)
                  20201f04    00000004                                                       : HwiPMSPM0_freertos.o (.data.HwiP_swiPIntNum)
                  20201f08    00000004     libc.a : _lock.c.obj (.data._lock)
                  20201f0c    00000004     nas2300.o (.data.g_latestForceSeq)
                  20201f10    00000004     nas2300.o (.data.g_latestForce_p24)
                  20201f14    00000004     nas2300.o (.data.g_latestForce_uV)
                  20201f18    00000004     pt100.o (.data.g_latestTempSeq)
                  20201f1c    00000004     i2ctargetApp.o (.data.g_nsa2300RequestSeq)
                  20201f20    00000004     i2ccontroller.o (.data.g_nsa2300TaskHandle)
                  20201f24    00000004     i2ctargetApp.o (.data.g_pt100RequestSeq)
                  20201f28    00000004     pt100.o (.data.g_pt100TaskHandle)
                  20201f2c    00000004     i2ctargetApp.o (.data.g_readyPayloadForceSeq)
                  20201f30    00000004     i2ctargetApp.o (.data.g_readyPayloadTempSeq)
                  20201f34    00000004     freertos_builds_LP_MSPM0G3507_release_ticlang.lib : timers.o (.data.prvSampleTimeNow.xLastTime)
                  20201f38    00000004                                                       : tasks.o (.data.pxCurrentTCB)
                  20201f3c    00000004                                                       : heap_4.o (.data.pxEnd)
                  20201f40    00000004                                                       : port.o (.data.ulCriticalNesting)
                  20201f44    00000004                                                       : port.o (.data.ulStoppedTimerCompensation)
                  20201f48    00000004                                                       : port.o (.data.ulTimerCountsForOneTick)
                  20201f4c    00000004                                                       : tasks.o (.data.uxCurrentNumberOfTasks)
                  20201f50    00000004                                                       : tasks.o (.data.uxDeletedTasksWaitingCleanUp)
                  20201f54    00000004                                                       : tasks.o (.data.uxSchedulerSuspended)
                  20201f58    00000004                                                       : tasks.o (.data.uxTaskNumber)
                  20201f5c    00000004                                                       : tasks.o (.data.uxTopReadyPriority)
                  20201f60    00000004                                                       : heap_4.o (.data.xFreeBytesRemaining)
                  20201f64    00000004                                                       : port.o (.data.xMaximumPossibleSuppressedTicks)
                  20201f68    00000004                                                       : heap_4.o (.data.xMinimumEverFreeBytesRemaining)
                  20201f6c    00000004                                                       : tasks.o (.data.xNextTaskUnblockTime)
                  20201f70    00000004                                                       : tasks.o (.data.xNumOfOverflows)
                  20201f74    00000004                                                       : heap_4.o (.data.xNumberOfSuccessfulAllocations)
                  20201f78    00000004                                                       : heap_4.o (.data.xNumberOfSuccessfulFrees)
                  20201f7c    00000004                                                       : tasks.o (.data.xPendedTicks)
                  20201f80    00000004                                                       : tasks.o (.data.xSchedulerRunning)
                  20201f84    00000004                                                       : tasks.o (.data.xTickCount)
                  20201f88    00000004                                                       : timers.o (.data.xTimerQueue)
                  20201f8c    00000004                                                       : timers.o (.data.xTimerTaskHandle)
                  20201f90    00000004                                                       : tasks.o (.data.xYieldPendings)
                  20201f94    00000002     drivers_mspm0g1x0x_g3x0x.a : ADCMSPM0.o (.data.adcInstance)
                  20201f96    00000002     pt100.o (.data.g_latestTemp_x10)
                  20201f98    00000001     i2ctargetApp.o (.data.g_data82ReadInProgress)
                  20201f99    00000001     i2ctargetApp.o (.data.g_i2cIsReadPhase)
                  20201f9a    00000001     i2ctargetApp.o (.data.g_readyPayloadLen)
                  20201f9b    00000001     i2ctargetApp.o (.data.g_readyPayloadReadIdx)
                  20201f9c    00000001     i2ctargetApp.o (.data.g_regMode)
                  20201f9d    00000001     i2ctargetApp.o (.data.g_regReady)
                  20201f9e    00000001     drivers_mspm0g1x0x_g3x0x.a : GPIOMSPM0.o (.data.initCalled)
                  20201f9f    00000001                                : ADC.o (.data.isInitialized)
                  20201fa0    00000001                                : GPIOMSPM0.o (.data.portHwiCreatedBitMask)

.stack     0    20207e00    00000200     UNINITIALIZED
                  20207e00    00000004     libc.a : boot_cortex_m.c.obj (.stack)
                  20207e04    000001fc     --HOLE--

__llvm_prf_cnts 
*          0    20200000    00000000     UNINITIALIZED

__llvm_prf_bits 
*          0    20200000    00000000     UNINITIALIZED

MODULE SUMMARY

       Module                         code    ro data   rw data
       ------                         ----    -------   -------
    .\
       i2ccontroller.o                1876    1372      69     
       pt100.o                        1824    301       22     
       i2ctargetApp.o                 1320    103       287    
       ti_drivers_config.o            0       221       1090   
       nas2300.o                      1120    0         12     
       main_freertos.o                188     32        0      
       ti_msp_dl_config.o             210     0         0      
       hdd_i2c_payload_manager.o      56      30        0      
    +--+------------------------------+-------+---------+---------+
       Total:                         6594    2059      1480   
                                                               
    .\freertos\ticlang\
       startup_mspm0g350x_ticlang.o   62      192       0      
    +--+------------------------------+-------+---------+---------+
       Total:                         62      192       0      
                                                               
    .\ti\segger\
       SEGGER_RTT.o                   636     9         1208   
       SEGGER_RTT_printf.o            1746    23        0      
    +--+------------------------------+-------+---------+---------+
       Total:                         2382    32        1208   
                                                               
    C:/Users/hugh-/workspace_ccstheia/freertos_builds_LP_MSPM0G3507_release_ticlang/Debug/freertos_builds_LP_MSPM0G3507_release_ticlang.lib
       tasks.o                        7112    9         360    
       heap_4.o                       1336    0         3100   
       queue.o                        3248    0         0      
       timers.o                       1200    8         260    
       StaticAllocs_freertos.o        80      0         1232   
       port.o                         1138    0         16     
       HwiPMSPM0_freertos.o           784     0         196    
       pthread.o                      914     2         20     
       SemaphoreP_freertos.o          326     0         0      
       list.o                         296     0         0      
       memory.o                       258     0         0      
       portasm.o                      170     0         0      
       sleep.o                        152     0         0      
       PTLS.o                         88      0         0      
       aeabi_portable.o               84      0         4      
       ClockP_freertos.o              6       0         0      
    +--+------------------------------+-------+---------+---------+
       Total:                         17192   19        5188   
                                                               
    C:/ti/mspm0_sdk_2_09_00_01/source/ti/driverlib/lib/ticlang/m0p/mspm0g1x0x_g3x0x/driverlib.a
       dl_interrupt.o                 164     0         192    
       dl_i2c.o                       348     0         0      
       dl_adc12.o                     64      0         0      
       dl_sysctl_mspm0g1x0x_g3x0x.o   56      0         0      
       dl_common.o                    10      0         0      
    +--+------------------------------+-------+---------+---------+
       Total:                         642     0         192    
                                                               
    C:/ti/mspm0_sdk_2_09_00_01/source/ti/drivers/lib/ticlang/m0p/drivers_mspm0g1x0x_g3x0x.a
       I2CMSPM0.o                     1952    16        0      
       GPIOMSPM0.o                    1526    32        6      
       ADCMSPM0.o                     1162    28        82     
       I2CTargetMSPM0.o               678     0         0      
       I2C.o                          370     0         0      
       ADC.o                          272     8         1      
       GPIO.o                         84      0         0      
       I2CTarget.o                    20      12        0      
    +--+------------------------------+-------+---------+---------+
       Total:                         6064    96        89     
                                                               
    C:\ti\ccs2040\ccs\tools\compiler\ti-cgt-armllvm_4.0.4.LTS\lib\armv6m-ti-none-eabi/c/libc.a
       e_sqrt.c.obj                   368     0         0      
       s_floor.c.obj                  324     0         0      
       signal.c.obj                   96      0         128    
       s_round.c.obj                  176     0         0      
       memcpy16.S.obj                 154     0         0      
       copy_decompress_lzss.c.obj     124     0         0      
       memset16.S.obj                 98      0         0      
       s_lround.c.obj                 80      0         0      
       autoinit.c.obj                 60      0         0      
       boot_cortex_m.c.obj            40      0         0      
       copy_decompress_none.c.obj     18      0         0      
       copy_zero_init.c.obj           16      0         0      
       ti_fenv.c.obj                  10      0         0      
       _lock.c.obj                    2       0         4      
       exit.c.obj                     6       0         0      
       pre_init.c.obj                 4       0         0      
    +--+------------------------------+-------+---------+---------+
       Total:                         1576    0         132    
                                                               
    C:\ti\ccs2040\ccs\tools\compiler\ti-cgt-armllvm_4.0.4.LTS\lib\armv6m-ti-none-eabi/c/libsysbm.a
       hostexit.c.obj                 4       0         0      
    +--+------------------------------+-------+---------+---------+
       Total:                         4       0         0      
                                                               
    C:\ti\ccs2040\ccs\tools\compiler\ti-cgt-armllvm_4.0.4.LTS\lib\armv6m-ti-none-eabi/libclang_rt.builtins.a
       adddf3.S.obj                   418     0         0      
       divdf3.S.obj                   268     0         0      
       muldf3.S.obj                   228     0         0      
       comparedf2.c.obj               220     0         0      
       udivmoddi4.S.obj               162     0         0      
       aeabi_dcmp.S.obj               98      0         0      
       clzsi2.c.obj                   88      0         0      
       fixdfsi.S.obj                  74      0         0      
       aeabi_uidivmod.S.obj           64      0         0      
       divmoddi4.c.obj                62      0         0      
       muldsi3.S.obj                  58      0         0      
       floatunsidf.S.obj              36      0         0      
       muldi3.S.obj                   36      0         0      
       ashldi3.S.obj                  30      0         0      
       aeabi_memset.S.obj             26      0         0      
       aeabi_ldivmod.S.obj            20      0         0      
       aeabi_uldivmod.S.obj           20      0         0      
       aeabi_memcpy.S.obj             8       0         0      
       aeabi_div0.c.obj               4       0         0      
    +--+------------------------------+-------+---------+---------+
       Total:                         1920    0         0      
                                                               
       Stack:                         0       0         512    
       Linker Generated:              0       90        0      
    +--+------------------------------+-------+---------+---------+
       Grand Total:                   36436   2488      8801   


LINKER GENERATED COPY TABLES

__TI_cinit_table @ 0000982c records: 3, size/record: 8, table size: 24
	.data: load addr=000097e8, load size=00000026 bytes, run addr=20201cc0, run size=000002e1 bytes, compression=lzss
	.bss: load addr=0000981c, load size=00000008 bytes, run addr=20200000, run size=00001cc0 bytes, compression=zero_init
	.vtable: load addr=00009824, load size=00000008 bytes, run addr=20202000, run size=000000c0 bytes, compression=zero_init


LINKER GENERATED HANDLER TABLE

__TI_handler_table @ 00009810 records: 3, size/record: 4, table size: 12
	index: 0, handler: __TI_zero_init
	index: 1, handler: __TI_decompress_lzss
	index: 2, handler: __TI_decompress_none


FAR CALL TRAMPOLINES

callee name               trampoline name
   callee addr  tramp addr   call addr  call info
--------------  -----------  ---------  ----------------
__aeabi_dadd              $Tramp$TT$L$PI$$__aeabi_dadd
   00002fa3     00008ee4     00008ee2   libc.a : s_round.c.obj (.text.OUTLINED_FUNCTION_0)

[1 trampolines]
[1 trampoline calls]


GLOBAL SYMBOLS: SORTED ALPHABETICALLY BY Name 

address   name                                 
-------   ----                                 
0000255b  ADC0_IRQHandler                      
0000255b  ADC1_IRQHandler                      
000081fd  ADCMSPM0_close                       
00008f0d  ADCMSPM0_control                     
00006935  ADCMSPM0_convert                     
00002191  ADCMSPM0_convertChain                
0000805d  ADCMSPM0_convertToMicroVolts         
000095b0  ADCMSPM0_fxnTable                    
00008ed5  ADCMSPM0_init                        
00002e01  ADCMSPM0_open                        
00008db1  ADC_Params_init                      
00009788  ADC_config                           
00007e47  ADC_convert                          
00008ead  ADC_convertToMicroVolts              
00009496  ADC_count                            
000097b0  ADC_defaultParams                    
00005d41  ADC_init                             
00007f1d  ADC_open                             
0000255b  AES_IRQHandler                       
00008f24  C$$EXIT                              
0000255b  CANFD0_IRQHandler                    
00008f13  ClockP_getSystemTickPeriod           
0000255b  DAC0_IRQHandler                      
00007f5d  DL_ADC12_setClockConfig              
00008eb7  DL_Common_delayCycles                
00007581  DL_I2C_fillControllerTXFIFO          
00008561  DL_I2C_flushControllerRXFIFO         
00008099  DL_I2C_flushControllerTXFIFO         
00008591  DL_I2C_flushTargetRXFIFO             
000080d5  DL_I2C_flushTargetTXFIFO             
00008931  DL_I2C_setClockConfig                
00006561  DL_Interrupt_registerInterrupt       
00008c9d  DL_Interrupt_unregisterInterrupt     
00008235  DL_SYSCTL_switchMCLKfromLFCLKtoSYSOSC
0000255b  DMA_IRQHandler                       
0000255b  Default_Handler                      
00009748  GPIO_config                          
000077a1  GPIO_disableInt                      
00004f05  GPIO_hwiIntFxn                       
000035bd  GPIO_init                            
00009497  GPIO_pinLowerBound                   
000095af  GPIO_pinUpperBound                   
0000826d  GPIO_resetConfig                     
00008b81  GPIO_setCallback                     
00008ec1  GPIO_setConfig                       
00001751  GPIO_setConfigAndMux                 
00005ded  GPIO_setInterruptConfig              
00007171  GPIO_write                           
0000255b  GROUP0_IRQHandler                    
0000255b  GROUP1_IRQHandler                    
00008f25  HOSTexit                             
00008a85  HardFault_Handler                    
00008957  HwiP_Params_init                     
000059b1  HwiP_construct                       
00007e03  HwiP_create                          
00008aa5  HwiP_destruct                        
000083f5  HwiP_disable                         
00008cb1  HwiP_disableInterrupt                
000082a5  HwiP_dispatch                        
00008cc5  HwiP_enableInterrupt                 
000085c1  HwiP_inISR                           
0000897d  HwiP_restore                         
20201f04  HwiP_swiPIntNum                      
0000255b  I2C0_IRQHandler                      
0000255b  I2C1_IRQHandler                      
00009360  I2CMSPM0HWAttrs                      
202014f8  I2CMSPM0Objects                      
00008cd9  I2CSupport_controllerFinish          
0000290b  I2CSupport_powerRelConstraint        
0000312b  I2CSupport_powerSetConstraint        
00006fa5  I2CSupport_primeTransfer             
000092c0  I2CTargetMSPM0HWAttrs                
202019b8  I2CTargetMSPM0Objects                
00008ced  I2CTarget_Params_init                
000097b8  I2CTarget_config                     
000096f1  I2CTarget_count                      
00009794  I2CTarget_defaultParams              
000058ed  I2CTarget_open                       
00008e21  I2CTarget_start                      
00008e4d  I2C_Params_init                      
0000883f  I2C_cancel                           
00007699  I2C_close                            
000097c0  I2C_config                           
000096f2  I2C_count                            
0000400f  I2C_init                             
00001f9d  I2C_open                             
00008dc1  I2C_transfer                         
00003ee3  I2C_transferTimeout                  
00008d01  NAS2300_Config_init                  
00008869  NAS2300_code24_to_uV                 
00008b9d  NAS2300_decode_code24                
00003db5  NAS2300_init                         
00008c25  NAS2300_publish_latest_force_uV      
00008bb9  NAS2300_publish_latest_p24           
000071dd  NAS2300_readPressureRaw24_burst      
00005e99  NAS2300_readPressureRaw24_single     
000078f1  NAS2300_readReg8                     
000064cf  NAS2300_startSinglePressureConversion
00005c91  NAS2300_waitDrdy                     
0000255b  NMI_Handler                          
00008e59  NSA2300_getTaskHandle                
00000781  PT100_convert_adc_uV_to_temp_x10     
00008e65  PT100_getTaskHandle                  
00008bf1  PTLS_getBuf                          
00008c0b  PTLS_setBuf                          
000089a1  PTLS_taskDeleteHook                  
00007e51  PendSV_Handler                       
0000255b  RTC_IRQHandler                       
00008f29  Reset_Handler                        
00006eb5  SEGGER_RTT_Init                      
0000608d  SEGGER_RTT_Write                     
00003721  SEGGER_RTT_WriteNoLock               
00008b05  SEGGER_RTT_printf                    
00000d05  SEGGER_RTT_vprintf                   
0000255b  SPI0_IRQHandler                      
0000255b  SPI1_IRQHandler                      
000089d1  SVC_Handler                          
000046c3  SYSCFG_DL_GPIO_init                  
00008ac5  SYSCFG_DL_SYSCTL_CLK_init            
000077f5  SYSCFG_DL_SYSCTL_init                
00008d15  SYSCFG_DL_init                       
00007c55  SYSCFG_DL_initPower                  
00007f9d  SemaphoreP_constructBinary           
000082dd  SemaphoreP_createBinary              
00008dd1  SemaphoreP_delete                    
00008ef5  SemaphoreP_destruct                  
00006799  SemaphoreP_pend                      
0000870b  SemaphoreP_post                      
000085f1  SysTick_Handler                      
0000255b  TIMA0_IRQHandler                     
0000255b  TIMA1_IRQHandler                     
0000255b  TIMG0_IRQHandler                     
0000255b  TIMG12_IRQHandler                    
0000255b  TIMG6_IRQHandler                     
0000255b  TIMG7_IRQHandler                     
0000255b  TIMG8_IRQHandler                     
0000255b  UART0_IRQHandler                     
0000255b  UART1_IRQHandler                     
0000255b  UART2_IRQHandler                     
0000255b  UART3_IRQHandler                     
20201898  _SEGGER_RTT                          
20208000  __STACK_END                          
00000200  __STACK_SIZE                         
00000000  __TI_ATRegion0_region_sz             
00000000  __TI_ATRegion0_src_addr              
00000000  __TI_ATRegion0_trg_addr              
00000000  __TI_ATRegion1_region_sz             
00000000  __TI_ATRegion1_src_addr              
00000000  __TI_ATRegion1_trg_addr              
00000000  __TI_ATRegion2_region_sz             
00000000  __TI_ATRegion2_src_addr              
00000000  __TI_ATRegion2_trg_addr              
0000982c  __TI_CINIT_Base                      
00009844  __TI_CINIT_Limit                     
00009844  __TI_CINIT_Warm                      
00009810  __TI_Handler_Table_Base              
0000981c  __TI_Handler_Table_Limit             
0000814d  __TI_auto_init_nobinit_nopinit       
00006e39  __TI_decompress_lzss                 
00008d9f  __TI_decompress_none                 
ffffffff  __TI_pprof_out_hndl                  
ffffffff  __TI_prof_data_size                  
ffffffff  __TI_prof_data_start                 
00000000  __TI_static_base__                   
00008e11  __TI_zero_init                       
00002fa3  __adddf3                             
00007bc1  __aeabi_d2iz                         
00002fa3  __aeabi_dadd                         
0000745d  __aeabi_dcmpeq                       
00007499  __aeabi_dcmpge                       
000074ad  __aeabi_dcmpgt                       
00007485  __aeabi_dcmple                       
00007471  __aeabi_dcmplt                       
000046c5  __aeabi_ddiv                         
000054a1  __aeabi_dmul                         
00002f99  __aeabi_dsub                         
00007849  __aeabi_errno_addr                   
00004e03  __aeabi_idiv0                        
00005bdb  __aeabi_ldiv0                        
00008d29  __aeabi_ldivmod                      
00008b25  __aeabi_llsl                         
00008a19  __aeabi_lmul                         
00008e71  __aeabi_memclr                       
00008e71  __aeabi_memclr4                      
00008e71  __aeabi_memclr8                      
00008efd  __aeabi_memcpy                       
00008efd  __aeabi_memcpy4                      
00008efd  __aeabi_memcpy8                      
00008e31  __aeabi_memset                       
00008e31  __aeabi_memset4                      
00008e31  __aeabi_memset8                      
000089f5  __aeabi_ui2d                         
00007fdd  __aeabi_uidiv                        
00007fdd  __aeabi_uidivmod                     
00008d3d  __aeabi_uldivmod                     
00008b25  __ashldi3                            
ffffffff  __binit__                            
000076f1  __clzsi2                             
0000738d  __cmpdf2                             
000046c5  __divdf3                             
0000801d  __divmoddi4                          
0000738d  __eqdf2                              
00007bc1  __fixdfsi                            
000089f5  __floatunsidf                        
00007019  __gedf2                              
00007019  __gtdf2                              
0000738d  __ledf2                              
0000738d  __ltdf2                              
UNDEFED   __mpu_init                           
000054a1  __muldf3                             
00008a19  __muldi3                             
00008189  __muldsi3                            
0000738d  __nedf2                              
00008ecb  __softfloat_float_raise              
20207e00  __stack                              
20200000  __start___llvm_prf_bits              
20200000  __start___llvm_prf_cnts              
20200000  __stop___llvm_prf_bits               
20200000  __stop___llvm_prf_cnts               
00002f99  __subdf3                             
00005fe9  __udivmoddi4                         
00008909  _c_int00_noargs                      
20201f08  _lock                                
00005d3f  _nop                                 
00008765  _pthread_cleanup_pop                 
UNDEFED   _system_post_cinit                   
00008f2d  _system_pre_init                     
00008f1f  abort                                
00008f40  adcHWAttrs                           
20201cbc  adcObjects                           
00008d51  aligned_alloc                        
ffffffff  binit                                
00006c49  calloc                               
20201c7c  cmd                                  
00006cc5  eTaskConfirmSleepModeStatus          
00003b2d  floor                                
00003b2d  floorl                               
00008de1  free                                 
20201f0c  g_latestForceSeq                     
20201f10  g_latestForce_p24                    
20201f14  g_latestForce_uV                     
20201f18  g_latestTempSeq                      
20201f96  g_latestTemp_x10                     
202015f0  gpioCallbackFunctions                
20201cc0  gpioPinConfigs                       
202016e0  gpioUserArgs                         
000000c1  i2cControllerThread                  
00000000  interruptVectors                     
00007995  lround                               
00005a6d  main                                 
000068ad  mainThread                           
00007c0b  malloc                               
00008e7d  memalign                             
00006309  memcpy                               
000074bf  memset                               
00008315  payloadManagerThread                 
20201cbf  protocolState                        
00008c3d  prvGetRegistersFromStack             
0000312d  pt100Thread                          
00008bd5  pthread_attr_init                    
000086af  pthread_attr_setdetachstate          
0000845d  pthread_attr_setschedparam           
00008d8d  pthread_attr_setstacksize            
000039e1  pthread_create                       
00007101  pthread_exit                         
00008c55  pthread_self                         
0000763d  pthread_setcancelstate               
000014bd  pvPortMalloc                         
00007521  pvTaskGetThreadLocalStoragePointer   
00008a3d  pvTaskIncrementMutexHeldCount        
20201f38  pxCurrentTCB                         
000044a1  pxPortInitialiseStack                
00008791  raise                                
00008e89  realloc                              
00005f41  round                                
00005f41  roundl                               
20201ba0  rxBuffer                             
00008491  signal                               
00007c9d  sleep                                
0000344d  sqrt                                 
0000344d  sqrtl                                
20201bc0  txBuffer                             
00008f05  ulSetInterruptMask                   
00004e05  ulTaskGenericNotifyTake              
00007ad5  usleep                               
00007ce5  uxListRemove                         
00008e95  uxTaskGetNumberOfTasks               
000088b9  vApplicationGetIdleTaskMemory        
000088e1  vApplicationGetTimerTaskMemory       
00008f31  vApplicationStackOverflowHook        
00008f19  vClearInterruptMask                  
000087bd  vListInitialise                      
00008e3f  vListInitialiseItem                  
000072b5  vListInsert                          
000081c3  vListInsertEnd                       
00008c6d  vPortEnterCritical                   
000087e9  vPortExitCritical                    
00004ffd  vPortFree                            
000086dd  vPortSVCHandler_C                    
0000789d  vPortSetupTimerInterrupt             
00002c61  vPortSuppressTicksAndSleep           
00008c85  vPortYield                           
0000852d  vQueueDelete                         
00007321  vQueueWaitForMessageRestricted       
00008a61  vRestoreContextOfFirstTask           
00008df1  vStartFirstTask                      
00007b25  vTaskDelay                           
00004385  vTaskDelete                          
0000290d  vTaskGenericNotifyGiveFromISR        
00008ae5  vTaskInternalSetTimeOutState         
00008ea1  vTaskMissedYield                     
000084c5  vTaskPlaceOnEventList                
0000708d  vTaskPlaceOnEventListRestricted      
00003c71  vTaskPriorityDisinheritAfterTimeout  
000084f9  vTaskSetApplicationTaskTag           
00007749  vTaskSetThreadLocalStoragePointer    
000073f5  vTaskStartScheduler                  
00006b45  vTaskStepTick                        
00004261  vTaskSuspend                         
00008e01  vTaskSuspendAll                      
000048dd  vTaskSwitchContext                   
00006bc9  xPortStartScheduler                  
0000643b  xQueueGenericCreate                  
000061cd  xQueueGenericCreateStatic            
00005669  xQueueGenericReset                   
00002739  xQueueGenericSend                    
000045b5  xQueueGiveFromISR                    
00002abd  xQueueReceive                        
00004bf9  xQueueReceiveFromISR                 
0000237d  xQueueSemaphoreTake                  
00005bdd  xTaskCheckForTimeOut                 
00007d2d  xTaskCreate                          
00007b75  xTaskCreateStatic                    
00007d75  xTaskGetApplicationTaskTag           
00008d65  xTaskGetCurrentTaskHandle            
00008385  xTaskGetSchedulerState               
00008d79  xTaskGetTickCount                    
00001b95  xTaskIncrementTick                   
00004af1  xTaskPriorityDisinherit              
00004139  xTaskPriorityInherit                 
000032bd  xTaskRemoveFromEventList             
00001da5  xTaskResumeAll                       
00006dbd  xTimerCreateTimerTask                


GLOBAL SYMBOLS: SORTED BY Symbol Address 

address   name                                 
-------   ----                                 
00000000  __TI_ATRegion0_region_sz             
00000000  __TI_ATRegion0_src_addr              
00000000  __TI_ATRegion0_trg_addr              
00000000  __TI_ATRegion1_region_sz             
00000000  __TI_ATRegion1_src_addr              
00000000  __TI_ATRegion1_trg_addr              
00000000  __TI_ATRegion2_region_sz             
00000000  __TI_ATRegion2_src_addr              
00000000  __TI_ATRegion2_trg_addr              
00000000  __TI_static_base__                   
00000000  interruptVectors                     
000000c1  i2cControllerThread                  
00000200  __STACK_SIZE                         
00000781  PT100_convert_adc_uV_to_temp_x10     
00000d05  SEGGER_RTT_vprintf                   
000014bd  pvPortMalloc                         
00001751  GPIO_setConfigAndMux                 
00001b95  xTaskIncrementTick                   
00001da5  xTaskResumeAll                       
00001f9d  I2C_open                             
00002191  ADCMSPM0_convertChain                
0000237d  xQueueSemaphoreTake                  
0000255b  ADC0_IRQHandler                      
0000255b  ADC1_IRQHandler                      
0000255b  AES_IRQHandler                       
0000255b  CANFD0_IRQHandler                    
0000255b  DAC0_IRQHandler                      
0000255b  DMA_IRQHandler                       
0000255b  Default_Handler                      
0000255b  GROUP0_IRQHandler                    
0000255b  GROUP1_IRQHandler                    
0000255b  I2C0_IRQHandler                      
0000255b  I2C1_IRQHandler                      
0000255b  NMI_Handler                          
0000255b  RTC_IRQHandler                       
0000255b  SPI0_IRQHandler                      
0000255b  SPI1_IRQHandler                      
0000255b  TIMA0_IRQHandler                     
0000255b  TIMA1_IRQHandler                     
0000255b  TIMG0_IRQHandler                     
0000255b  TIMG12_IRQHandler                    
0000255b  TIMG6_IRQHandler                     
0000255b  TIMG7_IRQHandler                     
0000255b  TIMG8_IRQHandler                     
0000255b  UART0_IRQHandler                     
0000255b  UART1_IRQHandler                     
0000255b  UART2_IRQHandler                     
0000255b  UART3_IRQHandler                     
00002739  xQueueGenericSend                    
0000290b  I2CSupport_powerRelConstraint        
0000290d  vTaskGenericNotifyGiveFromISR        
00002abd  xQueueReceive                        
00002c61  vPortSuppressTicksAndSleep           
00002e01  ADCMSPM0_open                        
00002f99  __aeabi_dsub                         
00002f99  __subdf3                             
00002fa3  __adddf3                             
00002fa3  __aeabi_dadd                         
0000312b  I2CSupport_powerSetConstraint        
0000312d  pt100Thread                          
000032bd  xTaskRemoveFromEventList             
0000344d  sqrt                                 
0000344d  sqrtl                                
000035bd  GPIO_init                            
00003721  SEGGER_RTT_WriteNoLock               
000039e1  pthread_create                       
00003b2d  floor                                
00003b2d  floorl                               
00003c71  vTaskPriorityDisinheritAfterTimeout  
00003db5  NAS2300_init                         
00003ee3  I2C_transferTimeout                  
0000400f  I2C_init                             
00004139  xTaskPriorityInherit                 
00004261  vTaskSuspend                         
00004385  vTaskDelete                          
000044a1  pxPortInitialiseStack                
000045b5  xQueueGiveFromISR                    
000046c3  SYSCFG_DL_GPIO_init                  
000046c5  __aeabi_ddiv                         
000046c5  __divdf3                             
000048dd  vTaskSwitchContext                   
00004af1  xTaskPriorityDisinherit              
00004bf9  xQueueReceiveFromISR                 
00004e03  __aeabi_idiv0                        
00004e05  ulTaskGenericNotifyTake              
00004f05  GPIO_hwiIntFxn                       
00004ffd  vPortFree                            
000054a1  __aeabi_dmul                         
000054a1  __muldf3                             
00005669  xQueueGenericReset                   
000058ed  I2CTarget_open                       
000059b1  HwiP_construct                       
00005a6d  main                                 
00005bdb  __aeabi_ldiv0                        
00005bdd  xTaskCheckForTimeOut                 
00005c91  NAS2300_waitDrdy                     
00005d3f  _nop                                 
00005d41  ADC_init                             
00005ded  GPIO_setInterruptConfig              
00005e99  NAS2300_readPressureRaw24_single     
00005f41  round                                
00005f41  roundl                               
00005fe9  __udivmoddi4                         
0000608d  SEGGER_RTT_Write                     
000061cd  xQueueGenericCreateStatic            
00006309  memcpy                               
0000643b  xQueueGenericCreate                  
000064cf  NAS2300_startSinglePressureConversion
00006561  DL_Interrupt_registerInterrupt       
00006799  SemaphoreP_pend                      
000068ad  mainThread                           
00006935  ADCMSPM0_convert                     
00006b45  vTaskStepTick                        
00006bc9  xPortStartScheduler                  
00006c49  calloc                               
00006cc5  eTaskConfirmSleepModeStatus          
00006dbd  xTimerCreateTimerTask                
00006e39  __TI_decompress_lzss                 
00006eb5  SEGGER_RTT_Init                      
00006fa5  I2CSupport_primeTransfer             
00007019  __gedf2                              
00007019  __gtdf2                              
0000708d  vTaskPlaceOnEventListRestricted      
00007101  pthread_exit                         
00007171  GPIO_write                           
000071dd  NAS2300_readPressureRaw24_burst      
000072b5  vListInsert                          
00007321  vQueueWaitForMessageRestricted       
0000738d  __cmpdf2                             
0000738d  __eqdf2                              
0000738d  __ledf2                              
0000738d  __ltdf2                              
0000738d  __nedf2                              
000073f5  vTaskStartScheduler                  
0000745d  __aeabi_dcmpeq                       
00007471  __aeabi_dcmplt                       
00007485  __aeabi_dcmple                       
00007499  __aeabi_dcmpge                       
000074ad  __aeabi_dcmpgt                       
000074bf  memset                               
00007521  pvTaskGetThreadLocalStoragePointer   
00007581  DL_I2C_fillControllerTXFIFO          
0000763d  pthread_setcancelstate               
00007699  I2C_close                            
000076f1  __clzsi2                             
00007749  vTaskSetThreadLocalStoragePointer    
000077a1  GPIO_disableInt                      
000077f5  SYSCFG_DL_SYSCTL_init                
00007849  __aeabi_errno_addr                   
0000789d  vPortSetupTimerInterrupt             
000078f1  NAS2300_readReg8                     
00007995  lround                               
00007ad5  usleep                               
00007b25  vTaskDelay                           
00007b75  xTaskCreateStatic                    
00007bc1  __aeabi_d2iz                         
00007bc1  __fixdfsi                            
00007c0b  malloc                               
00007c55  SYSCFG_DL_initPower                  
00007c9d  sleep                                
00007ce5  uxListRemove                         
00007d2d  xTaskCreate                          
00007d75  xTaskGetApplicationTaskTag           
00007e03  HwiP_create                          
00007e47  ADC_convert                          
00007e51  PendSV_Handler                       
00007f1d  ADC_open                             
00007f5d  DL_ADC12_setClockConfig              
00007f9d  SemaphoreP_constructBinary           
00007fdd  __aeabi_uidiv                        
00007fdd  __aeabi_uidivmod                     
0000801d  __divmoddi4                          
0000805d  ADCMSPM0_convertToMicroVolts         
00008099  DL_I2C_flushControllerTXFIFO         
000080d5  DL_I2C_flushTargetTXFIFO             
0000814d  __TI_auto_init_nobinit_nopinit       
00008189  __muldsi3                            
000081c3  vListInsertEnd                       
000081fd  ADCMSPM0_close                       
00008235  DL_SYSCTL_switchMCLKfromLFCLKtoSYSOSC
0000826d  GPIO_resetConfig                     
000082a5  HwiP_dispatch                        
000082dd  SemaphoreP_createBinary              
00008315  payloadManagerThread                 
00008385  xTaskGetSchedulerState               
000083f5  HwiP_disable                         
0000845d  pthread_attr_setschedparam           
00008491  signal                               
000084c5  vTaskPlaceOnEventList                
000084f9  vTaskSetApplicationTaskTag           
0000852d  vQueueDelete                         
00008561  DL_I2C_flushControllerRXFIFO         
00008591  DL_I2C_flushTargetRXFIFO             
000085c1  HwiP_inISR                           
000085f1  SysTick_Handler                      
000086af  pthread_attr_setdetachstate          
000086dd  vPortSVCHandler_C                    
0000870b  SemaphoreP_post                      
00008765  _pthread_cleanup_pop                 
00008791  raise                                
000087bd  vListInitialise                      
000087e9  vPortExitCritical                    
0000883f  I2C_cancel                           
00008869  NAS2300_code24_to_uV                 
000088b9  vApplicationGetIdleTaskMemory        
000088e1  vApplicationGetTimerTaskMemory       
00008909  _c_int00_noargs                      
00008931  DL_I2C_setClockConfig                
00008957  HwiP_Params_init                     
0000897d  HwiP_restore                         
000089a1  PTLS_taskDeleteHook                  
000089d1  SVC_Handler                          
000089f5  __aeabi_ui2d                         
000089f5  __floatunsidf                        
00008a19  __aeabi_lmul                         
00008a19  __muldi3                             
00008a3d  pvTaskIncrementMutexHeldCount        
00008a61  vRestoreContextOfFirstTask           
00008a85  HardFault_Handler                    
00008aa5  HwiP_destruct                        
00008ac5  SYSCFG_DL_SYSCTL_CLK_init            
00008ae5  vTaskInternalSetTimeOutState         
00008b05  SEGGER_RTT_printf                    
00008b25  __aeabi_llsl                         
00008b25  __ashldi3                            
00008b81  GPIO_setCallback                     
00008b9d  NAS2300_decode_code24                
00008bb9  NAS2300_publish_latest_p24           
00008bd5  pthread_attr_init                    
00008bf1  PTLS_getBuf                          
00008c0b  PTLS_setBuf                          
00008c25  NAS2300_publish_latest_force_uV      
00008c3d  prvGetRegistersFromStack             
00008c55  pthread_self                         
00008c6d  vPortEnterCritical                   
00008c85  vPortYield                           
00008c9d  DL_Interrupt_unregisterInterrupt     
00008cb1  HwiP_disableInterrupt                
00008cc5  HwiP_enableInterrupt                 
00008cd9  I2CSupport_controllerFinish          
00008ced  I2CTarget_Params_init                
00008d01  NAS2300_Config_init                  
00008d15  SYSCFG_DL_init                       
00008d29  __aeabi_ldivmod                      
00008d3d  __aeabi_uldivmod                     
00008d51  aligned_alloc                        
00008d65  xTaskGetCurrentTaskHandle            
00008d79  xTaskGetTickCount                    
00008d8d  pthread_attr_setstacksize            
00008d9f  __TI_decompress_none                 
00008db1  ADC_Params_init                      
00008dc1  I2C_transfer                         
00008dd1  SemaphoreP_delete                    
00008de1  free                                 
00008df1  vStartFirstTask                      
00008e01  vTaskSuspendAll                      
00008e11  __TI_zero_init                       
00008e21  I2CTarget_start                      
00008e31  __aeabi_memset                       
00008e31  __aeabi_memset4                      
00008e31  __aeabi_memset8                      
00008e3f  vListInitialiseItem                  
00008e4d  I2C_Params_init                      
00008e59  NSA2300_getTaskHandle                
00008e65  PT100_getTaskHandle                  
00008e71  __aeabi_memclr                       
00008e71  __aeabi_memclr4                      
00008e71  __aeabi_memclr8                      
00008e7d  memalign                             
00008e89  realloc                              
00008e95  uxTaskGetNumberOfTasks               
00008ea1  vTaskMissedYield                     
00008ead  ADC_convertToMicroVolts              
00008eb7  DL_Common_delayCycles                
00008ec1  GPIO_setConfig                       
00008ecb  __softfloat_float_raise              
00008ed5  ADCMSPM0_init                        
00008ef5  SemaphoreP_destruct                  
00008efd  __aeabi_memcpy                       
00008efd  __aeabi_memcpy4                      
00008efd  __aeabi_memcpy8                      
00008f05  ulSetInterruptMask                   
00008f0d  ADCMSPM0_control                     
00008f13  ClockP_getSystemTickPeriod           
00008f19  vClearInterruptMask                  
00008f1f  abort                                
00008f24  C$$EXIT                              
00008f25  HOSTexit                             
00008f29  Reset_Handler                        
00008f2d  _system_pre_init                     
00008f31  vApplicationStackOverflowHook        
00008f40  adcHWAttrs                           
000092c0  I2CTargetMSPM0HWAttrs                
00009360  I2CMSPM0HWAttrs                      
00009496  ADC_count                            
00009497  GPIO_pinLowerBound                   
000095af  GPIO_pinUpperBound                   
000095b0  ADCMSPM0_fxnTable                    
000096f1  I2CTarget_count                      
000096f2  I2C_count                            
00009748  GPIO_config                          
00009788  ADC_config                           
00009794  I2CTarget_defaultParams              
000097b0  ADC_defaultParams                    
000097b8  I2CTarget_config                     
000097c0  I2C_config                           
00009810  __TI_Handler_Table_Base              
0000981c  __TI_Handler_Table_Limit             
0000982c  __TI_CINIT_Base                      
00009844  __TI_CINIT_Limit                     
00009844  __TI_CINIT_Warm                      
20200000  __start___llvm_prf_bits              
20200000  __start___llvm_prf_cnts              
20200000  __stop___llvm_prf_bits               
20200000  __stop___llvm_prf_cnts               
202014f8  I2CMSPM0Objects                      
202015f0  gpioCallbackFunctions                
202016e0  gpioUserArgs                         
20201898  _SEGGER_RTT                          
202019b8  I2CTargetMSPM0Objects                
20201ba0  rxBuffer                             
20201bc0  txBuffer                             
20201c7c  cmd                                  
20201cbc  adcObjects                           
20201cbf  protocolState                        
20201cc0  gpioPinConfigs                       
20201f04  HwiP_swiPIntNum                      
20201f08  _lock                                
20201f0c  g_latestForceSeq                     
20201f10  g_latestForce_p24                    
20201f14  g_latestForce_uV                     
20201f18  g_latestTempSeq                      
20201f38  pxCurrentTCB                         
20201f96  g_latestTemp_x10                     
20207e00  __stack                              
20208000  __STACK_END                          
ffffffff  __TI_pprof_out_hndl                  
ffffffff  __TI_prof_data_size                  
ffffffff  __TI_prof_data_start                 
ffffffff  __binit__                            
ffffffff  binit                                
UNDEFED   __mpu_init                           
UNDEFED   _system_post_cinit                   

[343 symbols]
