******************************************************************************
            TI ARM Clang Linker PC v4.0.4                      
******************************************************************************
>> Linked Sun Feb  1 19:11:06 2026

OUTPUT FILE NAME:   <i2c_target_LP_MSPM0G3507_freertos_ticlang.out>
ENTRY POINT SYMBOL: "_c_int00_noargs"  address: 00006a4d


MEMORY CONFIGURATION

         name            origin    length      used     unused   attr    fill
----------------------  --------  ---------  --------  --------  ----  --------
  FLASH                 00000000   00020000  00007600  00018a00  R  X
  SRAM                  20200000   00008000  00002189  00005e77  RW X
  BCR_CONFIG            41c00000   000000ff  00000000  000000ff  R   
  BSL_CONFIG            41c00100   00000080  00000000  00000080  R   


SEGMENT ALLOCATION MAP

run origin  load origin   length   init length attrs members
----------  ----------- ---------- ----------- ----- -------
00000000    00000000    00007600   00007600    r-x
  00000000    00000000    000000c0   000000c0    r-- .intvecs
  000000c0    000000c0    00006ee0   00006ee0    r-x .text
  00006fa0    00006fa0    00000608   00000608    r-- .rodata
  000075a8    000075a8    00000058   00000058    r-- .cinit
20200000    20200000    00001eca   00000000    rw-
  20200000    20200000    00001c9b   00000000    rw- .bss
  20201c9c    20201c9c    0000022e   00000000    rw- .data
20201f00    20201f00    000000c0   00000000    rw-
  20201f00    20201f00    000000c0   00000000    rw- .vtable
20207e00    20207e00    00000200   00000000    rw-
  20207e00    20207e00    00000200   00000000    rw- .stack


SECTION ALLOCATION MAP

 output                                  attributes/
section   page    origin      length       input sections
--------  ----  ----------  ----------   ----------------
.intvecs   0    00000000    000000c0     
                  00000000    000000c0     startup_mspm0g350x_ticlang.o (.intvecs)

.text      0    000000c0    00006ee0     
                  000000c0    00000494     SEGGER_RTT_printf.o (.text.SEGGER_RTT_vprintf)
                  00000554    00000294     freertos_builds_LP_MSPM0G3507_release_ticlang.lib : heap_4.o (.text.pvPortMalloc)
                  000007e8    00000224     drivers_mspm0g1x0x_g3x0x.a : GPIOMSPM0.o (.text.GPIO_setConfigAndMux)
                  00000a0c    00000220     SEGGER_RTT_printf.o (.text._PrintUnsigned)
                  00000c2c    00000210     freertos_builds_LP_MSPM0G3507_release_ticlang.lib : tasks.o (.text.xTaskIncrementTick)
                  00000e3c    000001f8                                                       : tasks.o (.text.xTaskResumeAll)
                  00001034    000001f4     drivers_mspm0g1x0x_g3x0x.a : I2CMSPM0.o (.text.I2C_open)
                  00001228    000001ec                                : ADCMSPM0.o (.text.ADCMSPM0_convertChain)
                  00001414    000001de     freertos_builds_LP_MSPM0G3507_release_ticlang.lib : queue.o (.text.xQueueSemaphoreTake)
                  000015f2    00000002     startup_mspm0g350x_ticlang.o (.text.Default_Handler)
                  000015f4    000001dc     drivers_mspm0g1x0x_g3x0x.a : I2CMSPM0.o (.text.I2CMSPM0_hwiFxn)
                  000017d0    000001d2     freertos_builds_LP_MSPM0G3507_release_ticlang.lib : queue.o (.text.xQueueGenericSend)
                  000019a2    000001a4                                                       : queue.o (.text.xQueueReceive)
                  00001b46    00000002     drivers_mspm0g1x0x_g3x0x.a : I2CMSPM0.o (.text.I2CSupport_powerRelConstraint)
                  00001b48    000001a0     freertos_builds_LP_MSPM0G3507_release_ticlang.lib : port.o (.text.vPortSuppressTicksAndSleep)
                  00001ce8    00000198     drivers_mspm0g1x0x_g3x0x.a : ADCMSPM0.o (.text.ADCMSPM0_open)
                  00001e80    00000190     freertos_builds_LP_MSPM0G3507_release_ticlang.lib : tasks.o (.text.xTaskRemoveFromEventList)
                  00002010    00000164     drivers_mspm0g1x0x_g3x0x.a : GPIOMSPM0.o (.text.GPIO_init)
                  00002174    00000164     SEGGER_RTT.o (.text.SEGGER_RTT_WriteNoLock)
                  000022d8    0000015c     freertos_builds_LP_MSPM0G3507_release_ticlang.lib : timers.o (.text.prvProcessReceivedCommands)
                  00002434    0000014c                                                       : pthread.o (.text.pthread_create)
                  00002580    00000144                                                       : tasks.o (.text.vTaskPriorityDisinheritAfterTimeout)
                  000026c4    0000012c     drivers_mspm0g1x0x_g3x0x.a : I2C.o (.text.I2C_transferTimeout)
                  000027f0    00000128     freertos_builds_LP_MSPM0G3507_release_ticlang.lib : tasks.o (.text.prvAddNewTaskToReadyList)
                  00002918    00000128                                                       : tasks.o (.text.xTaskPriorityInherit)
                  00002a40    00000124                                                       : tasks.o (.text.vTaskSuspend)
                  00002b64    0000011c                                                       : tasks.o (.text.vTaskDelete)
                  00002c80    00000114                                                       : port.o (.text.pxPortInitialiseStack)
                  00002d94    0000010e                                                       : queue.o (.text.xQueueGiveFromISR)
                  00002ea2    00000002     drivers_mspm0g1x0x_g3x0x.a : I2CMSPM0.o (.text.I2CSupport_powerSetConstraint)
                  00002ea4    0000010c     freertos_builds_LP_MSPM0G3507_release_ticlang.lib : heap_4.o (.text.prvInsertBlockIntoFreeList)
                  00002fb0    0000010c                                                       : tasks.o (.text.vTaskSwitchContext)
                  000030bc    00000108     drivers_mspm0g1x0x_g3x0x.a : I2CMSPM0.o (.text.I2CMSPM0_primeWriteBurst)
                  000031c4    00000108     freertos_builds_LP_MSPM0G3507_release_ticlang.lib : tasks.o (.text.xTaskPriorityDisinherit)
                  000032cc    00000106                                                       : queue.o (.text.xQueueReceiveFromISR)
                  000033d2    00000104                                                       : tasks.o (.text.prvInitialiseNewTask)
                  000034d6    00000002     drivers_mspm0g1x0x_g3x0x.a : I2C.o (.text.I2C_init)
                  000034d8    000000f8                                : GPIOMSPM0.o (.text.GPIO_hwiIntFxn)
                  000035d0    000000f8     i2ctargetApp.o (.text.i2cTargetCallback)
                  000036c8    000000f8     freertos_builds_LP_MSPM0G3507_release_ticlang.lib : heap_4.o (.text.vPortFree)
                  000037c0    000000ec     drivers_mspm0g1x0x_g3x0x.a : I2CMSPM0.o (.text.I2CMSPM0_primeReadBurst)
                  000038ac    000000ec                                : I2CTargetMSPM0.o (.text.I2CTargetMSPM0_configHw)
                  00003998    000000e8                                : I2CTargetMSPM0.o (.text.I2CTargetMSPM0_hwiFxn)
                  00003a80    000000e4     freertos_builds_LP_MSPM0G3507_release_ticlang.lib : tasks.o (.text.prvAddCurrentTaskToDelayedList)
                  00003b64    000000e4                                                       : queue.o (.text.xQueueGenericReset)
                  00003c48    000000d4                                                       : queue.o (.text.prvCopyDataToQueue)
                  00003d1c    000000cc                                                       : tasks.o (.text.prvCreateIdleTasks)
                  00003de8    000000c8     nas2300.o (.text.nsa2300Init)
                  00003eb0    000000c8     hdd_i2c_payload_manager.o (.text.payloadManagerThread)
                  00003f78    000000c4     drivers_mspm0g1x0x_g3x0x.a : I2CTargetMSPM0.o (.text.I2CTarget_open)
                  0000403c    000000bc     freertos_builds_LP_MSPM0G3507_release_ticlang.lib : HwiPMSPM0_freertos.o (.text.HwiP_construct)
                  000040f8    000000b6                                                       : queue.o (.text.prvUnlockQueue)
                  000041ae    00000002     ti_msp_dl_config.o (.text.SYSCFG_DL_GPIO_init)
                  000041b0    000000b4     freertos_builds_LP_MSPM0G3507_release_ticlang.lib : tasks.o (.text.xTaskCheckForTimeOut)
                  00004264    000000ac     drivers_mspm0g1x0x_g3x0x.a : ADC.o (.text.ADC_init)
                  00004310    000000ac                                : GPIOMSPM0.o (.text.GPIO_setInterruptConfig)
                  000043bc    000000a2     libclang_rt.builtins.a : udivmoddi4.S.obj (.text)
                  0000445e    00000002                            : aeabi_div0.c.obj (.text.__aeabi_idiv0)
                  00004460    000000a0     SEGGER_RTT.o (.text.SEGGER_RTT_Write)
                  00004500    000000a0     freertos_builds_LP_MSPM0G3507_release_ticlang.lib : heap_4.o (.text.prvHeapInit)
                  000045a0    000000a0                                                       : queue.o (.text.xQueueGenericCreateStatic)
                  00004640    0000009c     drivers_mspm0g1x0x_g3x0x.a : I2CMSPM0.o (.text.I2CMSPM0_completeTransfer)
                  000046dc    0000009a     libc.a : memcpy16.S.obj (.text:memcpy)
                  00004776    00000098     freertos_builds_LP_MSPM0G3507_release_ticlang.lib : tasks.o (.text.prvCreateStaticTask)
                  0000480e    00000094                                                       : queue.o (.text.xQueueGenericCreate)
                  000048a2    00000002     libclang_rt.builtins.a : aeabi_div0.c.obj (.text.__aeabi_ldiv0)
                  000048a4    00000090     driverlib.a : dl_interrupt.o (.text.DL_Interrupt_registerInterrupt)
                  00004934    0000008c     main_freertos.o (.text.main)
                  000049c0    0000008c     freertos_builds_LP_MSPM0G3507_release_ticlang.lib : timers.o (.text.prvProcessTimerOrBlockTask)
                  00004a4c    0000008c                                                       : pthread.o (.text.removeThreadKeys)
                  00004ad8    0000008a                                                       : SemaphoreP_freertos.o (.text.SemaphoreP_pend)
                  00004b62    00000002     --HOLE-- [fill = 0]
                  00004b64    00000088     nas2300.o (.text.i2cErrorHandler)
                  00004bec    00000088     i2ctargetApp.o (.text.mainThread)
                  00004c74    00000084     drivers_mspm0g1x0x_g3x0x.a : ADCMSPM0.o (.text.ADCMSPM0_convert)
                  00004cf8    00000084     freertos_builds_LP_MSPM0G3507_release_ticlang.lib : HwiPMSPM0_freertos.o (.text.__NVIC_SetPriority)
                  00004d7c    00000084                                                       : tasks.o (.text.prvCreateTask)
                  00004e00    00000084                                                       : timers.o (.text.prvInsertTimerInActiveList)
                  00004e84    00000084                                                       : tasks.o (.text.vTaskStepTick)
                  00004f08    00000080                                                       : port.o (.text.xPortStartScheduler)
                  00004f88    0000007c                                                       : memory.o (.text.calloc)
                  00005004    0000007c                                                       : tasks.o (.text.eTaskConfirmSleepModeStatus)
                  00005080    0000007c                                                       : tasks.o (.text.prvInitialiseTaskLists)
                  000050fc    0000007c                                                       : timers.o (.text.xTimerCreateTimerTask)
                  00005178    0000007c     libc.a : copy_decompress_lzss.c.obj (.text:decompress:lzss)
                  000051f4    00000078     SEGGER_RTT.o (.text.SEGGER_RTT_Init)
                  0000526c    00000078     freertos_builds_LP_MSPM0G3507_release_ticlang.lib : tasks.o (.text.prvGetExpectedIdleTime)
                  000052e4    00000074     drivers_mspm0g1x0x_g3x0x.a : I2CMSPM0.o (.text.I2CSupport_primeTransfer)
                  00005358    00000074     freertos_builds_LP_MSPM0G3507_release_ticlang.lib : tasks.o (.text.vTaskPlaceOnEventListRestricted)
                  000053cc    0000006e                                                       : pthread.o (.text.pthread_exit)
                  0000543a    00000002     --HOLE-- [fill = 0]
                  0000543c    0000006c     drivers_mspm0g1x0x_g3x0x.a : GPIOMSPM0.o (.text.GPIO_write)
                  000054a8    0000006c     freertos_builds_LP_MSPM0G3507_release_ticlang.lib : timers.o (.text.prvCheckForValidListAndQueue)
                  00005514    0000006c                                                       : list.o (.text.vListInsert)
                  00005580    0000006a                                                       : queue.o (.text.vQueueWaitForMessageRestricted)
                  000055ea    00000002     --HOLE-- [fill = 0]
                  000055ec    00000068                                                       : tasks.o (.text.vTaskStartScheduler)
                  00005654    00000062     libc.a : memset16.S.obj (.text:memset)
                  000056b6    00000002     --HOLE-- [fill = 0]
                  000056b8    00000060     freertos_builds_LP_MSPM0G3507_release_ticlang.lib : tasks.o (.text.pvTaskGetThreadLocalStoragePointer)
                  00005718    0000005e     driverlib.a : dl_i2c.o (.text.DL_I2C_fillControllerTXFIFO)
                  00005776    00000002     --HOLE-- [fill = 0]
                  00005778    0000005c     nas2300.o (.text.nsa2300ReadPressureRaw24Single)
                  000057d4    0000005c     freertos_builds_LP_MSPM0G3507_release_ticlang.lib : tasks.o (.text.prvIdleTask)
                  00005830    0000005a                                                       : pthread.o (.text.pthread_setcancelstate)
                  0000588a    00000002     --HOLE-- [fill = 0]
                  0000588c    00000058     drivers_mspm0g1x0x_g3x0x.a : I2CMSPM0.o (.text.I2C_close)
                  000058e4    00000058     libclang_rt.builtins.a : clzsi2.c.obj (.text.__clzsi2)
                  0000593c    00000058     freertos_builds_LP_MSPM0G3507_release_ticlang.lib : tasks.o (.text.vTaskSetThreadLocalStoragePointer)
                  00005994    00000054     drivers_mspm0g1x0x_g3x0x.a : GPIOMSPM0.o (.text.GPIO_disableInt)
                  000059e8    00000054     ti_msp_dl_config.o (.text.SYSCFG_DL_SYSCTL_init)
                  00005a3c    00000054     freertos_builds_LP_MSPM0G3507_release_ticlang.lib : aeabi_portable.o (.text.__aeabi_errno_addr)
                  00005a90    00000054     nas2300.o (.text.nsa2300WaitForDataReady)
                  00005ae4    00000054     freertos_builds_LP_MSPM0G3507_release_ticlang.lib : port.o (.text.vPortSetupTimerInterrupt)
                  00005b38    00000050     drivers_mspm0g1x0x_g3x0x.a : I2CMSPM0.o (.text.I2CMSPM0_readReceiveFifo)
                  00005b88    00000050     nas2300.o (.text.nsa2300StartMeasurement)
                  00005bd8    00000050     freertos_builds_LP_MSPM0G3507_release_ticlang.lib : tasks.o (.text.prvCheckTasksWaitingTermination)
                  00005c28    00000050                                                       : tasks.o (.text.prvDeleteTCB)
                  00005c78    00000050                                                       : timers.o (.text.prvProcessExpiredTimer)
                  00005cc8    00000050     pt100.o (.text.pt100ReadRaw)
                  00005d18    00000050     freertos_builds_LP_MSPM0G3507_release_ticlang.lib : sleep.o (.text.usleep)
                  00005d68    00000050                                                       : tasks.o (.text.vTaskDelay)
                  00005db8    0000004c                                                       : tasks.o (.text.xTaskCreateStatic)
                  00005e04    0000004a                                                       : memory.o (.text.malloc)
                  00005e4e    00000002     --HOLE-- [fill = 0]
                  00005e50    00000048     ti_msp_dl_config.o (.text.SYSCFG_DL_initPower)
                  00005e98    00000048     freertos_builds_LP_MSPM0G3507_release_ticlang.lib : sleep.o (.text.sleep)
                  00005ee0    00000048                                                       : list.o (.text.uxListRemove)
                  00005f28    00000048                                                       : tasks.o (.text.xTaskCreate)
                  00005f70    00000048                                                       : tasks.o (.text.xTaskGetApplicationTaskTag)
                  00005fb8    00000046                                                       : queue.o (.text.prvInitialiseNewQueue)
                  00005ffe    00000044                                                       : HwiPMSPM0_freertos.o (.text.HwiP_create)
                  00006042    0000000e     drivers_mspm0g1x0x_g3x0x.a : I2CTargetMSPM0.o (.text.I2CTarget_start)
                  00006050    00000044     freertos_builds_LP_MSPM0G3507_release_ticlang.lib : portasm.o (.text.PendSV_Handler)
                  00006094    00000044                                                       : queue.o (.text.prvCopyDataFromQueue)
                  000060d8    00000044                                                       : timers.o (.text.prvSwitchTimerLists)
                  0000611c    00000044     pt100.o (.text.pt100Init)
                  00006160    00000040     drivers_mspm0g1x0x_g3x0x.a : ADC.o (.text.ADC_open)
                  000061a0    00000040     driverlib.a : dl_adc12.o (.text.DL_ADC12_setClockConfig)
                  000061e0    00000040     freertos_builds_LP_MSPM0G3507_release_ticlang.lib : SemaphoreP_freertos.o (.text.SemaphoreP_constructBinary)
                  00006220    00000040     libclang_rt.builtins.a : aeabi_uidivmod.S.obj (.text.__aeabi_uidivmod)
                  00006260    0000003c     drivers_mspm0g1x0x_g3x0x.a : ADCMSPM0.o (.text.ADCMSPM0_convertToMicroVolts)
                  0000629c    0000003c     driverlib.a : dl_i2c.o (.text.DL_I2C_flushControllerTXFIFO)
                  000062d8    0000003c                 : dl_i2c.o (.text.DL_I2C_flushTargetTXFIFO)
                  00006314    0000003c     freertos_builds_LP_MSPM0G3507_release_ticlang.lib : timers.o (.text.prvSampleTimeNow)
                  00006350    0000003c     libc.a : autoinit.c.obj (.text:__TI_auto_init_nobinit_nopinit)
                  0000638c    0000003a     libclang_rt.builtins.a : muldsi3.S.obj (.text.__muldsi3)
                  000063c6    0000003a     freertos_builds_LP_MSPM0G3507_release_ticlang.lib : list.o (.text.vListInsertEnd)
                  00006400    00000038     drivers_mspm0g1x0x_g3x0x.a : ADCMSPM0.o (.text.ADCMSPM0_close)
                  00006438    00000038     driverlib.a : dl_sysctl_mspm0g1x0x_g3x0x.o (.text.DL_SYSCTL_switchMCLKfromLFCLKtoSYSOSC)
                  00006470    00000038     drivers_mspm0g1x0x_g3x0x.a : GPIO.o (.text.GPIO_resetConfig)
                  000064a8    00000038     freertos_builds_LP_MSPM0G3507_release_ticlang.lib : HwiPMSPM0_freertos.o (.text.HwiP_dispatch)
                  000064e0    00000038                                                       : SemaphoreP_freertos.o (.text.SemaphoreP_createBinary)
                  00006518    00000038                                                       : timers.o (.text.prvGetNextExpireTime)
                  00006550    00000038                                                       : tasks.o (.text.xTaskGetSchedulerState)
                  00006588    00000036                                                       : timers.o (.text.prvReloadTimer)
                  000065be    00000002     --HOLE-- [fill = 0]
                  000065c0    00000034                                                       : HwiPMSPM0_freertos.o (.text.HwiP_disable)
                  000065f4    00000034                                                       : HwiPMSPM0_freertos.o (.text.__NVIC_DisableIRQ)
                  00006628    00000034                                                       : pthread.o (.text.pthread_attr_setschedparam)
                  0000665c    00000034                                                       : tasks.o (.text.vTaskPlaceOnEventList)
                  00006690    00000034                                                       : tasks.o (.text.vTaskSetApplicationTaskTag)
                  000066c4    00000032                                                       : queue.o (.text.vQueueDelete)
                  000066f6    00000002     --HOLE-- [fill = 0]
                  000066f8    00000030     driverlib.a : dl_i2c.o (.text.DL_I2C_flushControllerRXFIFO)
                  00006728    00000030                 : dl_i2c.o (.text.DL_I2C_flushTargetRXFIFO)
                  00006758    00000030     freertos_builds_LP_MSPM0G3507_release_ticlang.lib : HwiPMSPM0_freertos.o (.text.HwiP_inISR)
                  00006788    00000030                                                       : port.o (.text.SysTick_Handler)
                  000067b8    00000030                                                       : tasks.o (.text.prvResetNextTaskUnblockTime)
                  000067e8    00000030                                                       : port.o (.text.prvTaskExitError)
                  00006818    0000002e                                                       : queue.o (.text.prvIsQueueFull)
                  00006846    0000002e                                                       : pthread.o (.text.pthread_attr_setdetachstate)
                  00006874    0000002e                                                       : port.o (.text.vPortSVCHandler_C)
                  000068a2    0000002c                                                       : SemaphoreP_freertos.o (.text.SemaphoreP_post)
                  000068ce    00000002     --HOLE-- [fill = 0]
                  000068d0    0000002c                                                       : HwiPMSPM0_freertos.o (.text.__NVIC_EnableIRQ)
                  000068fc    0000002c                                                       : pthread.o (.text._pthread_cleanup_pop)
                  00006928    0000002c                                                       : list.o (.text.vListInitialise)
                  00006954    0000002c                                                       : port.o (.text.vPortExitCritical)
                  00006980    0000002a                                                       : queue.o (.text.prvIsQueueEmpty)
                  000069aa    00000028     drivers_mspm0g1x0x_g3x0x.a : I2C.o (.text.I2C_cancel)
                  000069d2    00000028     freertos_builds_LP_MSPM0G3507_release_ticlang.lib : queue.o (.text.prvGetHighestPriorityOfWaitToReceiveList)
                  000069fa    00000002     --HOLE-- [fill = 0]
                  000069fc    00000028                                                       : StaticAllocs_freertos.o (.text.vApplicationGetIdleTaskMemory)
                  00006a24    00000028                                                       : StaticAllocs_freertos.o (.text.vApplicationGetTimerTaskMemory)
                  00006a4c    00000028     libc.a : boot_cortex_m.c.obj (.text:_c_int00_noargs)
                  00006a74    00000026     driverlib.a : dl_i2c.o (.text.DL_I2C_setClockConfig)
                  00006a9a    00000024     freertos_builds_LP_MSPM0G3507_release_ticlang.lib : HwiPMSPM0_freertos.o (.text.HwiP_Params_init)
                  00006abe    00000002     --HOLE-- [fill = 0]
                  00006ac0    00000024                                                       : HwiPMSPM0_freertos.o (.text.HwiP_restore)
                  00006ae4    00000024                                                       : PTLS.o (.text.PTLS_taskDeleteHook)
                  00006b08    00000008     drivers_mspm0g1x0x_g3x0x.a : ADCMSPM0.o (.text.ADCMSPM0_init)
                  00006b10    00000024     freertos_builds_LP_MSPM0G3507_release_ticlang.lib : portasm.o (.text.SVC_Handler)
                  00006b34    00000024     libclang_rt.builtins.a : muldi3.S.obj (.text.__muldi3)
                  00006b58    00000024     freertos_builds_LP_MSPM0G3507_release_ticlang.lib : tasks.o (.text.pvTaskIncrementMutexHeldCount)
                  00006b7c    00000004     libsysbm.a : hostexit.c.obj (.text.HOSTexit)
                  00006b80    00000024     freertos_builds_LP_MSPM0G3507_release_ticlang.lib : portasm.o (.text.vRestoreContextOfFirstTask)
                  00006ba4    00000020     startup_mspm0g350x_ticlang.o (.text.HardFault_Handler)
                  00006bc4    00000020     freertos_builds_LP_MSPM0G3507_release_ticlang.lib : HwiPMSPM0_freertos.o (.text.HwiP_destruct)
                  00006be4    00000020     ti_msp_dl_config.o (.text.SYSCFG_DL_SYSCTL_CLK_init)
                  00006c04    00000020     freertos_builds_LP_MSPM0G3507_release_ticlang.lib : tasks.o (.text.vTaskInternalSetTimeOutState)
                  00006c24    0000001e     SEGGER_RTT_printf.o (.text.SEGGER_RTT_printf)
                  00006c42    00000002     --HOLE-- [fill = 0]
                  00006c44    0000001e     libclang_rt.builtins.a : ashldi3.S.obj (.text.__ashldi3)
                  00006c62    0000001e     freertos_builds_LP_MSPM0G3507_release_ticlang.lib : pthread.o (.text._pthread_runStub)
                  00006c80    0000001e                                                       : timers.o (.text.prvTimerTask)
                  00006c9e    00000002     --HOLE-- [fill = 0]
                  00006ca0    0000001c     drivers_mspm0g1x0x_g3x0x.a : GPIO.o (.text.GPIO_setCallback)
                  00006cbc    0000001c     freertos_builds_LP_MSPM0G3507_release_ticlang.lib : pthread.o (.text.pthread_attr_init)
                  00006cd8    0000001a                                                       : PTLS.o (.text.PTLS_getBuf)
                  00006cf2    0000001a                                                       : PTLS.o (.text.PTLS_setBuf)
                  00006d0c    00000018     startup_mspm0g350x_ticlang.o (.text.prvGetRegistersFromStack)
                  00006d24    00000018     freertos_builds_LP_MSPM0G3507_release_ticlang.lib : pthread.o (.text.pthread_self)
                  00006d3c    00000018                                                       : port.o (.text.vPortEnterCritical)
                  00006d54    00000018                                                       : port.o (.text.vPortYield)
                  00006d6c    00000014     driverlib.a : dl_interrupt.o (.text.DL_Interrupt_unregisterInterrupt)
                  00006d80    00000014     freertos_builds_LP_MSPM0G3507_release_ticlang.lib : HwiPMSPM0_freertos.o (.text.HwiP_disableInterrupt)
                  00006d94    00000014                                                       : HwiPMSPM0_freertos.o (.text.HwiP_enableInterrupt)
                  00006da8    00000014     drivers_mspm0g1x0x_g3x0x.a : I2CMSPM0.o (.text.I2CSupport_controllerFinish)
                  00006dbc    00000014                                : I2CTarget.o (.text.I2CTarget_Params_init)
                  00006dd0    00000014     ti_msp_dl_config.o (.text.SYSCFG_DL_init)
                  00006de4    00000014     libclang_rt.builtins.a : aeabi_uldivmod.S.obj (.text.__aeabi_uldivmod)
                  00006df8    00000014     freertos_builds_LP_MSPM0G3507_release_ticlang.lib : memory.o (.text.aligned_alloc)
                  00006e0c    00000014                                                       : tasks.o (.text.xTaskGetCurrentTaskHandle)
                  00006e20    00000014                                                       : tasks.o (.text.xTaskGetTickCount)
                  00006e34    00000012                                                       : pthread.o (.text.pthread_attr_setstacksize)
                  00006e46    00000012     libc.a : copy_decompress_none.c.obj (.text:decompress:none)
                  00006e58    00000010     drivers_mspm0g1x0x_g3x0x.a : ADC.o (.text.ADC_Params_init)
                  00006e68    00000010                                : I2C.o (.text.I2C_transfer)
                  00006e78    00000010     freertos_builds_LP_MSPM0G3507_release_ticlang.lib : SemaphoreP_freertos.o (.text.SemaphoreP_delete)
                  00006e88    00000010                                                       : memory.o (.text.free)
                  00006e98    00000008                                                       : SemaphoreP_freertos.o (.text.SemaphoreP_destruct)
                  00006ea0    00000010                                                       : portasm.o (.text.vStartFirstTask)
                  00006eb0    00000010                                                       : tasks.o (.text.vTaskSuspendAll)
                  00006ec0    00000010     libc.a : copy_zero_init.c.obj (.text:decompress:ZI)
                  00006ed0    0000000e     libclang_rt.builtins.a : aeabi_memset.S.obj (.text.__aeabi_memset)
                  00006ede    0000000e     freertos_builds_LP_MSPM0G3507_release_ticlang.lib : list.o (.text.vListInitialiseItem)
                  00006eec    0000000c     drivers_mspm0g1x0x_g3x0x.a : I2CMSPM0.o (.text.I2CMSPM0_blockingCallback)
                  00006ef8    0000000c                                : I2C.o (.text.I2C_Params_init)
                  00006f04    0000000c     libclang_rt.builtins.a : aeabi_memset.S.obj (.text.__aeabi_memclr)
                  00006f10    0000000c     freertos_builds_LP_MSPM0G3507_release_ticlang.lib : memory.o (.text.memalign)
                  00006f1c    0000000c                                                       : memory.o (.text.realloc)
                  00006f28    0000000c                                                       : tasks.o (.text.uxTaskGetNumberOfTasks)
                  00006f34    0000000c                                                       : tasks.o (.text.vTaskMissedYield)
                  00006f40    0000000a     drivers_mspm0g1x0x_g3x0x.a : ADC.o (.text.ADC_convert)
                  00006f4a    0000000a     driverlib.a : dl_common.o (.text.DL_Common_delayCycles)
                  00006f54    0000000a     drivers_mspm0g1x0x_g3x0x.a : GPIOMSPM0.o (.text.GPIO_setConfig)
                  00006f5e    00000002     --HOLE-- [fill = 0]
                  00006f60    00000008     libclang_rt.builtins.a : aeabi_memcpy.S.obj (.text.__aeabi_memcpy)
                  00006f68    00000008     freertos_builds_LP_MSPM0G3507_release_ticlang.lib : portasm.o (.text.ulSetInterruptMask)
                  00006f70    00000006     drivers_mspm0g1x0x_g3x0x.a : ADCMSPM0.o (.text.ADCMSPM0_control)
                  00006f76    00000006     freertos_builds_LP_MSPM0G3507_release_ticlang.lib : ClockP_freertos.o (.text.ClockP_getSystemTickPeriod)
                  00006f7c    00000006                                                       : portasm.o (.text.vClearInterruptMask)
                  00006f82    00000006     libc.a : exit.c.obj (.text:abort)
                  00006f88    00000004     startup_mspm0g350x_ticlang.o (.text.Reset_Handler)
                  00006f8c    00000004     libc.a : pre_init.c.obj (.text._system_pre_init)
                  00006f90    00000004     main_freertos.o (.text.vApplicationStackOverflowHook)
                  00006f94    0000000c     --HOLE-- [fill = 0]

.cinit     0    000075a8    00000058     
                  000075a8    00000020     (.cinit..data.load) [load image, compression = lzss]
                  000075c8    0000000c     (__TI_handler_table)
                  000075d4    00000008     (.cinit..bss.load) [load image, compression = zero_init]
                  000075dc    00000008     (.cinit..vtable.load) [load image, compression = zero_init]
                  000075e4    00000018     (__TI_cinit_table)
                  000075fc    00000004     --HOLE-- [fill = 0]

.rodata    0    00006fa0    00000608     
                  00006fa0    00000060     ti_drivers_config.o (.rodata.adcHWAttrs)
                  00007000    00000033     i2ctargetApp.o (.rodata.str1.14990900598541188776.1)
                  00007033    0000002e     pt100.o (.rodata.str1.13586761021927527545.1)
                  00007061    0000002d     nas2300.o (.rodata.str1.16548613384846557317.1)
                  0000708e    0000002c     hdd_i2c_payload_manager.o (.rodata.str1.7705159814274616833.1)
                  000070ba    0000002b     nas2300.o (.rodata.str1.12822430148277703469.1)
                  000070e5    0000002a     hdd_i2c_payload_manager.o (.rodata.str1.4847861632907873107.1)
                  0000710f    00000029     hdd_i2c_payload_manager.o (.rodata.str1.17141238896142240061.1)
                  00007138    00000029     nas2300.o (.rodata.str1.3575059730224378760.1)
                  00007161    00000002     freertos_builds_LP_MSPM0G3507_release_ticlang.lib : pthread.o (.rodata.str1.301604644627550129.1)
                  00007163    00000001     ti_drivers_config.o (.rodata.ADC_count)
                  00007164    00000028     ti_drivers_config.o (.rodata.I2CTargetMSPM0HWAttrs)
                  0000718c    00000028     pt100.o (.rodata.str1.10392836802720052370.1)
                  000071b4    00000028     nas2300.o (.rodata.str1.17571927529659725960.1)
                  000071dc    00000028     hdd_i2c_payload_manager.o (.rodata.str1.4508190576618513605.1)
                  00007204    00000027     nas2300.o (.rodata.str1.11739867522105096129.1)
                  0000722b    00000001     ti_drivers_config.o (.rodata.GPIO_pinLowerBound)
                  0000722c    00000024     ti_drivers_config.o (.rodata.I2CMSPM0HWAttrs)
                  00007250    00000024     hdd_i2c_payload_manager.o (.rodata.str1.3866426164407534001.1)
                  00007274    00000024     hdd_i2c_payload_manager.o (.rodata.str1.5385842840118086069.1)
                  00007298    00000022     nas2300.o (.rodata.str1.14626009002480112968.1)
                  000072ba    00000022     nas2300.o (.rodata.str1.2835145529019153814.1)
                  000072dc    00000022     hdd_i2c_payload_manager.o (.rodata.str1.393185943268228337.1)
                  000072fe    00000021     nas2300.o (.rodata.str1.12801899150887942978.1)
                  0000731f    00000021     nas2300.o (.rodata.str1.1909366161360479075.1)
                  00007340    00000020     drivers_mspm0g1x0x_g3x0x.a : GPIOMSPM0.o (.rodata.cst16)
                  00007360    00000020     main_freertos.o (.rodata.str1.1946452208259023099.1)
                  00007380    0000001e     nas2300.o (.rodata.str1.12452808820593219485.1)
                  0000739e    0000001e     i2ctargetApp.o (.rodata.str1.17089017793619640351.1)
                  000073bc    0000001c     drivers_mspm0g1x0x_g3x0x.a : ADCMSPM0.o (.rodata.ADCMSPM0_fxnTable)
                  000073d8    0000001c     nas2300.o (.rodata.str1.1014714733802993471.1)
                  000073f4    0000001c     nas2300.o (.rodata.str1.10736948394376191416.1)
                  00007410    0000001c     pt100.o (.rodata.str1.12282356274561666775.1)
                  0000742c    0000001c     nas2300.o (.rodata.str1.18138061985131779246.1)
                  00007448    0000001b     nas2300.o (.rodata.str1.2910378377836430148.1)
                  00007463    0000001b     pt100.o (.rodata.str1.6795863680581647435.1)
                  0000747e    0000001a     nas2300.o (.rodata.str1.14342299798680994116.1)
                  00007498    00000019     i2ctargetApp.o (.rodata.str1.9751886074620317138.1)
                  000074b1    00000018     nas2300.o (.rodata.str1.16050916591840585434.1)
                  000074c9    00000018     i2ctargetApp.o (.rodata.str1.6408132839241382401.1)
                  000074e1    00000017     hdd_i2c_payload_manager.o (.rodata.str1.10026743559750709047.1)
                  000074f8    00000014     nas2300.o (.rodata.str1.4652019729671752627.1)
                  0000750c    00000014     hdd_i2c_payload_manager.o (.rodata.str1.8963773159120481151.1)
                  00007520    00000010     ti_drivers_config.o (.rodata.GPIO_config)
                  00007530    00000010     SEGGER_RTT_printf.o (.rodata.cst16)
                  00007540    00000010     drivers_mspm0g1x0x_g3x0x.a : I2CMSPM0.o (.rodata.cst16)
                  00007550    0000000c     ti_drivers_config.o (.rodata.ADC_config)
                  0000755c    0000000c     drivers_mspm0g1x0x_g3x0x.a : I2CTarget.o (.rodata.I2CTarget_defaultParams)
                  00007568    00000009     SEGGER_RTT.o (.rodata.str1.1347869369698290154.1)
                  00007571    00000007     SEGGER_RTT_printf.o (.rodata.str1.14596486525197745578.1)
                  00007578    00000008     drivers_mspm0g1x0x_g3x0x.a : ADC.o (.rodata.ADC_defaultParams)
                  00007580    00000008     ti_drivers_config.o (.rodata.I2CTarget_config)
                  00007588    00000008     ti_drivers_config.o (.rodata.I2C_config)
                  00007590    00000008     freertos_builds_LP_MSPM0G3507_release_ticlang.lib : timers.o (.rodata.str1.6031452896567546882.1)
                  00007598    00000005                                                       : tasks.o (.rodata.str1.13344916649340266805.1)
                  0000759d    00000001     ti_drivers_config.o (.rodata.GPIO_pinUpperBound)
                  0000759e    00000001     ti_drivers_config.o (.rodata.I2CTarget_count)
                  0000759f    00000001     ti_drivers_config.o (.rodata.I2C_count)
                  000075a0    00000004     freertos_builds_LP_MSPM0G3507_release_ticlang.lib : tasks.o (.rodata.uxTopUsedPriority)
                  000075a4    00000004     --HOLE-- [fill = 0]

.init_array 
*          0    00000000    00000000     UNINITIALIZED

.binit     0    00000000    00000000     

.vtable    0    20201f00    000000c0     UNINITIALIZED
                  20201f00    000000c0     driverlib.a : dl_interrupt.o (.vtable)

.bss       0    20200000    00001c9b     UNINITIALIZED
                  20200000    00000c00     freertos_builds_LP_MSPM0G3507_release_ticlang.lib : heap_4.o (.bss.ucHeap)
                  20200c00    00000400     SEGGER_RTT.o (.bss._acUpBuffer)
                  20201000    00000200     freertos_builds_LP_MSPM0G3507_release_ticlang.lib : StaticAllocs_freertos.o (.bss.vApplicationGetIdleTaskMemory.uxIdleTaskStack)
                  20201200    00000200                                                       : StaticAllocs_freertos.o (.bss.vApplicationGetTimerTaskMemory.uxTimerTaskStack)
                  20201400    000000f8     (.common:I2CMSPM0Objects)
                  202014f8    000000f0     (.common:gpioCallbackFunctions)
                  202015e8    000000f0     (.common:gpioUserArgs)
                  202016d8    000000c8                                                       : tasks.o (.bss.pxReadyTasksLists)
                  202017a0    000000a8     (.common:_SEGGER_RTT)
                  20201848    00000080     (.common:rxBuffer)
                  202018c8    00000080     (.common:txBuffer)
                  20201948    00000078                                                       : timers.o (.bss.prvCheckForValidListAndQueue.ucStaticTimerQueueStorage)
                  202019c0    00000078     (.common:I2CTargetMSPM0Objects)
                  20201a38    00000068                                                       : StaticAllocs_freertos.o (.bss.vApplicationGetIdleTaskMemory.xIdleTaskTCB)
                  20201aa0    00000068                                                       : StaticAllocs_freertos.o (.bss.vApplicationGetTimerTaskMemory.xTimerTaskTCB)
                  20201b08    00000050     drivers_mspm0g1x0x_g3x0x.a : ADCMSPM0.o (.bss.adcSemaphore)
                  20201b58    00000050     freertos_builds_LP_MSPM0G3507_release_ticlang.lib : timers.o (.bss.prvCheckForValidListAndQueue.xStaticTimerQueue)
                  20201ba8    00000014                                                       : timers.o (.bss.xActiveTimerList1)
                  20201bbc    00000014                                                       : timers.o (.bss.xActiveTimerList2)
                  20201bd0    00000014                                                       : tasks.o (.bss.xDelayedTaskList1)
                  20201be4    00000014                                                       : tasks.o (.bss.xDelayedTaskList2)
                  20201bf8    00000014                                                       : tasks.o (.bss.xPendingReadyList)
                  20201c0c    00000014                                                       : tasks.o (.bss.xSuspendedTaskList)
                  20201c20    00000014                                                       : tasks.o (.bss.xTasksWaitingTermination)
                  20201c34    00000010     SEGGER_RTT.o (.bss._acDownBuffer)
                  20201c44    00000010     nas2300.o (.bss.g_i2cParams)
                  20201c54    00000010     (.common:cmd)
                  20201c64    00000008     pt100.o (.bss.g_adcParams)
                  20201c6c    00000008     freertos_builds_LP_MSPM0G3507_release_ticlang.lib : heap_4.o (.bss.xStart)
                  20201c74    00000004     drivers_mspm0g1x0x_g3x0x.a : GPIOMSPM0.o (.bss.GPIO_init.initSem)
                  20201c78    00000004     pt100.o (.bss.g_adc)
                  20201c7c    00000004     nas2300.o (.bss.g_i2cHandle)
                  20201c80    00000004     freertos_builds_LP_MSPM0G3507_release_ticlang.lib : aeabi_portable.o (.bss.main_reent)
                  20201c84    00000004                                                       : timers.o (.bss.pxCurrentTimerList)
                  20201c88    00000004                                                       : tasks.o (.bss.pxDelayedTaskList)
                  20201c8c    00000004                                                       : tasks.o (.bss.pxOverflowDelayedTaskList)
                  20201c90    00000004                                                       : timers.o (.bss.pxOverflowTimerList)
                  20201c94    00000004                                                       : tasks.o (.bss.xIdleTaskHandles)
                  20201c98    00000002     (.common:adcObjects)
                  20201c9a    00000001     (.common:protocolState)

.data      0    20201c9c    0000022e     UNINITIALIZED
                  20201c9c    000000f0     ti_drivers_config.o (.data.gpioPinConfigs)
                  20201d8c    000000c0     freertos_builds_LP_MSPM0G3507_release_ticlang.lib : HwiPMSPM0_freertos.o (.data.HwiP_dispatchTable)
                  20201e4c    00000014                                                       : pthread.o (.data.defaultPthreadAttrs)
                  20201e60    00000004                                                       : HwiPMSPM0_freertos.o (.data.HwiP_swiPIntNum)
                  20201e64    00000004                                                       : timers.o (.data.prvSampleTimeNow.xLastTime)
                  20201e68    00000004                                                       : tasks.o (.data.pxCurrentTCB)
                  20201e6c    00000004                                                       : heap_4.o (.data.pxEnd)
                  20201e70    00000004                                                       : port.o (.data.ulCriticalNesting)
                  20201e74    00000004                                                       : port.o (.data.ulStoppedTimerCompensation)
                  20201e78    00000004                                                       : port.o (.data.ulTimerCountsForOneTick)
                  20201e7c    00000004                                                       : tasks.o (.data.uxCurrentNumberOfTasks)
                  20201e80    00000004                                                       : tasks.o (.data.uxDeletedTasksWaitingCleanUp)
                  20201e84    00000004                                                       : tasks.o (.data.uxSchedulerSuspended)
                  20201e88    00000004                                                       : tasks.o (.data.uxTaskNumber)
                  20201e8c    00000004                                                       : tasks.o (.data.uxTopReadyPriority)
                  20201e90    00000004                                                       : heap_4.o (.data.xFreeBytesRemaining)
                  20201e94    00000004                                                       : port.o (.data.xMaximumPossibleSuppressedTicks)
                  20201e98    00000004                                                       : heap_4.o (.data.xMinimumEverFreeBytesRemaining)
                  20201e9c    00000004                                                       : tasks.o (.data.xNextTaskUnblockTime)
                  20201ea0    00000004                                                       : tasks.o (.data.xNumOfOverflows)
                  20201ea4    00000004                                                       : heap_4.o (.data.xNumberOfSuccessfulAllocations)
                  20201ea8    00000004                                                       : heap_4.o (.data.xNumberOfSuccessfulFrees)
                  20201eac    00000004                                                       : tasks.o (.data.xPendedTicks)
                  20201eb0    00000004                                                       : tasks.o (.data.xSchedulerRunning)
                  20201eb4    00000004                                                       : tasks.o (.data.xTickCount)
                  20201eb8    00000004                                                       : timers.o (.data.xTimerQueue)
                  20201ebc    00000004                                                       : timers.o (.data.xTimerTaskHandle)
                  20201ec0    00000004                                                       : tasks.o (.data.xYieldPendings)
                  20201ec4    00000002     drivers_mspm0g1x0x_g3x0x.a : ADCMSPM0.o (.data.adcInstance)
                  20201ec6    00000001     i2ctargetApp.o (.data.g_regMode)
                  20201ec7    00000001     drivers_mspm0g1x0x_g3x0x.a : GPIOMSPM0.o (.data.initCalled)
                  20201ec8    00000001                                : ADC.o (.data.isInitialized)
                  20201ec9    00000001                                : GPIOMSPM0.o (.data.portHwiCreatedBitMask)

.stack     0    20207e00    00000200     UNINITIALIZED
                  20207e00    00000004     libc.a : boot_cortex_m.c.obj (.stack)
                  20207e04    000001fc     --HOLE--

__llvm_prf_cnts 
*          0    20200000    00000000     UNINITIALIZED

__llvm_prf_bits 
*          0    20200000    00000000     UNINITIALIZED

MODULE SUMMARY

       Module                         code    ro data   rw data
       ------                         ----    -------   -------
    .\
       ti_drivers_config.o            0       221       1090   
       nas2300.o                      592     553       20     
       i2ctargetApp.o                 384     130       274    
       hdd_i2c_payload_manager.o      200     316       0      
       pt100.o                        148     141       12     
       ti_msp_dl_config.o             210     0         0      
       main_freertos.o                144     32        0      
    +--+------------------------------+-------+---------+---------+
       Total:                         1678    1393      1396   
                                                               
    .\freertos\ticlang\
       startup_mspm0g350x_ticlang.o   62      192       0      
    +--+------------------------------+-------+---------+---------+
       Total:                         62      192       0      
                                                               
    .\ti\segger\
       SEGGER_RTT.o                   636     9         1208   
       SEGGER_RTT_printf.o            1746    23        0      
    +--+------------------------------+-------+---------+---------+
       Total:                         2382    32        1208   
                                                               
    C:/Users/hugh-/workspace_ccstheia/freertos_builds_LP_MSPM0G3507_release_ticlang/Debug/freertos_builds_LP_MSPM0G3507_release_ticlang.lib
       tasks.o                        6424    9         360    
       heap_4.o                       1336    0         3100   
       queue.o                        3248    0         0      
       timers.o                       1200    8         260    
       StaticAllocs_freertos.o        80      0         1232   
       port.o                         1138    0         16     
       HwiPMSPM0_freertos.o           784     0         196    
       pthread.o                      914     2         20     
       SemaphoreP_freertos.o          326     0         0      
       list.o                         296     0         0      
       memory.o                       258     0         0      
       portasm.o                      170     0         0      
       sleep.o                        152     0         0      
       PTLS.o                         88      0         0      
       aeabi_portable.o               84      0         4      
       ClockP_freertos.o              6       0         0      
    +--+------------------------------+-------+---------+---------+
       Total:                         16504   19        5188   
                                                               
    C:/ti/mspm0_sdk_2_09_00_01/source/ti/driverlib/lib/ticlang/m0p/mspm0g1x0x_g3x0x/driverlib.a
       dl_interrupt.o                 164     0         192    
       dl_i2c.o                       348     0         0      
       dl_adc12.o                     64      0         0      
       dl_sysctl_mspm0g1x0x_g3x0x.o   56      0         0      
       dl_common.o                    10      0         0      
    +--+------------------------------+-------+---------+---------+
       Total:                         642     0         192    
                                                               
    C:/ti/mspm0_sdk_2_09_00_01/source/ti/drivers/lib/ticlang/m0p/drivers_mspm0g1x0x_g3x0x.a
       I2CMSPM0.o                     1952    16        0      
       GPIOMSPM0.o                    1526    32        6      
       ADCMSPM0.o                     1162    28        82     
       I2CTargetMSPM0.o               678     0         0      
       I2C.o                          370     0         0      
       ADC.o                          262     8         1      
       GPIO.o                         84      0         0      
       I2CTarget.o                    20      12        0      
    +--+------------------------------+-------+---------+---------+
       Total:                         6054    96        89     
                                                               
    C:\ti\ccs2040\ccs\tools\compiler\ti-cgt-armllvm_4.0.4.LTS\lib\armv6m-ti-none-eabi/c/libc.a
       memcpy16.S.obj                 154     0         0      
       copy_decompress_lzss.c.obj     124     0         0      
       memset16.S.obj                 98      0         0      
       autoinit.c.obj                 60      0         0      
       boot_cortex_m.c.obj            40      0         0      
       copy_decompress_none.c.obj     18      0         0      
       copy_zero_init.c.obj           16      0         0      
       exit.c.obj                     6       0         0      
       pre_init.c.obj                 4       0         0      
    +--+------------------------------+-------+---------+---------+
       Total:                         520     0         0      
                                                               
    C:\ti\ccs2040\ccs\tools\compiler\ti-cgt-armllvm_4.0.4.LTS\lib\armv6m-ti-none-eabi/c/libsysbm.a
       hostexit.c.obj                 4       0         0      
    +--+------------------------------+-------+---------+---------+
       Total:                         4       0         0      
                                                               
    C:\ti\ccs2040\ccs\tools\compiler\ti-cgt-armllvm_4.0.4.LTS\lib\armv6m-ti-none-eabi/libclang_rt.builtins.a
       udivmoddi4.S.obj               162     0         0      
       clzsi2.c.obj                   88      0         0      
       aeabi_uidivmod.S.obj           64      0         0      
       muldsi3.S.obj                  58      0         0      
       muldi3.S.obj                   36      0         0      
       ashldi3.S.obj                  30      0         0      
       aeabi_memset.S.obj             26      0         0      
       aeabi_uldivmod.S.obj           20      0         0      
       aeabi_memcpy.S.obj             8       0         0      
       aeabi_div0.c.obj               4       0         0      
    +--+------------------------------+-------+---------+---------+
       Total:                         496     0         0      
                                                               
       Stack:                         0       0         512    
       Linker Generated:              0       84        0      
    +--+------------------------------+-------+---------+---------+
       Grand Total:                   28342   1816      8585   


LINKER GENERATED COPY TABLES

__TI_cinit_table @ 000075e4 records: 3, size/record: 8, table size: 24
	.data: load addr=000075a8, load size=00000020 bytes, run addr=20201c9c, run size=0000022e bytes, compression=lzss
	.bss: load addr=000075d4, load size=00000008 bytes, run addr=20200000, run size=00001c9b bytes, compression=zero_init
	.vtable: load addr=000075dc, load size=00000008 bytes, run addr=20201f00, run size=000000c0 bytes, compression=zero_init


LINKER GENERATED HANDLER TABLE

__TI_handler_table @ 000075c8 records: 3, size/record: 4, table size: 12
	index: 0, handler: __TI_zero_init
	index: 1, handler: __TI_decompress_lzss
	index: 2, handler: __TI_decompress_none


GLOBAL SYMBOLS: SORTED ALPHABETICALLY BY Name 

address   name                                 
-------   ----                                 
000015f3  ADC0_IRQHandler                      
000015f3  ADC1_IRQHandler                      
00006401  ADCMSPM0_close                       
00006f71  ADCMSPM0_control                     
00004c75  ADCMSPM0_convert                     
00001229  ADCMSPM0_convertChain                
00006261  ADCMSPM0_convertToMicroVolts         
000073bc  ADCMSPM0_fxnTable                    
00006b09  ADCMSPM0_init                        
00001ce9  ADCMSPM0_open                        
00006e59  ADC_Params_init                      
00007550  ADC_config                           
00006f41  ADC_convert                          
00007163  ADC_count                            
00007578  ADC_defaultParams                    
00004265  ADC_init                             
00006161  ADC_open                             
000015f3  AES_IRQHandler                       
00006b7c  C$$EXIT                              
000015f3  CANFD0_IRQHandler                    
00006f77  ClockP_getSystemTickPeriod           
000015f3  DAC0_IRQHandler                      
000061a1  DL_ADC12_setClockConfig              
00006f4b  DL_Common_delayCycles                
00005719  DL_I2C_fillControllerTXFIFO          
000066f9  DL_I2C_flushControllerRXFIFO         
0000629d  DL_I2C_flushControllerTXFIFO         
00006729  DL_I2C_flushTargetRXFIFO             
000062d9  DL_I2C_flushTargetTXFIFO             
00006a75  DL_I2C_setClockConfig                
000048a5  DL_Interrupt_registerInterrupt       
00006d6d  DL_Interrupt_unregisterInterrupt     
00006439  DL_SYSCTL_switchMCLKfromLFCLKtoSYSOSC
000015f3  DMA_IRQHandler                       
000015f3  Default_Handler                      
00007520  GPIO_config                          
00005995  GPIO_disableInt                      
000034d9  GPIO_hwiIntFxn                       
00002011  GPIO_init                            
0000722b  GPIO_pinLowerBound                   
0000759d  GPIO_pinUpperBound                   
00006471  GPIO_resetConfig                     
00006ca1  GPIO_setCallback                     
00006f55  GPIO_setConfig                       
000007e9  GPIO_setConfigAndMux                 
00004311  GPIO_setInterruptConfig              
0000543d  GPIO_write                           
000015f3  GROUP0_IRQHandler                    
000015f3  GROUP1_IRQHandler                    
00006b7d  HOSTexit                             
00006ba5  HardFault_Handler                    
00006a9b  HwiP_Params_init                     
0000403d  HwiP_construct                       
00005fff  HwiP_create                          
00006bc5  HwiP_destruct                        
000065c1  HwiP_disable                         
00006d81  HwiP_disableInterrupt                
000064a9  HwiP_dispatch                        
00006d95  HwiP_enableInterrupt                 
00006759  HwiP_inISR                           
00006ac1  HwiP_restore                         
20201e60  HwiP_swiPIntNum                      
000015f3  I2C0_IRQHandler                      
000015f3  I2C1_IRQHandler                      
0000722c  I2CMSPM0HWAttrs                      
20201400  I2CMSPM0Objects                      
00006da9  I2CSupport_controllerFinish          
00001b47  I2CSupport_powerRelConstraint        
00002ea3  I2CSupport_powerSetConstraint        
000052e5  I2CSupport_primeTransfer             
00007164  I2CTargetMSPM0HWAttrs                
202019c0  I2CTargetMSPM0Objects                
00006dbd  I2CTarget_Params_init                
00007580  I2CTarget_config                     
0000759e  I2CTarget_count                      
0000755c  I2CTarget_defaultParams              
00003f79  I2CTarget_open                       
00006043  I2CTarget_start                      
00006ef9  I2C_Params_init                      
000069ab  I2C_cancel                           
0000588d  I2C_close                            
00007588  I2C_config                           
0000759f  I2C_count                            
000034d7  I2C_init                             
00001035  I2C_open                             
00006e69  I2C_transfer                         
000026c5  I2C_transferTimeout                  
000015f3  NMI_Handler                          
00006cd9  PTLS_getBuf                          
00006cf3  PTLS_setBuf                          
00006ae5  PTLS_taskDeleteHook                  
00006051  PendSV_Handler                       
000015f3  RTC_IRQHandler                       
00006f89  Reset_Handler                        
000051f5  SEGGER_RTT_Init                      
00004461  SEGGER_RTT_Write                     
00002175  SEGGER_RTT_WriteNoLock               
00006c25  SEGGER_RTT_printf                    
000000c1  SEGGER_RTT_vprintf                   
000015f3  SPI0_IRQHandler                      
000015f3  SPI1_IRQHandler                      
00006b11  SVC_Handler                          
000041af  SYSCFG_DL_GPIO_init                  
00006be5  SYSCFG_DL_SYSCTL_CLK_init            
000059e9  SYSCFG_DL_SYSCTL_init                
00006dd1  SYSCFG_DL_init                       
00005e51  SYSCFG_DL_initPower                  
000061e1  SemaphoreP_constructBinary           
000064e1  SemaphoreP_createBinary              
00006e79  SemaphoreP_delete                    
00006e99  SemaphoreP_destruct                  
00004ad9  SemaphoreP_pend                      
000068a3  SemaphoreP_post                      
00006789  SysTick_Handler                      
000015f3  TIMA0_IRQHandler                     
000015f3  TIMA1_IRQHandler                     
000015f3  TIMG0_IRQHandler                     
000015f3  TIMG12_IRQHandler                    
000015f3  TIMG6_IRQHandler                     
000015f3  TIMG7_IRQHandler                     
000015f3  TIMG8_IRQHandler                     
000015f3  UART0_IRQHandler                     
000015f3  UART1_IRQHandler                     
000015f3  UART2_IRQHandler                     
000015f3  UART3_IRQHandler                     
202017a0  _SEGGER_RTT                          
20208000  __STACK_END                          
00000200  __STACK_SIZE                         
00000000  __TI_ATRegion0_region_sz             
00000000  __TI_ATRegion0_src_addr              
00000000  __TI_ATRegion0_trg_addr              
00000000  __TI_ATRegion1_region_sz             
00000000  __TI_ATRegion1_src_addr              
00000000  __TI_ATRegion1_trg_addr              
00000000  __TI_ATRegion2_region_sz             
00000000  __TI_ATRegion2_src_addr              
00000000  __TI_ATRegion2_trg_addr              
000075e4  __TI_CINIT_Base                      
000075fc  __TI_CINIT_Limit                     
000075fc  __TI_CINIT_Warm                      
000075c8  __TI_Handler_Table_Base              
000075d4  __TI_Handler_Table_Limit             
00006351  __TI_auto_init_nobinit_nopinit       
00005179  __TI_decompress_lzss                 
00006e47  __TI_decompress_none                 
ffffffff  __TI_pprof_out_hndl                  
ffffffff  __TI_prof_data_size                  
ffffffff  __TI_prof_data_start                 
00000000  __TI_static_base__                   
00006ec1  __TI_zero_init                       
00005a3d  __aeabi_errno_addr                   
0000445f  __aeabi_idiv0                        
000048a3  __aeabi_ldiv0                        
00006c45  __aeabi_llsl                         
00006b35  __aeabi_lmul                         
00006f05  __aeabi_memclr                       
00006f05  __aeabi_memclr4                      
00006f05  __aeabi_memclr8                      
00006f61  __aeabi_memcpy                       
00006f61  __aeabi_memcpy4                      
00006f61  __aeabi_memcpy8                      
00006ed1  __aeabi_memset                       
00006ed1  __aeabi_memset4                      
00006ed1  __aeabi_memset8                      
00006221  __aeabi_uidiv                        
00006221  __aeabi_uidivmod                     
00006de5  __aeabi_uldivmod                     
00006c45  __ashldi3                            
ffffffff  __binit__                            
000058e5  __clzsi2                             
UNDEFED   __mpu_init                           
00006b35  __muldi3                             
0000638d  __muldsi3                            
20207e00  __stack                              
20200000  __start___llvm_prf_bits              
20200000  __start___llvm_prf_cnts              
20200000  __stop___llvm_prf_bits               
20200000  __stop___llvm_prf_cnts               
000043bd  __udivmoddi4                         
00006a4d  _c_int00_noargs                      
000068fd  _pthread_cleanup_pop                 
UNDEFED   _system_post_cinit                   
00006f8d  _system_pre_init                     
00006f83  abort                                
00006fa0  adcHWAttrs                           
20201c98  adcObjects                           
00006df9  aligned_alloc                        
ffffffff  binit                                
00004f89  calloc                               
20201c54  cmd                                  
00005005  eTaskConfirmSleepModeStatus          
00006e89  free                                 
202014f8  gpioCallbackFunctions                
20201c9c  gpioPinConfigs                       
202015e8  gpioUserArgs                         
00000000  interruptVectors                     
00004935  main                                 
00004bed  mainThread                           
00005e05  malloc                               
00006f11  memalign                             
000046dd  memcpy                               
00005655  memset                               
00003de9  nsa2300Init                          
00005779  nsa2300ReadPressureRaw24Single       
00005b89  nsa2300StartMeasurement              
00005a91  nsa2300WaitForDataReady              
00003eb1  payloadManagerThread                 
20201c9a  protocolState                        
00006d0d  prvGetRegistersFromStack             
0000611d  pt100Init                            
00005cc9  pt100ReadRaw                         
00006cbd  pthread_attr_init                    
00006847  pthread_attr_setdetachstate          
00006629  pthread_attr_setschedparam           
00006e35  pthread_attr_setstacksize            
00002435  pthread_create                       
000053cd  pthread_exit                         
00006d25  pthread_self                         
00005831  pthread_setcancelstate               
00000555  pvPortMalloc                         
000056b9  pvTaskGetThreadLocalStoragePointer   
00006b59  pvTaskIncrementMutexHeldCount        
20201e68  pxCurrentTCB                         
00002c81  pxPortInitialiseStack                
00006f1d  realloc                              
20201848  rxBuffer                             
00005e99  sleep                                
202018c8  txBuffer                             
00006f69  ulSetInterruptMask                   
00005d19  usleep                               
00005ee1  uxListRemove                         
00006f29  uxTaskGetNumberOfTasks               
000069fd  vApplicationGetIdleTaskMemory        
00006a25  vApplicationGetTimerTaskMemory       
00006f91  vApplicationStackOverflowHook        
00006f7d  vClearInterruptMask                  
00006929  vListInitialise                      
00006edf  vListInitialiseItem                  
00005515  vListInsert                          
000063c7  vListInsertEnd                       
00006d3d  vPortEnterCritical                   
00006955  vPortExitCritical                    
000036c9  vPortFree                            
00006875  vPortSVCHandler_C                    
00005ae5  vPortSetupTimerInterrupt             
00001b49  vPortSuppressTicksAndSleep           
00006d55  vPortYield                           
000066c5  vQueueDelete                         
00005581  vQueueWaitForMessageRestricted       
00006b81  vRestoreContextOfFirstTask           
00006ea1  vStartFirstTask                      
00005d69  vTaskDelay                           
00002b65  vTaskDelete                          
00006c05  vTaskInternalSetTimeOutState         
00006f35  vTaskMissedYield                     
0000665d  vTaskPlaceOnEventList                
00005359  vTaskPlaceOnEventListRestricted      
00002581  vTaskPriorityDisinheritAfterTimeout  
00006691  vTaskSetApplicationTaskTag           
0000593d  vTaskSetThreadLocalStoragePointer    
000055ed  vTaskStartScheduler                  
00004e85  vTaskStepTick                        
00002a41  vTaskSuspend                         
00006eb1  vTaskSuspendAll                      
00002fb1  vTaskSwitchContext                   
00004f09  xPortStartScheduler                  
0000480f  xQueueGenericCreate                  
000045a1  xQueueGenericCreateStatic            
00003b65  xQueueGenericReset                   
000017d1  xQueueGenericSend                    
00002d95  xQueueGiveFromISR                    
000019a3  xQueueReceive                        
000032cd  xQueueReceiveFromISR                 
00001415  xQueueSemaphoreTake                  
000041b1  xTaskCheckForTimeOut                 
00005f29  xTaskCreate                          
00005db9  xTaskCreateStatic                    
00005f71  xTaskGetApplicationTaskTag           
00006e0d  xTaskGetCurrentTaskHandle            
00006551  xTaskGetSchedulerState               
00006e21  xTaskGetTickCount                    
00000c2d  xTaskIncrementTick                   
000031c5  xTaskPriorityDisinherit              
00002919  xTaskPriorityInherit                 
00001e81  xTaskRemoveFromEventList             
00000e3d  xTaskResumeAll                       
000050fd  xTimerCreateTimerTask                


GLOBAL SYMBOLS: SORTED BY Symbol Address 

address   name                                 
-------   ----                                 
00000000  __TI_ATRegion0_region_sz             
00000000  __TI_ATRegion0_src_addr              
00000000  __TI_ATRegion0_trg_addr              
00000000  __TI_ATRegion1_region_sz             
00000000  __TI_ATRegion1_src_addr              
00000000  __TI_ATRegion1_trg_addr              
00000000  __TI_ATRegion2_region_sz             
00000000  __TI_ATRegion2_src_addr              
00000000  __TI_ATRegion2_trg_addr              
00000000  __TI_static_base__                   
00000000  interruptVectors                     
000000c1  SEGGER_RTT_vprintf                   
00000200  __STACK_SIZE                         
00000555  pvPortMalloc                         
000007e9  GPIO_setConfigAndMux                 
00000c2d  xTaskIncrementTick                   
00000e3d  xTaskResumeAll                       
00001035  I2C_open                             
00001229  ADCMSPM0_convertChain                
00001415  xQueueSemaphoreTake                  
000015f3  ADC0_IRQHandler                      
000015f3  ADC1_IRQHandler                      
000015f3  AES_IRQHandler                       
000015f3  CANFD0_IRQHandler                    
000015f3  DAC0_IRQHandler                      
000015f3  DMA_IRQHandler                       
000015f3  Default_Handler                      
000015f3  GROUP0_IRQHandler                    
000015f3  GROUP1_IRQHandler                    
000015f3  I2C0_IRQHandler                      
000015f3  I2C1_IRQHandler                      
000015f3  NMI_Handler                          
000015f3  RTC_IRQHandler                       
000015f3  SPI0_IRQHandler                      
000015f3  SPI1_IRQHandler                      
000015f3  TIMA0_IRQHandler                     
000015f3  TIMA1_IRQHandler                     
000015f3  TIMG0_IRQHandler                     
000015f3  TIMG12_IRQHandler                    
000015f3  TIMG6_IRQHandler                     
000015f3  TIMG7_IRQHandler                     
000015f3  TIMG8_IRQHandler                     
000015f3  UART0_IRQHandler                     
000015f3  UART1_IRQHandler                     
000015f3  UART2_IRQHandler                     
000015f3  UART3_IRQHandler                     
000017d1  xQueueGenericSend                    
000019a3  xQueueReceive                        
00001b47  I2CSupport_powerRelConstraint        
00001b49  vPortSuppressTicksAndSleep           
00001ce9  ADCMSPM0_open                        
00001e81  xTaskRemoveFromEventList             
00002011  GPIO_init                            
00002175  SEGGER_RTT_WriteNoLock               
00002435  pthread_create                       
00002581  vTaskPriorityDisinheritAfterTimeout  
000026c5  I2C_transferTimeout                  
00002919  xTaskPriorityInherit                 
00002a41  vTaskSuspend                         
00002b65  vTaskDelete                          
00002c81  pxPortInitialiseStack                
00002d95  xQueueGiveFromISR                    
00002ea3  I2CSupport_powerSetConstraint        
00002fb1  vTaskSwitchContext                   
000031c5  xTaskPriorityDisinherit              
000032cd  xQueueReceiveFromISR                 
000034d7  I2C_init                             
000034d9  GPIO_hwiIntFxn                       
000036c9  vPortFree                            
00003b65  xQueueGenericReset                   
00003de9  nsa2300Init                          
00003eb1  payloadManagerThread                 
00003f79  I2CTarget_open                       
0000403d  HwiP_construct                       
000041af  SYSCFG_DL_GPIO_init                  
000041b1  xTaskCheckForTimeOut                 
00004265  ADC_init                             
00004311  GPIO_setInterruptConfig              
000043bd  __udivmoddi4                         
0000445f  __aeabi_idiv0                        
00004461  SEGGER_RTT_Write                     
000045a1  xQueueGenericCreateStatic            
000046dd  memcpy                               
0000480f  xQueueGenericCreate                  
000048a3  __aeabi_ldiv0                        
000048a5  DL_Interrupt_registerInterrupt       
00004935  main                                 
00004ad9  SemaphoreP_pend                      
00004bed  mainThread                           
00004c75  ADCMSPM0_convert                     
00004e85  vTaskStepTick                        
00004f09  xPortStartScheduler                  
00004f89  calloc                               
00005005  eTaskConfirmSleepModeStatus          
000050fd  xTimerCreateTimerTask                
00005179  __TI_decompress_lzss                 
000051f5  SEGGER_RTT_Init                      
000052e5  I2CSupport_primeTransfer             
00005359  vTaskPlaceOnEventListRestricted      
000053cd  pthread_exit                         
0000543d  GPIO_write                           
00005515  vListInsert                          
00005581  vQueueWaitForMessageRestricted       
000055ed  vTaskStartScheduler                  
00005655  memset                               
000056b9  pvTaskGetThreadLocalStoragePointer   
00005719  DL_I2C_fillControllerTXFIFO          
00005779  nsa2300ReadPressureRaw24Single       
00005831  pthread_setcancelstate               
0000588d  I2C_close                            
000058e5  __clzsi2                             
0000593d  vTaskSetThreadLocalStoragePointer    
00005995  GPIO_disableInt                      
000059e9  SYSCFG_DL_SYSCTL_init                
00005a3d  __aeabi_errno_addr                   
00005a91  nsa2300WaitForDataReady              
00005ae5  vPortSetupTimerInterrupt             
00005b89  nsa2300StartMeasurement              
00005cc9  pt100ReadRaw                         
00005d19  usleep                               
00005d69  vTaskDelay                           
00005db9  xTaskCreateStatic                    
00005e05  malloc                               
00005e51  SYSCFG_DL_initPower                  
00005e99  sleep                                
00005ee1  uxListRemove                         
00005f29  xTaskCreate                          
00005f71  xTaskGetApplicationTaskTag           
00005fff  HwiP_create                          
00006043  I2CTarget_start                      
00006051  PendSV_Handler                       
0000611d  pt100Init                            
00006161  ADC_open                             
000061a1  DL_ADC12_setClockConfig              
000061e1  SemaphoreP_constructBinary           
00006221  __aeabi_uidiv                        
00006221  __aeabi_uidivmod                     
00006261  ADCMSPM0_convertToMicroVolts         
0000629d  DL_I2C_flushControllerTXFIFO         
000062d9  DL_I2C_flushTargetTXFIFO             
00006351  __TI_auto_init_nobinit_nopinit       
0000638d  __muldsi3                            
000063c7  vListInsertEnd                       
00006401  ADCMSPM0_close                       
00006439  DL_SYSCTL_switchMCLKfromLFCLKtoSYSOSC
00006471  GPIO_resetConfig                     
000064a9  HwiP_dispatch                        
000064e1  SemaphoreP_createBinary              
00006551  xTaskGetSchedulerState               
000065c1  HwiP_disable                         
00006629  pthread_attr_setschedparam           
0000665d  vTaskPlaceOnEventList                
00006691  vTaskSetApplicationTaskTag           
000066c5  vQueueDelete                         
000066f9  DL_I2C_flushControllerRXFIFO         
00006729  DL_I2C_flushTargetRXFIFO             
00006759  HwiP_inISR                           
00006789  SysTick_Handler                      
00006847  pthread_attr_setdetachstate          
00006875  vPortSVCHandler_C                    
000068a3  SemaphoreP_post                      
000068fd  _pthread_cleanup_pop                 
00006929  vListInitialise                      
00006955  vPortExitCritical                    
000069ab  I2C_cancel                           
000069fd  vApplicationGetIdleTaskMemory        
00006a25  vApplicationGetTimerTaskMemory       
00006a4d  _c_int00_noargs                      
00006a75  DL_I2C_setClockConfig                
00006a9b  HwiP_Params_init                     
00006ac1  HwiP_restore                         
00006ae5  PTLS_taskDeleteHook                  
00006b09  ADCMSPM0_init                        
00006b11  SVC_Handler                          
00006b35  __aeabi_lmul                         
00006b35  __muldi3                             
00006b59  pvTaskIncrementMutexHeldCount        
00006b7c  C$$EXIT                              
00006b7d  HOSTexit                             
00006b81  vRestoreContextOfFirstTask           
00006ba5  HardFault_Handler                    
00006bc5  HwiP_destruct                        
00006be5  SYSCFG_DL_SYSCTL_CLK_init            
00006c05  vTaskInternalSetTimeOutState         
00006c25  SEGGER_RTT_printf                    
00006c45  __aeabi_llsl                         
00006c45  __ashldi3                            
00006ca1  GPIO_setCallback                     
00006cbd  pthread_attr_init                    
00006cd9  PTLS_getBuf                          
00006cf3  PTLS_setBuf                          
00006d0d  prvGetRegistersFromStack             
00006d25  pthread_self                         
00006d3d  vPortEnterCritical                   
00006d55  vPortYield                           
00006d6d  DL_Interrupt_unregisterInterrupt     
00006d81  HwiP_disableInterrupt                
00006d95  HwiP_enableInterrupt                 
00006da9  I2CSupport_controllerFinish          
00006dbd  I2CTarget_Params_init                
00006dd1  SYSCFG_DL_init                       
00006de5  __aeabi_uldivmod                     
00006df9  aligned_alloc                        
00006e0d  xTaskGetCurrentTaskHandle            
00006e21  xTaskGetTickCount                    
00006e35  pthread_attr_setstacksize            
00006e47  __TI_decompress_none                 
00006e59  ADC_Params_init                      
00006e69  I2C_transfer                         
00006e79  SemaphoreP_delete                    
00006e89  free                                 
00006e99  SemaphoreP_destruct                  
00006ea1  vStartFirstTask                      
00006eb1  vTaskSuspendAll                      
00006ec1  __TI_zero_init                       
00006ed1  __aeabi_memset                       
00006ed1  __aeabi_memset4                      
00006ed1  __aeabi_memset8                      
00006edf  vListInitialiseItem                  
00006ef9  I2C_Params_init                      
00006f05  __aeabi_memclr                       
00006f05  __aeabi_memclr4                      
00006f05  __aeabi_memclr8                      
00006f11  memalign                             
00006f1d  realloc                              
00006f29  uxTaskGetNumberOfTasks               
00006f35  vTaskMissedYield                     
00006f41  ADC_convert                          
00006f4b  DL_Common_delayCycles                
00006f55  GPIO_setConfig                       
00006f61  __aeabi_memcpy                       
00006f61  __aeabi_memcpy4                      
00006f61  __aeabi_memcpy8                      
00006f69  ulSetInterruptMask                   
00006f71  ADCMSPM0_control                     
00006f77  ClockP_getSystemTickPeriod           
00006f7d  vClearInterruptMask                  
00006f83  abort                                
00006f89  Reset_Handler                        
00006f8d  _system_pre_init                     
00006f91  vApplicationStackOverflowHook        
00006fa0  adcHWAttrs                           
00007163  ADC_count                            
00007164  I2CTargetMSPM0HWAttrs                
0000722b  GPIO_pinLowerBound                   
0000722c  I2CMSPM0HWAttrs                      
000073bc  ADCMSPM0_fxnTable                    
00007520  GPIO_config                          
00007550  ADC_config                           
0000755c  I2CTarget_defaultParams              
00007578  ADC_defaultParams                    
00007580  I2CTarget_config                     
00007588  I2C_config                           
0000759d  GPIO_pinUpperBound                   
0000759e  I2CTarget_count                      
0000759f  I2C_count                            
000075c8  __TI_Handler_Table_Base              
000075d4  __TI_Handler_Table_Limit             
000075e4  __TI_CINIT_Base                      
000075fc  __TI_CINIT_Limit                     
000075fc  __TI_CINIT_Warm                      
20200000  __start___llvm_prf_bits              
20200000  __start___llvm_prf_cnts              
20200000  __stop___llvm_prf_bits               
20200000  __stop___llvm_prf_cnts               
20201400  I2CMSPM0Objects                      
202014f8  gpioCallbackFunctions                
202015e8  gpioUserArgs                         
202017a0  _SEGGER_RTT                          
20201848  rxBuffer                             
202018c8  txBuffer                             
202019c0  I2CTargetMSPM0Objects                
20201c54  cmd                                  
20201c98  adcObjects                           
20201c9a  protocolState                        
20201c9c  gpioPinConfigs                       
20201e60  HwiP_swiPIntNum                      
20201e68  pxCurrentTCB                         
20207e00  __stack                              
20208000  __STACK_END                          
ffffffff  __TI_pprof_out_hndl                  
ffffffff  __TI_prof_data_size                  
ffffffff  __TI_prof_data_start                 
ffffffff  __binit__                            
ffffffff  binit                                
UNDEFED   __mpu_init                           
UNDEFED   _system_post_cinit                   

[287 symbols]
