******************************************************************************
            TI ARM Clang Linker PC v4.0.4                      
******************************************************************************
>> Linked Sun Feb  1 21:07:15 2026

OUTPUT FILE NAME:   <i2c_target_LP_MSPM0G3507_freertos_ticlang.out>
ENTRY POINT SYMBOL: "_c_int00_noargs"  address: 0000704d


MEMORY CONFIGURATION

         name            origin    length      used     unused   attr    fill
----------------------  --------  ---------  --------  --------  ----  --------
  FLASH                 00000000   00020000  00007cc0  00018340  R  X
  SRAM                  20200000   00008000  00002279  00005d87  RW X
  BCR_CONFIG            41c00000   000000ff  00000000  000000ff  R   
  BSL_CONFIG            41c00100   00000080  00000000  00000080  R   


SEGMENT ALLOCATION MAP

run origin  load origin   length   init length attrs members
----------  ----------- ---------- ----------- ----- -------
00000000    00000000    00007cc0   00007cc0    r-x
  00000000    00000000    000000c0   000000c0    r-- .intvecs
  000000c0    000000c0    00007510   00007510    r-x .text
  000075d0    000075d0    00000698   00000698    r-- .rodata
  00007c68    00007c68    00000058   00000058    r-- .cinit
20200000    20200000    00001fbb   00000000    rw-
  20200000    20200000    00001d86   00000000    rw- .bss
  20201d88    20201d88    00000233   00000000    rw- .data
20202000    20202000    000000c0   00000000    rw-
  20202000    20202000    000000c0   00000000    rw- .vtable
20207e00    20207e00    00000200   00000000    rw-
  20207e00    20207e00    00000200   00000000    rw- .stack


SECTION ALLOCATION MAP

 output                                  attributes/
section   page    origin      length       input sections
--------  ----  ----------  ----------   ----------------
.intvecs   0    00000000    000000c0     
                  00000000    000000c0     startup_mspm0g350x_ticlang.o (.intvecs)

.text      0    000000c0    00007510     
                  000000c0    00000494     SEGGER_RTT_printf.o (.text.SEGGER_RTT_vprintf)
                  00000554    00000294     freertos_builds_LP_MSPM0G3507_release_ticlang.lib : heap_4.o (.text.pvPortMalloc)
                  000007e8    00000224     drivers_mspm0g1x0x_g3x0x.a : GPIOMSPM0.o (.text.GPIO_setConfigAndMux)
                  00000a0c    00000220     SEGGER_RTT_printf.o (.text._PrintUnsigned)
                  00000c2c    00000210     freertos_builds_LP_MSPM0G3507_release_ticlang.lib : tasks.o (.text.xTaskIncrementTick)
                  00000e3c    000001f8                                                       : tasks.o (.text.xTaskResumeAll)
                  00001034    000001f4     drivers_mspm0g1x0x_g3x0x.a : I2CMSPM0.o (.text.I2C_open)
                  00001228    000001ec                                : ADCMSPM0.o (.text.ADCMSPM0_convertChain)
                  00001414    000001de     freertos_builds_LP_MSPM0G3507_release_ticlang.lib : queue.o (.text.xQueueSemaphoreTake)
                  000015f2    00000002     startup_mspm0g350x_ticlang.o (.text.Default_Handler)
                  000015f4    000001dc     drivers_mspm0g1x0x_g3x0x.a : I2CMSPM0.o (.text.I2CMSPM0_hwiFxn)
                  000017d0    000001d2     freertos_builds_LP_MSPM0G3507_release_ticlang.lib : queue.o (.text.xQueueGenericSend)
                  000019a2    00000002     drivers_mspm0g1x0x_g3x0x.a : I2CMSPM0.o (.text.I2CSupport_powerRelConstraint)
                  000019a4    000001c0     hdd_i2c_utils.o (.text.crc16_modbus)
                  00001b64    000001b0     freertos_builds_LP_MSPM0G3507_release_ticlang.lib : tasks.o (.text.vTaskGenericNotifyGiveFromISR)
                  00001d14    000001a4                                                       : queue.o (.text.xQueueReceive)
                  00001eb8    000001a0                                                       : port.o (.text.vPortSuppressTicksAndSleep)
                  00002058    00000198     drivers_mspm0g1x0x_g3x0x.a : ADCMSPM0.o (.text.ADCMSPM0_open)
                  000021f0    00000190     freertos_builds_LP_MSPM0G3507_release_ticlang.lib : tasks.o (.text.xTaskRemoveFromEventList)
                  00002380    00000164     drivers_mspm0g1x0x_g3x0x.a : GPIOMSPM0.o (.text.GPIO_init)
                  000024e4    00000164     SEGGER_RTT.o (.text.SEGGER_RTT_WriteNoLock)
                  00002648    0000015c     freertos_builds_LP_MSPM0G3507_release_ticlang.lib : timers.o (.text.prvProcessReceivedCommands)
                  000027a4    0000014c                                                       : pthread.o (.text.pthread_create)
                  000028f0    00000144                                                       : tasks.o (.text.vTaskPriorityDisinheritAfterTimeout)
                  00002a34    00000130     hdd_i2c_payload_manager.o (.text.payloadManagerThread)
                  00002b64    0000012c     drivers_mspm0g1x0x_g3x0x.a : I2C.o (.text.I2C_transferTimeout)
                  00002c90    00000128     freertos_builds_LP_MSPM0G3507_release_ticlang.lib : tasks.o (.text.prvAddNewTaskToReadyList)
                  00002db8    00000128                                                       : tasks.o (.text.xTaskPriorityInherit)
                  00002ee0    00000124                                                       : tasks.o (.text.vTaskSuspend)
                  00003004    0000011c                                                       : tasks.o (.text.vTaskDelete)
                  00003120    00000114                                                       : port.o (.text.pxPortInitialiseStack)
                  00003234    0000010e                                                       : queue.o (.text.xQueueGiveFromISR)
                  00003342    00000002     drivers_mspm0g1x0x_g3x0x.a : I2CMSPM0.o (.text.I2CSupport_powerSetConstraint)
                  00003344    0000010c     freertos_builds_LP_MSPM0G3507_release_ticlang.lib : heap_4.o (.text.prvInsertBlockIntoFreeList)
                  00003450    0000010c                                                       : tasks.o (.text.vTaskSwitchContext)
                  0000355c    00000108     drivers_mspm0g1x0x_g3x0x.a : I2CMSPM0.o (.text.I2CMSPM0_primeWriteBurst)
                  00003664    00000108     freertos_builds_LP_MSPM0G3507_release_ticlang.lib : tasks.o (.text.xTaskPriorityDisinherit)
                  0000376c    00000106                                                       : queue.o (.text.xQueueReceiveFromISR)
                  00003872    00000104                                                       : tasks.o (.text.prvInitialiseNewTask)
                  00003976    00000002     drivers_mspm0g1x0x_g3x0x.a : I2C.o (.text.I2C_init)
                  00003978    00000100     freertos_builds_LP_MSPM0G3507_release_ticlang.lib : tasks.o (.text.ulTaskGenericNotifyTake)
                  00003a78    000000fc     i2ctargetApp.o (.text.cmdHandler)
                  00003b74    000000f8     drivers_mspm0g1x0x_g3x0x.a : GPIOMSPM0.o (.text.GPIO_hwiIntFxn)
                  00003c6c    000000f8     freertos_builds_LP_MSPM0G3507_release_ticlang.lib : heap_4.o (.text.vPortFree)
                  00003d64    000000ec     drivers_mspm0g1x0x_g3x0x.a : I2CMSPM0.o (.text.I2CMSPM0_primeReadBurst)
                  00003e50    000000ec                                : I2CTargetMSPM0.o (.text.I2CTargetMSPM0_configHw)
                  00003f3c    000000e8                                : I2CTargetMSPM0.o (.text.I2CTargetMSPM0_hwiFxn)
                  00004024    000000e4     freertos_builds_LP_MSPM0G3507_release_ticlang.lib : tasks.o (.text.prvAddCurrentTaskToDelayedList)
                  00004108    000000e4                                                       : queue.o (.text.xQueueGenericReset)
                  000041ec    000000d8     nas2300.o (.text.nsa2300Init)
                  000042c4    000000d4     freertos_builds_LP_MSPM0G3507_release_ticlang.lib : queue.o (.text.prvCopyDataToQueue)
                  00004398    000000cc                                                       : tasks.o (.text.prvCreateIdleTasks)
                  00004464    000000c4     drivers_mspm0g1x0x_g3x0x.a : I2CTargetMSPM0.o (.text.I2CTarget_open)
                  00004528    000000c4     i2ctargetApp.o (.text.i2cTargetCallback)
                  000045ec    000000bc     freertos_builds_LP_MSPM0G3507_release_ticlang.lib : HwiPMSPM0_freertos.o (.text.HwiP_construct)
                  000046a8    000000bc     main_freertos.o (.text.main)
                  00004764    000000b6     freertos_builds_LP_MSPM0G3507_release_ticlang.lib : queue.o (.text.prvUnlockQueue)
                  0000481a    00000002     ti_msp_dl_config.o (.text.SYSCFG_DL_GPIO_init)
                  0000481c    000000b4     freertos_builds_LP_MSPM0G3507_release_ticlang.lib : tasks.o (.text.xTaskCheckForTimeOut)
                  000048d0    000000ac     drivers_mspm0g1x0x_g3x0x.a : ADC.o (.text.ADC_init)
                  0000497c    000000ac                                : GPIOMSPM0.o (.text.GPIO_setInterruptConfig)
                  00004a28    000000a2     libclang_rt.builtins.a : udivmoddi4.S.obj (.text)
                  00004aca    00000002                            : aeabi_div0.c.obj (.text.__aeabi_idiv0)
                  00004acc    000000a0     SEGGER_RTT.o (.text.SEGGER_RTT_Write)
                  00004b6c    000000a0     freertos_builds_LP_MSPM0G3507_release_ticlang.lib : heap_4.o (.text.prvHeapInit)
                  00004c0c    000000a0                                                       : queue.o (.text.xQueueGenericCreateStatic)
                  00004cac    0000009c     drivers_mspm0g1x0x_g3x0x.a : I2CMSPM0.o (.text.I2CMSPM0_completeTransfer)
                  00004d48    0000009a     libc.a : memcpy16.S.obj (.text:memcpy)
                  00004de2    00000002     libclang_rt.builtins.a : aeabi_div0.c.obj (.text.__aeabi_ldiv0)
                  00004de4    00000098     nas2300.o (.text.nsa2300WaitForDataReady)
                  00004e7c    00000098     freertos_builds_LP_MSPM0G3507_release_ticlang.lib : tasks.o (.text.prvCreateStaticTask)
                  00004f14    00000094                                                       : queue.o (.text.xQueueGenericCreate)
                  00004fa8    00000090     driverlib.a : dl_interrupt.o (.text.DL_Interrupt_registerInterrupt)
                  00005038    0000008c     freertos_builds_LP_MSPM0G3507_release_ticlang.lib : timers.o (.text.prvProcessTimerOrBlockTask)
                  000050c4    0000008c                                                       : pthread.o (.text.removeThreadKeys)
                  00005150    0000008a                                                       : SemaphoreP_freertos.o (.text.SemaphoreP_pend)
                  000051da    00000002     --HOLE-- [fill = 0]
                  000051dc    00000088     nas2300.o (.text.i2cErrorHandler)
                  00005264    00000088     i2ctargetApp.o (.text.mainThread)
                  000052ec    00000084     drivers_mspm0g1x0x_g3x0x.a : ADCMSPM0.o (.text.ADCMSPM0_convert)
                  00005370    00000084     freertos_builds_LP_MSPM0G3507_release_ticlang.lib : HwiPMSPM0_freertos.o (.text.__NVIC_SetPriority)
                  000053f4    00000084                                                       : tasks.o (.text.prvCreateTask)
                  00005478    00000084                                                       : timers.o (.text.prvInsertTimerInActiveList)
                  000054fc    00000084                                                       : tasks.o (.text.vTaskStepTick)
                  00005580    00000080                                                       : port.o (.text.xPortStartScheduler)
                  00005600    0000007c                                                       : memory.o (.text.calloc)
                  0000567c    0000007c                                                       : tasks.o (.text.eTaskConfirmSleepModeStatus)
                  000056f8    0000007c                                                       : tasks.o (.text.prvInitialiseTaskLists)
                  00005774    0000007c                                                       : timers.o (.text.xTimerCreateTimerTask)
                  000057f0    0000007c     libc.a : copy_decompress_lzss.c.obj (.text:decompress:lzss)
                  0000586c    00000078     SEGGER_RTT.o (.text.SEGGER_RTT_Init)
                  000058e4    00000078     freertos_builds_LP_MSPM0G3507_release_ticlang.lib : tasks.o (.text.prvGetExpectedIdleTime)
                  0000595c    00000074     drivers_mspm0g1x0x_g3x0x.a : I2CMSPM0.o (.text.I2CSupport_primeTransfer)
                  000059d0    00000074     freertos_builds_LP_MSPM0G3507_release_ticlang.lib : tasks.o (.text.vTaskPlaceOnEventListRestricted)
                  00005a44    0000006e                                                       : pthread.o (.text.pthread_exit)
                  00005ab2    00000002     --HOLE-- [fill = 0]
                  00005ab4    0000006c     drivers_mspm0g1x0x_g3x0x.a : GPIOMSPM0.o (.text.GPIO_write)
                  00005b20    0000006c     freertos_builds_LP_MSPM0G3507_release_ticlang.lib : timers.o (.text.prvCheckForValidListAndQueue)
                  00005b8c    0000006c                                                       : list.o (.text.vListInsert)
                  00005bf8    0000006a                                                       : queue.o (.text.vQueueWaitForMessageRestricted)
                  00005c62    00000002     --HOLE-- [fill = 0]
                  00005c64    00000068                                                       : tasks.o (.text.vTaskStartScheduler)
                  00005ccc    00000062     libc.a : memset16.S.obj (.text:memset)
                  00005d2e    00000002     --HOLE-- [fill = 0]
                  00005d30    00000060     freertos_builds_LP_MSPM0G3507_release_ticlang.lib : tasks.o (.text.pvTaskGetThreadLocalStoragePointer)
                  00005d90    0000005e     driverlib.a : dl_i2c.o (.text.DL_I2C_fillControllerTXFIFO)
                  00005dee    00000002     --HOLE-- [fill = 0]
                  00005df0    0000005c     nas2300.o (.text.nsa2300ReadPressureRaw24Single)
                  00005e4c    0000005c     freertos_builds_LP_MSPM0G3507_release_ticlang.lib : tasks.o (.text.prvIdleTask)
                  00005ea8    0000005a                                                       : pthread.o (.text.pthread_setcancelstate)
                  00005f02    00000002     --HOLE-- [fill = 0]
                  00005f04    00000058     drivers_mspm0g1x0x_g3x0x.a : I2CMSPM0.o (.text.I2C_close)
                  00005f5c    00000058     libclang_rt.builtins.a : clzsi2.c.obj (.text.__clzsi2)
                  00005fb4    00000058     freertos_builds_LP_MSPM0G3507_release_ticlang.lib : tasks.o (.text.vTaskSetThreadLocalStoragePointer)
                  0000600c    00000054     drivers_mspm0g1x0x_g3x0x.a : GPIOMSPM0.o (.text.GPIO_disableInt)
                  00006060    00000054     ti_msp_dl_config.o (.text.SYSCFG_DL_SYSCTL_init)
                  000060b4    00000054     freertos_builds_LP_MSPM0G3507_release_ticlang.lib : aeabi_portable.o (.text.__aeabi_errno_addr)
                  00006108    00000054                                                       : port.o (.text.vPortSetupTimerInterrupt)
                  0000615c    00000050     drivers_mspm0g1x0x_g3x0x.a : I2CMSPM0.o (.text.I2CMSPM0_readReceiveFifo)
                  000061ac    00000050     nas2300.o (.text.nsa2300StartMeasurement)
                  000061fc    00000050     freertos_builds_LP_MSPM0G3507_release_ticlang.lib : tasks.o (.text.prvCheckTasksWaitingTermination)
                  0000624c    00000050                                                       : tasks.o (.text.prvDeleteTCB)
                  0000629c    00000050                                                       : timers.o (.text.prvProcessExpiredTimer)
                  000062ec    00000050     pt100.o (.text.pt100ReadRaw)
                  0000633c    00000050     freertos_builds_LP_MSPM0G3507_release_ticlang.lib : sleep.o (.text.usleep)
                  0000638c    00000050                                                       : tasks.o (.text.vTaskDelay)
                  000063dc    0000004c                                                       : tasks.o (.text.xTaskCreateStatic)
                  00006428    0000004a                                                       : memory.o (.text.malloc)
                  00006472    00000002     --HOLE-- [fill = 0]
                  00006474    00000048     ti_msp_dl_config.o (.text.SYSCFG_DL_initPower)
                  000064bc    00000048     freertos_builds_LP_MSPM0G3507_release_ticlang.lib : list.o (.text.uxListRemove)
                  00006504    00000048                                                       : tasks.o (.text.xTaskCreate)
                  0000654c    00000048                                                       : tasks.o (.text.xTaskGetApplicationTaskTag)
                  00006594    00000046                                                       : queue.o (.text.prvInitialiseNewQueue)
                  000065da    00000044                                                       : HwiPMSPM0_freertos.o (.text.HwiP_create)
                  0000661e    00000002     --HOLE-- [fill = 0]
                  00006620    00000044                                                       : portasm.o (.text.PendSV_Handler)
                  00006664    00000044                                                       : queue.o (.text.prvCopyDataFromQueue)
                  000066a8    00000044                                                       : timers.o (.text.prvSwitchTimerLists)
                  000066ec    00000044     pt100.o (.text.pt100Init)
                  00006730    00000040     drivers_mspm0g1x0x_g3x0x.a : ADC.o (.text.ADC_open)
                  00006770    00000040     driverlib.a : dl_adc12.o (.text.DL_ADC12_setClockConfig)
                  000067b0    00000040     freertos_builds_LP_MSPM0G3507_release_ticlang.lib : SemaphoreP_freertos.o (.text.SemaphoreP_constructBinary)
                  000067f0    00000040     libclang_rt.builtins.a : aeabi_uidivmod.S.obj (.text.__aeabi_uidivmod)
                  00006830    0000003c     drivers_mspm0g1x0x_g3x0x.a : ADCMSPM0.o (.text.ADCMSPM0_convertToMicroVolts)
                  0000686c    0000003c     driverlib.a : dl_i2c.o (.text.DL_I2C_flushControllerTXFIFO)
                  000068a8    0000003c                 : dl_i2c.o (.text.DL_I2C_flushTargetTXFIFO)
                  000068e4    0000003c     freertos_builds_LP_MSPM0G3507_release_ticlang.lib : timers.o (.text.prvSampleTimeNow)
                  00006920    0000003c     libc.a : autoinit.c.obj (.text:__TI_auto_init_nobinit_nopinit)
                  0000695c    0000003a     libclang_rt.builtins.a : muldsi3.S.obj (.text.__muldsi3)
                  00006996    0000003a     freertos_builds_LP_MSPM0G3507_release_ticlang.lib : list.o (.text.vListInsertEnd)
                  000069d0    00000038     drivers_mspm0g1x0x_g3x0x.a : ADCMSPM0.o (.text.ADCMSPM0_close)
                  00006a08    00000038     driverlib.a : dl_sysctl_mspm0g1x0x_g3x0x.o (.text.DL_SYSCTL_switchMCLKfromLFCLKtoSYSOSC)
                  00006a40    00000038     drivers_mspm0g1x0x_g3x0x.a : GPIO.o (.text.GPIO_resetConfig)
                  00006a78    00000038     freertos_builds_LP_MSPM0G3507_release_ticlang.lib : HwiPMSPM0_freertos.o (.text.HwiP_dispatch)
                  00006ab0    00000038                                                       : SemaphoreP_freertos.o (.text.SemaphoreP_createBinary)
                  00006ae8    00000038                                                       : timers.o (.text.prvGetNextExpireTime)
                  00006b20    00000038                                                       : tasks.o (.text.xTaskGetSchedulerState)
                  00006b58    00000036                                                       : timers.o (.text.prvReloadTimer)
                  00006b8e    00000002     --HOLE-- [fill = 0]
                  00006b90    00000034                                                       : HwiPMSPM0_freertos.o (.text.HwiP_disable)
                  00006bc4    00000034                                                       : HwiPMSPM0_freertos.o (.text.__NVIC_DisableIRQ)
                  00006bf8    00000034                                                       : pthread.o (.text.pthread_attr_setschedparam)
                  00006c2c    00000034                                                       : tasks.o (.text.vTaskPlaceOnEventList)
                  00006c60    00000034                                                       : tasks.o (.text.vTaskSetApplicationTaskTag)
                  00006c94    00000032                                                       : queue.o (.text.vQueueDelete)
                  00006cc6    00000002     --HOLE-- [fill = 0]
                  00006cc8    00000030     driverlib.a : dl_i2c.o (.text.DL_I2C_flushControllerRXFIFO)
                  00006cf8    00000030                 : dl_i2c.o (.text.DL_I2C_flushTargetRXFIFO)
                  00006d28    00000030     freertos_builds_LP_MSPM0G3507_release_ticlang.lib : HwiPMSPM0_freertos.o (.text.HwiP_inISR)
                  00006d58    00000030     hdd_i2c_payload_manager.o (.text.PayloadManager_requestSampleFromISR)
                  00006d88    00000030     freertos_builds_LP_MSPM0G3507_release_ticlang.lib : port.o (.text.SysTick_Handler)
                  00006db8    00000030                                                       : tasks.o (.text.prvResetNextTaskUnblockTime)
                  00006de8    00000030                                                       : port.o (.text.prvTaskExitError)
                  00006e18    0000002e                                                       : queue.o (.text.prvIsQueueFull)
                  00006e46    0000002e                                                       : pthread.o (.text.pthread_attr_setdetachstate)
                  00006e74    0000002e                                                       : port.o (.text.vPortSVCHandler_C)
                  00006ea2    0000002c                                                       : SemaphoreP_freertos.o (.text.SemaphoreP_post)
                  00006ece    00000002     --HOLE-- [fill = 0]
                  00006ed0    0000002c                                                       : HwiPMSPM0_freertos.o (.text.__NVIC_EnableIRQ)
                  00006efc    0000002c                                                       : pthread.o (.text._pthread_cleanup_pop)
                  00006f28    0000002c                                                       : list.o (.text.vListInitialise)
                  00006f54    0000002c                                                       : port.o (.text.vPortExitCritical)
                  00006f80    0000002a                                                       : queue.o (.text.prvIsQueueEmpty)
                  00006faa    00000028     drivers_mspm0g1x0x_g3x0x.a : I2C.o (.text.I2C_cancel)
                  00006fd2    00000028     freertos_builds_LP_MSPM0G3507_release_ticlang.lib : queue.o (.text.prvGetHighestPriorityOfWaitToReceiveList)
                  00006ffa    00000002     --HOLE-- [fill = 0]
                  00006ffc    00000028                                                       : StaticAllocs_freertos.o (.text.vApplicationGetIdleTaskMemory)
                  00007024    00000028                                                       : StaticAllocs_freertos.o (.text.vApplicationGetTimerTaskMemory)
                  0000704c    00000028     libc.a : boot_cortex_m.c.obj (.text:_c_int00_noargs)
                  00007074    00000026     driverlib.a : dl_i2c.o (.text.DL_I2C_setClockConfig)
                  0000709a    00000024     freertos_builds_LP_MSPM0G3507_release_ticlang.lib : HwiPMSPM0_freertos.o (.text.HwiP_Params_init)
                  000070be    00000002     --HOLE-- [fill = 0]
                  000070c0    00000024                                                       : HwiPMSPM0_freertos.o (.text.HwiP_restore)
                  000070e4    00000024                                                       : PTLS.o (.text.PTLS_taskDeleteHook)
                  00007108    00000008     drivers_mspm0g1x0x_g3x0x.a : ADCMSPM0.o (.text.ADCMSPM0_init)
                  00007110    00000024     freertos_builds_LP_MSPM0G3507_release_ticlang.lib : portasm.o (.text.SVC_Handler)
                  00007134    00000024     libclang_rt.builtins.a : muldi3.S.obj (.text.__muldi3)
                  00007158    00000024     freertos_builds_LP_MSPM0G3507_release_ticlang.lib : tasks.o (.text.pvTaskIncrementMutexHeldCount)
                  0000717c    00000004     libsysbm.a : hostexit.c.obj (.text.HOSTexit)
                  00007180    00000024     freertos_builds_LP_MSPM0G3507_release_ticlang.lib : portasm.o (.text.vRestoreContextOfFirstTask)
                  000071a4    00000020     startup_mspm0g350x_ticlang.o (.text.HardFault_Handler)
                  000071c4    00000020     freertos_builds_LP_MSPM0G3507_release_ticlang.lib : HwiPMSPM0_freertos.o (.text.HwiP_destruct)
                  000071e4    00000020     ti_msp_dl_config.o (.text.SYSCFG_DL_SYSCTL_CLK_init)
                  00007204    00000020     freertos_builds_LP_MSPM0G3507_release_ticlang.lib : tasks.o (.text.vTaskInternalSetTimeOutState)
                  00007224    0000001e     SEGGER_RTT_printf.o (.text.SEGGER_RTT_printf)
                  00007242    00000002     --HOLE-- [fill = 0]
                  00007244    0000001e     libclang_rt.builtins.a : ashldi3.S.obj (.text.__ashldi3)
                  00007262    0000001e     freertos_builds_LP_MSPM0G3507_release_ticlang.lib : pthread.o (.text._pthread_runStub)
                  00007280    0000001e                                                       : timers.o (.text.prvTimerTask)
                  0000729e    00000002     --HOLE-- [fill = 0]
                  000072a0    0000001c     drivers_mspm0g1x0x_g3x0x.a : GPIO.o (.text.GPIO_setCallback)
                  000072bc    0000001c     freertos_builds_LP_MSPM0G3507_release_ticlang.lib : pthread.o (.text.pthread_attr_init)
                  000072d8    0000001a                                                       : PTLS.o (.text.PTLS_getBuf)
                  000072f2    0000001a                                                       : PTLS.o (.text.PTLS_setBuf)
                  0000730c    00000018     startup_mspm0g350x_ticlang.o (.text.prvGetRegistersFromStack)
                  00007324    00000018     freertos_builds_LP_MSPM0G3507_release_ticlang.lib : pthread.o (.text.pthread_self)
                  0000733c    00000018     i2ctargetApp.o (.text.updatePayloadData)
                  00007354    00000018     freertos_builds_LP_MSPM0G3507_release_ticlang.lib : port.o (.text.vPortEnterCritical)
                  0000736c    00000018                                                       : port.o (.text.vPortYield)
                  00007384    00000014     driverlib.a : dl_interrupt.o (.text.DL_Interrupt_unregisterInterrupt)
                  00007398    00000014     freertos_builds_LP_MSPM0G3507_release_ticlang.lib : HwiPMSPM0_freertos.o (.text.HwiP_disableInterrupt)
                  000073ac    00000014                                                       : HwiPMSPM0_freertos.o (.text.HwiP_enableInterrupt)
                  000073c0    00000014     drivers_mspm0g1x0x_g3x0x.a : I2CMSPM0.o (.text.I2CSupport_controllerFinish)
                  000073d4    00000014                                : I2CTarget.o (.text.I2CTarget_Params_init)
                  000073e8    00000014     ti_msp_dl_config.o (.text.SYSCFG_DL_init)
                  000073fc    00000014     libclang_rt.builtins.a : aeabi_uldivmod.S.obj (.text.__aeabi_uldivmod)
                  00007410    00000014     freertos_builds_LP_MSPM0G3507_release_ticlang.lib : memory.o (.text.aligned_alloc)
                  00007424    00000014                                                       : tasks.o (.text.xTaskGetCurrentTaskHandle)
                  00007438    00000014                                                       : tasks.o (.text.xTaskGetTickCount)
                  0000744c    00000012                                                       : pthread.o (.text.pthread_attr_setstacksize)
                  0000745e    00000012     libc.a : copy_decompress_none.c.obj (.text:decompress:none)
                  00007470    00000010     drivers_mspm0g1x0x_g3x0x.a : ADC.o (.text.ADC_Params_init)
                  00007480    00000010                                : I2C.o (.text.I2C_transfer)
                  00007490    00000010     freertos_builds_LP_MSPM0G3507_release_ticlang.lib : SemaphoreP_freertos.o (.text.SemaphoreP_delete)
                  000074a0    00000010                                                       : memory.o (.text.free)
                  000074b0    00000010                                                       : portasm.o (.text.vStartFirstTask)
                  000074c0    00000010                                                       : tasks.o (.text.vTaskSuspendAll)
                  000074d0    00000010     libc.a : copy_zero_init.c.obj (.text:decompress:ZI)
                  000074e0    0000000e     drivers_mspm0g1x0x_g3x0x.a : I2CTargetMSPM0.o (.text.I2CTarget_start)
                  000074ee    00000002     --HOLE-- [fill = 0]
                  000074f0    0000000e     libclang_rt.builtins.a : aeabi_memset.S.obj (.text.__aeabi_memset)
                  000074fe    0000000e     freertos_builds_LP_MSPM0G3507_release_ticlang.lib : list.o (.text.vListInitialiseItem)
                  0000750c    0000000c     drivers_mspm0g1x0x_g3x0x.a : I2CMSPM0.o (.text.I2CMSPM0_blockingCallback)
                  00007518    0000000c                                : I2C.o (.text.I2C_Params_init)
                  00007524    0000000c     libclang_rt.builtins.a : aeabi_memset.S.obj (.text.__aeabi_memclr)
                  00007530    0000000c     freertos_builds_LP_MSPM0G3507_release_ticlang.lib : memory.o (.text.memalign)
                  0000753c    0000000c                                                       : memory.o (.text.realloc)
                  00007548    0000000c     i2ctargetApp.o (.text.updateReady)
                  00007554    0000000c     freertos_builds_LP_MSPM0G3507_release_ticlang.lib : tasks.o (.text.uxTaskGetNumberOfTasks)
                  00007560    0000000c                                                       : tasks.o (.text.vTaskMissedYield)
                  0000756c    0000000a     drivers_mspm0g1x0x_g3x0x.a : ADC.o (.text.ADC_convert)
                  00007576    0000000a     driverlib.a : dl_common.o (.text.DL_Common_delayCycles)
                  00007580    0000000a     drivers_mspm0g1x0x_g3x0x.a : GPIOMSPM0.o (.text.GPIO_setConfig)
                  0000758a    00000008     freertos_builds_LP_MSPM0G3507_release_ticlang.lib : SemaphoreP_freertos.o (.text.SemaphoreP_destruct)
                  00007592    00000002     --HOLE-- [fill = 0]
                  00007594    00000008     libclang_rt.builtins.a : aeabi_memcpy.S.obj (.text.__aeabi_memcpy)
                  0000759c    00000008     freertos_builds_LP_MSPM0G3507_release_ticlang.lib : portasm.o (.text.ulSetInterruptMask)
                  000075a4    00000006     drivers_mspm0g1x0x_g3x0x.a : ADCMSPM0.o (.text.ADCMSPM0_control)
                  000075aa    00000006     freertos_builds_LP_MSPM0G3507_release_ticlang.lib : ClockP_freertos.o (.text.ClockP_getSystemTickPeriod)
                  000075b0    00000006                                                       : portasm.o (.text.vClearInterruptMask)
                  000075b6    00000006     libc.a : exit.c.obj (.text:abort)
                  000075bc    00000004     startup_mspm0g350x_ticlang.o (.text.Reset_Handler)
                  000075c0    00000004     libc.a : pre_init.c.obj (.text._system_pre_init)
                  000075c4    00000004     main_freertos.o (.text.vApplicationStackOverflowHook)
                  000075c8    00000008     --HOLE-- [fill = 0]

.cinit     0    00007c68    00000058     
                  00007c68    00000021     (.cinit..data.load) [load image, compression = lzss]
                  00007c89    00000003     --HOLE-- [fill = 0]
                  00007c8c    0000000c     (__TI_handler_table)
                  00007c98    00000008     (.cinit..bss.load) [load image, compression = zero_init]
                  00007ca0    00000008     (.cinit..vtable.load) [load image, compression = zero_init]
                  00007ca8    00000018     (__TI_cinit_table)

.rodata    0    000075d0    00000698     
                  000075d0    00000060     ti_drivers_config.o (.rodata.adcHWAttrs)
                  00007630    00000034     i2ctargetApp.o (.rodata.str1.2920944169679306650.1)
                  00007664    00000033     i2ctargetApp.o (.rodata.str1.14990900598541188776.1)
                  00007697    0000002e     pt100.o (.rodata.str1.13586761021927527545.1)
                  000076c5    0000002d     nas2300.o (.rodata.str1.18138061985131779246.1)
                  000076f2    0000002c     hdd_i2c_payload_manager.o (.rodata.str1.7705159814274616833.1)
                  0000771e    0000002c     hdd_i2c_payload_manager.o (.rodata.str1.7972028889515352971.1)
                  0000774a    0000002b     nas2300.o (.rodata.str1.1014714733802993471.1)
                  00007775    0000002b     nas2300.o (.rodata.str1.12801899150887942978.1)
                  000077a0    0000002a     hdd_i2c_payload_manager.o (.rodata.str1.4847861632907873107.1)
                  000077ca    00000029     hdd_i2c_payload_manager.o (.rodata.str1.17141238896142240061.1)
                  000077f3    00000029     nas2300.o (.rodata.str1.3575059730224378760.1)
                  0000781c    00000028     ti_drivers_config.o (.rodata.I2CTargetMSPM0HWAttrs)
                  00007844    00000028     pt100.o (.rodata.str1.10392836802720052370.1)
                  0000786c    00000028     nas2300.o (.rodata.str1.16548613384846557317.1)
                  00007894    00000028     hdd_i2c_payload_manager.o (.rodata.str1.4508190576618513605.1)
                  000078bc    00000028     hdd_i2c_payload_manager.o (.rodata.str1.5385842840118086069.1)
                  000078e4    00000027     nas2300.o (.rodata.str1.11739867522105096129.1)
                  0000790b    00000001     ti_drivers_config.o (.rodata.ADC_count)
                  0000790c    00000024     ti_drivers_config.o (.rodata.I2CMSPM0HWAttrs)
                  00007930    00000024     hdd_i2c_payload_manager.o (.rodata.str1.3866426164407534001.1)
                  00007954    00000022     nas2300.o (.rodata.str1.12822430148277703469.1)
                  00007976    00000022     nas2300.o (.rodata.str1.14626009002480112968.1)
                  00007998    00000022     hdd_i2c_payload_manager.o (.rodata.str1.393185943268228337.1)
                  000079ba    00000021     nas2300.o (.rodata.str1.17571927529659725960.1)
                  000079db    00000021     nas2300.o (.rodata.str1.1909366161360479075.1)
                  000079fc    00000020     drivers_mspm0g1x0x_g3x0x.a : GPIOMSPM0.o (.rodata.cst16)
                  00007a1c    00000020     main_freertos.o (.rodata.str1.1946452208259023099.1)
                  00007a3c    0000001e     nas2300.o (.rodata.str1.12452808820593219485.1)
                  00007a5a    0000001e     i2ctargetApp.o (.rodata.str1.17089017793619640351.1)
                  00007a78    0000001c     drivers_mspm0g1x0x_g3x0x.a : ADCMSPM0.o (.rodata.ADCMSPM0_fxnTable)
                  00007a94    0000001c     nas2300.o (.rodata.str1.10736948394376191416.1)
                  00007ab0    0000001c     pt100.o (.rodata.str1.12282356274561666775.1)
                  00007acc    0000001c     nas2300.o (.rodata.str1.14342299798680994116.1)
                  00007ae8    0000001c     nas2300.o (.rodata.str1.2835145529019153814.1)
                  00007b04    0000001b     pt100.o (.rodata.str1.6795863680581647435.1)
                  00007b1f    0000001b     nas2300.o (.rodata.str1.9089166078477676523.1)
                  00007b3a    0000001a     nas2300.o (.rodata.str1.4652019729671752627.1)
                  00007b54    00000019     i2ctargetApp.o (.rodata.str1.9751886074620317138.1)
                  00007b6d    00000018     nas2300.o (.rodata.str1.16050916591840585434.1)
                  00007b85    00000018     i2ctargetApp.o (.rodata.str1.6408132839241382401.1)
                  00007b9d    00000017     hdd_i2c_payload_manager.o (.rodata.str1.10026743559750709047.1)
                  00007bb4    00000014     nas2300.o (.rodata.str1.2910378377836430148.1)
                  00007bc8    00000014     hdd_i2c_payload_manager.o (.rodata.str1.8963773159120481151.1)
                  00007bdc    00000010     ti_drivers_config.o (.rodata.GPIO_config)
                  00007bec    00000010     SEGGER_RTT_printf.o (.rodata.cst16)
                  00007bfc    00000010     drivers_mspm0g1x0x_g3x0x.a : I2CMSPM0.o (.rodata.cst16)
                  00007c0c    0000000c     ti_drivers_config.o (.rodata.ADC_config)
                  00007c18    0000000c     drivers_mspm0g1x0x_g3x0x.a : I2CTarget.o (.rodata.I2CTarget_defaultParams)
                  00007c24    00000009     SEGGER_RTT.o (.rodata.str1.1347869369698290154.1)
                  00007c2d    00000002     freertos_builds_LP_MSPM0G3507_release_ticlang.lib : pthread.o (.rodata.str1.301604644627550129.1)
                  00007c2f    00000001     ti_drivers_config.o (.rodata.GPIO_pinLowerBound)
                  00007c30    00000008     drivers_mspm0g1x0x_g3x0x.a : ADC.o (.rodata.ADC_defaultParams)
                  00007c38    00000008     ti_drivers_config.o (.rodata.I2CTarget_config)
                  00007c40    00000008     ti_drivers_config.o (.rodata.I2C_config)
                  00007c48    00000008     freertos_builds_LP_MSPM0G3507_release_ticlang.lib : timers.o (.rodata.str1.6031452896567546882.1)
                  00007c50    00000007     SEGGER_RTT_printf.o (.rodata.str1.14596486525197745578.1)
                  00007c57    00000005     freertos_builds_LP_MSPM0G3507_release_ticlang.lib : tasks.o (.rodata.str1.13344916649340266805.1)
                  00007c5c    00000004                                                       : tasks.o (.rodata.uxTopUsedPriority)
                  00007c60    00000001     ti_drivers_config.o (.rodata.GPIO_pinUpperBound)
                  00007c61    00000001     ti_drivers_config.o (.rodata.I2CTarget_count)
                  00007c62    00000001     ti_drivers_config.o (.rodata.I2C_count)
                  00007c63    00000005     --HOLE-- [fill = 0]

.init_array 
*          0    00000000    00000000     UNINITIALIZED

.binit     0    00000000    00000000     

.vtable    0    20202000    000000c0     UNINITIALIZED
                  20202000    000000c0     driverlib.a : dl_interrupt.o (.vtable)

.bss       0    20200000    00001d86     UNINITIALIZED
                  20200000    00000c00     freertos_builds_LP_MSPM0G3507_release_ticlang.lib : heap_4.o (.bss.ucHeap)
                  20200c00    00000400     SEGGER_RTT.o (.bss._acUpBuffer)
                  20201000    00000200     freertos_builds_LP_MSPM0G3507_release_ticlang.lib : StaticAllocs_freertos.o (.bss.vApplicationGetIdleTaskMemory.uxIdleTaskStack)
                  20201200    00000200                                                       : StaticAllocs_freertos.o (.bss.vApplicationGetTimerTaskMemory.uxTimerTaskStack)
                  20201400    000000f8     i2ctargetApp.o (.bss.g_readyPayload)
                  202014f8    000000f8     (.common:I2CMSPM0Objects)
                  202015f0    000000f0     (.common:gpioCallbackFunctions)
                  202016e0    000000f0     (.common:gpioUserArgs)
                  202017d0    000000c8     freertos_builds_LP_MSPM0G3507_release_ticlang.lib : tasks.o (.bss.pxReadyTasksLists)
                  20201898    000000a8     (.common:_SEGGER_RTT)
                  20201940    00000080     nas2300.o (.bss.rxBuffer)
                  202019c0    00000080     nas2300.o (.bss.txBuffer)
                  20201a40    00000078     freertos_builds_LP_MSPM0G3507_release_ticlang.lib : timers.o (.bss.prvCheckForValidListAndQueue.ucStaticTimerQueueStorage)
                  20201ab8    00000078     (.common:I2CTargetMSPM0Objects)
                  20201b30    00000068                                                       : StaticAllocs_freertos.o (.bss.vApplicationGetIdleTaskMemory.xIdleTaskTCB)
                  20201b98    00000068                                                       : StaticAllocs_freertos.o (.bss.vApplicationGetTimerTaskMemory.xTimerTaskTCB)
                  20201c00    00000050     drivers_mspm0g1x0x_g3x0x.a : ADCMSPM0.o (.bss.adcSemaphore)
                  20201c50    00000050     freertos_builds_LP_MSPM0G3507_release_ticlang.lib : timers.o (.bss.prvCheckForValidListAndQueue.xStaticTimerQueue)
                  20201ca0    00000014                                                       : timers.o (.bss.xActiveTimerList1)
                  20201cb4    00000014                                                       : timers.o (.bss.xActiveTimerList2)
                  20201cc8    00000014                                                       : tasks.o (.bss.xDelayedTaskList1)
                  20201cdc    00000014                                                       : tasks.o (.bss.xDelayedTaskList2)
                  20201cf0    00000014                                                       : tasks.o (.bss.xPendingReadyList)
                  20201d04    00000014                                                       : tasks.o (.bss.xSuspendedTaskList)
                  20201d18    00000014                                                       : tasks.o (.bss.xTasksWaitingTermination)
                  20201d2c    00000010     SEGGER_RTT.o (.bss._acDownBuffer)
                  20201d3c    00000010     nas2300.o (.bss.g_i2cParams)
                  20201d4c    00000008     pt100.o (.bss.g_adcParams)
                  20201d54    00000008     freertos_builds_LP_MSPM0G3507_release_ticlang.lib : heap_4.o (.bss.xStart)
                  20201d5c    00000004     drivers_mspm0g1x0x_g3x0x.a : GPIOMSPM0.o (.bss.GPIO_init.initSem)
                  20201d60    00000004     pt100.o (.bss.g_adc)
                  20201d64    00000004     nas2300.o (.bss.g_i2cHandle)
                  20201d68    00000004     freertos_builds_LP_MSPM0G3507_release_ticlang.lib : aeabi_portable.o (.bss.main_reent)
                  20201d6c    00000004                                                       : timers.o (.bss.pxCurrentTimerList)
                  20201d70    00000004                                                       : tasks.o (.bss.pxDelayedTaskList)
                  20201d74    00000004                                                       : tasks.o (.bss.pxOverflowDelayedTaskList)
                  20201d78    00000004                                                       : timers.o (.bss.pxOverflowTimerList)
                  20201d7c    00000004                                                       : tasks.o (.bss.xIdleTaskHandles)
                  20201d80    00000002     i2ctargetApp.o (.bss.cmd.4)
                  20201d82    00000002     (.common:adcObjects)
                  20201d84    00000001     i2ctargetApp.o (.bss.cmd.0)
                  20201d85    00000001     i2ctargetApp.o (.bss.protocolState)

.data      0    20201d88    00000233     UNINITIALIZED
                  20201d88    000000f0     ti_drivers_config.o (.data.gpioPinConfigs)
                  20201e78    000000c0     freertos_builds_LP_MSPM0G3507_release_ticlang.lib : HwiPMSPM0_freertos.o (.data.HwiP_dispatchTable)
                  20201f38    00000014                                                       : pthread.o (.data.defaultPthreadAttrs)
                  20201f4c    00000004                                                       : HwiPMSPM0_freertos.o (.data.HwiP_swiPIntNum)
                  20201f50    00000004     hdd_i2c_payload_manager.o (.data.g_payloadManagerTaskHandle)
                  20201f54    00000004     freertos_builds_LP_MSPM0G3507_release_ticlang.lib : timers.o (.data.prvSampleTimeNow.xLastTime)
                  20201f58    00000004                                                       : tasks.o (.data.pxCurrentTCB)
                  20201f5c    00000004                                                       : heap_4.o (.data.pxEnd)
                  20201f60    00000004                                                       : port.o (.data.ulCriticalNesting)
                  20201f64    00000004                                                       : port.o (.data.ulStoppedTimerCompensation)
                  20201f68    00000004                                                       : port.o (.data.ulTimerCountsForOneTick)
                  20201f6c    00000004                                                       : tasks.o (.data.uxCurrentNumberOfTasks)
                  20201f70    00000004                                                       : tasks.o (.data.uxDeletedTasksWaitingCleanUp)
                  20201f74    00000004                                                       : tasks.o (.data.uxSchedulerSuspended)
                  20201f78    00000004                                                       : tasks.o (.data.uxTaskNumber)
                  20201f7c    00000004                                                       : tasks.o (.data.uxTopReadyPriority)
                  20201f80    00000004                                                       : heap_4.o (.data.xFreeBytesRemaining)
                  20201f84    00000004                                                       : port.o (.data.xMaximumPossibleSuppressedTicks)
                  20201f88    00000004                                                       : heap_4.o (.data.xMinimumEverFreeBytesRemaining)
                  20201f8c    00000004                                                       : tasks.o (.data.xNextTaskUnblockTime)
                  20201f90    00000004                                                       : tasks.o (.data.xNumOfOverflows)
                  20201f94    00000004                                                       : heap_4.o (.data.xNumberOfSuccessfulAllocations)
                  20201f98    00000004                                                       : heap_4.o (.data.xNumberOfSuccessfulFrees)
                  20201f9c    00000004                                                       : tasks.o (.data.xPendedTicks)
                  20201fa0    00000004                                                       : tasks.o (.data.xSchedulerRunning)
                  20201fa4    00000004                                                       : tasks.o (.data.xTickCount)
                  20201fa8    00000004                                                       : timers.o (.data.xTimerQueue)
                  20201fac    00000004                                                       : timers.o (.data.xTimerTaskHandle)
                  20201fb0    00000004                                                       : tasks.o (.data.xYieldPendings)
                  20201fb4    00000002     drivers_mspm0g1x0x_g3x0x.a : ADCMSPM0.o (.data.adcInstance)
                  20201fb6    00000001     i2ctargetApp.o (.data.g_regMode)
                  20201fb7    00000001     i2ctargetApp.o (.data.g_regReady)
                  20201fb8    00000001     drivers_mspm0g1x0x_g3x0x.a : GPIOMSPM0.o (.data.initCalled)
                  20201fb9    00000001                                : ADC.o (.data.isInitialized)
                  20201fba    00000001                                : GPIOMSPM0.o (.data.portHwiCreatedBitMask)

.stack     0    20207e00    00000200     UNINITIALIZED
                  20207e00    00000004     libc.a : boot_cortex_m.c.obj (.stack)
                  20207e04    000001fc     --HOLE--

__llvm_prf_cnts 
*          0    20200000    00000000     UNINITIALIZED

__llvm_prf_bits 
*          0    20200000    00000000     UNINITIALIZED

MODULE SUMMARY

       Module                         code    ro data   rw data
       ------                         ----    -------   -------
    .\
       nas2300.o                      676     596       276    
       ti_drivers_config.o            0       221       1090   
       i2ctargetApp.o                 620     182       254    
       hdd_i2c_payload_manager.o      352     364       4      
       hdd_i2c_utils.o                448     0         0      
       pt100.o                        148     141       12     
       main_freertos.o                192     32        0      
       ti_msp_dl_config.o             210     0         0      
    +--+------------------------------+-------+---------+---------+
       Total:                         2646    1536      1636   
                                                               
    .\freertos\ticlang\
       startup_mspm0g350x_ticlang.o   62      192       0      
    +--+------------------------------+-------+---------+---------+
       Total:                         62      192       0      
                                                               
    .\ti\segger\
       SEGGER_RTT.o                   636     9         1208   
       SEGGER_RTT_printf.o            1746    23        0      
    +--+------------------------------+-------+---------+---------+
       Total:                         2382    32        1208   
                                                               
    C:/Users/hugh-/workspace_ccstheia/freertos_builds_LP_MSPM0G3507_release_ticlang/Debug/freertos_builds_LP_MSPM0G3507_release_ticlang.lib
       tasks.o                        7112    9         360    
       heap_4.o                       1336    0         3100   
       queue.o                        3248    0         0      
       timers.o                       1200    8         260    
       StaticAllocs_freertos.o        80      0         1232   
       port.o                         1138    0         16     
       HwiPMSPM0_freertos.o           784     0         196    
       pthread.o                      914     2         20     
       SemaphoreP_freertos.o          326     0         0      
       list.o                         296     0         0      
       memory.o                       258     0         0      
       portasm.o                      170     0         0      
       PTLS.o                         88      0         0      
       aeabi_portable.o               84      0         4      
       sleep.o                        80      0         0      
       ClockP_freertos.o              6       0         0      
    +--+------------------------------+-------+---------+---------+
       Total:                         17120   19        5188   
                                                               
    C:/ti/mspm0_sdk_2_09_00_01/source/ti/driverlib/lib/ticlang/m0p/mspm0g1x0x_g3x0x/driverlib.a
       dl_interrupt.o                 164     0         192    
       dl_i2c.o                       348     0         0      
       dl_adc12.o                     64      0         0      
       dl_sysctl_mspm0g1x0x_g3x0x.o   56      0         0      
       dl_common.o                    10      0         0      
    +--+------------------------------+-------+---------+---------+
       Total:                         642     0         192    
                                                               
    C:/ti/mspm0_sdk_2_09_00_01/source/ti/drivers/lib/ticlang/m0p/drivers_mspm0g1x0x_g3x0x.a
       I2CMSPM0.o                     1952    16        0      
       GPIOMSPM0.o                    1526    32        6      
       ADCMSPM0.o                     1162    28        82     
       I2CTargetMSPM0.o               678     0         0      
       I2C.o                          370     0         0      
       ADC.o                          262     8         1      
       GPIO.o                         84      0         0      
       I2CTarget.o                    20      12        0      
    +--+------------------------------+-------+---------+---------+
       Total:                         6054    96        89     
                                                               
    C:\ti\ccs2040\ccs\tools\compiler\ti-cgt-armllvm_4.0.4.LTS\lib\armv6m-ti-none-eabi/c/libc.a
       memcpy16.S.obj                 154     0         0      
       copy_decompress_lzss.c.obj     124     0         0      
       memset16.S.obj                 98      0         0      
       autoinit.c.obj                 60      0         0      
       boot_cortex_m.c.obj            40      0         0      
       copy_decompress_none.c.obj     18      0         0      
       copy_zero_init.c.obj           16      0         0      
       exit.c.obj                     6       0         0      
       pre_init.c.obj                 4       0         0      
    +--+------------------------------+-------+---------+---------+
       Total:                         520     0         0      
                                                               
    C:\ti\ccs2040\ccs\tools\compiler\ti-cgt-armllvm_4.0.4.LTS\lib\armv6m-ti-none-eabi/c/libsysbm.a
       hostexit.c.obj                 4       0         0      
    +--+------------------------------+-------+---------+---------+
       Total:                         4       0         0      
                                                               
    C:\ti\ccs2040\ccs\tools\compiler\ti-cgt-armllvm_4.0.4.LTS\lib\armv6m-ti-none-eabi/libclang_rt.builtins.a
       udivmoddi4.S.obj               162     0         0      
       clzsi2.c.obj                   88      0         0      
       aeabi_uidivmod.S.obj           64      0         0      
       muldsi3.S.obj                  58      0         0      
       muldi3.S.obj                   36      0         0      
       ashldi3.S.obj                  30      0         0      
       aeabi_memset.S.obj             26      0         0      
       aeabi_uldivmod.S.obj           20      0         0      
       aeabi_memcpy.S.obj             8       0         0      
       aeabi_div0.c.obj               4       0         0      
    +--+------------------------------+-------+---------+---------+
       Total:                         496     0         0      
                                                               
       Stack:                         0       0         512    
       Linker Generated:              0       85        0      
    +--+------------------------------+-------+---------+---------+
       Grand Total:                   29926   1960      8825   


LINKER GENERATED COPY TABLES

__TI_cinit_table @ 00007ca8 records: 3, size/record: 8, table size: 24
	.data: load addr=00007c68, load size=00000021 bytes, run addr=20201d88, run size=00000233 bytes, compression=lzss
	.bss: load addr=00007c98, load size=00000008 bytes, run addr=20200000, run size=00001d86 bytes, compression=zero_init
	.vtable: load addr=00007ca0, load size=00000008 bytes, run addr=20202000, run size=000000c0 bytes, compression=zero_init


LINKER GENERATED HANDLER TABLE

__TI_handler_table @ 00007c8c records: 3, size/record: 4, table size: 12
	index: 0, handler: __TI_zero_init
	index: 1, handler: __TI_decompress_lzss
	index: 2, handler: __TI_decompress_none


GLOBAL SYMBOLS: SORTED ALPHABETICALLY BY Name 

address   name                                 
-------   ----                                 
000015f3  ADC0_IRQHandler                      
000015f3  ADC1_IRQHandler                      
000069d1  ADCMSPM0_close                       
000075a5  ADCMSPM0_control                     
000052ed  ADCMSPM0_convert                     
00001229  ADCMSPM0_convertChain                
00006831  ADCMSPM0_convertToMicroVolts         
00007a78  ADCMSPM0_fxnTable                    
00007109  ADCMSPM0_init                        
00002059  ADCMSPM0_open                        
00007471  ADC_Params_init                      
00007c0c  ADC_config                           
0000756d  ADC_convert                          
0000790b  ADC_count                            
00007c30  ADC_defaultParams                    
000048d1  ADC_init                             
00006731  ADC_open                             
000015f3  AES_IRQHandler                       
0000717c  C$$EXIT                              
000015f3  CANFD0_IRQHandler                    
000075ab  ClockP_getSystemTickPeriod           
000015f3  DAC0_IRQHandler                      
00006771  DL_ADC12_setClockConfig              
00007577  DL_Common_delayCycles                
00005d91  DL_I2C_fillControllerTXFIFO          
00006cc9  DL_I2C_flushControllerRXFIFO         
0000686d  DL_I2C_flushControllerTXFIFO         
00006cf9  DL_I2C_flushTargetRXFIFO             
000068a9  DL_I2C_flushTargetTXFIFO             
00007075  DL_I2C_setClockConfig                
00004fa9  DL_Interrupt_registerInterrupt       
00007385  DL_Interrupt_unregisterInterrupt     
00006a09  DL_SYSCTL_switchMCLKfromLFCLKtoSYSOSC
000015f3  DMA_IRQHandler                       
000015f3  Default_Handler                      
00007bdc  GPIO_config                          
0000600d  GPIO_disableInt                      
00003b75  GPIO_hwiIntFxn                       
00002381  GPIO_init                            
00007c2f  GPIO_pinLowerBound                   
00007c60  GPIO_pinUpperBound                   
00006a41  GPIO_resetConfig                     
000072a1  GPIO_setCallback                     
00007581  GPIO_setConfig                       
000007e9  GPIO_setConfigAndMux                 
0000497d  GPIO_setInterruptConfig              
00005ab5  GPIO_write                           
000015f3  GROUP0_IRQHandler                    
000015f3  GROUP1_IRQHandler                    
0000717d  HOSTexit                             
000071a5  HardFault_Handler                    
0000709b  HwiP_Params_init                     
000045ed  HwiP_construct                       
000065db  HwiP_create                          
000071c5  HwiP_destruct                        
00006b91  HwiP_disable                         
00007399  HwiP_disableInterrupt                
00006a79  HwiP_dispatch                        
000073ad  HwiP_enableInterrupt                 
00006d29  HwiP_inISR                           
000070c1  HwiP_restore                         
20201f4c  HwiP_swiPIntNum                      
000015f3  I2C0_IRQHandler                      
000015f3  I2C1_IRQHandler                      
0000790c  I2CMSPM0HWAttrs                      
202014f8  I2CMSPM0Objects                      
000073c1  I2CSupport_controllerFinish          
000019a3  I2CSupport_powerRelConstraint        
00003343  I2CSupport_powerSetConstraint        
0000595d  I2CSupport_primeTransfer             
0000781c  I2CTargetMSPM0HWAttrs                
20201ab8  I2CTargetMSPM0Objects                
000073d5  I2CTarget_Params_init                
00007c38  I2CTarget_config                     
00007c61  I2CTarget_count                      
00007c18  I2CTarget_defaultParams              
00004465  I2CTarget_open                       
000074e1  I2CTarget_start                      
00007519  I2C_Params_init                      
00006fab  I2C_cancel                           
00005f05  I2C_close                            
00007c40  I2C_config                           
00007c62  I2C_count                            
00003977  I2C_init                             
00001035  I2C_open                             
00007481  I2C_transfer                         
00002b65  I2C_transferTimeout                  
000015f3  NMI_Handler                          
000072d9  PTLS_getBuf                          
000072f3  PTLS_setBuf                          
000070e5  PTLS_taskDeleteHook                  
00006d59  PayloadManager_requestSampleFromISR  
00006621  PendSV_Handler                       
000015f3  RTC_IRQHandler                       
000075bd  Reset_Handler                        
0000586d  SEGGER_RTT_Init                      
00004acd  SEGGER_RTT_Write                     
000024e5  SEGGER_RTT_WriteNoLock               
00007225  SEGGER_RTT_printf                    
000000c1  SEGGER_RTT_vprintf                   
000015f3  SPI0_IRQHandler                      
000015f3  SPI1_IRQHandler                      
00007111  SVC_Handler                          
0000481b  SYSCFG_DL_GPIO_init                  
000071e5  SYSCFG_DL_SYSCTL_CLK_init            
00006061  SYSCFG_DL_SYSCTL_init                
000073e9  SYSCFG_DL_init                       
00006475  SYSCFG_DL_initPower                  
000067b1  SemaphoreP_constructBinary           
00006ab1  SemaphoreP_createBinary              
00007491  SemaphoreP_delete                    
0000758b  SemaphoreP_destruct                  
00005151  SemaphoreP_pend                      
00006ea3  SemaphoreP_post                      
00006d89  SysTick_Handler                      
000015f3  TIMA0_IRQHandler                     
000015f3  TIMA1_IRQHandler                     
000015f3  TIMG0_IRQHandler                     
000015f3  TIMG12_IRQHandler                    
000015f3  TIMG6_IRQHandler                     
000015f3  TIMG7_IRQHandler                     
000015f3  TIMG8_IRQHandler                     
000015f3  UART0_IRQHandler                     
000015f3  UART1_IRQHandler                     
000015f3  UART2_IRQHandler                     
000015f3  UART3_IRQHandler                     
20201898  _SEGGER_RTT                          
20208000  __STACK_END                          
00000200  __STACK_SIZE                         
00000000  __TI_ATRegion0_region_sz             
00000000  __TI_ATRegion0_src_addr              
00000000  __TI_ATRegion0_trg_addr              
00000000  __TI_ATRegion1_region_sz             
00000000  __TI_ATRegion1_src_addr              
00000000  __TI_ATRegion1_trg_addr              
00000000  __TI_ATRegion2_region_sz             
00000000  __TI_ATRegion2_src_addr              
00000000  __TI_ATRegion2_trg_addr              
00007ca8  __TI_CINIT_Base                      
00007cc0  __TI_CINIT_Limit                     
00007cc0  __TI_CINIT_Warm                      
00007c8c  __TI_Handler_Table_Base              
00007c98  __TI_Handler_Table_Limit             
00006921  __TI_auto_init_nobinit_nopinit       
000057f1  __TI_decompress_lzss                 
0000745f  __TI_decompress_none                 
ffffffff  __TI_pprof_out_hndl                  
ffffffff  __TI_prof_data_size                  
ffffffff  __TI_prof_data_start                 
00000000  __TI_static_base__                   
000074d1  __TI_zero_init                       
000060b5  __aeabi_errno_addr                   
00004acb  __aeabi_idiv0                        
00004de3  __aeabi_ldiv0                        
00007245  __aeabi_llsl                         
00007135  __aeabi_lmul                         
00007525  __aeabi_memclr                       
00007525  __aeabi_memclr4                      
00007525  __aeabi_memclr8                      
00007595  __aeabi_memcpy                       
00007595  __aeabi_memcpy4                      
00007595  __aeabi_memcpy8                      
000074f1  __aeabi_memset                       
000074f1  __aeabi_memset4                      
000074f1  __aeabi_memset8                      
000067f1  __aeabi_uidiv                        
000067f1  __aeabi_uidivmod                     
000073fd  __aeabi_uldivmod                     
00007245  __ashldi3                            
ffffffff  __binit__                            
00005f5d  __clzsi2                             
UNDEFED   __mpu_init                           
00007135  __muldi3                             
0000695d  __muldsi3                            
20207e00  __stack                              
20200000  __start___llvm_prf_bits              
20200000  __start___llvm_prf_cnts              
20200000  __stop___llvm_prf_bits               
20200000  __stop___llvm_prf_cnts               
00004a29  __udivmoddi4                         
0000704d  _c_int00_noargs                      
00006efd  _pthread_cleanup_pop                 
UNDEFED   _system_post_cinit                   
000075c1  _system_pre_init                     
000075b7  abort                                
000075d0  adcHWAttrs                           
20201d82  adcObjects                           
00007411  aligned_alloc                        
ffffffff  binit                                
00005601  calloc                               
000019a5  crc16_modbus                         
0000567d  eTaskConfirmSleepModeStatus          
000074a1  free                                 
202015f0  gpioCallbackFunctions                
20201d88  gpioPinConfigs                       
202016e0  gpioUserArgs                         
00000000  interruptVectors                     
000046a9  main                                 
00005265  mainThread                           
00006429  malloc                               
00007531  memalign                             
00004d49  memcpy                               
00005ccd  memset                               
000041ed  nsa2300Init                          
00005df1  nsa2300ReadPressureRaw24Single       
000061ad  nsa2300StartMeasurement              
00004de5  nsa2300WaitForDataReady              
00002a35  payloadManagerThread                 
0000730d  prvGetRegistersFromStack             
000066ed  pt100Init                            
000062ed  pt100ReadRaw                         
000072bd  pthread_attr_init                    
00006e47  pthread_attr_setdetachstate          
00006bf9  pthread_attr_setschedparam           
0000744d  pthread_attr_setstacksize            
000027a5  pthread_create                       
00005a45  pthread_exit                         
00007325  pthread_self                         
00005ea9  pthread_setcancelstate               
00000555  pvPortMalloc                         
00005d31  pvTaskGetThreadLocalStoragePointer   
00007159  pvTaskIncrementMutexHeldCount        
20201f58  pxCurrentTCB                         
00003121  pxPortInitialiseStack                
0000753d  realloc                              
0000759d  ulSetInterruptMask                   
00003979  ulTaskGenericNotifyTake              
0000733d  updatePayloadData                    
00007549  updateReady                          
0000633d  usleep                               
000064bd  uxListRemove                         
00007555  uxTaskGetNumberOfTasks               
00006ffd  vApplicationGetIdleTaskMemory        
00007025  vApplicationGetTimerTaskMemory       
000075c5  vApplicationStackOverflowHook        
000075b1  vClearInterruptMask                  
00006f29  vListInitialise                      
000074ff  vListInitialiseItem                  
00005b8d  vListInsert                          
00006997  vListInsertEnd                       
00007355  vPortEnterCritical                   
00006f55  vPortExitCritical                    
00003c6d  vPortFree                            
00006e75  vPortSVCHandler_C                    
00006109  vPortSetupTimerInterrupt             
00001eb9  vPortSuppressTicksAndSleep           
0000736d  vPortYield                           
00006c95  vQueueDelete                         
00005bf9  vQueueWaitForMessageRestricted       
00007181  vRestoreContextOfFirstTask           
000074b1  vStartFirstTask                      
0000638d  vTaskDelay                           
00003005  vTaskDelete                          
00001b65  vTaskGenericNotifyGiveFromISR        
00007205  vTaskInternalSetTimeOutState         
00007561  vTaskMissedYield                     
00006c2d  vTaskPlaceOnEventList                
000059d1  vTaskPlaceOnEventListRestricted      
000028f1  vTaskPriorityDisinheritAfterTimeout  
00006c61  vTaskSetApplicationTaskTag           
00005fb5  vTaskSetThreadLocalStoragePointer    
00005c65  vTaskStartScheduler                  
000054fd  vTaskStepTick                        
00002ee1  vTaskSuspend                         
000074c1  vTaskSuspendAll                      
00003451  vTaskSwitchContext                   
00005581  xPortStartScheduler                  
00004f15  xQueueGenericCreate                  
00004c0d  xQueueGenericCreateStatic            
00004109  xQueueGenericReset                   
000017d1  xQueueGenericSend                    
00003235  xQueueGiveFromISR                    
00001d15  xQueueReceive                        
0000376d  xQueueReceiveFromISR                 
00001415  xQueueSemaphoreTake                  
0000481d  xTaskCheckForTimeOut                 
00006505  xTaskCreate                          
000063dd  xTaskCreateStatic                    
0000654d  xTaskGetApplicationTaskTag           
00007425  xTaskGetCurrentTaskHandle            
00006b21  xTaskGetSchedulerState               
00007439  xTaskGetTickCount                    
00000c2d  xTaskIncrementTick                   
00003665  xTaskPriorityDisinherit              
00002db9  xTaskPriorityInherit                 
000021f1  xTaskRemoveFromEventList             
00000e3d  xTaskResumeAll                       
00005775  xTimerCreateTimerTask                


GLOBAL SYMBOLS: SORTED BY Symbol Address 

address   name                                 
-------   ----                                 
00000000  __TI_ATRegion0_region_sz             
00000000  __TI_ATRegion0_src_addr              
00000000  __TI_ATRegion0_trg_addr              
00000000  __TI_ATRegion1_region_sz             
00000000  __TI_ATRegion1_src_addr              
00000000  __TI_ATRegion1_trg_addr              
00000000  __TI_ATRegion2_region_sz             
00000000  __TI_ATRegion2_src_addr              
00000000  __TI_ATRegion2_trg_addr              
00000000  __TI_static_base__                   
00000000  interruptVectors                     
000000c1  SEGGER_RTT_vprintf                   
00000200  __STACK_SIZE                         
00000555  pvPortMalloc                         
000007e9  GPIO_setConfigAndMux                 
00000c2d  xTaskIncrementTick                   
00000e3d  xTaskResumeAll                       
00001035  I2C_open                             
00001229  ADCMSPM0_convertChain                
00001415  xQueueSemaphoreTake                  
000015f3  ADC0_IRQHandler                      
000015f3  ADC1_IRQHandler                      
000015f3  AES_IRQHandler                       
000015f3  CANFD0_IRQHandler                    
000015f3  DAC0_IRQHandler                      
000015f3  DMA_IRQHandler                       
000015f3  Default_Handler                      
000015f3  GROUP0_IRQHandler                    
000015f3  GROUP1_IRQHandler                    
000015f3  I2C0_IRQHandler                      
000015f3  I2C1_IRQHandler                      
000015f3  NMI_Handler                          
000015f3  RTC_IRQHandler                       
000015f3  SPI0_IRQHandler                      
000015f3  SPI1_IRQHandler                      
000015f3  TIMA0_IRQHandler                     
000015f3  TIMA1_IRQHandler                     
000015f3  TIMG0_IRQHandler                     
000015f3  TIMG12_IRQHandler                    
000015f3  TIMG6_IRQHandler                     
000015f3  TIMG7_IRQHandler                     
000015f3  TIMG8_IRQHandler                     
000015f3  UART0_IRQHandler                     
000015f3  UART1_IRQHandler                     
000015f3  UART2_IRQHandler                     
000015f3  UART3_IRQHandler                     
000017d1  xQueueGenericSend                    
000019a3  I2CSupport_powerRelConstraint        
000019a5  crc16_modbus                         
00001b65  vTaskGenericNotifyGiveFromISR        
00001d15  xQueueReceive                        
00001eb9  vPortSuppressTicksAndSleep           
00002059  ADCMSPM0_open                        
000021f1  xTaskRemoveFromEventList             
00002381  GPIO_init                            
000024e5  SEGGER_RTT_WriteNoLock               
000027a5  pthread_create                       
000028f1  vTaskPriorityDisinheritAfterTimeout  
00002a35  payloadManagerThread                 
00002b65  I2C_transferTimeout                  
00002db9  xTaskPriorityInherit                 
00002ee1  vTaskSuspend                         
00003005  vTaskDelete                          
00003121  pxPortInitialiseStack                
00003235  xQueueGiveFromISR                    
00003343  I2CSupport_powerSetConstraint        
00003451  vTaskSwitchContext                   
00003665  xTaskPriorityDisinherit              
0000376d  xQueueReceiveFromISR                 
00003977  I2C_init                             
00003979  ulTaskGenericNotifyTake              
00003b75  GPIO_hwiIntFxn                       
00003c6d  vPortFree                            
00004109  xQueueGenericReset                   
000041ed  nsa2300Init                          
00004465  I2CTarget_open                       
000045ed  HwiP_construct                       
000046a9  main                                 
0000481b  SYSCFG_DL_GPIO_init                  
0000481d  xTaskCheckForTimeOut                 
000048d1  ADC_init                             
0000497d  GPIO_setInterruptConfig              
00004a29  __udivmoddi4                         
00004acb  __aeabi_idiv0                        
00004acd  SEGGER_RTT_Write                     
00004c0d  xQueueGenericCreateStatic            
00004d49  memcpy                               
00004de3  __aeabi_ldiv0                        
00004de5  nsa2300WaitForDataReady              
00004f15  xQueueGenericCreate                  
00004fa9  DL_Interrupt_registerInterrupt       
00005151  SemaphoreP_pend                      
00005265  mainThread                           
000052ed  ADCMSPM0_convert                     
000054fd  vTaskStepTick                        
00005581  xPortStartScheduler                  
00005601  calloc                               
0000567d  eTaskConfirmSleepModeStatus          
00005775  xTimerCreateTimerTask                
000057f1  __TI_decompress_lzss                 
0000586d  SEGGER_RTT_Init                      
0000595d  I2CSupport_primeTransfer             
000059d1  vTaskPlaceOnEventListRestricted      
00005a45  pthread_exit                         
00005ab5  GPIO_write                           
00005b8d  vListInsert                          
00005bf9  vQueueWaitForMessageRestricted       
00005c65  vTaskStartScheduler                  
00005ccd  memset                               
00005d31  pvTaskGetThreadLocalStoragePointer   
00005d91  DL_I2C_fillControllerTXFIFO          
00005df1  nsa2300ReadPressureRaw24Single       
00005ea9  pthread_setcancelstate               
00005f05  I2C_close                            
00005f5d  __clzsi2                             
00005fb5  vTaskSetThreadLocalStoragePointer    
0000600d  GPIO_disableInt                      
00006061  SYSCFG_DL_SYSCTL_init                
000060b5  __aeabi_errno_addr                   
00006109  vPortSetupTimerInterrupt             
000061ad  nsa2300StartMeasurement              
000062ed  pt100ReadRaw                         
0000633d  usleep                               
0000638d  vTaskDelay                           
000063dd  xTaskCreateStatic                    
00006429  malloc                               
00006475  SYSCFG_DL_initPower                  
000064bd  uxListRemove                         
00006505  xTaskCreate                          
0000654d  xTaskGetApplicationTaskTag           
000065db  HwiP_create                          
00006621  PendSV_Handler                       
000066ed  pt100Init                            
00006731  ADC_open                             
00006771  DL_ADC12_setClockConfig              
000067b1  SemaphoreP_constructBinary           
000067f1  __aeabi_uidiv                        
000067f1  __aeabi_uidivmod                     
00006831  ADCMSPM0_convertToMicroVolts         
0000686d  DL_I2C_flushControllerTXFIFO         
000068a9  DL_I2C_flushTargetTXFIFO             
00006921  __TI_auto_init_nobinit_nopinit       
0000695d  __muldsi3                            
00006997  vListInsertEnd                       
000069d1  ADCMSPM0_close                       
00006a09  DL_SYSCTL_switchMCLKfromLFCLKtoSYSOSC
00006a41  GPIO_resetConfig                     
00006a79  HwiP_dispatch                        
00006ab1  SemaphoreP_createBinary              
00006b21  xTaskGetSchedulerState               
00006b91  HwiP_disable                         
00006bf9  pthread_attr_setschedparam           
00006c2d  vTaskPlaceOnEventList                
00006c61  vTaskSetApplicationTaskTag           
00006c95  vQueueDelete                         
00006cc9  DL_I2C_flushControllerRXFIFO         
00006cf9  DL_I2C_flushTargetRXFIFO             
00006d29  HwiP_inISR                           
00006d59  PayloadManager_requestSampleFromISR  
00006d89  SysTick_Handler                      
00006e47  pthread_attr_setdetachstate          
00006e75  vPortSVCHandler_C                    
00006ea3  SemaphoreP_post                      
00006efd  _pthread_cleanup_pop                 
00006f29  vListInitialise                      
00006f55  vPortExitCritical                    
00006fab  I2C_cancel                           
00006ffd  vApplicationGetIdleTaskMemory        
00007025  vApplicationGetTimerTaskMemory       
0000704d  _c_int00_noargs                      
00007075  DL_I2C_setClockConfig                
0000709b  HwiP_Params_init                     
000070c1  HwiP_restore                         
000070e5  PTLS_taskDeleteHook                  
00007109  ADCMSPM0_init                        
00007111  SVC_Handler                          
00007135  __aeabi_lmul                         
00007135  __muldi3                             
00007159  pvTaskIncrementMutexHeldCount        
0000717c  C$$EXIT                              
0000717d  HOSTexit                             
00007181  vRestoreContextOfFirstTask           
000071a5  HardFault_Handler                    
000071c5  HwiP_destruct                        
000071e5  SYSCFG_DL_SYSCTL_CLK_init            
00007205  vTaskInternalSetTimeOutState         
00007225  SEGGER_RTT_printf                    
00007245  __aeabi_llsl                         
00007245  __ashldi3                            
000072a1  GPIO_setCallback                     
000072bd  pthread_attr_init                    
000072d9  PTLS_getBuf                          
000072f3  PTLS_setBuf                          
0000730d  prvGetRegistersFromStack             
00007325  pthread_self                         
0000733d  updatePayloadData                    
00007355  vPortEnterCritical                   
0000736d  vPortYield                           
00007385  DL_Interrupt_unregisterInterrupt     
00007399  HwiP_disableInterrupt                
000073ad  HwiP_enableInterrupt                 
000073c1  I2CSupport_controllerFinish          
000073d5  I2CTarget_Params_init                
000073e9  SYSCFG_DL_init                       
000073fd  __aeabi_uldivmod                     
00007411  aligned_alloc                        
00007425  xTaskGetCurrentTaskHandle            
00007439  xTaskGetTickCount                    
0000744d  pthread_attr_setstacksize            
0000745f  __TI_decompress_none                 
00007471  ADC_Params_init                      
00007481  I2C_transfer                         
00007491  SemaphoreP_delete                    
000074a1  free                                 
000074b1  vStartFirstTask                      
000074c1  vTaskSuspendAll                      
000074d1  __TI_zero_init                       
000074e1  I2CTarget_start                      
000074f1  __aeabi_memset                       
000074f1  __aeabi_memset4                      
000074f1  __aeabi_memset8                      
000074ff  vListInitialiseItem                  
00007519  I2C_Params_init                      
00007525  __aeabi_memclr                       
00007525  __aeabi_memclr4                      
00007525  __aeabi_memclr8                      
00007531  memalign                             
0000753d  realloc                              
00007549  updateReady                          
00007555  uxTaskGetNumberOfTasks               
00007561  vTaskMissedYield                     
0000756d  ADC_convert                          
00007577  DL_Common_delayCycles                
00007581  GPIO_setConfig                       
0000758b  SemaphoreP_destruct                  
00007595  __aeabi_memcpy                       
00007595  __aeabi_memcpy4                      
00007595  __aeabi_memcpy8                      
0000759d  ulSetInterruptMask                   
000075a5  ADCMSPM0_control                     
000075ab  ClockP_getSystemTickPeriod           
000075b1  vClearInterruptMask                  
000075b7  abort                                
000075bd  Reset_Handler                        
000075c1  _system_pre_init                     
000075c5  vApplicationStackOverflowHook        
000075d0  adcHWAttrs                           
0000781c  I2CTargetMSPM0HWAttrs                
0000790b  ADC_count                            
0000790c  I2CMSPM0HWAttrs                      
00007a78  ADCMSPM0_fxnTable                    
00007bdc  GPIO_config                          
00007c0c  ADC_config                           
00007c18  I2CTarget_defaultParams              
00007c2f  GPIO_pinLowerBound                   
00007c30  ADC_defaultParams                    
00007c38  I2CTarget_config                     
00007c40  I2C_config                           
00007c60  GPIO_pinUpperBound                   
00007c61  I2CTarget_count                      
00007c62  I2C_count                            
00007c8c  __TI_Handler_Table_Base              
00007c98  __TI_Handler_Table_Limit             
00007ca8  __TI_CINIT_Base                      
00007cc0  __TI_CINIT_Limit                     
00007cc0  __TI_CINIT_Warm                      
20200000  __start___llvm_prf_bits              
20200000  __start___llvm_prf_cnts              
20200000  __stop___llvm_prf_bits               
20200000  __stop___llvm_prf_cnts               
202014f8  I2CMSPM0Objects                      
202015f0  gpioCallbackFunctions                
202016e0  gpioUserArgs                         
20201898  _SEGGER_RTT                          
20201ab8  I2CTargetMSPM0Objects                
20201d82  adcObjects                           
20201d88  gpioPinConfigs                       
20201f4c  HwiP_swiPIntNum                      
20201f58  pxCurrentTCB                         
20207e00  __stack                              
20208000  __STACK_END                          
ffffffff  __TI_pprof_out_hndl                  
ffffffff  __TI_prof_data_size                  
ffffffff  __TI_prof_data_start                 
ffffffff  __binit__                            
ffffffff  binit                                
UNDEFED   __mpu_init                           
UNDEFED   _system_post_cinit                   

[288 symbols]
