<?xml version="1.0" encoding="ISO-8859-1" ?>
<link_info>
   <banner>TI ARM Clang Linker PC v4.0.4.LTS</banner>
   <copyright>Copyright (c) 1996-2018 Texas Instruments Incorporated</copyright>
   <command_line>C:\ti\ccs2040\ccs\tools\compiler\ti-cgt-armllvm_4.0.4.LTS\bin\tiarmlnk -IC:\ti\ccs2040\ccs\tools\compiler\ti-cgt-armllvm_4.0.4.LTS\lib -o i2c_target_LP_MSPM0G3507_freertos_ticlang.out -mi2c_target_LP_MSPM0G3507_freertos_ticlang.map -iC:/Users/hugh-/workspace_ccstheia/freertos_builds_LP_MSPM0G3507_release_ticlang/Debug -iC:/ti/mspm0_sdk_2_09_00_01/source -iC:/Users/hugh-/workspace_ccstheia/i2c_target_LP_MSPM0G3507_freertos_ticlang -iC:/ti/ccs2040/ccs/tools/compiler/ti-cgt-armllvm_4.0.4.LTS/lib --diag_wrap=off --display_error_number --warn_sections --xml_link_info=i2c_target_LP_MSPM0G3507_freertos_ticlang_linkInfo.xml --rom_model ./i2ccontroller.o ./i2ctargetApp.o ./main_freertos.o ./nas2300.o ./pt100.o ./ti_drivers_config.o ./ti_msp_dl_config.o ./freertos/ticlang/startup_mspm0g350x_ticlang.o ./ti/display/Display.o ./ti/display/DisplayUart.o ./ti/segger/SEGGER_RTT.o ./ti/segger/SEGGER_RTT_ASM_ARMv7M.o ./ti/segger/SEGGER_RTT_printf.o ../mspm0g3507.cmd -lC:/ti/mspm0_sdk_2_09_00_01/source/ti/drivers/lib/ticlang/m0p/drivers_mspm0g1x0x_g3x0x.a -lfreertos_builds_LP_MSPM0G3507_release_ticlang.lib -lC:/ti/mspm0_sdk_2_09_00_01/source/ti/driverlib/lib/ticlang/m0p/mspm0g1x0x_g3x0x/driverlib.a -llibc.a --start-group -llibc++.a -llibc++abi.a -llibc.a -llibsys.a -llibsysbm.a -llibclang_rt.builtins.a -llibclang_rt.profile.a --end-group --cg_opt_level=2</command_line>
   <link_time>0x6979ff31</link_time>
   <link_errors>0x0</link_errors>
   <output_file>C:\Users\hugh-\workspace_ccstheia\i2c_target_LP_MSPM0G3507_freertos_ticlang\Debug\i2c_target_LP_MSPM0G3507_freertos_ticlang.out</output_file>
   <entry_point>
      <name>_c_int00_noargs</name>
      <address>0x87b1</address>
   </entry_point>
   <input_file_list>
      <input_file id="fl-1">
         <path>C:\Users\hugh-\workspace_ccstheia\i2c_target_LP_MSPM0G3507_freertos_ticlang\Debug\.\</path>
         <kind>object</kind>
         <file>i2ccontroller.o</file>
         <name>i2ccontroller.o</name>
      </input_file>
      <input_file id="fl-2">
         <path>C:\Users\hugh-\workspace_ccstheia\i2c_target_LP_MSPM0G3507_freertos_ticlang\Debug\.\</path>
         <kind>object</kind>
         <file>i2ctargetApp.o</file>
         <name>i2ctargetApp.o</name>
      </input_file>
      <input_file id="fl-3">
         <path>C:\Users\hugh-\workspace_ccstheia\i2c_target_LP_MSPM0G3507_freertos_ticlang\Debug\.\</path>
         <kind>object</kind>
         <file>main_freertos.o</file>
         <name>main_freertos.o</name>
      </input_file>
      <input_file id="fl-4">
         <path>C:\Users\hugh-\workspace_ccstheia\i2c_target_LP_MSPM0G3507_freertos_ticlang\Debug\.\</path>
         <kind>object</kind>
         <file>nas2300.o</file>
         <name>nas2300.o</name>
      </input_file>
      <input_file id="fl-5">
         <path>C:\Users\hugh-\workspace_ccstheia\i2c_target_LP_MSPM0G3507_freertos_ticlang\Debug\.\</path>
         <kind>object</kind>
         <file>pt100.o</file>
         <name>pt100.o</name>
      </input_file>
      <input_file id="fl-6">
         <path>C:\Users\hugh-\workspace_ccstheia\i2c_target_LP_MSPM0G3507_freertos_ticlang\Debug\.\</path>
         <kind>object</kind>
         <file>ti_drivers_config.o</file>
         <name>ti_drivers_config.o</name>
      </input_file>
      <input_file id="fl-7">
         <path>C:\Users\hugh-\workspace_ccstheia\i2c_target_LP_MSPM0G3507_freertos_ticlang\Debug\.\</path>
         <kind>object</kind>
         <file>ti_msp_dl_config.o</file>
         <name>ti_msp_dl_config.o</name>
      </input_file>
      <input_file id="fl-8">
         <path>C:\Users\hugh-\workspace_ccstheia\i2c_target_LP_MSPM0G3507_freertos_ticlang\Debug\.\freertos\ticlang\</path>
         <kind>object</kind>
         <file>startup_mspm0g350x_ticlang.o</file>
         <name>startup_mspm0g350x_ticlang.o</name>
      </input_file>
      <input_file id="fl-9">
         <path>C:\Users\hugh-\workspace_ccstheia\i2c_target_LP_MSPM0G3507_freertos_ticlang\Debug\.\ti\display\</path>
         <kind>object</kind>
         <file>Display.o</file>
         <name>Display.o</name>
      </input_file>
      <input_file id="fl-a">
         <path>C:\Users\hugh-\workspace_ccstheia\i2c_target_LP_MSPM0G3507_freertos_ticlang\Debug\.\ti\display\</path>
         <kind>object</kind>
         <file>DisplayUart.o</file>
         <name>DisplayUart.o</name>
      </input_file>
      <input_file id="fl-b">
         <path>C:\Users\hugh-\workspace_ccstheia\i2c_target_LP_MSPM0G3507_freertos_ticlang\Debug\.\ti\segger\</path>
         <kind>object</kind>
         <file>SEGGER_RTT.o</file>
         <name>SEGGER_RTT.o</name>
      </input_file>
      <input_file id="fl-c">
         <path>C:\Users\hugh-\workspace_ccstheia\i2c_target_LP_MSPM0G3507_freertos_ticlang\Debug\.\ti\segger\</path>
         <kind>object</kind>
         <file>SEGGER_RTT_ASM_ARMv7M.o</file>
         <name>SEGGER_RTT_ASM_ARMv7M.o</name>
      </input_file>
      <input_file id="fl-d">
         <path>C:\Users\hugh-\workspace_ccstheia\i2c_target_LP_MSPM0G3507_freertos_ticlang\Debug\.\ti\segger\</path>
         <kind>object</kind>
         <file>SEGGER_RTT_printf.o</file>
         <name>SEGGER_RTT_printf.o</name>
      </input_file>
      <input_file id="fl-1b">
         <path>C:\Users\hugh-\workspace_ccstheia\i2c_target_LP_MSPM0G3507_freertos_ticlang\Debug\</path>
         <kind>object</kind>
         <file>&lt;internal&gt;</file>
         <name>&lt;internal&gt;</name>
      </input_file>
      <input_file id="fl-1c">
         <path>C:\ti\mspm0_sdk_2_09_00_01\source\ti\drivers\lib\ticlang\m0p\</path>
         <kind>archive</kind>
         <file>drivers_mspm0g1x0x_g3x0x.a</file>
         <name>ADC.o</name>
      </input_file>
      <input_file id="fl-1d">
         <path>C:\ti\mspm0_sdk_2_09_00_01\source\ti\drivers\lib\ticlang\m0p\</path>
         <kind>archive</kind>
         <file>drivers_mspm0g1x0x_g3x0x.a</file>
         <name>I2C.o</name>
      </input_file>
      <input_file id="fl-1e">
         <path>C:\ti\mspm0_sdk_2_09_00_01\source\ti\drivers\lib\ticlang\m0p\</path>
         <kind>archive</kind>
         <file>drivers_mspm0g1x0x_g3x0x.a</file>
         <name>I2CTarget.o</name>
      </input_file>
      <input_file id="fl-1f">
         <path>C:\ti\mspm0_sdk_2_09_00_01\source\ti\drivers\lib\ticlang\m0p\</path>
         <kind>archive</kind>
         <file>drivers_mspm0g1x0x_g3x0x.a</file>
         <name>UART.o</name>
      </input_file>
      <input_file id="fl-20">
         <path>C:\ti\mspm0_sdk_2_09_00_01\source\ti\drivers\lib\ticlang\m0p\</path>
         <kind>archive</kind>
         <file>drivers_mspm0g1x0x_g3x0x.a</file>
         <name>ADCMSPM0.o</name>
      </input_file>
      <input_file id="fl-21">
         <path>C:\ti\mspm0_sdk_2_09_00_01\source\ti\drivers\lib\ticlang\m0p\</path>
         <kind>archive</kind>
         <file>drivers_mspm0g1x0x_g3x0x.a</file>
         <name>GPIOMSPM0.o</name>
      </input_file>
      <input_file id="fl-22">
         <path>C:\ti\mspm0_sdk_2_09_00_01\source\ti\drivers\lib\ticlang\m0p\</path>
         <kind>archive</kind>
         <file>drivers_mspm0g1x0x_g3x0x.a</file>
         <name>I2CMSPM0.o</name>
      </input_file>
      <input_file id="fl-23">
         <path>C:\ti\mspm0_sdk_2_09_00_01\source\ti\drivers\lib\ticlang\m0p\</path>
         <kind>archive</kind>
         <file>drivers_mspm0g1x0x_g3x0x.a</file>
         <name>I2CTargetMSPM0.o</name>
      </input_file>
      <input_file id="fl-24">
         <path>C:\ti\mspm0_sdk_2_09_00_01\source\ti\drivers\lib\ticlang\m0p\</path>
         <kind>archive</kind>
         <file>drivers_mspm0g1x0x_g3x0x.a</file>
         <name>UARTMSPM0.o</name>
      </input_file>
      <input_file id="fl-25">
         <path>C:\ti\mspm0_sdk_2_09_00_01\source\ti\drivers\lib\ticlang\m0p\</path>
         <kind>archive</kind>
         <file>drivers_mspm0g1x0x_g3x0x.a</file>
         <name>DMAMSPM0.o</name>
      </input_file>
      <input_file id="fl-26">
         <path>C:\ti\mspm0_sdk_2_09_00_01\source\ti\drivers\lib\ticlang\m0p\</path>
         <kind>archive</kind>
         <file>drivers_mspm0g1x0x_g3x0x.a</file>
         <name>RingBuf.o</name>
      </input_file>
      <input_file id="fl-27">
         <path>C:\ti\mspm0_sdk_2_09_00_01\source\ti\drivers\lib\ticlang\m0p\</path>
         <kind>archive</kind>
         <file>drivers_mspm0g1x0x_g3x0x.a</file>
         <name>GPIO.o</name>
      </input_file>
      <input_file id="fl-28">
         <path>C:\Users\hugh-\workspace_ccstheia\freertos_builds_LP_MSPM0G3507_release_ticlang\Debug\</path>
         <kind>archive</kind>
         <file>freertos_builds_LP_MSPM0G3507_release_ticlang.lib</file>
         <name>HwiPMSPM0_freertos.o</name>
      </input_file>
      <input_file id="fl-29">
         <path>C:\Users\hugh-\workspace_ccstheia\freertos_builds_LP_MSPM0G3507_release_ticlang\Debug\</path>
         <kind>archive</kind>
         <file>freertos_builds_LP_MSPM0G3507_release_ticlang.lib</file>
         <name>SemaphoreP_freertos.o</name>
      </input_file>
      <input_file id="fl-2a">
         <path>C:\Users\hugh-\workspace_ccstheia\freertos_builds_LP_MSPM0G3507_release_ticlang\Debug\</path>
         <kind>archive</kind>
         <file>freertos_builds_LP_MSPM0G3507_release_ticlang.lib</file>
         <name>SystemP_freertos.o</name>
      </input_file>
      <input_file id="fl-2b">
         <path>C:\Users\hugh-\workspace_ccstheia\freertos_builds_LP_MSPM0G3507_release_ticlang\Debug\</path>
         <kind>archive</kind>
         <file>freertos_builds_LP_MSPM0G3507_release_ticlang.lib</file>
         <name>queue.o</name>
      </input_file>
      <input_file id="fl-2c">
         <path>C:\Users\hugh-\workspace_ccstheia\freertos_builds_LP_MSPM0G3507_release_ticlang\Debug\</path>
         <kind>archive</kind>
         <file>freertos_builds_LP_MSPM0G3507_release_ticlang.lib</file>
         <name>tasks.o</name>
      </input_file>
      <input_file id="fl-2d">
         <path>C:\Users\hugh-\workspace_ccstheia\freertos_builds_LP_MSPM0G3507_release_ticlang\Debug\</path>
         <kind>archive</kind>
         <file>freertos_builds_LP_MSPM0G3507_release_ticlang.lib</file>
         <name>timers.o</name>
      </input_file>
      <input_file id="fl-2e">
         <path>C:\Users\hugh-\workspace_ccstheia\freertos_builds_LP_MSPM0G3507_release_ticlang\Debug\</path>
         <kind>archive</kind>
         <file>freertos_builds_LP_MSPM0G3507_release_ticlang.lib</file>
         <name>port.o</name>
      </input_file>
      <input_file id="fl-2f">
         <path>C:\Users\hugh-\workspace_ccstheia\freertos_builds_LP_MSPM0G3507_release_ticlang\Debug\</path>
         <kind>archive</kind>
         <file>freertos_builds_LP_MSPM0G3507_release_ticlang.lib</file>
         <name>portasm.o</name>
      </input_file>
      <input_file id="fl-30">
         <path>C:\Users\hugh-\workspace_ccstheia\freertos_builds_LP_MSPM0G3507_release_ticlang\Debug\</path>
         <kind>archive</kind>
         <file>freertos_builds_LP_MSPM0G3507_release_ticlang.lib</file>
         <name>PTLS.o</name>
      </input_file>
      <input_file id="fl-31">
         <path>C:\Users\hugh-\workspace_ccstheia\freertos_builds_LP_MSPM0G3507_release_ticlang\Debug\</path>
         <kind>archive</kind>
         <file>freertos_builds_LP_MSPM0G3507_release_ticlang.lib</file>
         <name>memory.o</name>
      </input_file>
      <input_file id="fl-32">
         <path>C:\Users\hugh-\workspace_ccstheia\freertos_builds_LP_MSPM0G3507_release_ticlang\Debug\</path>
         <kind>archive</kind>
         <file>freertos_builds_LP_MSPM0G3507_release_ticlang.lib</file>
         <name>pthread.o</name>
      </input_file>
      <input_file id="fl-33">
         <path>C:\Users\hugh-\workspace_ccstheia\freertos_builds_LP_MSPM0G3507_release_ticlang\Debug\</path>
         <kind>archive</kind>
         <file>freertos_builds_LP_MSPM0G3507_release_ticlang.lib</file>
         <name>sleep.o</name>
      </input_file>
      <input_file id="fl-34">
         <path>C:\Users\hugh-\workspace_ccstheia\freertos_builds_LP_MSPM0G3507_release_ticlang\Debug\</path>
         <kind>archive</kind>
         <file>freertos_builds_LP_MSPM0G3507_release_ticlang.lib</file>
         <name>ClockP_freertos.o</name>
      </input_file>
      <input_file id="fl-35">
         <path>C:\Users\hugh-\workspace_ccstheia\freertos_builds_LP_MSPM0G3507_release_ticlang\Debug\</path>
         <kind>archive</kind>
         <file>freertos_builds_LP_MSPM0G3507_release_ticlang.lib</file>
         <name>StaticAllocs_freertos.o</name>
      </input_file>
      <input_file id="fl-36">
         <path>C:\Users\hugh-\workspace_ccstheia\freertos_builds_LP_MSPM0G3507_release_ticlang\Debug\</path>
         <kind>archive</kind>
         <file>freertos_builds_LP_MSPM0G3507_release_ticlang.lib</file>
         <name>heap_4.o</name>
      </input_file>
      <input_file id="fl-37">
         <path>C:\Users\hugh-\workspace_ccstheia\freertos_builds_LP_MSPM0G3507_release_ticlang\Debug\</path>
         <kind>archive</kind>
         <file>freertos_builds_LP_MSPM0G3507_release_ticlang.lib</file>
         <name>list.o</name>
      </input_file>
      <input_file id="fl-38">
         <path>C:\Users\hugh-\workspace_ccstheia\freertos_builds_LP_MSPM0G3507_release_ticlang\Debug\</path>
         <kind>archive</kind>
         <file>freertos_builds_LP_MSPM0G3507_release_ticlang.lib</file>
         <name>aeabi_portable.o</name>
      </input_file>
      <input_file id="fl-39">
         <path>C:\ti\mspm0_sdk_2_09_00_01\source\ti\driverlib\lib\ticlang\m0p\mspm0g1x0x_g3x0x\</path>
         <kind>archive</kind>
         <file>driverlib.a</file>
         <name>dl_adc12.o</name>
      </input_file>
      <input_file id="fl-3a">
         <path>C:\ti\mspm0_sdk_2_09_00_01\source\ti\driverlib\lib\ticlang\m0p\mspm0g1x0x_g3x0x\</path>
         <kind>archive</kind>
         <file>driverlib.a</file>
         <name>dl_common.o</name>
      </input_file>
      <input_file id="fl-3b">
         <path>C:\ti\mspm0_sdk_2_09_00_01\source\ti\driverlib\lib\ticlang\m0p\mspm0g1x0x_g3x0x\</path>
         <kind>archive</kind>
         <file>driverlib.a</file>
         <name>dl_dma.o</name>
      </input_file>
      <input_file id="fl-3c">
         <path>C:\ti\mspm0_sdk_2_09_00_01\source\ti\driverlib\lib\ticlang\m0p\mspm0g1x0x_g3x0x\</path>
         <kind>archive</kind>
         <file>driverlib.a</file>
         <name>dl_i2c.o</name>
      </input_file>
      <input_file id="fl-3d">
         <path>C:\ti\mspm0_sdk_2_09_00_01\source\ti\driverlib\lib\ticlang\m0p\mspm0g1x0x_g3x0x\</path>
         <kind>archive</kind>
         <file>driverlib.a</file>
         <name>dl_uart.o</name>
      </input_file>
      <input_file id="fl-3e">
         <path>C:\ti\mspm0_sdk_2_09_00_01\source\ti\driverlib\lib\ticlang\m0p\mspm0g1x0x_g3x0x\</path>
         <kind>archive</kind>
         <file>driverlib.a</file>
         <name>dl_interrupt.o</name>
      </input_file>
      <input_file id="fl-3f">
         <path>C:\ti\mspm0_sdk_2_09_00_01\source\ti\driverlib\lib\ticlang\m0p\mspm0g1x0x_g3x0x\</path>
         <kind>archive</kind>
         <file>driverlib.a</file>
         <name>dl_sysctl_mspm0g1x0x_g3x0x.o</name>
      </input_file>
      <input_file id="fl-56">
         <path>C:\ti\ccs2040\ccs\tools\compiler\ti-cgt-armllvm_4.0.4.LTS\lib\armv6m-ti-none-eabi\c\</path>
         <kind>archive</kind>
         <file>libc.a</file>
         <name>e_sqrt.c.obj</name>
      </input_file>
      <input_file id="fl-57">
         <path>C:\ti\ccs2040\ccs\tools\compiler\ti-cgt-armllvm_4.0.4.LTS\lib\armv6m-ti-none-eabi\c\</path>
         <kind>archive</kind>
         <file>libc.a</file>
         <name>s_lround.c.obj</name>
      </input_file>
      <input_file id="fl-58">
         <path>C:\ti\ccs2040\ccs\tools\compiler\ti-cgt-armllvm_4.0.4.LTS\lib\armv6m-ti-none-eabi\c\</path>
         <kind>archive</kind>
         <file>libc.a</file>
         <name>strlen.c.obj</name>
      </input_file>
      <input_file id="fl-59">
         <path>C:\ti\ccs2040\ccs\tools\compiler\ti-cgt-armllvm_4.0.4.LTS\lib\armv6m-ti-none-eabi\c\</path>
         <kind>archive</kind>
         <file>libc.a</file>
         <name>boot_cortex_m.c.obj</name>
      </input_file>
      <input_file id="fl-5a">
         <path>C:\ti\ccs2040\ccs\tools\compiler\ti-cgt-armllvm_4.0.4.LTS\lib\armv6m-ti-none-eabi\c\</path>
         <kind>archive</kind>
         <file>libc.a</file>
         <name>mathacl_init.c.obj</name>
      </input_file>
      <input_file id="fl-5b">
         <path>C:\ti\ccs2040\ccs\tools\compiler\ti-cgt-armllvm_4.0.4.LTS\lib\armv6m-ti-none-eabi\c\</path>
         <kind>archive</kind>
         <file>libc.a</file>
         <name>autoinit.c.obj</name>
      </input_file>
      <input_file id="fl-5c">
         <path>C:\ti\ccs2040\ccs\tools\compiler\ti-cgt-armllvm_4.0.4.LTS\lib\armv6m-ti-none-eabi\c\</path>
         <kind>archive</kind>
         <file>libc.a</file>
         <name>pre_init.c.obj</name>
      </input_file>
      <input_file id="fl-5d">
         <path>C:\ti\ccs2040\ccs\tools\compiler\ti-cgt-armllvm_4.0.4.LTS\lib\armv6m-ti-none-eabi\c\</path>
         <kind>archive</kind>
         <file>libc.a</file>
         <name>cpy_tbl.c.obj</name>
      </input_file>
      <input_file id="fl-5e">
         <path>C:\ti\ccs2040\ccs\tools\compiler\ti-cgt-armllvm_4.0.4.LTS\lib\armv6m-ti-none-eabi\c\</path>
         <kind>archive</kind>
         <file>libc.a</file>
         <name>copy_zero_init.c.obj</name>
      </input_file>
      <input_file id="fl-5f">
         <path>C:\ti\ccs2040\ccs\tools\compiler\ti-cgt-armllvm_4.0.4.LTS\lib\armv6m-ti-none-eabi\c\</path>
         <kind>archive</kind>
         <file>libc.a</file>
         <name>copy_decompress_none.c.obj</name>
      </input_file>
      <input_file id="fl-60">
         <path>C:\ti\ccs2040\ccs\tools\compiler\ti-cgt-armllvm_4.0.4.LTS\lib\armv6m-ti-none-eabi\c\</path>
         <kind>archive</kind>
         <file>libc.a</file>
         <name>copy_decompress_lzss.c.obj</name>
      </input_file>
      <input_file id="fl-61">
         <path>C:\ti\ccs2040\ccs\tools\compiler\ti-cgt-armllvm_4.0.4.LTS\lib\armv6m-ti-none-eabi\c\</path>
         <kind>archive</kind>
         <file>libc.a</file>
         <name>ti_fenv.c.obj</name>
      </input_file>
      <input_file id="fl-62">
         <path>C:\ti\ccs2040\ccs\tools\compiler\ti-cgt-armllvm_4.0.4.LTS\lib\armv6m-ti-none-eabi\c\</path>
         <kind>archive</kind>
         <file>libc.a</file>
         <name>s_round.c.obj</name>
      </input_file>
      <input_file id="fl-63">
         <path>C:\ti\ccs2040\ccs\tools\compiler\ti-cgt-armllvm_4.0.4.LTS\lib\armv6m-ti-none-eabi\c\</path>
         <kind>archive</kind>
         <file>libc.a</file>
         <name>exit.c.obj</name>
      </input_file>
      <input_file id="fl-64">
         <path>C:\ti\ccs2040\ccs\tools\compiler\ti-cgt-armllvm_4.0.4.LTS\lib\armv6m-ti-none-eabi\c\</path>
         <kind>archive</kind>
         <file>libc.a</file>
         <name>_lock.c.obj</name>
      </input_file>
      <input_file id="fl-65">
         <path>C:\ti\ccs2040\ccs\tools\compiler\ti-cgt-armllvm_4.0.4.LTS\lib\armv6m-ti-none-eabi\c\</path>
         <kind>archive</kind>
         <file>libc.a</file>
         <name>args_main.c.obj</name>
      </input_file>
      <input_file id="fl-66">
         <path>C:\ti\ccs2040\ccs\tools\compiler\ti-cgt-armllvm_4.0.4.LTS\lib\armv6m-ti-none-eabi\c\</path>
         <kind>archive</kind>
         <file>libc.a</file>
         <name>signal.c.obj</name>
      </input_file>
      <input_file id="fl-67">
         <path>C:\ti\ccs2040\ccs\tools\compiler\ti-cgt-armllvm_4.0.4.LTS\lib\armv6m-ti-none-eabi\c\</path>
         <kind>archive</kind>
         <file>libc.a</file>
         <name>s_floor.c.obj</name>
      </input_file>
      <input_file id="fl-107">
         <path>C:\ti\ccs2040\ccs\tools\compiler\ti-cgt-armllvm_4.0.4.LTS\lib\armv6m-ti-none-eabi\c\</path>
         <kind>archive</kind>
         <file>libsysbm.a</file>
         <name>hostexit.c.obj</name>
      </input_file>
      <input_file id="fl-108">
         <path>C:\ti\ccs2040\ccs\tools\compiler\ti-cgt-armllvm_4.0.4.LTS\lib\armv6m-ti-none-eabi\</path>
         <kind>archive</kind>
         <file>libclang_rt.builtins.a</file>
         <name>adddf3.S.obj</name>
      </input_file>
      <input_file id="fl-109">
         <path>C:\ti\ccs2040\ccs\tools\compiler\ti-cgt-armllvm_4.0.4.LTS\lib\armv6m-ti-none-eabi\</path>
         <kind>archive</kind>
         <file>libclang_rt.builtins.a</file>
         <name>muldf3.S.obj</name>
      </input_file>
      <input_file id="fl-10a">
         <path>C:\ti\ccs2040\ccs\tools\compiler\ti-cgt-armllvm_4.0.4.LTS\lib\armv6m-ti-none-eabi\</path>
         <kind>archive</kind>
         <file>libclang_rt.builtins.a</file>
         <name>muldsi3.S.obj</name>
      </input_file>
      <input_file id="fl-10b">
         <path>C:\ti\ccs2040\ccs\tools\compiler\ti-cgt-armllvm_4.0.4.LTS\lib\armv6m-ti-none-eabi\</path>
         <kind>archive</kind>
         <file>libclang_rt.builtins.a</file>
         <name>divdf3.S.obj</name>
      </input_file>
      <input_file id="fl-10c">
         <path>C:\ti\ccs2040\ccs\tools\compiler\ti-cgt-armllvm_4.0.4.LTS\lib\armv6m-ti-none-eabi\</path>
         <kind>archive</kind>
         <file>libclang_rt.builtins.a</file>
         <name>fixdfsi.S.obj</name>
      </input_file>
      <input_file id="fl-10d">
         <path>C:\ti\ccs2040\ccs\tools\compiler\ti-cgt-armllvm_4.0.4.LTS\lib\armv6m-ti-none-eabi\</path>
         <kind>archive</kind>
         <file>libclang_rt.builtins.a</file>
         <name>fixunsdfsi.S.obj</name>
      </input_file>
      <input_file id="fl-10e">
         <path>C:\ti\ccs2040\ccs\tools\compiler\ti-cgt-armllvm_4.0.4.LTS\lib\armv6m-ti-none-eabi\</path>
         <kind>archive</kind>
         <file>libclang_rt.builtins.a</file>
         <name>floatsidf.S.obj</name>
      </input_file>
      <input_file id="fl-10f">
         <path>C:\ti\ccs2040\ccs\tools\compiler\ti-cgt-armllvm_4.0.4.LTS\lib\armv6m-ti-none-eabi\</path>
         <kind>archive</kind>
         <file>libclang_rt.builtins.a</file>
         <name>floatunsidf.S.obj</name>
      </input_file>
      <input_file id="fl-110">
         <path>C:\ti\ccs2040\ccs\tools\compiler\ti-cgt-armllvm_4.0.4.LTS\lib\armv6m-ti-none-eabi\</path>
         <kind>archive</kind>
         <file>libclang_rt.builtins.a</file>
         <name>muldi3.S.obj</name>
      </input_file>
      <input_file id="fl-111">
         <path>C:\ti\ccs2040\ccs\tools\compiler\ti-cgt-armllvm_4.0.4.LTS\lib\armv6m-ti-none-eabi\</path>
         <kind>archive</kind>
         <file>libclang_rt.builtins.a</file>
         <name>clzsi2.c.obj</name>
      </input_file>
      <input_file id="fl-112">
         <path>C:\ti\ccs2040\ccs\tools\compiler\ti-cgt-armllvm_4.0.4.LTS\lib\armv6m-ti-none-eabi\</path>
         <kind>archive</kind>
         <file>libclang_rt.builtins.a</file>
         <name>aeabi_dcmp.S.obj</name>
      </input_file>
      <input_file id="fl-113">
         <path>C:\ti\ccs2040\ccs\tools\compiler\ti-cgt-armllvm_4.0.4.LTS\lib\armv6m-ti-none-eabi\</path>
         <kind>archive</kind>
         <file>libclang_rt.builtins.a</file>
         <name>aeabi_idivmod.S.obj</name>
      </input_file>
      <input_file id="fl-114">
         <path>C:\ti\ccs2040\ccs\tools\compiler\ti-cgt-armllvm_4.0.4.LTS\lib\armv6m-ti-none-eabi\</path>
         <kind>archive</kind>
         <file>libclang_rt.builtins.a</file>
         <name>aeabi_ldivmod.S.obj</name>
      </input_file>
      <input_file id="fl-115">
         <path>C:\ti\ccs2040\ccs\tools\compiler\ti-cgt-armllvm_4.0.4.LTS\lib\armv6m-ti-none-eabi\</path>
         <kind>archive</kind>
         <file>libclang_rt.builtins.a</file>
         <name>aeabi_memcpy.S.obj</name>
      </input_file>
      <input_file id="fl-116">
         <path>C:\ti\ccs2040\ccs\tools\compiler\ti-cgt-armllvm_4.0.4.LTS\lib\armv6m-ti-none-eabi\</path>
         <kind>archive</kind>
         <file>libclang_rt.builtins.a</file>
         <name>aeabi_memset.S.obj</name>
      </input_file>
      <input_file id="fl-117">
         <path>C:\ti\ccs2040\ccs\tools\compiler\ti-cgt-armllvm_4.0.4.LTS\lib\armv6m-ti-none-eabi\</path>
         <kind>archive</kind>
         <file>libclang_rt.builtins.a</file>
         <name>aeabi_uidivmod.S.obj</name>
      </input_file>
      <input_file id="fl-118">
         <path>C:\ti\ccs2040\ccs\tools\compiler\ti-cgt-armllvm_4.0.4.LTS\lib\armv6m-ti-none-eabi\</path>
         <kind>archive</kind>
         <file>libclang_rt.builtins.a</file>
         <name>aeabi_uldivmod.S.obj</name>
      </input_file>
      <input_file id="fl-119">
         <path>C:\ti\ccs2040\ccs\tools\compiler\ti-cgt-armllvm_4.0.4.LTS\lib\armv6m-ti-none-eabi\</path>
         <kind>archive</kind>
         <file>libclang_rt.builtins.a</file>
         <name>udivmoddi4.S.obj</name>
      </input_file>
      <input_file id="fl-11a">
         <path>C:\ti\ccs2040\ccs\tools\compiler\ti-cgt-armllvm_4.0.4.LTS\lib\armv6m-ti-none-eabi\</path>
         <kind>archive</kind>
         <file>libclang_rt.builtins.a</file>
         <name>ashldi3.S.obj</name>
      </input_file>
      <input_file id="fl-11b">
         <path>C:\ti\ccs2040\ccs\tools\compiler\ti-cgt-armllvm_4.0.4.LTS\lib\armv6m-ti-none-eabi\</path>
         <kind>archive</kind>
         <file>libclang_rt.builtins.a</file>
         <name>comparedf2.c.obj</name>
      </input_file>
      <input_file id="fl-11c">
         <path>C:\ti\ccs2040\ccs\tools\compiler\ti-cgt-armllvm_4.0.4.LTS\lib\armv6m-ti-none-eabi\</path>
         <kind>archive</kind>
         <file>libclang_rt.builtins.a</file>
         <name>divmoddi4.c.obj</name>
      </input_file>
      <input_file id="fl-11d">
         <path>C:\ti\ccs2040\ccs\tools\compiler\ti-cgt-armllvm_4.0.4.LTS\lib\armv6m-ti-none-eabi\</path>
         <kind>archive</kind>
         <file>libclang_rt.builtins.a</file>
         <name>aeabi_div0.c.obj</name>
      </input_file>
      <input_file id="fl-11e">
         <path>C:\ti\ccs2040\ccs\tools\compiler\ti-cgt-armllvm_4.0.4.LTS\lib\armv6m-ti-none-eabi\c\</path>
         <kind>archive</kind>
         <file>libc.a</file>
         <name>memcpy16.S.obj</name>
      </input_file>
      <input_file id="fl-11f">
         <path>C:\ti\ccs2040\ccs\tools\compiler\ti-cgt-armllvm_4.0.4.LTS\lib\armv6m-ti-none-eabi\c\</path>
         <kind>archive</kind>
         <file>libc.a</file>
         <name>memset16.S.obj</name>
      </input_file>
   </input_file_list>
   <object_component_list>
      <object_component id="oc-18">
         <name>.intvecs</name>
         <load_address>0x0</load_address>
         <readonly>true</readonly>
         <run_address>0x0</run_address>
         <size>0xc0</size>
         <alignment>0x4</alignment>
         <input_file_ref idref="fl-8"/>
      </object_component>
      <object_component id="oc-128">
         <name>.text.i2cControllerThread</name>
         <load_address>0xc0</load_address>
         <readonly>true</readonly>
         <executable>true</executable>
         <run_address>0xc0</run_address>
         <size>0x6b8</size>
         <alignment>0x4</alignment>
         <input_file_ref idref="fl-1"/>
      </object_component>
      <object_component id="oc-19f">
         <name>.text.PT100_convert_adc_uV_to_temp_x10</name>
         <load_address>0x778</load_address>
         <readonly>true</readonly>
         <executable>true</executable>
         <run_address>0x778</run_address>
         <size>0x584</size>
         <alignment>0x4</alignment>
         <input_file_ref idref="fl-5"/>
      </object_component>
      <object_component id="oc-182">
         <name>.text.SEGGER_RTT_vprintf</name>
         <load_address>0xcfc</load_address>
         <readonly>true</readonly>
         <executable>true</executable>
         <run_address>0xcfc</run_address>
         <size>0x494</size>
         <alignment>0x4</alignment>
         <input_file_ref idref="fl-d"/>
      </object_component>
      <object_component id="oc-2b5">
         <name>.text.cmdHandler</name>
         <load_address>0x1190</load_address>
         <readonly>true</readonly>
         <executable>true</executable>
         <run_address>0x1190</run_address>
         <size>0x324</size>
         <alignment>0x4</alignment>
         <input_file_ref idref="fl-2"/>
      </object_component>
      <object_component id="oc-66">
         <name>.text.pvPortMalloc</name>
         <load_address>0x14b4</load_address>
         <readonly>true</readonly>
         <executable>true</executable>
         <run_address>0x14b4</run_address>
         <size>0x294</size>
         <alignment>0x4</alignment>
         <input_file_ref idref="fl-36"/>
      </object_component>
      <object_component id="oc-16a">
         <name>.text.GPIO_setConfigAndMux</name>
         <load_address>0x1748</load_address>
         <readonly>true</readonly>
         <executable>true</executable>
         <run_address>0x1748</run_address>
         <size>0x224</size>
         <alignment>0x4</alignment>
         <input_file_ref idref="fl-21"/>
      </object_component>
      <object_component id="oc-240">
         <name>.text._PrintUnsigned</name>
         <load_address>0x196c</load_address>
         <readonly>true</readonly>
         <executable>true</executable>
         <run_address>0x196c</run_address>
         <size>0x220</size>
         <alignment>0x4</alignment>
         <input_file_ref idref="fl-d"/>
      </object_component>
      <object_component id="oc-9b">
         <name>.text.xTaskIncrementTick</name>
         <load_address>0x1b8c</load_address>
         <readonly>true</readonly>
         <executable>true</executable>
         <run_address>0x1b8c</run_address>
         <size>0x210</size>
         <alignment>0x4</alignment>
         <input_file_ref idref="fl-2c"/>
      </object_component>
      <object_component id="oc-ac">
         <name>.text.xTaskResumeAll</name>
         <load_address>0x1d9c</load_address>
         <readonly>true</readonly>
         <executable>true</executable>
         <run_address>0x1d9c</run_address>
         <size>0x1f8</size>
         <alignment>0x4</alignment>
         <input_file_ref idref="fl-2c"/>
      </object_component>
      <object_component id="oc-1aa">
         <name>.text.I2C_open</name>
         <load_address>0x1f94</load_address>
         <readonly>true</readonly>
         <executable>true</executable>
         <run_address>0x1f94</run_address>
         <size>0x1f4</size>
         <alignment>0x4</alignment>
         <input_file_ref idref="fl-22"/>
      </object_component>
      <object_component id="oc-2ed">
         <name>.text.ADCMSPM0_convertChain</name>
         <load_address>0x2188</load_address>
         <readonly>true</readonly>
         <executable>true</executable>
         <run_address>0x2188</run_address>
         <size>0x1ec</size>
         <alignment>0x4</alignment>
         <input_file_ref idref="fl-20"/>
      </object_component>
      <object_component id="oc-22c">
         <name>.text.xQueueSemaphoreTake</name>
         <load_address>0x2374</load_address>
         <readonly>true</readonly>
         <executable>true</executable>
         <run_address>0x2374</run_address>
         <size>0x1de</size>
         <alignment>0x2</alignment>
         <input_file_ref idref="fl-2b"/>
      </object_component>
      <object_component id="oc-48">
         <name>.text.Default_Handler</name>
         <load_address>0x2552</load_address>
         <readonly>true</readonly>
         <executable>true</executable>
         <run_address>0x2552</run_address>
         <size>0x2</size>
         <alignment>0x2</alignment>
         <input_file_ref idref="fl-8"/>
      </object_component>
      <object_component id="oc-288">
         <name>.text.I2CMSPM0_hwiFxn</name>
         <load_address>0x2554</load_address>
         <readonly>true</readonly>
         <executable>true</executable>
         <run_address>0x2554</run_address>
         <size>0x1dc</size>
         <alignment>0x4</alignment>
         <input_file_ref idref="fl-22"/>
      </object_component>
      <object_component id="oc-21c">
         <name>.text.xQueueGenericSend</name>
         <load_address>0x2730</load_address>
         <readonly>true</readonly>
         <executable>true</executable>
         <run_address>0x2730</run_address>
         <size>0x1d2</size>
         <alignment>0x2</alignment>
         <input_file_ref idref="fl-2b"/>
      </object_component>
      <object_component id="oc-356">
         <name>.text.I2CSupport_powerRelConstraint</name>
         <load_address>0x2902</load_address>
         <readonly>true</readonly>
         <executable>true</executable>
         <run_address>0x2902</run_address>
         <size>0x2</size>
         <alignment>0x2</alignment>
         <input_file_ref idref="fl-22"/>
      </object_component>
      <object_component id="oc-364">
         <name>.text.vTaskGenericNotifyGiveFromISR</name>
         <load_address>0x2904</load_address>
         <readonly>true</readonly>
         <executable>true</executable>
         <run_address>0x2904</run_address>
         <size>0x1b0</size>
         <alignment>0x4</alignment>
         <input_file_ref idref="fl-2c"/>
      </object_component>
      <object_component id="oc-393">
         <name>.text.xQueueReceive</name>
         <load_address>0x2ab4</load_address>
         <readonly>true</readonly>
         <executable>true</executable>
         <run_address>0x2ab4</run_address>
         <size>0x1a4</size>
         <alignment>0x2</alignment>
         <input_file_ref idref="fl-2b"/>
      </object_component>
      <object_component id="oc-306">
         <name>.text.vPortSuppressTicksAndSleep</name>
         <load_address>0x2c58</load_address>
         <readonly>true</readonly>
         <executable>true</executable>
         <run_address>0x2c58</run_address>
         <size>0x1a0</size>
         <alignment>0x4</alignment>
         <input_file_ref idref="fl-2e"/>
      </object_component>
      <object_component id="oc-2f0">
         <name>.text.ADCMSPM0_open</name>
         <load_address>0x2df8</load_address>
         <readonly>true</readonly>
         <executable>true</executable>
         <run_address>0x2df8</run_address>
         <size>0x198</size>
         <alignment>0x4</alignment>
         <input_file_ref idref="fl-20"/>
      </object_component>
      <object_component id="oc-26b">
         <name>.text.adddf3_subdf3</name>
         <load_address>0x2f90</load_address>
         <readonly>true</readonly>
         <executable>true</executable>
         <run_address>0x2f90</run_address>
         <size>0x192</size>
         <alignment>0x4</alignment>
         <input_file_ref idref="fl-108"/>
      </object_component>
      <object_component id="oc-352">
         <name>.text.I2CSupport_powerSetConstraint</name>
         <load_address>0x3122</load_address>
         <readonly>true</readonly>
         <executable>true</executable>
         <run_address>0x3122</run_address>
         <size>0x2</size>
         <alignment>0x2</alignment>
         <input_file_ref idref="fl-22"/>
      </object_component>
      <object_component id="oc-2ce">
         <name>.text.xTaskRemoveFromEventList</name>
         <load_address>0x3124</load_address>
         <readonly>true</readonly>
         <executable>true</executable>
         <run_address>0x3124</run_address>
         <size>0x190</size>
         <alignment>0x4</alignment>
         <input_file_ref idref="fl-2c"/>
      </object_component>
      <object_component id="oc-273">
         <name>.text.sqrt</name>
         <load_address>0x32b4</load_address>
         <readonly>true</readonly>
         <executable>true</executable>
         <run_address>0x32b4</run_address>
         <size>0x170</size>
         <alignment>0x4</alignment>
         <input_file_ref idref="fl-56"/>
      </object_component>
      <object_component id="oc-100">
         <name>.text.GPIO_init</name>
         <load_address>0x3424</load_address>
         <readonly>true</readonly>
         <executable>true</executable>
         <run_address>0x3424</run_address>
         <size>0x164</size>
         <alignment>0x4</alignment>
         <input_file_ref idref="fl-21"/>
      </object_component>
      <object_component id="oc-2f4">
         <name>.text.SEGGER_RTT_WriteNoLock</name>
         <load_address>0x3588</load_address>
         <readonly>true</readonly>
         <executable>true</executable>
         <run_address>0x3588</run_address>
         <size>0x164</size>
         <alignment>0x4</alignment>
         <input_file_ref idref="fl-b"/>
      </object_component>
      <object_component id="oc-317">
         <name>.text.prvProcessReceivedCommands</name>
         <load_address>0x36ec</load_address>
         <readonly>true</readonly>
         <executable>true</executable>
         <run_address>0x36ec</run_address>
         <size>0x15c</size>
         <alignment>0x4</alignment>
         <input_file_ref idref="fl-2d"/>
      </object_component>
      <object_component id="oc-11f">
         <name>.text.pthread_create</name>
         <load_address>0x3848</load_address>
         <readonly>true</readonly>
         <executable>true</executable>
         <run_address>0x3848</run_address>
         <size>0x14c</size>
         <alignment>0x4</alignment>
         <input_file_ref idref="fl-32"/>
      </object_component>
      <object_component id="oc-398">
         <name>.text.floor</name>
         <load_address>0x3994</load_address>
         <readonly>true</readonly>
         <executable>true</executable>
         <run_address>0x3994</run_address>
         <size>0x144</size>
         <alignment>0x4</alignment>
         <input_file_ref idref="fl-67"/>
      </object_component>
      <object_component id="oc-2e1">
         <name>.text.vTaskPriorityDisinheritAfterTimeout</name>
         <load_address>0x3ad8</load_address>
         <readonly>true</readonly>
         <executable>true</executable>
         <run_address>0x3ad8</run_address>
         <size>0x144</size>
         <alignment>0x4</alignment>
         <input_file_ref idref="fl-2c"/>
      </object_component>
      <object_component id="oc-1bd">
         <name>.text.NAS2300_init</name>
         <load_address>0x3c1c</load_address>
         <readonly>true</readonly>
         <executable>true</executable>
         <run_address>0x3c1c</run_address>
         <size>0x12e</size>
         <alignment>0x2</alignment>
         <input_file_ref idref="fl-4"/>
      </object_component>
      <object_component id="oc-28c">
         <name>.text.I2C_transferTimeout</name>
         <load_address>0x3d4a</load_address>
         <readonly>true</readonly>
         <executable>true</executable>
         <run_address>0x3d4a</run_address>
         <size>0x12c</size>
         <alignment>0x2</alignment>
         <input_file_ref idref="fl-1d"/>
      </object_component>
      <object_component id="oc-106">
         <name>.text.I2C_init</name>
         <load_address>0x3e76</load_address>
         <readonly>true</readonly>
         <executable>true</executable>
         <run_address>0x3e76</run_address>
         <size>0x2</size>
         <alignment>0x2</alignment>
         <input_file_ref idref="fl-1d"/>
      </object_component>
      <object_component id="oc-247">
         <name>.text.prvAddNewTaskToReadyList</name>
         <load_address>0x3e78</load_address>
         <readonly>true</readonly>
         <executable>true</executable>
         <run_address>0x3e78</run_address>
         <size>0x128</size>
         <alignment>0x4</alignment>
         <input_file_ref idref="fl-2c"/>
      </object_component>
      <object_component id="oc-2df">
         <name>.text.xTaskPriorityInherit</name>
         <load_address>0x3fa0</load_address>
         <readonly>true</readonly>
         <executable>true</executable>
         <run_address>0x3fa0</run_address>
         <size>0x128</size>
         <alignment>0x4</alignment>
         <input_file_ref idref="fl-2c"/>
      </object_component>
      <object_component id="oc-2fd">
         <name>.text.vTaskSuspend</name>
         <load_address>0x40c8</load_address>
         <readonly>true</readonly>
         <executable>true</executable>
         <run_address>0x40c8</run_address>
         <size>0x124</size>
         <alignment>0x4</alignment>
         <input_file_ref idref="fl-2c"/>
      </object_component>
      <object_component id="oc-2fe">
         <name>.text.vTaskDelete</name>
         <load_address>0x41ec</load_address>
         <readonly>true</readonly>
         <executable>true</executable>
         <run_address>0x41ec</run_address>
         <size>0x11c</size>
         <alignment>0x4</alignment>
         <input_file_ref idref="fl-2c"/>
      </object_component>
      <object_component id="oc-383">
         <name>.text.pxPortInitialiseStack</name>
         <load_address>0x4308</load_address>
         <readonly>true</readonly>
         <executable>true</executable>
         <run_address>0x4308</run_address>
         <size>0x114</size>
         <alignment>0x4</alignment>
         <input_file_ref idref="fl-2e"/>
      </object_component>
      <object_component id="oc-235">
         <name>.text.xQueueGiveFromISR</name>
         <load_address>0x441c</load_address>
         <readonly>true</readonly>
         <executable>true</executable>
         <run_address>0x441c</run_address>
         <size>0x10e</size>
         <alignment>0x2</alignment>
         <input_file_ref idref="fl-2b"/>
      </object_component>
      <object_component id="oc-151">
         <name>.text.SYSCFG_DL_GPIO_init</name>
         <load_address>0x452a</load_address>
         <readonly>true</readonly>
         <executable>true</executable>
         <run_address>0x452a</run_address>
         <size>0x2</size>
         <alignment>0x2</alignment>
         <input_file_ref idref="fl-7"/>
      </object_component>
      <object_component id="oc-263">
         <name>.text.__divdf3</name>
         <load_address>0x452c</load_address>
         <readonly>true</readonly>
         <executable>true</executable>
         <run_address>0x452c</run_address>
         <size>0x10c</size>
         <alignment>0x4</alignment>
         <input_file_ref idref="fl-10b"/>
      </object_component>
      <object_component id="oc-bd">
         <name>.text.prvInsertBlockIntoFreeList</name>
         <load_address>0x4638</load_address>
         <readonly>true</readonly>
         <executable>true</executable>
         <run_address>0x4638</run_address>
         <size>0x10c</size>
         <alignment>0x4</alignment>
         <input_file_ref idref="fl-36"/>
      </object_component>
      <object_component id="oc-1c">
         <name>.text.vTaskSwitchContext</name>
         <load_address>0x4744</load_address>
         <readonly>true</readonly>
         <executable>true</executable>
         <run_address>0x4744</run_address>
         <size>0x10c</size>
         <alignment>0x4</alignment>
         <input_file_ref idref="fl-2c"/>
      </object_component>
      <object_component id="oc-350">
         <name>.text.I2CMSPM0_primeWriteBurst</name>
         <load_address>0x4850</load_address>
         <readonly>true</readonly>
         <executable>true</executable>
         <run_address>0x4850</run_address>
         <size>0x108</size>
         <alignment>0x4</alignment>
         <input_file_ref idref="fl-22"/>
      </object_component>
      <object_component id="oc-36e">
         <name>.text.xTaskPriorityDisinherit</name>
         <load_address>0x4958</load_address>
         <readonly>true</readonly>
         <executable>true</executable>
         <run_address>0x4958</run_address>
         <size>0x108</size>
         <alignment>0x4</alignment>
         <input_file_ref idref="fl-2c"/>
      </object_component>
      <object_component id="oc-222">
         <name>.text.xQueueReceiveFromISR</name>
         <load_address>0x4a60</load_address>
         <readonly>true</readonly>
         <executable>true</executable>
         <run_address>0x4a60</run_address>
         <size>0x106</size>
         <alignment>0x2</alignment>
         <input_file_ref idref="fl-2b"/>
      </object_component>
      <object_component id="oc-2f6">
         <name>.text.prvInitialiseNewTask</name>
         <load_address>0x4b66</load_address>
         <readonly>true</readonly>
         <executable>true</executable>
         <run_address>0x4b66</run_address>
         <size>0x104</size>
         <alignment>0x2</alignment>
         <input_file_ref idref="fl-2c"/>
      </object_component>
      <object_component id="oc-b5">
         <name>.text.__aeabi_idiv0</name>
         <load_address>0x4c6a</load_address>
         <readonly>true</readonly>
         <executable>true</executable>
         <run_address>0x4c6a</run_address>
         <size>0x2</size>
         <alignment>0x2</alignment>
         <input_file_ref idref="fl-11d"/>
      </object_component>
      <object_component id="oc-19c">
         <name>.text.ulTaskGenericNotifyTake</name>
         <load_address>0x4c6c</load_address>
         <readonly>true</readonly>
         <executable>true</executable>
         <run_address>0x4c6c</run_address>
         <size>0x100</size>
         <alignment>0x4</alignment>
         <input_file_ref idref="fl-2c"/>
      </object_component>
      <object_component id="oc-232">
         <name>.text.GPIO_hwiIntFxn</name>
         <load_address>0x4d6c</load_address>
         <readonly>true</readonly>
         <executable>true</executable>
         <run_address>0x4d6c</run_address>
         <size>0xf8</size>
         <alignment>0x4</alignment>
         <input_file_ref idref="fl-21"/>
      </object_component>
      <object_component id="oc-76">
         <name>.text.vPortFree</name>
         <load_address>0x4e64</load_address>
         <readonly>true</readonly>
         <executable>true</executable>
         <run_address>0x4e64</run_address>
         <size>0xf8</size>
         <alignment>0x4</alignment>
         <input_file_ref idref="fl-36"/>
      </object_component>
      <object_component id="oc-34e">
         <name>.text.I2CMSPM0_primeReadBurst</name>
         <load_address>0x4f5c</load_address>
         <readonly>true</readonly>
         <executable>true</executable>
         <run_address>0x4f5c</run_address>
         <size>0xec</size>
         <alignment>0x4</alignment>
         <input_file_ref idref="fl-22"/>
      </object_component>
      <object_component id="oc-2af">
         <name>.text.I2CTargetMSPM0_configHw</name>
         <load_address>0x5048</load_address>
         <readonly>true</readonly>
         <executable>true</executable>
         <run_address>0x5048</run_address>
         <size>0xec</size>
         <alignment>0x4</alignment>
         <input_file_ref idref="fl-23"/>
      </object_component>
      <object_component id="oc-366">
         <name>.text.crc16_modbus</name>
         <load_address>0x5134</load_address>
         <readonly>true</readonly>
         <executable>true</executable>
         <run_address>0x5134</run_address>
         <size>0xec</size>
         <alignment>0x4</alignment>
         <input_file_ref idref="fl-2"/>
      </object_component>
      <object_component id="oc-2b2">
         <name>.text.I2CTargetMSPM0_hwiFxn</name>
         <load_address>0x5220</load_address>
         <readonly>true</readonly>
         <executable>true</executable>
         <run_address>0x5220</run_address>
         <size>0xe8</size>
         <alignment>0x4</alignment>
         <input_file_ref idref="fl-23"/>
      </object_component>
      <object_component id="oc-26f">
         <name>.text.__muldf3</name>
         <load_address>0x5308</load_address>
         <readonly>true</readonly>
         <executable>true</executable>
         <run_address>0x5308</run_address>
         <size>0xe4</size>
         <alignment>0x4</alignment>
         <input_file_ref idref="fl-109"/>
      </object_component>
      <object_component id="oc-25e">
         <name>.text.prvAddCurrentTaskToDelayedList</name>
         <load_address>0x53ec</load_address>
         <readonly>true</readonly>
         <executable>true</executable>
         <run_address>0x53ec</run_address>
         <size>0xe4</size>
         <alignment>0x4</alignment>
         <input_file_ref idref="fl-2c"/>
      </object_component>
      <object_component id="oc-2f5">
         <name>.text.xQueueGenericReset</name>
         <load_address>0x54d0</load_address>
         <readonly>true</readonly>
         <executable>true</executable>
         <run_address>0x54d0</run_address>
         <size>0xe4</size>
         <alignment>0x2</alignment>
         <input_file_ref idref="fl-2b"/>
      </object_component>
      <object_component id="oc-122">
         <name>.text.pt100Thread</name>
         <load_address>0x55b4</load_address>
         <readonly>true</readonly>
         <executable>true</executable>
         <run_address>0x55b4</run_address>
         <size>0xdc</size>
         <alignment>0x4</alignment>
         <input_file_ref idref="fl-5"/>
      </object_component>
      <object_component id="oc-2cd">
         <name>.text.prvCopyDataToQueue</name>
         <load_address>0x5690</load_address>
         <readonly>true</readonly>
         <executable>true</executable>
         <run_address>0x5690</run_address>
         <size>0xd4</size>
         <alignment>0x2</alignment>
         <input_file_ref idref="fl-2b"/>
      </object_component>
      <object_component id="oc-192">
         <name>.text.prvCreateIdleTasks</name>
         <load_address>0x5764</load_address>
         <readonly>true</readonly>
         <executable>true</executable>
         <run_address>0x5764</run_address>
         <size>0xcc</size>
         <alignment>0x4</alignment>
         <input_file_ref idref="fl-2c"/>
      </object_component>
      <object_component id="oc-1f4">
         <name>.text.I2CTarget_open</name>
         <load_address>0x5830</load_address>
         <readonly>true</readonly>
         <executable>true</executable>
         <run_address>0x5830</run_address>
         <size>0xc4</size>
         <alignment>0x4</alignment>
         <input_file_ref idref="fl-23"/>
      </object_component>
      <object_component id="oc-27b">
         <name>.text.HwiP_construct</name>
         <load_address>0x58f4</load_address>
         <readonly>true</readonly>
         <executable>true</executable>
         <run_address>0x58f4</run_address>
         <size>0xbc</size>
         <alignment>0x4</alignment>
         <input_file_ref idref="fl-28"/>
      </object_component>
      <object_component id="oc-2d3">
         <name>.text.prvUnlockQueue</name>
         <load_address>0x59b0</load_address>
         <readonly>true</readonly>
         <executable>true</executable>
         <run_address>0x59b0</run_address>
         <size>0xb6</size>
         <alignment>0x2</alignment>
         <input_file_ref idref="fl-2b"/>
      </object_component>
      <object_component id="oc-370">
         <name>.text.__aeabi_ldiv0</name>
         <load_address>0x5a66</load_address>
         <readonly>true</readonly>
         <executable>true</executable>
         <run_address>0x5a66</run_address>
         <size>0x2</size>
         <alignment>0x2</alignment>
         <input_file_ref idref="fl-11d"/>
      </object_component>
      <object_component id="oc-2d0">
         <name>.text.xTaskCheckForTimeOut</name>
         <load_address>0x5a68</load_address>
         <readonly>true</readonly>
         <executable>true</executable>
         <run_address>0x5a68</run_address>
         <size>0xb4</size>
         <alignment>0x4</alignment>
         <input_file_ref idref="fl-2c"/>
      </object_component>
      <object_component id="oc-1cc">
         <name>.text.NAS2300_waitDrdy</name>
         <load_address>0x5b1c</load_address>
         <readonly>true</readonly>
         <executable>true</executable>
         <run_address>0x5b1c</run_address>
         <size>0xae</size>
         <alignment>0x2</alignment>
         <input_file_ref idref="fl-4"/>
      </object_component>
      <object_component id="oc-2be">
         <name>.text._nop</name>
         <load_address>0x5bca</load_address>
         <readonly>true</readonly>
         <executable>true</executable>
         <run_address>0x5bca</run_address>
         <size>0x2</size>
         <alignment>0x2</alignment>
         <input_file_ref idref="fl-64"/>
      </object_component>
      <object_component id="oc-10b">
         <name>.text.ADC_init</name>
         <load_address>0x5bcc</load_address>
         <readonly>true</readonly>
         <executable>true</executable>
         <run_address>0x5bcc</run_address>
         <size>0xac</size>
         <alignment>0x4</alignment>
         <input_file_ref idref="fl-1c"/>
      </object_component>
      <object_component id="oc-22f">
         <name>.text.GPIO_setInterruptConfig</name>
         <load_address>0x5c78</load_address>
         <readonly>true</readonly>
         <executable>true</executable>
         <run_address>0x5c78</run_address>
         <size>0xac</size>
         <alignment>0x4</alignment>
         <input_file_ref idref="fl-21"/>
      </object_component>
      <object_component id="oc-1cf">
         <name>.text.NAS2300_readPressureRaw24_single</name>
         <load_address>0x5d24</load_address>
         <readonly>true</readonly>
         <executable>true</executable>
         <run_address>0x5d24</run_address>
         <size>0xa8</size>
         <alignment>0x2</alignment>
         <input_file_ref idref="fl-4"/>
      </object_component>
      <object_component id="oc-32d">
         <name>.text.round</name>
         <load_address>0x5dcc</load_address>
         <readonly>true</readonly>
         <executable>true</executable>
         <run_address>0x5dcc</run_address>
         <size>0xa8</size>
         <alignment>0x4</alignment>
         <input_file_ref idref="fl-62"/>
      </object_component>
      <object_component id="oc-2d8">
         <name>.text</name>
         <load_address>0x5e74</load_address>
         <readonly>true</readonly>
         <executable>true</executable>
         <run_address>0x5e74</run_address>
         <size>0xa2</size>
         <alignment>0x4</alignment>
         <input_file_ref idref="fl-119"/>
      </object_component>
      <object_component id="oc-241">
         <name>.text.SEGGER_RTT_Write</name>
         <load_address>0x5f18</load_address>
         <readonly>true</readonly>
         <executable>true</executable>
         <run_address>0x5f18</run_address>
         <size>0xa0</size>
         <alignment>0x4</alignment>
         <input_file_ref idref="fl-b"/>
      </object_component>
      <object_component id="oc-c7">
         <name>.text.main</name>
         <load_address>0x5fb8</load_address>
         <readonly>true</readonly>
         <executable>true</executable>
         <run_address>0x5fb8</run_address>
         <size>0xa0</size>
         <alignment>0x4</alignment>
         <input_file_ref idref="fl-3"/>
      </object_component>
      <object_component id="oc-ab">
         <name>.text.prvHeapInit</name>
         <load_address>0x6058</load_address>
         <readonly>true</readonly>
         <executable>true</executable>
         <run_address>0x6058</run_address>
         <size>0xa0</size>
         <alignment>0x4</alignment>
         <input_file_ref idref="fl-36"/>
      </object_component>
      <object_component id="oc-30c">
         <name>.text.xQueueGenericCreateStatic</name>
         <load_address>0x60f8</load_address>
         <readonly>true</readonly>
         <executable>true</executable>
         <run_address>0x60f8</run_address>
         <size>0xa0</size>
         <alignment>0x2</alignment>
         <input_file_ref idref="fl-2b"/>
      </object_component>
      <object_component id="oc-34f">
         <name>.text.I2CMSPM0_completeTransfer</name>
         <load_address>0x6198</load_address>
         <readonly>true</readonly>
         <executable>true</executable>
         <run_address>0x6198</run_address>
         <size>0x9c</size>
         <alignment>0x4</alignment>
         <input_file_ref idref="fl-22"/>
      </object_component>
      <object_component id="oc-f2">
         <name>.text:memcpy</name>
         <load_address>0x6234</load_address>
         <readonly>true</readonly>
         <executable>true</executable>
         <run_address>0x6234</run_address>
         <size>0x9a</size>
         <alignment>0x1</alignment>
         <input_file_ref idref="fl-11e"/>
      </object_component>
      <object_component id="oc-303">
         <name>.text.prvCreateStaticTask</name>
         <load_address>0x62ce</load_address>
         <readonly>true</readonly>
         <executable>true</executable>
         <run_address>0x62ce</run_address>
         <size>0x98</size>
         <alignment>0x2</alignment>
         <input_file_ref idref="fl-2c"/>
      </object_component>
      <object_component id="oc-188">
         <name>.text.xQueueGenericCreate</name>
         <load_address>0x6366</load_address>
         <readonly>true</readonly>
         <executable>true</executable>
         <run_address>0x6366</run_address>
         <size>0x94</size>
         <alignment>0x2</alignment>
         <input_file_ref idref="fl-2b"/>
      </object_component>
      <object_component id="oc-1cb">
         <name>.text.NAS2300_startSinglePressureConversion</name>
         <load_address>0x63fa</load_address>
         <readonly>true</readonly>
         <executable>true</executable>
         <run_address>0x63fa</run_address>
         <size>0x92</size>
         <alignment>0x2</alignment>
         <input_file_ref idref="fl-4"/>
      </object_component>
      <object_component id="oc-33e">
         <name>.text.DL_Interrupt_registerInterrupt</name>
         <load_address>0x648c</load_address>
         <readonly>true</readonly>
         <executable>true</executable>
         <run_address>0x648c</run_address>
         <size>0x90</size>
         <alignment>0x4</alignment>
         <input_file_ref idref="fl-3e"/>
      </object_component>
      <object_component id="oc-1fd">
         <name>.text.i2cTargetCallback</name>
         <load_address>0x651c</load_address>
         <readonly>true</readonly>
         <executable>true</executable>
         <run_address>0x651c</run_address>
         <size>0x90</size>
         <alignment>0x4</alignment>
         <input_file_ref idref="fl-2"/>
      </object_component>
      <object_component id="oc-316">
         <name>.text.prvProcessTimerOrBlockTask</name>
         <load_address>0x65ac</load_address>
         <readonly>true</readonly>
         <executable>true</executable>
         <run_address>0x65ac</run_address>
         <size>0x8c</size>
         <alignment>0x4</alignment>
         <input_file_ref idref="fl-2d"/>
      </object_component>
      <object_component id="oc-2fc">
         <name>.text.removeThreadKeys</name>
         <load_address>0x6638</load_address>
         <readonly>true</readonly>
         <executable>true</executable>
         <run_address>0x6638</run_address>
         <size>0x8c</size>
         <alignment>0x2</alignment>
         <input_file_ref idref="fl-32"/>
      </object_component>
      <object_component id="oc-169">
         <name>.text.SemaphoreP_pend</name>
         <load_address>0x66c4</load_address>
         <readonly>true</readonly>
         <executable>true</executable>
         <run_address>0x66c4</run_address>
         <size>0x8a</size>
         <alignment>0x2</alignment>
         <input_file_ref idref="fl-29"/>
      </object_component>
      <object_component id="oc-1b1">
         <name>.text.i2cErrorHandler</name>
         <load_address>0x6750</load_address>
         <readonly>true</readonly>
         <executable>true</executable>
         <run_address>0x6750</run_address>
         <size>0x88</size>
         <alignment>0x4</alignment>
         <input_file_ref idref="fl-1"/>
      </object_component>
      <object_component id="oc-12e">
         <name>.text.mainThread</name>
         <load_address>0x67d8</load_address>
         <readonly>true</readonly>
         <executable>true</executable>
         <run_address>0x67d8</run_address>
         <size>0x88</size>
         <alignment>0x4</alignment>
         <input_file_ref idref="fl-2"/>
      </object_component>
      <object_component id="oc-2ec">
         <name>.text.ADCMSPM0_convert</name>
         <load_address>0x6860</load_address>
         <readonly>true</readonly>
         <executable>true</executable>
         <run_address>0x6860</run_address>
         <size>0x84</size>
         <alignment>0x4</alignment>
         <input_file_ref idref="fl-20"/>
      </object_component>
      <object_component id="oc-344">
         <name>.text.__NVIC_SetPriority</name>
         <load_address>0x68e4</load_address>
         <readonly>true</readonly>
         <executable>true</executable>
         <run_address>0x68e4</run_address>
         <size>0x84</size>
         <alignment>0x4</alignment>
         <input_file_ref idref="fl-28"/>
      </object_component>
      <object_component id="oc-246">
         <name>.text.prvCreateTask</name>
         <load_address>0x6968</load_address>
         <readonly>true</readonly>
         <executable>true</executable>
         <run_address>0x6968</run_address>
         <size>0x84</size>
         <alignment>0x2</alignment>
         <input_file_ref idref="fl-2c"/>
      </object_component>
      <object_component id="oc-394">
         <name>.text.prvInsertTimerInActiveList</name>
         <load_address>0x69ec</load_address>
         <readonly>true</readonly>
         <executable>true</executable>
         <run_address>0x69ec</run_address>
         <size>0x84</size>
         <alignment>0x4</alignment>
         <input_file_ref idref="fl-2d"/>
      </object_component>
      <object_component id="oc-38d">
         <name>.text.vTaskStepTick</name>
         <load_address>0x6a70</load_address>
         <readonly>true</readonly>
         <executable>true</executable>
         <run_address>0x6a70</run_address>
         <size>0x84</size>
         <alignment>0x4</alignment>
         <input_file_ref idref="fl-2c"/>
      </object_component>
      <object_component id="oc-198">
         <name>.text.xPortStartScheduler</name>
         <load_address>0x6af4</load_address>
         <readonly>true</readonly>
         <executable>true</executable>
         <run_address>0x6af4</run_address>
         <size>0x80</size>
         <alignment>0x4</alignment>
         <input_file_ref idref="fl-2e"/>
      </object_component>
      <object_component id="oc-2a">
         <name>.text.calloc</name>
         <load_address>0x6b74</load_address>
         <readonly>true</readonly>
         <executable>true</executable>
         <run_address>0x6b74</run_address>
         <size>0x7c</size>
         <alignment>0x2</alignment>
         <input_file_ref idref="fl-31"/>
      </object_component>
      <object_component id="oc-38c">
         <name>.text.eTaskConfirmSleepModeStatus</name>
         <load_address>0x6bf0</load_address>
         <readonly>true</readonly>
         <executable>true</executable>
         <run_address>0x6bf0</run_address>
         <size>0x7c</size>
         <alignment>0x4</alignment>
         <input_file_ref idref="fl-2c"/>
      </object_component>
      <object_component id="oc-2f7">
         <name>.text.prvInitialiseTaskLists</name>
         <load_address>0x6c6c</load_address>
         <readonly>true</readonly>
         <executable>true</executable>
         <run_address>0x6c6c</run_address>
         <size>0x7c</size>
         <alignment>0x4</alignment>
         <input_file_ref idref="fl-2c"/>
      </object_component>
      <object_component id="oc-193">
         <name>.text.xTimerCreateTimerTask</name>
         <load_address>0x6ce8</load_address>
         <readonly>true</readonly>
         <executable>true</executable>
         <run_address>0x6ce8</run_address>
         <size>0x7c</size>
         <alignment>0x4</alignment>
         <input_file_ref idref="fl-2d"/>
      </object_component>
      <object_component id="oc-31">
         <name>.text:decompress:lzss</name>
         <load_address>0x6d64</load_address>
         <readonly>true</readonly>
         <executable>true</executable>
         <run_address>0x6d64</run_address>
         <size>0x7c</size>
         <alignment>0x4</alignment>
         <input_file_ref idref="fl-60"/>
      </object_component>
      <object_component id="oc-fa">
         <name>.text.SEGGER_RTT_Init</name>
         <load_address>0x6de0</load_address>
         <readonly>true</readonly>
         <executable>true</executable>
         <run_address>0x6de0</run_address>
         <size>0x78</size>
         <alignment>0x4</alignment>
         <input_file_ref idref="fl-b"/>
      </object_component>
      <object_component id="oc-305">
         <name>.text.prvGetExpectedIdleTime</name>
         <load_address>0x6e58</load_address>
         <readonly>true</readonly>
         <executable>true</executable>
         <run_address>0x6e58</run_address>
         <size>0x78</size>
         <alignment>0x4</alignment>
         <input_file_ref idref="fl-2c"/>
      </object_component>
      <object_component id="oc-354">
         <name>.text.I2CSupport_primeTransfer</name>
         <load_address>0x6ed0</load_address>
         <readonly>true</readonly>
         <executable>true</executable>
         <run_address>0x6ed0</run_address>
         <size>0x74</size>
         <alignment>0x4</alignment>
         <input_file_ref idref="fl-22"/>
      </object_component>
      <object_component id="oc-326">
         <name>.text.__gedf2</name>
         <load_address>0x6f44</load_address>
         <readonly>true</readonly>
         <executable>true</executable>
         <run_address>0x6f44</run_address>
         <size>0x74</size>
         <alignment>0x4</alignment>
         <input_file_ref idref="fl-11b"/>
      </object_component>
      <object_component id="oc-3b3">
         <name>.text.vTaskPlaceOnEventListRestricted</name>
         <load_address>0x6fb8</load_address>
         <readonly>true</readonly>
         <executable>true</executable>
         <run_address>0x6fb8</run_address>
         <size>0x74</size>
         <alignment>0x4</alignment>
         <input_file_ref idref="fl-2c"/>
      </object_component>
      <object_component id="oc-248">
         <name>.text.pthread_exit</name>
         <load_address>0x702c</load_address>
         <readonly>true</readonly>
         <executable>true</executable>
         <run_address>0x702c</run_address>
         <size>0x6e</size>
         <alignment>0x2</alignment>
         <input_file_ref idref="fl-32"/>
      </object_component>
      <object_component id="oc-1fa">
         <name>.text.GPIO_write</name>
         <load_address>0x709c</load_address>
         <readonly>true</readonly>
         <executable>true</executable>
         <run_address>0x709c</run_address>
         <size>0x6c</size>
         <alignment>0x4</alignment>
         <input_file_ref idref="fl-21"/>
      </object_component>
      <object_component id="oc-1ce">
         <name>.text.NAS2300_readPressureRaw24_burst</name>
         <load_address>0x7108</load_address>
         <readonly>true</readonly>
         <executable>true</executable>
         <run_address>0x7108</run_address>
         <size>0x6c</size>
         <alignment>0x2</alignment>
         <input_file_ref idref="fl-4"/>
      </object_component>
      <object_component id="oc-252">
         <name>.text.prvCheckForValidListAndQueue</name>
         <load_address>0x7174</load_address>
         <readonly>true</readonly>
         <executable>true</executable>
         <run_address>0x7174</run_address>
         <size>0x6c</size>
         <alignment>0x4</alignment>
         <input_file_ref idref="fl-2d"/>
      </object_component>
      <object_component id="oc-31c">
         <name>.text.vListInsert</name>
         <load_address>0x71e0</load_address>
         <readonly>true</readonly>
         <executable>true</executable>
         <run_address>0x71e0</run_address>
         <size>0x6c</size>
         <alignment>0x2</alignment>
         <input_file_ref idref="fl-37"/>
      </object_component>
      <object_component id="oc-392">
         <name>.text.vQueueWaitForMessageRestricted</name>
         <load_address>0x724c</load_address>
         <readonly>true</readonly>
         <executable>true</executable>
         <run_address>0x724c</run_address>
         <size>0x6a</size>
         <alignment>0x2</alignment>
         <input_file_ref idref="fl-2b"/>
      </object_component>
      <object_component id="oc-320">
         <name>.text.__ledf2</name>
         <load_address>0x72b8</load_address>
         <readonly>true</readonly>
         <executable>true</executable>
         <run_address>0x72b8</run_address>
         <size>0x68</size>
         <alignment>0x4</alignment>
         <input_file_ref idref="fl-11b"/>
      </object_component>
      <object_component id="oc-120">
         <name>.text.vTaskStartScheduler</name>
         <load_address>0x7320</load_address>
         <readonly>true</readonly>
         <executable>true</executable>
         <run_address>0x7320</run_address>
         <size>0x68</size>
         <alignment>0x4</alignment>
         <input_file_ref idref="fl-2c"/>
      </object_component>
      <object_component id="oc-267">
         <name>.text.__aeabi_dcmp</name>
         <load_address>0x7388</load_address>
         <readonly>true</readonly>
         <executable>true</executable>
         <run_address>0x7388</run_address>
         <size>0x62</size>
         <alignment>0x4</alignment>
         <input_file_ref idref="fl-112"/>
      </object_component>
      <object_component id="oc-ec">
         <name>.text:memset</name>
         <load_address>0x73ea</load_address>
         <readonly>true</readonly>
         <executable>true</executable>
         <run_address>0x73ea</run_address>
         <size>0x62</size>
         <alignment>0x1</alignment>
         <input_file_ref idref="fl-11f"/>
      </object_component>
      <object_component id="oc-db">
         <name>.text.pvTaskGetThreadLocalStoragePointer</name>
         <load_address>0x744c</load_address>
         <readonly>true</readonly>
         <executable>true</executable>
         <run_address>0x744c</run_address>
         <size>0x60</size>
         <alignment>0x4</alignment>
         <input_file_ref idref="fl-2c"/>
      </object_component>
      <object_component id="oc-34d">
         <name>.text.DL_I2C_fillControllerTXFIFO</name>
         <load_address>0x74ac</load_address>
         <readonly>true</readonly>
         <executable>true</executable>
         <run_address>0x74ac</run_address>
         <size>0x5e</size>
         <alignment>0x2</alignment>
         <input_file_ref idref="fl-3c"/>
      </object_component>
      <object_component id="oc-250">
         <name>.text.prvIdleTask</name>
         <load_address>0x750c</load_address>
         <readonly>true</readonly>
         <executable>true</executable>
         <run_address>0x750c</run_address>
         <size>0x5c</size>
         <alignment>0x4</alignment>
         <input_file_ref idref="fl-2c"/>
      </object_component>
      <object_component id="oc-2fa">
         <name>.text.pthread_setcancelstate</name>
         <load_address>0x7568</load_address>
         <readonly>true</readonly>
         <executable>true</executable>
         <run_address>0x7568</run_address>
         <size>0x5a</size>
         <alignment>0x2</alignment>
         <input_file_ref idref="fl-32"/>
      </object_component>
      <object_component id="oc-1be">
         <name>.text.I2C_close</name>
         <load_address>0x75c4</load_address>
         <readonly>true</readonly>
         <executable>true</executable>
         <run_address>0x75c4</run_address>
         <size>0x58</size>
         <alignment>0x4</alignment>
         <input_file_ref idref="fl-22"/>
      </object_component>
      <object_component id="oc-2e2">
         <name>.text.__clzsi2</name>
         <load_address>0x761c</load_address>
         <readonly>true</readonly>
         <executable>true</executable>
         <run_address>0x761c</run_address>
         <size>0x58</size>
         <alignment>0x2</alignment>
         <input_file_ref idref="fl-111"/>
      </object_component>
      <object_component id="oc-de">
         <name>.text.vTaskSetThreadLocalStoragePointer</name>
         <load_address>0x7674</load_address>
         <readonly>true</readonly>
         <executable>true</executable>
         <run_address>0x7674</run_address>
         <size>0x58</size>
         <alignment>0x4</alignment>
         <input_file_ref idref="fl-2c"/>
      </object_component>
      <object_component id="oc-358">
         <name>.text.GPIO_disableInt</name>
         <load_address>0x76cc</load_address>
         <readonly>true</readonly>
         <executable>true</executable>
         <run_address>0x76cc</run_address>
         <size>0x54</size>
         <alignment>0x4</alignment>
         <input_file_ref idref="fl-21"/>
      </object_component>
      <object_component id="oc-152">
         <name>.text.SYSCFG_DL_SYSCTL_init</name>
         <load_address>0x7720</load_address>
         <readonly>true</readonly>
         <executable>true</executable>
         <run_address>0x7720</run_address>
         <size>0x54</size>
         <alignment>0x4</alignment>
         <input_file_ref idref="fl-7"/>
      </object_component>
      <object_component id="oc-62">
         <name>.text.__aeabi_errno_addr</name>
         <load_address>0x7774</load_address>
         <readonly>true</readonly>
         <executable>true</executable>
         <run_address>0x7774</run_address>
         <size>0x54</size>
         <alignment>0x4</alignment>
         <input_file_ref idref="fl-38"/>
      </object_component>
      <object_component id="oc-25a">
         <name>.text.vPortSetupTimerInterrupt</name>
         <load_address>0x77c8</load_address>
         <readonly>true</readonly>
         <executable>true</executable>
         <run_address>0x77c8</run_address>
         <size>0x54</size>
         <alignment>0x4</alignment>
         <input_file_ref idref="fl-2e"/>
      </object_component>
      <object_component id="oc-1cd">
         <name>.text.NAS2300_readReg8</name>
         <load_address>0x781c</load_address>
         <readonly>true</readonly>
         <executable>true</executable>
         <run_address>0x781c</run_address>
         <size>0x52</size>
         <alignment>0x2</alignment>
         <input_file_ref idref="fl-4"/>
      </object_component>
      <object_component id="oc-351">
         <name>.text.I2CMSPM0_readReceiveFifo</name>
         <load_address>0x7870</load_address>
         <readonly>true</readonly>
         <executable>true</executable>
         <run_address>0x7870</run_address>
         <size>0x50</size>
         <alignment>0x4</alignment>
         <input_file_ref idref="fl-22"/>
      </object_component>
      <object_component id="oc-277">
         <name>.text.lround</name>
         <load_address>0x78c0</load_address>
         <readonly>true</readonly>
         <executable>true</executable>
         <run_address>0x78c0</run_address>
         <size>0x50</size>
         <alignment>0x4</alignment>
         <input_file_ref idref="fl-57"/>
      </object_component>
      <object_component id="oc-304">
         <name>.text.prvCheckTasksWaitingTermination</name>
         <load_address>0x7910</load_address>
         <readonly>true</readonly>
         <executable>true</executable>
         <run_address>0x7910</run_address>
         <size>0x50</size>
         <alignment>0x4</alignment>
         <input_file_ref idref="fl-2c"/>
      </object_component>
      <object_component id="oc-38a">
         <name>.text.prvDeleteTCB</name>
         <load_address>0x7960</load_address>
         <readonly>true</readonly>
         <executable>true</executable>
         <run_address>0x7960</run_address>
         <size>0x50</size>
         <alignment>0x2</alignment>
         <input_file_ref idref="fl-2c"/>
      </object_component>
      <object_component id="oc-391">
         <name>.text.prvProcessExpiredTimer</name>
         <load_address>0x79b0</load_address>
         <readonly>true</readonly>
         <executable>true</executable>
         <run_address>0x79b0</run_address>
         <size>0x50</size>
         <alignment>0x4</alignment>
         <input_file_ref idref="fl-2d"/>
      </object_component>
      <object_component id="oc-1b8">
         <name>.text.usleep</name>
         <load_address>0x7a00</load_address>
         <readonly>true</readonly>
         <executable>true</executable>
         <run_address>0x7a00</run_address>
         <size>0x50</size>
         <alignment>0x4</alignment>
         <input_file_ref idref="fl-33"/>
      </object_component>
      <object_component id="oc-29a">
         <name>.text.vTaskDelay</name>
         <load_address>0x7a50</load_address>
         <readonly>true</readonly>
         <executable>true</executable>
         <run_address>0x7a50</run_address>
         <size>0x50</size>
         <alignment>0x4</alignment>
         <input_file_ref idref="fl-2c"/>
      </object_component>
      <object_component id="oc-24e">
         <name>.text.xTaskCreateStatic</name>
         <load_address>0x7aa0</load_address>
         <readonly>true</readonly>
         <executable>true</executable>
         <run_address>0x7aa0</run_address>
         <size>0x4c</size>
         <alignment>0x2</alignment>
         <input_file_ref idref="fl-2c"/>
      </object_component>
      <object_component id="oc-333">
         <name>.text.__fixdfsi</name>
         <load_address>0x7aec</load_address>
         <readonly>true</readonly>
         <executable>true</executable>
         <run_address>0x7aec</run_address>
         <size>0x4a</size>
         <alignment>0x4</alignment>
         <input_file_ref idref="fl-10c"/>
      </object_component>
      <object_component id="oc-25">
         <name>.text.malloc</name>
         <load_address>0x7b36</load_address>
         <readonly>true</readonly>
         <executable>true</executable>
         <run_address>0x7b36</run_address>
         <size>0x4a</size>
         <alignment>0x2</alignment>
         <input_file_ref idref="fl-31"/>
      </object_component>
      <object_component id="oc-150">
         <name>.text.SYSCFG_DL_initPower</name>
         <load_address>0x7b80</load_address>
         <readonly>true</readonly>
         <executable>true</executable>
         <run_address>0x7b80</run_address>
         <size>0x48</size>
         <alignment>0x4</alignment>
         <input_file_ref idref="fl-7"/>
      </object_component>
      <object_component id="oc-31b">
         <name>.text.uxListRemove</name>
         <load_address>0x7bc8</load_address>
         <readonly>true</readonly>
         <executable>true</executable>
         <run_address>0x7bc8</run_address>
         <size>0x48</size>
         <alignment>0x2</alignment>
         <input_file_ref idref="fl-37"/>
      </object_component>
      <object_component id="oc-18d">
         <name>.text.xTaskCreate</name>
         <load_address>0x7c10</load_address>
         <readonly>true</readonly>
         <executable>true</executable>
         <run_address>0x7c10</run_address>
         <size>0x48</size>
         <alignment>0x2</alignment>
         <input_file_ref idref="fl-2c"/>
      </object_component>
      <object_component id="oc-387">
         <name>.text.xTaskGetApplicationTaskTag</name>
         <load_address>0x7c58</load_address>
         <readonly>true</readonly>
         <executable>true</executable>
         <run_address>0x7c58</run_address>
         <size>0x48</size>
         <alignment>0x4</alignment>
         <input_file_ref idref="fl-2c"/>
      </object_component>
      <object_component id="oc-243">
[...]
         <object_component_ref idref="oc-df"/>
      </symbol>
      <symbol id="sm-466">
         <name>vPortExitCritical</name>
         <value>0x8691</value>
         <object_component_ref idref="oc-e1"/>
      </symbol>
      <symbol id="sm-467">
         <name>SysTick_Handler</name>
         <value>0x8499</value>
         <object_component_ref idref="oc-50"/>
      </symbol>
      <symbol id="sm-468">
         <name>vPortSVCHandler_C</name>
         <value>0x8585</value>
         <object_component_ref idref="oc-20"/>
      </symbol>
      <symbol id="sm-469">
         <name>pxPortInitialiseStack</name>
         <value>0x4309</value>
         <object_component_ref idref="oc-383"/>
      </symbol>
      <symbol id="sm-46a">
         <name>xPortStartScheduler</name>
         <value>0x6af5</value>
         <object_component_ref idref="oc-198"/>
      </symbol>
      <symbol id="sm-482">
         <name>vRestoreContextOfFirstTask</name>
         <value>0x8901</value>
         <object_component_ref idref="oc-5f"/>
      </symbol>
      <symbol id="sm-483">
         <name>vStartFirstTask</name>
         <value>0x8c81</value>
         <object_component_ref idref="oc-25b"/>
      </symbol>
      <symbol id="sm-484">
         <name>ulSetInterruptMask</name>
         <value>0x8da1</value>
         <object_component_ref idref="oc-9a"/>
      </symbol>
      <symbol id="sm-485">
         <name>vClearInterruptMask</name>
         <value>0x8daf</value>
         <object_component_ref idref="oc-9c"/>
      </symbol>
      <symbol id="sm-486">
         <name>PendSV_Handler</name>
         <value>0x7d31</value>
         <object_component_ref idref="oc-4f"/>
      </symbol>
      <symbol id="sm-487">
         <name>SVC_Handler</name>
         <value>0x8871</value>
         <object_component_ref idref="oc-4a"/>
      </symbol>
      <symbol id="sm-494">
         <name>PTLS_getBuf</name>
         <value>0x8a75</value>
         <object_component_ref idref="oc-a1"/>
      </symbol>
      <symbol id="sm-495">
         <name>PTLS_setBuf</name>
         <value>0x8a8f</value>
         <object_component_ref idref="oc-a6"/>
      </symbol>
      <symbol id="sm-496">
         <name>PTLS_taskDeleteHook</name>
         <value>0x8849</value>
         <object_component_ref idref="oc-389"/>
      </symbol>
      <symbol id="sm-4a9">
         <name>malloc</name>
         <value>0x7b37</value>
         <object_component_ref idref="oc-25"/>
      </symbol>
      <symbol id="sm-4aa">
         <name>calloc</name>
         <value>0x6b75</value>
         <object_component_ref idref="oc-2a"/>
      </symbol>
      <symbol id="sm-4ab">
         <name>realloc</name>
         <value>0x8d19</value>
         <object_component_ref idref="oc-2b"/>
      </symbol>
      <symbol id="sm-4ac">
         <name>free</name>
         <value>0x8c65</value>
         <object_component_ref idref="oc-2c"/>
      </symbol>
      <symbol id="sm-4ad">
         <name>memalign</name>
         <value>0x8d0d</value>
         <object_component_ref idref="oc-2d"/>
      </symbol>
      <symbol id="sm-4ae">
         <name>aligned_alloc</name>
         <value>0x8bd5</value>
         <object_component_ref idref="oc-2e"/>
      </symbol>
      <symbol id="sm-4d2">
         <name>pthread_attr_init</name>
         <value>0x8a59</value>
         <object_component_ref idref="oc-117"/>
      </symbol>
      <symbol id="sm-4d3">
         <name>pthread_attr_setdetachstate</name>
         <value>0x8557</value>
         <object_component_ref idref="oc-11d"/>
      </symbol>
      <symbol id="sm-4d4">
         <name>pthread_attr_setschedparam</name>
         <value>0x8305</value>
         <object_component_ref idref="oc-11c"/>
      </symbol>
      <symbol id="sm-4d5">
         <name>pthread_attr_setstacksize</name>
         <value>0x8c11</value>
         <object_component_ref idref="oc-11e"/>
      </symbol>
      <symbol id="sm-4d6">
         <name>_pthread_cleanup_pop</name>
         <value>0x860d</value>
         <object_component_ref idref="oc-2fb"/>
      </symbol>
      <symbol id="sm-4d7">
         <name>pthread_create</name>
         <value>0x3849</value>
         <object_component_ref idref="oc-11f"/>
      </symbol>
      <symbol id="sm-4d8">
         <name>pthread_exit</name>
         <value>0x702d</value>
         <object_component_ref idref="oc-248"/>
      </symbol>
      <symbol id="sm-4d9">
         <name>pthread_self</name>
         <value>0x8ad9</value>
         <object_component_ref idref="oc-2f9"/>
      </symbol>
      <symbol id="sm-4da">
         <name>pthread_setcancelstate</name>
         <value>0x7569</value>
         <object_component_ref idref="oc-2fa"/>
      </symbol>
      <symbol id="sm-4e4">
         <name>usleep</name>
         <value>0x7a01</value>
         <object_component_ref idref="oc-1b8"/>
      </symbol>
      <symbol id="sm-4ed">
         <name>ClockP_getSystemTickPeriod</name>
         <value>0x8da9</value>
         <object_component_ref idref="oc-223"/>
      </symbol>
      <symbol id="sm-502">
         <name>vApplicationGetIdleTaskMemory</name>
         <value>0x8761</value>
         <object_component_ref idref="oc-249"/>
      </symbol>
      <symbol id="sm-503">
         <name>vApplicationGetTimerTaskMemory</name>
         <value>0x8789</value>
         <object_component_ref idref="oc-253"/>
      </symbol>
      <symbol id="sm-526">
         <name>pvPortMalloc</name>
         <value>0x14b5</value>
         <object_component_ref idref="oc-66"/>
      </symbol>
      <symbol id="sm-527">
         <name>vPortFree</name>
         <value>0x4e65</value>
         <object_component_ref idref="oc-76"/>
      </symbol>
      <symbol id="sm-538">
         <name>vListInitialise</name>
         <value>0x8665</value>
         <object_component_ref idref="oc-307"/>
      </symbol>
      <symbol id="sm-539">
         <name>vListInitialiseItem</name>
         <value>0x8ccf</value>
         <object_component_ref idref="oc-382"/>
      </symbol>
      <symbol id="sm-53a">
         <name>vListInsertEnd</name>
         <value>0x80a3</value>
         <object_component_ref idref="oc-388"/>
      </symbol>
      <symbol id="sm-53b">
         <name>vListInsert</name>
         <value>0x71e1</value>
         <object_component_ref idref="oc-31c"/>
      </symbol>
      <symbol id="sm-53c">
         <name>uxListRemove</name>
         <value>0x7bc9</value>
         <object_component_ref idref="oc-31b"/>
      </symbol>
      <symbol id="sm-547">
         <name>__aeabi_errno_addr</name>
         <value>0x7775</value>
         <object_component_ref idref="oc-62"/>
      </symbol>
      <symbol id="sm-552">
         <name>DL_ADC12_setClockConfig</name>
         <value>0x7e3d</value>
         <object_component_ref idref="oc-37b"/>
      </symbol>
      <symbol id="sm-55b">
         <name>DL_Common_delayCycles</name>
         <value>0x8d51</value>
         <object_component_ref idref="oc-213"/>
      </symbol>
      <symbol id="sm-574">
         <name>DL_I2C_setClockConfig</name>
         <value>0x87d9</value>
         <object_component_ref idref="oc-27d"/>
      </symbol>
      <symbol id="sm-575">
         <name>DL_I2C_fillControllerTXFIFO</name>
         <value>0x74ad</value>
         <object_component_ref idref="oc-34d"/>
      </symbol>
      <symbol id="sm-576">
         <name>DL_I2C_flushControllerTXFIFO</name>
         <value>0x7f79</value>
         <object_component_ref idref="oc-283"/>
      </symbol>
      <symbol id="sm-577">
         <name>DL_I2C_flushControllerRXFIFO</name>
         <value>0x8409</value>
         <object_component_ref idref="oc-284"/>
      </symbol>
      <symbol id="sm-578">
         <name>DL_I2C_flushTargetTXFIFO</name>
         <value>0x7fb5</value>
         <object_component_ref idref="oc-35f"/>
      </symbol>
      <symbol id="sm-579">
         <name>DL_I2C_flushTargetRXFIFO</name>
         <value>0x8439</value>
         <object_component_ref idref="oc-360"/>
      </symbol>
      <symbol id="sm-58a">
         <name>DL_Interrupt_registerInterrupt</name>
         <value>0x648d</value>
         <object_component_ref idref="oc-33e"/>
      </symbol>
      <symbol id="sm-58b">
         <name>DL_Interrupt_unregisterInterrupt</name>
         <value>0x8b21</value>
         <object_component_ref idref="oc-35a"/>
      </symbol>
      <symbol id="sm-596">
         <name>DL_SYSCTL_switchMCLKfromLFCLKtoSYSOSC</name>
         <value>0x8115</value>
         <object_component_ref idref="oc-217"/>
      </symbol>
      <symbol id="sm-5a0">
         <name>sqrt</name>
         <value>0x32b5</value>
         <object_component_ref idref="oc-273"/>
      </symbol>
      <symbol id="sm-5a1">
         <name>sqrtl</name>
         <value>0x32b5</value>
         <object_component_ref idref="oc-273"/>
      </symbol>
      <symbol id="sm-5ab">
         <name>lround</name>
         <value>0x78c1</value>
         <object_component_ref idref="oc-277"/>
      </symbol>
      <symbol id="sm-5b7">
         <name>_c_int00_noargs</name>
         <value>0x87b1</value>
         <object_component_ref idref="oc-90"/>
      </symbol>
      <symbol id="sm-5b8">
         <name>__stack</name>
         <value>0x20207e00</value>
         <object_component_ref idref="oc-2f"/>
      </symbol>
      <symbol id="sm-5c4">
         <name>__TI_auto_init_nobinit_nopinit</name>
         <value>0x802d</value>
         <object_component_ref idref="oc-13b"/>
      </symbol>
      <symbol id="sm-5cc">
         <name>_system_pre_init</name>
         <value>0x8dbf</value>
         <object_component_ref idref="oc-c3"/>
      </symbol>
      <symbol id="sm-5d7">
         <name>__TI_zero_init</name>
         <value>0x8ca1</value>
         <object_component_ref idref="oc-8d"/>
      </symbol>
      <symbol id="sm-5e0">
         <name>__TI_decompress_none</name>
         <value>0x8c23</value>
         <object_component_ref idref="oc-35"/>
      </symbol>
      <symbol id="sm-5eb">
         <name>__TI_decompress_lzss</name>
         <value>0x6d65</value>
         <object_component_ref idref="oc-31"/>
      </symbol>
      <symbol id="sm-5f4">
         <name>__softfloat_float_raise</name>
         <value>0x8d65</value>
         <object_component_ref idref="oc-337"/>
      </symbol>
      <symbol id="sm-602">
         <name>round</name>
         <value>0x5dcd</value>
         <object_component_ref idref="oc-32d"/>
      </symbol>
      <symbol id="sm-603">
         <name>roundl</name>
         <value>0x5dcd</value>
         <object_component_ref idref="oc-32d"/>
      </symbol>
      <symbol id="sm-60d">
         <name>abort</name>
         <value>0x8db5</value>
         <object_component_ref idref="oc-134"/>
      </symbol>
      <symbol id="sm-616">
         <name>_nop</name>
         <value>0x5bcb</value>
         <object_component_ref idref="oc-2be"/>
      </symbol>
      <symbol id="sm-617">
         <name>_lock</name>
         <value>0x20201efc</value>
         <object_component_ref idref="oc-209"/>
      </symbol>
      <symbol id="sm-627">
         <name>raise</name>
         <value>0x8639</value>
         <object_component_ref idref="oc-3a0"/>
      </symbol>
      <symbol id="sm-628">
         <name>signal</name>
         <value>0x8339</value>
         <object_component_ref idref="oc-3b7"/>
      </symbol>
      <symbol id="sm-632">
         <name>floor</name>
         <value>0x3995</value>
         <object_component_ref idref="oc-398"/>
      </symbol>
      <symbol id="sm-633">
         <name>floorl</name>
         <value>0x3995</value>
         <object_component_ref idref="oc-398"/>
      </symbol>
      <symbol id="sm-63b">
         <name>HOSTexit</name>
         <value>0x886d</value>
         <object_component_ref idref="oc-203"/>
      </symbol>
      <symbol id="sm-63c">
         <name>C$$EXIT</name>
         <value>0x886c</value>
         <object_component_ref idref="oc-203"/>
      </symbol>
      <symbol id="sm-642">
         <name>__aeabi_dadd</name>
         <value>0x2f9b</value>
         <object_component_ref idref="oc-26b"/>
      </symbol>
      <symbol id="sm-643">
         <name>__adddf3</name>
         <value>0x2f9b</value>
         <object_component_ref idref="oc-26b"/>
      </symbol>
      <symbol id="sm-644">
         <name>__aeabi_dsub</name>
         <value>0x2f91</value>
         <object_component_ref idref="oc-26b"/>
      </symbol>
      <symbol id="sm-645">
         <name>__subdf3</name>
         <value>0x2f91</value>
         <object_component_ref idref="oc-26b"/>
      </symbol>
      <symbol id="sm-64e">
         <name>__aeabi_dmul</name>
         <value>0x5309</value>
         <object_component_ref idref="oc-26f"/>
      </symbol>
      <symbol id="sm-64f">
         <name>__muldf3</name>
         <value>0x5309</value>
         <object_component_ref idref="oc-26f"/>
      </symbol>
      <symbol id="sm-655">
         <name>__muldsi3</name>
         <value>0x8069</value>
         <object_component_ref idref="oc-2a0"/>
      </symbol>
      <symbol id="sm-65b">
         <name>__aeabi_ddiv</name>
         <value>0x452d</value>
         <object_component_ref idref="oc-263"/>
      </symbol>
      <symbol id="sm-65c">
         <name>__divdf3</name>
         <value>0x452d</value>
         <object_component_ref idref="oc-263"/>
      </symbol>
      <symbol id="sm-662">
         <name>__aeabi_d2iz</name>
         <value>0x7aed</value>
         <object_component_ref idref="oc-333"/>
      </symbol>
      <symbol id="sm-663">
         <name>__fixdfsi</name>
         <value>0x7aed</value>
         <object_component_ref idref="oc-333"/>
      </symbol>
      <symbol id="sm-669">
         <name>__aeabi_ui2d</name>
         <value>0x8895</value>
         <object_component_ref idref="oc-25f"/>
      </symbol>
      <symbol id="sm-66a">
         <name>__floatunsidf</name>
         <value>0x8895</value>
         <object_component_ref idref="oc-25f"/>
      </symbol>
      <symbol id="sm-670">
         <name>__aeabi_lmul</name>
         <value>0x88b9</value>
         <object_component_ref idref="oc-1d1"/>
      </symbol>
      <symbol id="sm-671">
         <name>__muldi3</name>
         <value>0x88b9</value>
         <object_component_ref idref="oc-1d1"/>
      </symbol>
      <symbol id="sm-67a">
         <name>__clzsi2</name>
         <value>0x761d</value>
         <object_component_ref idref="oc-2e2"/>
      </symbol>
      <symbol id="sm-680">
         <name>__aeabi_dcmpeq</name>
         <value>0x7389</value>
         <object_component_ref idref="oc-267"/>
      </symbol>
      <symbol id="sm-681">
         <name>__aeabi_dcmplt</name>
         <value>0x739d</value>
         <object_component_ref idref="oc-267"/>
      </symbol>
      <symbol id="sm-682">
         <name>__aeabi_dcmple</name>
         <value>0x73b1</value>
         <object_component_ref idref="oc-267"/>
      </symbol>
      <symbol id="sm-683">
         <name>__aeabi_dcmpge</name>
         <value>0x73c5</value>
         <object_component_ref idref="oc-267"/>
      </symbol>
      <symbol id="sm-684">
         <name>__aeabi_dcmpgt</name>
         <value>0x73d9</value>
         <object_component_ref idref="oc-267"/>
      </symbol>
      <symbol id="sm-68a">
         <name>__aeabi_ldivmod</name>
         <value>0x8bad</value>
         <object_component_ref idref="oc-1d5"/>
      </symbol>
      <symbol id="sm-690">
         <name>__aeabi_memcpy</name>
         <value>0x8d99</value>
         <object_component_ref idref="oc-80"/>
      </symbol>
      <symbol id="sm-691">
         <name>__aeabi_memcpy4</name>
         <value>0x8d99</value>
         <object_component_ref idref="oc-80"/>
      </symbol>
      <symbol id="sm-692">
         <name>__aeabi_memcpy8</name>
         <value>0x8d99</value>
         <object_component_ref idref="oc-80"/>
      </symbol>
      <symbol id="sm-69b">
         <name>__aeabi_memset</name>
         <value>0x8cc1</value>
         <object_component_ref idref="oc-381"/>
      </symbol>
      <symbol id="sm-69c">
         <name>__aeabi_memset4</name>
         <value>0x8cc1</value>
         <object_component_ref idref="oc-381"/>
      </symbol>
      <symbol id="sm-69d">
         <name>__aeabi_memset8</name>
         <value>0x8cc1</value>
         <object_component_ref idref="oc-381"/>
      </symbol>
      <symbol id="sm-69e">
         <name>__aeabi_memclr</name>
         <value>0x8d01</value>
         <object_component_ref idref="oc-71"/>
      </symbol>
      <symbol id="sm-69f">
         <name>__aeabi_memclr4</name>
         <value>0x8d01</value>
         <object_component_ref idref="oc-71"/>
      </symbol>
      <symbol id="sm-6a0">
         <name>__aeabi_memclr8</name>
         <value>0x8d01</value>
         <object_component_ref idref="oc-71"/>
      </symbol>
      <symbol id="sm-6a6">
         <name>__aeabi_uidiv</name>
         <value>0x7ebd</value>
         <object_component_ref idref="oc-6d"/>
      </symbol>
      <symbol id="sm-6a7">
         <name>__aeabi_uidivmod</name>
         <value>0x7ebd</value>
         <object_component_ref idref="oc-6d"/>
      </symbol>
      <symbol id="sm-6ad">
         <name>__aeabi_uldivmod</name>
         <value>0x8bc1</value>
         <object_component_ref idref="oc-228"/>
      </symbol>
      <symbol id="sm-6b3">
         <name>__udivmoddi4</name>
         <value>0x5e75</value>
         <object_component_ref idref="oc-2d8"/>
      </symbol>
      <symbol id="sm-6b9">
         <name>__aeabi_llsl</name>
         <value>0x89c5</value>
         <object_component_ref idref="oc-371"/>
      </symbol>
      <symbol id="sm-6ba">
         <name>__ashldi3</name>
         <value>0x89c5</value>
         <object_component_ref idref="oc-371"/>
      </symbol>
      <symbol id="sm-6c8">
         <name>__ledf2</name>
         <value>0x72b9</value>
         <object_component_ref idref="oc-320"/>
      </symbol>
      <symbol id="sm-6c9">
         <name>__gedf2</name>
         <value>0x6f45</value>
         <object_component_ref idref="oc-326"/>
      </symbol>
      <symbol id="sm-6ca">
         <name>__cmpdf2</name>
         <value>0x72b9</value>
         <object_component_ref idref="oc-320"/>
      </symbol>
      <symbol id="sm-6cb">
         <name>__eqdf2</name>
         <value>0x72b9</value>
         <object_component_ref idref="oc-320"/>
      </symbol>
      <symbol id="sm-6cc">
         <name>__ltdf2</name>
         <value>0x72b9</value>
         <object_component_ref idref="oc-320"/>
      </symbol>
      <symbol id="sm-6cd">
         <name>__nedf2</name>
         <value>0x72b9</value>
         <object_component_ref idref="oc-320"/>
      </symbol>
      <symbol id="sm-6ce">
         <name>__gtdf2</name>
         <value>0x6f45</value>
         <object_component_ref idref="oc-326"/>
      </symbol>
      <symbol id="sm-6d7">
         <name>__divmoddi4</name>
         <value>0x7efd</value>
         <object_component_ref idref="oc-2a5"/>
      </symbol>
      <symbol id="sm-6e3">
         <name>__aeabi_idiv0</name>
         <value>0x4c6b</value>
         <object_component_ref idref="oc-b5"/>
      </symbol>
      <symbol id="sm-6e4">
         <name>__aeabi_ldiv0</name>
         <value>0x5a67</value>
         <object_component_ref idref="oc-370"/>
      </symbol>
      <symbol id="sm-6fd">
         <name>memcpy</name>
         <value>0x6235</value>
         <object_component_ref idref="oc-f2"/>
      </symbol>
      <symbol id="sm-70c">
         <name>memset</name>
         <value>0x73eb</value>
         <object_component_ref idref="oc-ec"/>
      </symbol>
      <symbol id="sm-70d">
         <name>__TI_static_base__</name>
         <value>0x0</value>
      </symbol>
      <symbol id="sm-711">
         <name>__mpu_init</name>
         <value>0x0</value>
      </symbol>
      <symbol id="sm-712">
         <name>_system_post_cinit</name>
         <value>0x0</value>
      </symbol>
   </symbol_table>
   <title>Link successful</title>
</link_info>
